Component: ARM Compiler 5.05 update 2 (build 169) Tool: armlink [4d0f33]

==============================================================================

Section Cross References

    system_stm32f10x.o(.text) refers to system_stm32f10x.o(.data) for SystemCoreClock
    stm32f10x_adc.o(.text) refers to stm32f10x_rcc.o(.text) for RCC_APB2PeriphResetCmd
    stm32f10x_bkp.o(.text) refers to stm32f10x_rcc.o(.text) for RCC_BackupResetCmd
    stm32f10x_can.o(.text) refers to stm32f10x_rcc.o(.text) for RCC_APB1PeriphResetCmd
    stm32f10x_cec.o(.text) refers to stm32f10x_rcc.o(.text) for RCC_APB1PeriphResetCmd
    stm32f10x_dac.o(.text) refers to stm32f10x_rcc.o(.text) for RCC_APB1PeriphResetCmd
    stm32f10x_gpio.o(.text) refers to stm32f10x_rcc.o(.text) for RCC_APB2PeriphResetCmd
    stm32f10x_i2c.o(.text) refers to stm32f10x_rcc.o(.text) for RCC_APB1PeriphResetCmd
    stm32f10x_pwr.o(.text) refers to stm32f10x_rcc.o(.text) for RCC_APB1PeriphResetCmd
    stm32f10x_rcc.o(.text) refers to stm32f10x_rcc.o(.data) for APBAHBPrescTable
    stm32f10x_spi.o(.text) refers to stm32f10x_rcc.o(.text) for RCC_APB2PeriphResetCmd
    stm32f10x_tim.o(.text) refers to stm32f10x_rcc.o(.text) for RCC_APB2PeriphResetCmd
    stm32f10x_usart.o(.text) refers to stm32f10x_rcc.o(.text) for RCC_APB2PeriphResetCmd
    stm32f10x_wwdg.o(.text) refers to stm32f10x_rcc.o(.text) for RCC_APB1PeriphResetCmd
    startup_stm32f10x_hd.o(RESET) refers to startup_stm32f10x_hd.o(STACK) for __initial_sp
    startup_stm32f10x_hd.o(RESET) refers to startup_stm32f10x_hd.o(.text) for Reset_Handler
    startup_stm32f10x_hd.o(RESET) refers to stm32f10x_it.o(.text) for NMI_Handler
    startup_stm32f10x_hd.o(RESET) refers to port.o(.emb_text) for SVC_Handler
    startup_stm32f10x_hd.o(RESET) refers to port.o(.text) for SysTick_Handler
    startup_stm32f10x_hd.o(RESET) refers to bsp_usart1.o(.text) for DMA1_Channel4_IRQHandler
    startup_stm32f10x_hd.o(RESET) refers to bsp_encoder.o(.text) for TIM2_IRQHandler
    startup_stm32f10x_hd.o(RESET) refers to sysinfotest.o(.text) for TIM6_IRQHandler
    startup_stm32f10x_hd.o(.text) refers to system_stm32f10x.o(.text) for SystemInit
    startup_stm32f10x_hd.o(.text) refers to entry.o(.ARM.Collect$$$$00000000) for __main
    stm32f10x_it.o(.text) refers to stm32f10x_exti.o(.text) for EXTI_GetITStatus
    stm32f10x_it.o(.text) refers to queue.o(.text) for xQueueGiveFromISR
    stm32f10x_it.o(.text) refers to stm32f10x_it.o(.data) for num
    stm32f10x_it.o(.text) refers to main.o(.data) for BinarySem_Mpu
    main.o(.text) refers to queue.o(.text) for xQueueGenericCreate
    main.o(.text) refers to tasks.o(.text) for xTaskGenericCreate
    main.o(.text) refers to bsp.o(.text) for bsp_Init
    main.o(.text) refers to gather.o(.text) for ParametersInit
    main.o(.text) refers to main.o(.data) for xQueue_uart1Rx
    main.o(.text) refers to ledtask.o(.text) for vTaskLed
    main.o(.text) refers to keytask.o(.text) for vTaskKey
    main.o(.text) refers to displaytask.o(.text) for vTaskDisplay
    main.o(.text) refers to movectrltask.o(.text) for vTaskMoveCtrl
    main.o(.text) refers to mputask.o(.text) for vTaskMpu
    main.o(.text) refers to communicatetask.o(.text) for vTaskUart1Rx
    sysinfotest.o(.text) refers to bsp_tim_pwm.o(.text) for bsp_SetTIMforInt
    sysinfotest.o(.text) refers to stm32f10x_tim.o(.text) for TIM_GetITStatus
    sysinfotest.o(.text) refers to sysinfotest.o(.data) for ulHighFrequencyTimerTicks
    gather.o(.text) refers to main_ui.o(.text) for Main_uiconfigParamInit
    protocol.o(.text) refers to atof.o(i.atof) for atof
    protocol.o(.text) refers to dfixi.o(.text) for __aeabi_d2iz
    protocol.o(.text) refers to memseta.o(.text) for __aeabi_memclr
    protocol.o(.text) refers to memcpya.o(.text) for __aeabi_memcpy
    protocol.o(.text) refers to printf4.o(i.__0sprintf$4) for __2sprintf
    protocol.o(.text) refers to queue.o(.text) for xQueueGenericSend
    protocol.o(.text) refers to fflti.o(.text) for __aeabi_i2f
    protocol.o(.text) refers to tasks.o(.text) for xTaskGetTickCount
    protocol.o(.text) refers to main.o(.data) for xQueue_uart1Tx
    protocol.o(.text) refers to movectrltask.o(.bss) for Car
    protocol.o(.text) refers to movectrltask.o(.data) for CarTickCount
    sys.o(.text) refers to sys.o(.emb_text) for WFI_SET
    bsp_dwt_delay.o(.text) refers to bsp_dwt_delay.o(.data) for SYSCLK
    bsp.o(.text) refers to misc.o(.text) for NVIC_PriorityGroupConfig
    bsp.o(.text) refers to bsp_dwt_delay.o(.text) for bsp_DWT_init
    bsp.o(.text) refers to bsp_oled.o(.text) for bsp_OLED_Init
    bsp.o(.text) refers to bsp_usart1.o(.text) for USART1_Config
    bsp.o(.text) refers to bsp_led.o(.text) for bsp_LED_Init
    bsp.o(.text) refers to bsp_motor.o(.text) for bsp_Motor_Init
    bsp.o(.text) refers to bsp_encoder.o(.text) for Encoder1_Init_TIM
    bsp.o(.text) refers to bsp_iic.o(.text) for IIC_Init
    bsp.o(.text) refers to bsp_mpu6050.o(.text) for MPU6050_initialize
[...]
    _printf_lld                              0x00000000   Number         0  stubs.o ABSOLUTE
    _printf_lli                              0x00000000   Number         0  stubs.o ABSOLUTE
    _printf_llo                              0x00000000   Number         0  stubs.o ABSOLUTE
    _printf_llu                              0x00000000   Number         0  stubs.o ABSOLUTE
    _printf_llx                              0x00000000   Number         0  stubs.o ABSOLUTE
    _printf_longlong_dec                     0x00000000   Number         0  stubs.o ABSOLUTE
    _printf_longlong_hex                     0x00000000   Number         0  stubs.o ABSOLUTE
    _printf_longlong_oct                     0x00000000   Number         0  stubs.o ABSOLUTE
    _printf_ls                               0x00000000   Number         0  stubs.o ABSOLUTE
    _printf_mbtowc                           0x00000000   Number         0  stubs.o ABSOLUTE
    _printf_n                                0x00000000   Number         0  stubs.o ABSOLUTE
    _printf_o                                0x00000000   Number         0  stubs.o ABSOLUTE
    _printf_p                                0x00000000   Number         0  stubs.o ABSOLUTE
    _printf_percent                          0x00000000   Number         0  stubs.o ABSOLUTE
    _printf_pre_padding                      0x00000000   Number         0  stubs.o ABSOLUTE
    _printf_return_value                     0x00000000   Number         0  stubs.o ABSOLUTE
    _printf_s                                0x00000000   Number         0  stubs.o ABSOLUTE
    _printf_sizespec                         0x00000000   Number         0  stubs.o ABSOLUTE
    _printf_str                              0x00000000   Number         0  stubs.o ABSOLUTE
    _printf_truncate_signed                  0x00000000   Number         0  stubs.o ABSOLUTE
    _printf_truncate_unsigned                0x00000000   Number         0  stubs.o ABSOLUTE
    _printf_u                                0x00000000   Number         0  stubs.o ABSOLUTE
    _printf_wc                               0x00000000   Number         0  stubs.o ABSOLUTE
    _printf_wctomb                           0x00000000   Number         0  stubs.o ABSOLUTE
    _printf_widthprec                        0x00000000   Number         0  stubs.o ABSOLUTE
    _printf_x                                0x00000000   Number         0  stubs.o ABSOLUTE
    __cpp_initialize__aeabi_                  - Undefined Weak Reference
    __cxa_finalize                            - Undefined Weak Reference
    _clock_init                               - Undefined Weak Reference
    _microlib_exit                            - Undefined Weak Reference
    __Vectors_Size                           0x00000130   Number         0  startup_stm32f10x_hd.o ABSOLUTE
    __Vectors                                0x08000000   Data           4  startup_stm32f10x_hd.o(RESET)
    __Vectors_End                            0x08000130   Data           0  startup_stm32f10x_hd.o(RESET)
    __main                                   0x08000131   Thumb Code     0  entry.o(.ARM.Collect$$$$00000000)
    _main_stk                                0x08000131   Thumb Code     0  entry2.o(.ARM.Collect$$$$00000001)
    _main_scatterload                        0x08000135   Thumb Code     0  entry5.o(.ARM.Collect$$$$00000004)
    __main_after_scatterload                 0x08000139   Thumb Code     0  entry5.o(.ARM.Collect$$$$00000004)
    _main_clock                              0x08000139   Thumb Code     0  entry7b.o(.ARM.Collect$$$$00000008)
    _main_cpp_init                           0x08000139   Thumb Code     0  entry8b.o(.ARM.Collect$$$$0000000A)
    _main_init                               0x08000139   Thumb Code     0  entry9a.o(.ARM.Collect$$$$0000000B)
    __rt_final_cpp                           0x08000141   Thumb Code     0  entry10a.o(.ARM.Collect$$$$0000000D)
    __rt_final_exit                          0x08000141   Thumb Code     0  entry11a.o(.ARM.Collect$$$$0000000F)
    SVC_Handler                              0x08000145   Thumb Code    32  port.o(.emb_text)
    __asm___6_port_c_39a90d8d__prvStartFirstTask 0x08000169   Thumb Code    28  port.o(.emb_text)
    PendSV_Handler                           0x08000189   Thumb Code    64  port.o(.emb_text)
    ulPortSetInterruptMask                   0x080001cd   Thumb Code    14  port.o(.emb_text)
    vPortClearInterruptMask                  0x080001db   Thumb Code     6  port.o(.emb_text)
    vPortGetIPSR                             0x080001e1   Thumb Code     6  port.o(.emb_text)
    SystemInit                               0x080002c7   Thumb Code    78  system_stm32f10x.o(.text)
    SystemCoreClockUpdate                    0x08000315   Thumb Code   142  system_stm32f10x.o(.text)
    NVIC_PriorityGroupConfig                 0x080003c9   Thumb Code    10  misc.o(.text)
    NVIC_Init                                0x080003d3   Thumb Code   100  misc.o(.text)
    NVIC_SetVectorTable                      0x08000437   Thumb Code    14  misc.o(.text)
    NVIC_SystemLPConfig                      0x08000445   Thumb Code    34  misc.o(.text)
    SysTick_CLKSourceConfig                  0x08000467   Thumb Code    40  misc.o(.text)
    DMA_DeInit                               0x080004a5   Thumb Code   324  stm32f10x_dma.o(.text)
    DMA_Init                                 0x080005e9   Thumb Code    60  stm32f10x_dma.o(.text)
    DMA_StructInit                           0x08000625   Thumb Code    26  stm32f10x_dma.o(.text)
    DMA_Cmd                                  0x0800063f   Thumb Code    24  stm32f10x_dma.o(.text)
    DMA_ITConfig                             0x08000657   Thumb Code    18  stm32f10x_dma.o(.text)
    DMA_SetCurrDataCounter                   0x08000669   Thumb Code     4  stm32f10x_dma.o(.text)
    DMA_GetCurrDataCounter                   0x0800066d   Thumb Code     8  stm32f10x_dma.o(.text)
    DMA_GetFlagStatus                        0x08000675   Thumb Code    40  stm32f10x_dma.o(.text)
    DMA_ClearFlag                            0x0800069d   Thumb Code    22  stm32f10x_dma.o(.text)
    DMA_GetITStatus                          0x080006b3   Thumb Code    40  stm32f10x_dma.o(.text)
    DMA_ClearITPendingBit                    0x080006db   Thumb Code    22  stm32f10x_dma.o(.text)
    EXTI_DeInit                              0x080006f9   Thumb Code    28  stm32f10x_exti.o(.text)
    EXTI_Init                                0x08000715   Thumb Code   142  stm32f10x_exti.o(.text)
    EXTI_StructInit                          0x080007a3   Thumb Code    16  stm32f10x_exti.o(.text)
    EXTI_GenerateSWInterrupt                 0x080007b3   Thumb Code    16  stm32f10x_exti.o(.text)
    EXTI_GetFlagStatus                       0x080007c3   Thumb Code    22  stm32f10x_exti.o(.text)
    EXTI_ClearFlag                           0x080007d9   Thumb Code     8  stm32f10x_exti.o(.text)
    EXTI_GetITStatus                         0x080007e1   Thumb Code    34  stm32f10x_exti.o(.text)
    EXTI_ClearITPendingBit                   0x08000803   Thumb Code     8  stm32f10x_exti.o(.text)
    GPIO_DeInit                              0x08000815   Thumb Code   172  stm32f10x_gpio.o(.text)
    GPIO_AFIODeInit                          0x080008c1   Thumb Code    20  stm32f10x_gpio.o(.text)
    GPIO_Init                                0x080008d5   Thumb Code   278  stm32f10x_gpio.o(.text)
    GPIO_StructInit                          0x080009eb   Thumb Code    16  stm32f10x_gpio.o(.text)
    GPIO_ReadInputDataBit                    0x080009fb   Thumb Code    18  stm32f10x_gpio.o(.text)
    GPIO_ReadInputData                       0x08000a0d   Thumb Code     8  stm32f10x_gpio.o(.text)
    GPIO_ReadOutputDataBit                   0x08000a15   Thumb Code    18  stm32f10x_gpio.o(.text)
    GPIO_ReadOutputData                      0x08000a27   Thumb Code     8  stm32f10x_gpio.o(.text)
    GPIO_SetBits                             0x08000a2f   Thumb Code     4  stm32f10x_gpio.o(.text)
    GPIO_ResetBits                           0x08000a33   Thumb Code     4  stm32f10x_gpio.o(.text)
    GPIO_WriteBit                            0x08000a37   Thumb Code    10  stm32f10x_gpio.o(.text)
    GPIO_Write                               0x08000a41   Thumb Code     4  stm32f10x_gpio.o(.text)
    GPIO_PinLockConfig                       0x08000a45   Thumb Code    18  stm32f10x_gpio.o(.text)
    GPIO_EventOutputConfig                   0x08000a57   Thumb Code    26  stm32f10x_gpio.o(.text)
    GPIO_EventOutputCmd                      0x08000a71   Thumb Code     6  stm32f10x_gpio.o(.text)
    GPIO_PinRemapConfig                      0x08000a77   Thumb Code   138  stm32f10x_gpio.o(.text)
    GPIO_EXTILineConfig                      0x08000b01   Thumb Code    66  stm32f10x_gpio.o(.text)
    GPIO_ETH_MediaInterfaceConfig            0x08000b43   Thumb Code     8  stm32f10x_gpio.o(.text)
    RCC_DeInit                               0x08000b71   Thumb Code    64  stm32f10x_rcc.o(.text)
    RCC_HSEConfig                            0x08000bb1   Thumb Code    70  stm32f10x_rcc.o(.text)
    RCC_GetFlagStatus                        0x08000bf7   Thumb Code    56  stm32f10x_rcc.o(.text)
    RCC_WaitForHSEStartUp                    0x08000c2f   Thumb Code    56  stm32f10x_rcc.o(.text)
    RCC_AdjustHSICalibrationValue            0x08000c67   Thumb Code    20  stm32f10x_rcc.o(.text)
    RCC_HSICmd                               0x08000c7b   Thumb Code     6  stm32f10x_rcc.o(.text)
    RCC_PLLConfig                            0x08000c81   Thumb Code    24  stm32f10x_rcc.o(.text)
    RCC_PLLCmd                               0x08000c99   Thumb Code     6  stm32f10x_rcc.o(.text)
    RCC_SYSCLKConfig                         0x08000c9f   Thumb Code    18  stm32f10x_rcc.o(.text)
    RCC_GetSYSCLKSource                      0x08000cb1   Thumb Code    10  stm32f10x_rcc.o(.text)
    RCC_HCLKConfig                           0x08000cbb   Thumb Code    18  stm32f10x_rcc.o(.text)
    RCC_PCLK1Config                          0x08000ccd   Thumb Code    18  stm32f10x_rcc.o(.text)
    RCC_PCLK2Config                          0x08000cdf   Thumb Code    20  stm32f10x_rcc.o(.text)
    RCC_ITConfig                             0x08000cf3   Thumb Code    26  stm32f10x_rcc.o(.text)
    RCC_USBCLKConfig                         0x08000d0d   Thumb Code     8  stm32f10x_rcc.o(.text)
    RCC_ADCCLKConfig                         0x08000d15   Thumb Code    18  stm32f10x_rcc.o(.text)
    RCC_LSEConfig                            0x08000d27   Thumb Code    50  stm32f10x_rcc.o(.text)
    RCC_LSICmd                               0x08000d59   Thumb Code     6  stm32f10x_rcc.o(.text)
    RCC_RTCCLKConfig                         0x08000d5f   Thumb Code    12  stm32f10x_rcc.o(.text)
    RCC_RTCCLKCmd                            0x08000d6b   Thumb Code     8  stm32f10x_rcc.o(.text)
    RCC_GetClocksFreq                        0x08000d73   Thumb Code   192  stm32f10x_rcc.o(.text)
    RCC_AHBPeriphClockCmd                    0x08000e33   Thumb Code    26  stm32f10x_rcc.o(.text)
    RCC_APB2PeriphClockCmd                   0x08000e4d   Thumb Code    26  stm32f10x_rcc.o(.text)
    RCC_APB1PeriphClockCmd                   0x08000e67   Thumb Code    26  stm32f10x_rcc.o(.text)
    RCC_APB2PeriphResetCmd                   0x08000e81   Thumb Code    26  stm32f10x_rcc.o(.text)
    RCC_APB1PeriphResetCmd                   0x08000e9b   Thumb Code    26  stm32f10x_rcc.o(.text)
    RCC_BackupResetCmd                       0x08000eb5   Thumb Code     8  stm32f10x_rcc.o(.text)
    RCC_ClockSecuritySystemCmd               0x08000ebd   Thumb Code     6  stm32f10x_rcc.o(.text)
    RCC_MCOConfig                            0x08000ec3   Thumb Code     6  stm32f10x_rcc.o(.text)
    RCC_ClearFlag                            0x08000ec9   Thumb Code    14  stm32f10x_rcc.o(.text)
    RCC_GetITStatus                          0x08000ed7   Thumb Code    20  stm32f10x_rcc.o(.text)
    RCC_ClearITPendingBit                    0x08000eeb   Thumb Code     6  stm32f10x_rcc.o(.text)
    TIM_DeInit                               0x08000f15   Thumb Code   424  stm32f10x_tim.o(.text)
    TIM_TimeBaseInit                         0x080010bd   Thumb Code   122  stm32f10x_tim.o(.text)
    TIM_OC1Init                              0x08001137   Thumb Code   132  stm32f10x_tim.o(.text)
    TIM_OC2Init                              0x080011bb   Thumb Code   154  stm32f10x_tim.o(.text)
    TIM_OC3Init                              0x08001255   Thumb Code   150  stm32f10x_tim.o(.text)
    TIM_OC4Init                              0x080012eb   Thumb Code   182  stm32f10x_tim.o(.text)
    TIM_SetIC4Prescaler                      0x080013a1   Thumb Code    26  stm32f10x_tim.o(.text)
    TIM_SetIC3Prescaler                      0x0800143d   Thumb Code    18  stm32f10x_tim.o(.text)
    TIM_SetIC2Prescaler                      0x080014c9   Thumb Code    26  stm32f10x_tim.o(.text)
    TIM_SetIC1Prescaler                      0x08001565   Thumb Code    18  stm32f10x_tim.o(.text)
    TIM_ICInit                               0x080015e3   Thumb Code   150  stm32f10x_tim.o(.text)
    TIM_PWMIConfig                           0x08001679   Thumb Code   124  stm32f10x_tim.o(.text)
    TIM_BDTRConfig                           0x080016f5   Thumb Code    32  stm32f10x_tim.o(.text)
    TIM_TimeBaseStructInit                   0x08001715   Thumb Code    18  stm32f10x_tim.o(.text)
    TIM_OCStructInit                         0x08001727   Thumb Code    20  stm32f10x_tim.o(.text)
    TIM_ICStructInit                         0x0800173b   Thumb Code    18  stm32f10x_tim.o(.text)
    TIM_BDTRStructInit                       0x0800174d   Thumb Code    40  stm32f10x_tim.o(.text)
    TIM_Cmd                                  0x08001775   Thumb Code    24  stm32f10x_tim.o(.text)
    TIM_CtrlPWMOutputs                       0x0800178d   Thumb Code    30  stm32f10x_tim.o(.text)
    TIM_ITConfig                             0x080017ab   Thumb Code    18  stm32f10x_tim.o(.text)
    TIM_GenerateEvent                        0x080017bd   Thumb Code     4  stm32f10x_tim.o(.text)
    TIM_DMAConfig                            0x080017c1   Thumb Code    10  stm32f10x_tim.o(.text)
    TIM_DMACmd                               0x080017cb   Thumb Code    18  stm32f10x_tim.o(.text)
    TIM_InternalClockConfig                  0x080017dd   Thumb Code    12  stm32f10x_tim.o(.text)
    TIM_SelectInputTrigger                   0x080017e9   Thumb Code    18  stm32f10x_tim.o(.text)
    TIM_ITRxExternalClockConfig              0x080017fb   Thumb Code    24  stm32f10x_tim.o(.text)
    TIM_TIxExternalClockConfig               0x08001813   Thumb Code    62  stm32f10x_tim.o(.text)
    TIM_ETRConfig                            0x08001851   Thumb Code    28  stm32f10x_tim.o(.text)
    TIM_ETRClockMode1Config                  0x0800186d   Thumb Code    54  stm32f10x_tim.o(.text)
    TIM_ETRClockMode2Config                  0x080018a3   Thumb Code    32  stm32f10x_tim.o(.text)
    TIM_PrescalerConfig                      0x080018c3   Thumb Code     6  stm32f10x_tim.o(.text)
    TIM_CounterModeConfig                    0x080018c9   Thumb Code    18  stm32f10x_tim.o(.text)
    TIM_EncoderInterfaceConfig               0x080018db   Thumb Code    66  stm32f10x_tim.o(.text)
    TIM_ForcedOC1Config                      0x0800191d   Thumb Code    18  stm32f10x_tim.o(.text)
    TIM_ForcedOC2Config                      0x0800192f   Thumb Code    26  stm32f10x_tim.o(.text)
    TIM_ForcedOC3Config                      0x08001949   Thumb Code    18  stm32f10x_tim.o(.text)
    TIM_ForcedOC4Config                      0x0800195b   Thumb Code    26  stm32f10x_tim.o(.text)
    TIM_ARRPreloadConfig                     0x08001975   Thumb Code    24  stm32f10x_tim.o(.text)
    TIM_SelectCOM                            0x0800198d   Thumb Code    24  stm32f10x_tim.o(.text)
    TIM_SelectCCDMA                          0x080019a5   Thumb Code    24  stm32f10x_tim.o(.text)
    TIM_CCPreloadControl                     0x080019bd   Thumb Code    24  stm32f10x_tim.o(.text)
    TIM_OC1PreloadConfig                     0x080019d5   Thumb Code    18  stm32f10x_tim.o(.text)
    TIM_OC2PreloadConfig                     0x080019e7   Thumb Code    26  stm32f10x_tim.o(.text)
    TIM_OC3PreloadConfig                     0x08001a01   Thumb Code    18  stm32f10x_tim.o(.text)
    TIM_OC4PreloadConfig                     0x08001a13   Thumb Code    26  stm32f10x_tim.o(.text)
    TIM_OC1FastConfig                        0x08001a2d   Thumb Code    18  stm32f10x_tim.o(.text)
    TIM_OC2FastConfig                        0x08001a3f   Thumb Code    26  stm32f10x_tim.o(.text)
    TIM_OC3FastConfig                        0x08001a59   Thumb Code    18  stm32f10x_tim.o(.text)
    TIM_OC4FastConfig                        0x08001a6b   Thumb Code    26  stm32f10x_tim.o(.text)
    TIM_ClearOC1Ref                          0x08001a85   Thumb Code    18  stm32f10x_tim.o(.text)
    TIM_ClearOC2Ref                          0x08001a97   Thumb Code    24  stm32f10x_tim.o(.text)
    TIM_ClearOC3Ref                          0x08001aaf   Thumb Code    18  stm32f10x_tim.o(.text)
    TIM_ClearOC4Ref                          0x08001ac1   Thumb Code    24  stm32f10x_tim.o(.text)
    TIM_OC1PolarityConfig                    0x08001ad9   Thumb Code    18  stm32f10x_tim.o(.text)
    TIM_OC1NPolarityConfig                   0x08001aeb   Thumb Code    18  stm32f10x_tim.o(.text)
    TIM_OC2PolarityConfig                    0x08001afd   Thumb Code    26  stm32f10x_tim.o(.text)
    TIM_OC2NPolarityConfig                   0x08001b17   Thumb Code    26  stm32f10x_tim.o(.text)
    TIM_OC3PolarityConfig                    0x08001b31   Thumb Code    26  stm32f10x_tim.o(.text)
    TIM_OC3NPolarityConfig                   0x08001b4b   Thumb Code    26  stm32f10x_tim.o(.text)
    TIM_OC4PolarityConfig                    0x08001b65   Thumb Code    26  stm32f10x_tim.o(.text)
    TIM_CCxCmd                               0x08001b7f   Thumb Code    30  stm32f10x_tim.o(.text)
    TIM_CCxNCmd                              0x08001b9d   Thumb Code    30  stm32f10x_tim.o(.text)
    TIM_SelectOCxM                           0x08001bbb   Thumb Code    82  stm32f10x_tim.o(.text)
    TIM_UpdateDisableConfig                  0x08001c0d   Thumb Code    24  stm32f10x_tim.o(.text)
    TIM_UpdateRequestConfig                  0x08001c25   Thumb Code    24  stm32f10x_tim.o(.text)
    TIM_SelectHallSensor                     0x08001c3d   Thumb Code    24  stm32f10x_tim.o(.text)
    TIM_SelectOnePulseMode                   0x08001c55   Thumb Code    18  stm32f10x_tim.o(.text)
    TIM_SelectOutputTrigger                  0x08001c67   Thumb Code    18  stm32f10x_tim.o(.text)
    TIM_SelectSlaveMode                      0x08001c79   Thumb Code    18  stm32f10x_tim.o(.text)
    TIM_SelectMasterSlaveMode                0x08001c8b   Thumb Code    18  stm32f10x_tim.o(.text)
    TIM_SetCounter                           0x08001c9d   Thumb Code     4  stm32f10x_tim.o(.text)
    TIM_SetAutoreload                        0x08001ca1   Thumb Code     4  stm32f10x_tim.o(.text)
    TIM_SetCompare1                          0x08001ca5   Thumb Code     4  stm32f10x_tim.o(.text)
    TIM_SetCompare2                          0x08001ca9   Thumb Code     4  stm32f10x_tim.o(.text)
    TIM_SetCompare3                          0x08001cad   Thumb Code     4  stm32f10x_tim.o(.text)
    TIM_SetCompare4                          0x08001cb1   Thumb Code     6  stm32f10x_tim.o(.text)
    TIM_SetClockDivision                     0x08001cb7   Thumb Code    18  stm32f10x_tim.o(.text)
    TIM_GetCapture1                          0x08001cc9   Thumb Code     6  stm32f10x_tim.o(.text)
    TIM_GetCapture2                          0x08001ccf   Thumb Code     6  stm32f10x_tim.o(.text)
    TIM_GetCapture3                          0x08001cd5   Thumb Code     6  stm32f10x_tim.o(.text)
    TIM_GetCapture4                          0x08001cdb   Thumb Code     8  stm32f10x_tim.o(.text)
    TIM_GetCounter                           0x08001ce3   Thumb Code     6  stm32f10x_tim.o(.text)
    TIM_GetPrescaler                         0x08001ce9   Thumb Code     6  stm32f10x_tim.o(.text)
    TIM_GetFlagStatus                        0x08001cef   Thumb Code    18  stm32f10x_tim.o(.text)
    TIM_ClearFlag                            0x08001d01   Thumb Code     6  stm32f10x_tim.o(.text)
    TIM_GetITStatus                          0x08001d07   Thumb Code    34  stm32f10x_tim.o(.text)
    TIM_ClearITPendingBit                    0x08001d29   Thumb Code     6  stm32f10x_tim.o(.text)
    USART_DeInit                             0x08001d31   Thumb Code   134  stm32f10x_usart.o(.text)
    USART_Init                               0x08001db7   Thumb Code   210  stm32f10x_usart.o(.text)
    USART_StructInit                         0x08001e89   Thumb Code    24  stm32f10x_usart.o(.text)
    USART_ClockInit                          0x08001ea1   Thumb Code    34  stm32f10x_usart.o(.text)
    USART_ClockStructInit                    0x08001ec3   Thumb Code    12  stm32f10x_usart.o(.text)
    USART_Cmd                                0x08001ecf   Thumb Code    24  stm32f10x_usart.o(.text)
    USART_ITConfig                           0x08001ee7   Thumb Code    74  stm32f10x_usart.o(.text)
    USART_DMACmd                             0x08001f31   Thumb Code    18  stm32f10x_usart.o(.text)
    USART_SetAddress                         0x08001f43   Thumb Code    18  stm32f10x_usart.o(.text)
    USART_WakeUpConfig                       0x08001f55   Thumb Code    18  stm32f10x_usart.o(.text)
    USART_ReceiverWakeUpCmd                  0x08001f67   Thumb Code    24  stm32f10x_usart.o(.text)
    USART_LINBreakDetectLengthConfig         0x08001f7f   Thumb Code    18  stm32f10x_usart.o(.text)
    USART_LINCmd                             0x08001f91   Thumb Code    24  stm32f10x_usart.o(.text)
    USART_SendData                           0x08001fa9   Thumb Code     8  stm32f10x_usart.o(.text)
    USART_ReceiveData                        0x08001fb1   Thumb Code    10  stm32f10x_usart.o(.text)
    USART_SendBreak                          0x08001fbb   Thumb Code    10  stm32f10x_usart.o(.text)
    USART_SetGuardTime                       0x08001fc5   Thumb Code    16  stm32f10x_usart.o(.text)
    USART_SetPrescaler                       0x08001fd5   Thumb Code    16  stm32f10x_usart.o(.text)
    USART_SmartCardCmd                       0x08001fe5   Thumb Code    24  stm32f10x_usart.o(.text)
    USART_SmartCardNACKCmd                   0x08001ffd   Thumb Code    24  stm32f10x_usart.o(.text)
    USART_HalfDuplexCmd                      0x08002015   Thumb Code    24  stm32f10x_usart.o(.text)
    USART_OverSampling8Cmd                   0x0800202d   Thumb Code    22  stm32f10x_usart.o(.text)
    USART_OneBitMethodCmd                    0x08002043   Thumb Code    24  stm32f10x_usart.o(.text)
    USART_IrDAConfig                         0x0800205b   Thumb Code    18  stm32f10x_usart.o(.text)
    USART_IrDACmd                            0x0800206d   Thumb Code    24  stm32f10x_usart.o(.text)
    USART_GetFlagStatus                      0x08002085   Thumb Code    26  stm32f10x_usart.o(.text)
    USART_ClearFlag                          0x0800209f   Thumb Code    18  stm32f10x_usart.o(.text)
    USART_GetITStatus                        0x080020b1   Thumb Code    84  stm32f10x_usart.o(.text)
    USART_ClearITPendingBit                  0x08002105   Thumb Code    52  stm32f10x_usart.o(.text)
    Reset_Handler                            0x08002139   Thumb Code     8  startup_stm32f10x_hd.o(.text)
    ADC1_2_IRQHandler                        0x08002153   Thumb Code     0  startup_stm32f10x_hd.o(.text)
    ADC3_IRQHandler                          0x08002153   Thumb Code     0  startup_stm32f10x_hd.o(.text)
    CAN1_RX1_IRQHandler                      0x08002153   Thumb Code     0  startup_stm32f10x_hd.o(.text)
    CAN1_SCE_IRQHandler                      0x08002153   Thumb Code     0  startup_stm32f10x_hd.o(.text)
    DMA1_Channel1_IRQHandler                 0x08002153   Thumb Code     0  startup_stm32f10x_hd.o(.text)
    DMA1_Channel2_IRQHandler                 0x08002153   Thumb Code     0  startup_stm32f10x_hd.o(.text)
    DMA1_Channel3_IRQHandler                 0x08002153   Thumb Code     0  startup_stm32f10x_hd.o(.text)
    DMA1_Channel5_IRQHandler                 0x08002153   Thumb Code     0  startup_stm32f10x_hd.o(.text)
    DMA1_Channel6_IRQHandler                 0x08002153   Thumb Code     0  startup_stm32f10x_hd.o(.text)
    DMA1_Channel7_IRQHandler                 0x08002153   Thumb Code     0  startup_stm32f10x_hd.o(.text)
    DMA2_Channel1_IRQHandler                 0x08002153   Thumb Code     0  startup_stm32f10x_hd.o(.text)
    DMA2_Channel2_IRQHandler                 0x08002153   Thumb Code     0  startup_stm32f10x_hd.o(.text)
    DMA2_Channel3_IRQHandler                 0x08002153   Thumb Code     0  startup_stm32f10x_hd.o(.text)
    DMA2_Channel4_5_IRQHandler               0x08002153   Thumb Code     0  startup_stm32f10x_hd.o(.text)
    EXTI0_IRQHandler                         0x08002153   Thumb Code     0  startup_stm32f10x_hd.o(.text)
    EXTI15_10_IRQHandler                     0x08002153   Thumb Code     0  startup_stm32f10x_hd.o(.text)
    EXTI1_IRQHandler                         0x08002153   Thumb Code     0  startup_stm32f10x_hd.o(.text)
    EXTI2_IRQHandler                         0x08002153   Thumb Code     0  startup_stm32f10x_hd.o(.text)
    EXTI3_IRQHandler                         0x08002153   Thumb Code     0  startup_stm32f10x_hd.o(.text)
    EXTI4_IRQHandler                         0x08002153   Thumb Code     0  startup_stm32f10x_hd.o(.text)
    FLASH_IRQHandler                         0x08002153   Thumb Code     0  startup_stm32f10x_hd.o(.text)
    FSMC_IRQHandler                          0x08002153   Thumb Code     0  startup_stm32f10x_hd.o(.text)
    I2C1_ER_IRQHandler                       0x08002153   Thumb Code     0  startup_stm32f10x_hd.o(.text)
    I2C1_EV_IRQHandler                       0x08002153   Thumb Code     0  startup_stm32f10x_hd.o(.text)
    I2C2_ER_IRQHandler                       0x08002153   Thumb Code     0  startup_stm32f10x_hd.o(.text)
    I2C2_EV_IRQHandler                       0x08002153   Thumb Code     0  startup_stm32f10x_hd.o(.text)
    PVD_IRQHandler                           0x08002153   Thumb Code     0  startup_stm32f10x_hd.o(.text)
    RCC_IRQHandler                           0x08002153   Thumb Code     0  startup_stm32f10x_hd.o(.text)
    RTCAlarm_IRQHandler                      0x08002153   Thumb Code     0  startup_stm32f10x_hd.o(.text)
    RTC_IRQHandler                           0x08002153   Thumb Code     0  startup_stm32f10x_hd.o(.text)
    SDIO_IRQHandler                          0x08002153   Thumb Code     0  startup_stm32f10x_hd.o(.text)
    SPI1_IRQHandler                          0x08002153   Thumb Code     0  startup_stm32f10x_hd.o(.text)
    SPI2_IRQHandler                          0x08002153   Thumb Code     0  startup_stm32f10x_hd.o(.text)
    SPI3_IRQHandler                          0x08002153   Thumb Code     0  startup_stm32f10x_hd.o(.text)
    TAMPER_IRQHandler                        0x08002153   Thumb Code     0  startup_stm32f10x_hd.o(.text)
    TIM1_BRK_IRQHandler                      0x08002153   Thumb Code     0  startup_stm32f10x_hd.o(.text)
    TIM1_CC_IRQHandler                       0x08002153   Thumb Code     0  startup_stm32f10x_hd.o(.text)
    TIM1_TRG_COM_IRQHandler                  0x08002153   Thumb Code     0  startup_stm32f10x_hd.o(.text)
    TIM1_UP_IRQHandler                       0x08002153   Thumb Code     0  startup_stm32f10x_hd.o(.text)
    TIM4_IRQHandler                          0x08002153   Thumb Code     0  startup_stm32f10x_hd.o(.text)
    TIM5_IRQHandler                          0x08002153   Thumb Code     0  startup_stm32f10x_hd.o(.text)
    TIM7_IRQHandler                          0x08002153   Thumb Code     0  startup_stm32f10x_hd.o(.text)
    TIM8_BRK_IRQHandler                      0x08002153   Thumb Code     0  startup_stm32f10x_hd.o(.text)
    TIM8_CC_IRQHandler                       0x08002153   Thumb Code     0  startup_stm32f10x_hd.o(.text)
    TIM8_TRG_COM_IRQHandler                  0x08002153   Thumb Code     0  startup_stm32f10x_hd.o(.text)
    TIM8_UP_IRQHandler                       0x08002153   Thumb Code     0  startup_stm32f10x_hd.o(.text)
    UART4_IRQHandler                         0x08002153   Thumb Code     0  startup_stm32f10x_hd.o(.text)
    UART5_IRQHandler                         0x08002153   Thumb Code     0  startup_stm32f10x_hd.o(.text)
    USART2_IRQHandler                        0x08002153   Thumb Code     0  startup_stm32f10x_hd.o(.text)
    USART3_IRQHandler                        0x08002153   Thumb Code     0  startup_stm32f10x_hd.o(.text)
    USBWakeUp_IRQHandler                     0x08002153   Thumb Code     0  startup_stm32f10x_hd.o(.text)
    USB_HP_CAN1_TX_IRQHandler                0x08002153   Thumb Code     0  startup_stm32f10x_hd.o(.text)
    USB_LP_CAN1_RX0_IRQHandler               0x08002153   Thumb Code     0  startup_stm32f10x_hd.o(.text)
    WWDG_IRQHandler                          0x08002153   Thumb Code     0  startup_stm32f10x_hd.o(.text)
    NMI_Handler                              0x0800215d   Thumb Code     2  stm32f10x_it.o(.text)
    HardFault_Handler                        0x0800215f   Thumb Code     4  stm32f10x_it.o(.text)
    MemManage_Handler                        0x08002163   Thumb Code     4  stm32f10x_it.o(.text)
    BusFault_Handler                         0x08002167   Thumb Code     4  stm32f10x_it.o(.text)
    UsageFault_Handler                       0x0800216b   Thumb Code     4  stm32f10x_it.o(.text)
    DebugMon_Handler                         0x0800216f   Thumb Code     2  stm32f10x_it.o(.text)
    EXTI9_5_IRQHandler                       0x08002171   Thumb Code    64  stm32f10x_it.o(.text)
    main                                     0x080022b1   Thumb Code    32  main.o(.text)
    vSetupSysInfoTest                        0x08002379   Thumb Code    18  sysinfotest.o(.text)
    TIM6_IRQHandler                          0x0800238b   Thumb Code    32  sysinfotest.o(.text)
    map                                      0x080023b5   Thumb Code    22  control.o(.text)
    myabs                                    0x080023cb   Thumb Code    14  control.o(.text)
    ParametersInit                           0x080023d9   Thumb Code     8  gather.o(.text)
    StringFind                               0x080023e1   Thumb Code    74  protocol.o(.text)
    Protocol_DecodeInt                       0x0800242b   Thumb Code    92  protocol.o(.text)
    Protocol_Encode                          0x08002487   Thumb Code    50  protocol.o(.text)
    Protocol_EncodeCInt                      0x080024b9   Thumb Code   232  protocol.o(.text)
    DataHeadFind                             0x080025a1   Thumb Code    36  protocol.o(.text)
    sendRmotorCmd                            0x080025c5   Thumb Code    66  protocol.o(.text)
    sendRmotorData                           0x08002607   Thumb Code    84  protocol.o(.text)
    msgAnalyze                               0x0800265b   Thumb Code   140  protocol.o(.text)
    bsp_DWT_init                             0x08002719   Thumb Code    30  bsp_dwt_delay.o(.text)
    DwtDelay_uS                              0x08002737   Thumb Code    74  bsp_dwt_delay.o(.text)
    bsp_Init                                 0x08002795   Thumb Code    86  bsp.o(.text)
    bsp_KEY_Init                             0x08002819   Thumb Code    34  bsp_key.o(.text)
    Key_Scan                                 0x0800283b   Thumb Code   188  bsp_key.o(.text)
    bsp_GetRCCofGPIO                         0x08002911   Thumb Code    74  bsp_tim_pwm.o(.text)
    bsp_GetRCCofTIM                          0x0800295b   Thumb Code   150  bsp_tim_pwm.o(.text)
    bsp_ConfigTimGpio                        0x080029f1   Thumb Code    96  bsp_tim_pwm.o(.text)
    bsp_ConfigGpioOut                        0x08002a51   Thumb Code    46  bsp_tim_pwm.o(.text)
    bsp_SetTIMOutPWM                         0x08002a7f   Thumb Code   426  bsp_tim_pwm.o(.text)
    bsp_SetTIMOutPWM_N                       0x08002c29   Thumb Code   516  bsp_tim_pwm.o(.text)
    bsp_SetTIMforInt                         0x08002e2d   Thumb Code   478  bsp_tim_pwm.o(.text)
    bsp_LED_Init                             0x08003063   Thumb Code    44  bsp_led.o(.text)
    bsp_Led_Flash                            0x0800308f   Thumb Code    50  bsp_led.o(.text)
    USART1_DMA_Config                        0x08003109   Thumb Code   194  bsp_usart1.o(.text)
    USART1_Config                            0x080031cb   Thumb Code   174  bsp_usart1.o(.text)
    Uart1_Start_DMA_Tx                       0x08003279   Thumb Code    26  bsp_usart1.o(.text)
    DMA1_Channel4_IRQHandler                 0x08003293   Thumb Code    36  bsp_usart1.o(.text)
    USART1_IRQHandler                        0x080032b7   Thumb Code   154  bsp_usart1.o(.text)
    Uart1_DMA_SendString                     0x08003351   Thumb Code    52  bsp_usart1.o(.text)
    Usart1_SendByte                          0x08003385   Thumb Code    30  bsp_usart1.o(.text)
    Usar1_SendString                         0x080033a3   Thumb Code    42  bsp_usart1.o(.text)
    Usart1_SendHalfWord                      0x080033cd   Thumb Code    60  bsp_usart1.o(.text)
    fputc                                    0x08003409   Thumb Code    36  bsp_usart1.o(.text)
    fgetc                                    0x0800342d   Thumb Code    30  bsp_usart1.o(.text)
    OLED_WR_Byte                             0x08003471   Thumb Code   102  bsp_oled.o(.text)
    OLED_Set_Pos                             0x080034d7   Thumb Code    48  bsp_oled.o(.text)
    oled_drawPoint                           0x08003507   Thumb Code   100  bsp_oled.o(.text)
    oled_readPoint                           0x0800356b   Thumb Code    62  bsp_oled.o(.text)
    OLED_Display_On                          0x080035a9   Thumb Code    28  bsp_oled.o(.text)
    OLED_Display_Off                         0x080035c5   Thumb Code    28  bsp_oled.o(.text)
    OLED_Refresh_Gram                        0x080035e1   Thumb Code    70  bsp_oled.o(.text)
    OLED_Clear                               0x08003627   Thumb Code    42  bsp_oled.o(.text)
    OLED_FillAll                             0x08003651   Thumb Code    42  bsp_oled.o(.text)
    OLED_Fill                                0x0800367b   Thumb Code    54  bsp_oled.o(.text)
    OLED_ShowChar                            0x080036b1   Thumb Code   464  bsp_oled.o(.text)
    OLED_ShowChar32                          0x08003881   Thumb Code   368  bsp_oled.o(.text)
    mypow                                    0x080039f1   Thumb Code    22  bsp_oled.o(.text)
    OLED_ShowNum                             0x08003a07   Thumb Code   554  bsp_oled.o(.text)
    OLED_ShowNum32                           0x08003c31   Thumb Code   162  bsp_oled.o(.text)
    OLED_ShowString                          0x08003cd3   Thumb Code    70  bsp_oled.o(.text)
    OLED_ShowCHinese                         0x08003d19   Thumb Code   204  bsp_oled.o(.text)
    OLED_DrawBMP                             0x08003de5   Thumb Code   278  bsp_oled.o(.text)
    bsp_OLED_Init                            0x08003efb   Thumb Code   454  bsp_oled.o(.text)
    MOTOR_GPIO_Init                          0x080040d5   Thumb Code   184  bsp_motor.o(.text)
    bsp_Motor_Init                           0x0800418d   Thumb Code   240  bsp_motor.o(.text)
    Set_Pwm                                  0x0800427d   Thumb Code   192  bsp_motor.o(.text)
    Encoder1_Init_TIM                        0x0800434d   Thumb Code   192  bsp_encoder.o(.text)
    Encoder2_Init_TIM                        0x0800440d   Thumb Code   148  bsp_encoder.o(.text)
    Encoder3_Init_TIM                        0x080044a1   Thumb Code   148  bsp_encoder.o(.text)
    Encoder4_Init_TIM                        0x08004535   Thumb Code   148  bsp_encoder.o(.text)
    Read_Encoder                             0x080045c9   Thumb Code   100  bsp_encoder.o(.text)
    TIM3_IRQHandler                          0x0800462d   Thumb Code    20  bsp_encoder.o(.text)
    TIM2_IRQHandler                          0x08004641   Thumb Code    24  bsp_encoder.o(.text)
    IIC_Stop                                 0x08004675   Thumb Code    60  bsp_iic.o(.text)
    IIC_Init                                 0x080046b1   Thumb Code    76  bsp_iic.o(.text)
    IIC_Start                                0x080046fd   Thumb Code    90  bsp_iic.o(.text)
    IIC_Wait_Ack                             0x08004757   Thumb Code    92  bsp_iic.o(.text)
    IIC_Ack                                  0x080047b3   Thumb Code    64  bsp_iic.o(.text)
    IIC_NAck                                 0x080047f3   Thumb Code    62  bsp_iic.o(.text)
    IIC_Send_Byte                            0x08004831   Thumb Code    88  bsp_iic.o(.text)
    i2cWrite                                 0x08004889   Thumb Code    96  bsp_iic.o(.text)
    IIC_Read_Byte                            0x080048e9   Thumb Code    98  bsp_iic.o(.text)
    i2cRead                                  0x0800494b   Thumb Code   118  bsp_iic.o(.text)
    I2C_ReadOneByte                          0x080049c1   Thumb Code    70  bsp_iic.o(.text)
    IICreadBytes                             0x08004a07   Thumb Code   114  bsp_iic.o(.text)
    IICwriteBytes                            0x08004a79   Thumb Code    70  bsp_iic.o(.text)
    IICreadByte                              0x08004abf   Thumb Code    22  bsp_iic.o(.text)
    IICwriteByte                             0x08004ad5   Thumb Code    20  bsp_iic.o(.text)
    IICwriteBits                             0x08004ae9   Thumb Code   106  bsp_iic.o(.text)
    IICwriteBit                              0x08004b53   Thumb Code    64  bsp_iic.o(.text)
    MPU6050_newValues                        0x08004ca1   Thumb Code   494  bsp_mpu6050.o(.text)
    MPU6050_setClockSource                   0x08004e8f   Thumb Code    20  bsp_mpu6050.o(.text)
    MPU6050_setFullScaleGyroRange            0x08004ea3   Thumb Code    20  bsp_mpu6050.o(.text)
    MPU6050_setFullScaleAccelRange           0x08004eb7   Thumb Code    20  bsp_mpu6050.o(.text)
    MPU6050_setSleepEnabled                  0x08004ecb   Thumb Code    18  bsp_mpu6050.o(.text)
    MPU6050_getDeviceID                      0x08004edd   Thumb Code    20  bsp_mpu6050.o(.text)
    MPU6050_testConnection                   0x08004ef1   Thumb Code    18  bsp_mpu6050.o(.text)
    MPU6050_setI2CMasterModeEnabled          0x08004f03   Thumb Code    18  bsp_mpu6050.o(.text)
    MPU6050_setI2CBypassEnabled              0x08004f15   Thumb Code    18  bsp_mpu6050.o(.text)
    MPU6050_initialize                       0x08004f27   Thumb Code    40  bsp_mpu6050.o(.text)
    DMP_Init                                 0x08004f4f   Thumb Code   122  bsp_mpu6050.o(.text)
    Read_DMP                                 0x08004fc9   Thumb Code   648  bsp_mpu6050.o(.text)
    Read_Temperature                         0x08005251   Thumb Code   110  bsp_mpu6050.o(.text)
    mpu_reg_dump                             0x0800537b   Thumb Code    72  inv_mpu.o(.text)
    mpu_read_reg                             0x080053c3   Thumb Code    66  inv_mpu.o(.text)
    mpu_set_int_latched                      0x08005405   Thumb Code   102  inv_mpu.o(.text)
    mpu_set_sensors                          0x0800546b   Thumb Code   204  inv_mpu.o(.text)
    mpu_set_bypass                           0x08005537   Thumb Code   332  inv_mpu.o(.text)
    mpu_reset_fifo                           0x08005683   Thumb Code   442  inv_mpu.o(.text)
    mpu_configure_fifo                       0x0800583d   Thumb Code   106  inv_mpu.o(.text)
    mpu_set_lpf                              0x080058a7   Thumb Code   126  inv_mpu.o(.text)
    mpu_lp_accel_mode                        0x08005925   Thumb Code   218  inv_mpu.o(.text)
    mpu_set_sample_rate                      0x080059ff   Thumb Code   152  inv_mpu.o(.text)
    mpu_set_accel_fsr                        0x08005a97   Thumb Code   132  inv_mpu.o(.text)
    mpu_set_gyro_fsr                         0x08005b1b   Thumb Code   132  inv_mpu.o(.text)
    mpu_init                                 0x08005b9f   Thumb Code   396  inv_mpu.o(.text)
    myget_ms                                 0x08005d2b   Thumb Code     2  inv_mpu.o(.text)
    mpu_get_gyro_reg                         0x08005d2d   Thumb Code   110  inv_mpu.o(.text)
    mpu_get_accel_reg                        0x08005d9b   Thumb Code   110  inv_mpu.o(.text)
    mpu_get_temperature                      0x08005e09   Thumb Code   150  inv_mpu.o(.text)
    mpu_set_accel_bias                       0x08005e9f   Thumb Code   394  inv_mpu.o(.text)
    mpu_get_gyro_fsr                         0x08006029   Thumb Code    64  inv_mpu.o(.text)
    mpu_get_accel_fsr                        0x08006069   Thumb Code    72  inv_mpu.o(.text)
    mpu_get_lpf                              0x080060b1   Thumb Code    74  inv_mpu.o(.text)
    mpu_get_sample_rate                      0x080060fb   Thumb Code    26  inv_mpu.o(.text)
    mpu_get_compass_sample_rate              0x08006115   Thumb Code    10  inv_mpu.o(.text)
    mpu_set_compass_sample_rate              0x0800611f   Thumb Code     8  inv_mpu.o(.text)
    mpu_get_gyro_sens                        0x08006127   Thumb Code    58  inv_mpu.o(.text)
    mpu_get_accel_sens                       0x08006161   Thumb Code    78  inv_mpu.o(.text)
    mpu_get_fifo_config                      0x080061af   Thumb Code    12  inv_mpu.o(.text)
    mpu_get_power_state                      0x080061bb   Thumb Code    22  inv_mpu.o(.text)
    mpu_get_int_status                       0x080061d1   Thumb Code    64  inv_mpu.o(.text)
    mpu_read_fifo                            0x08006211   Thumb Code   522  inv_mpu.o(.text)
    mpu_read_fifo_stream                     0x0800641b   Thumb Code   186  inv_mpu.o(.text)
    mpu_set_int_level                        0x080064d5   Thumb Code    12  inv_mpu.o(.text)
    mpu_set_dmp_state                        0x08006bbf   Thumb Code   138  inv_mpu.o(.text)
    mpu_run_self_test                        0x08006c49   Thumb Code   278  inv_mpu.o(.text)
    mpu_write_mem                            0x08006d5f   Thumb Code   122  inv_mpu.o(.text)
    mpu_read_mem                             0x08006dd9   Thumb Code   122  inv_mpu.o(.text)
    mpu_load_firmware                        0x08006e53   Thumb Code   192  inv_mpu.o(.text)
    mpu_get_dmp_state                        0x08006f13   Thumb Code    14  inv_mpu.o(.text)
    mpu_get_compass_reg                      0x08006f21   Thumb Code     8  inv_mpu.o(.text)
    mpu_get_compass_fsr                      0x08006f29   Thumb Code     8  inv_mpu.o(.text)
    mpu_lp_motion_interrupt                  0x08006f31   Thumb Code   514  inv_mpu.o(.text)
    dmp_load_motion_driver_firmware          0x08007139   Thumb Code    20  inv_mpu_dmp_motion_driver.o(.text)
    dmp_set_orientation                      0x0800714d   Thumb Code   290  inv_mpu_dmp_motion_driver.o(.text)
    dmp_set_gyro_bias                        0x0800726f   Thumb Code   294  inv_mpu_dmp_motion_driver.o(.text)
    dmp_set_accel_bias                       0x08007395   Thumb Code   300  inv_mpu_dmp_motion_driver.o(.text)
    dmp_set_fifo_rate                        0x080074c1   Thumb Code   136  inv_mpu_dmp_motion_driver.o(.text)
    dmp_get_fifo_rate                        0x08007549   Thumb Code    12  inv_mpu_dmp_motion_driver.o(.text)
    dmp_set_tap_thresh                       0x08007555   Thumb Code   396  inv_mpu_dmp_motion_driver.o(.text)
    dmp_set_tap_axes                         0x080076e1   Thumb Code    70  inv_mpu_dmp_motion_driver.o(.text)
    dmp_set_tap_count                        0x08007727   Thumb Code    38  inv_mpu_dmp_motion_driver.o(.text)
    dmp_set_tap_time                         0x0800774d   Thumb Code    38  inv_mpu_dmp_motion_driver.o(.text)
    dmp_set_tap_time_multi                   0x08007773   Thumb Code    38  inv_mpu_dmp_motion_driver.o(.text)
    dmp_set_shake_reject_thresh              0x08007799   Thumb Code    56  inv_mpu_dmp_motion_driver.o(.text)
    dmp_set_shake_reject_time                0x080077d1   Thumb Code    38  inv_mpu_dmp_motion_driver.o(.text)
    dmp_set_shake_reject_timeout             0x080077f7   Thumb Code    38  inv_mpu_dmp_motion_driver.o(.text)
    dmp_get_pedometer_step_count             0x0800781d   Thumb Code    66  inv_mpu_dmp_motion_driver.o(.text)
    dmp_set_pedometer_step_count             0x0800785f   Thumb Code    42  inv_mpu_dmp_motion_driver.o(.text)
    dmp_get_pedometer_walk_time              0x08007889   Thumb Code    72  inv_mpu_dmp_motion_driver.o(.text)
    dmp_set_pedometer_walk_time              0x080078d1   Thumb Code    48  inv_mpu_dmp_motion_driver.o(.text)
    dmp_enable_6x_lp_quat                    0x08007901   Thumb Code    84  inv_mpu_dmp_motion_driver.o(.text)
    dmp_enable_lp_quat                       0x08007955   Thumb Code    60  inv_mpu_dmp_motion_driver.o(.text)
    dmp_enable_gyro_cal                      0x08007991   Thumb Code    62  inv_mpu_dmp_motion_driver.o(.text)
    dmp_enable_feature                       0x080079cf   Thumb Code   530  inv_mpu_dmp_motion_driver.o(.text)
    dmp_get_enabled_features                 0x08007be1   Thumb Code    12  inv_mpu_dmp_motion_driver.o(.text)
    dmp_set_interrupt_mode                   0x08007c4b   Thumb Code    66  inv_mpu_dmp_motion_driver.o(.text)
    dmp_read_fifo                            0x08007c8d   Thumb Code   514  inv_mpu_dmp_motion_driver.o(.text)
    dmp_register_tap_cb                      0x08007e8f   Thumb Code    10  inv_mpu_dmp_motion_driver.o(.text)
    dmp_register_android_orient_cb           0x08007e99   Thumb Code    10  inv_mpu_dmp_motion_driver.o(.text)
    EXTI_Pxy_Config                          0x08007ed3   Thumb Code    72  bsp_exti.o(.text)
    EnableInvInterrupt                       0x08007f1b   Thumb Code    32  bsp_exti.o(.text)
    DisableInvInterrupt                      0x08007f3b   Thumb Code    38  bsp_exti.o(.text)
    pvPortMalloc                             0x08008027   Thumb Code   254  heap_4.o(.text)
    vPortFree                                0x08008125   Thumb Code   112  heap_4.o(.text)
    xPortGetFreeHeapSize                     0x08008195   Thumb Code     6  heap_4.o(.text)
    xPortGetMinimumEverFreeHeapSize          0x0800819b   Thumb Code     6  heap_4.o(.text)
    vPortInitialiseBlocks                    0x080081a1   Thumb Code     2  heap_4.o(.text)
    pxPortInitialiseStack                    0x080081dd   Thumb Code    26  port.o(.text)
    vPortSetupTimerInterrupt                 0x080081f7   Thumb Code    14  port.o(.text)
    xPortStartScheduler                      0x08008205   Thumb Code   140  port.o(.text)
    vPortEndScheduler                        0x08008291   Thumb Code    30  port.o(.text)
    vPortYield                               0x080082af   Thumb Code    20  port.o(.text)
    vPortEnterCritical                       0x080082c3   Thumb Code    60  port.o(.text)
    vPortExitCritical                        0x080082ff   Thumb Code    40  port.o(.text)
    SysTick_Handler                          0x08008327   Thumb Code    30  port.o(.text)
    vPortValidateInterruptPriority           0x08008345   Thumb Code    80  port.o(.text)
    xCoRoutineCreate                         0x080083eb   Thumb Code   126  croutine.o(.text)
    vCoRoutineAddToDelayedList               0x08008469   Thumb Code    82  croutine.o(.text)
    vCoRoutineSchedule                       0x080085cb   Thumb Code   122  croutine.o(.text)
    xCoRoutineRemoveFromEventList            0x08008645   Thumb Code    48  croutine.o(.text)
    vListInitialise                          0x080086a1   Thumb Code    26  list.o(.text)
    vListInitialiseItem                      0x080086bb   Thumb Code     6  list.o(.text)
    vListInsertEnd                           0x080086c1   Thumb Code    24  list.o(.text)
    vListInsert                              0x080086d9   Thumb Code    52  list.o(.text)
    uxListRemove                             0x0800870d   Thumb Code    40  list.o(.text)
    xQueueGenericReset                       0x08008735   Thumb Code   120  queue.o(.text)
    xQueueGenericCreate                      0x080087ad   Thumb Code   106  queue.o(.text)
    xQueueGenericSend                        0x08008921   Thumb Code   296  queue.o(.text)
    xQueueGenericSendFromISR                 0x08008a49   Thumb Code   172  queue.o(.text)
    xQueueGiveFromISR                        0x08008af5   Thumb Code   148  queue.o(.text)
    xQueueGenericReceive                     0x08008bcd   Thumb Code   290  queue.o(.text)
    xQueueReceiveFromISR                     0x08008cef   Thumb Code   136  queue.o(.text)
    xQueuePeekFromISR                        0x08008d77   Thumb Code   110  queue.o(.text)
    uxQueueMessagesWaiting                   0x08008de5   Thumb Code    28  queue.o(.text)
    uxQueueSpacesAvailable                   0x08008e01   Thumb Code    34  queue.o(.text)
    uxQueueMessagesWaitingFromISR            0x08008e23   Thumb Code    20  queue.o(.text)
    vQueueDelete                             0x08008e37   Thumb Code    24  queue.o(.text)
    uxQueueGetQueueNumber                    0x08008e4f   Thumb Code     6  queue.o(.text)
    vQueueSetQueueNumber                     0x08008e55   Thumb Code     4  queue.o(.text)
    ucQueueGetQueueType                      0x08008e59   Thumb Code     8  queue.o(.text)
    xQueueIsQueueEmptyFromISR                0x08008e61   Thumb Code    28  queue.o(.text)
    xQueueIsQueueFullFromISR                 0x08008e7d   Thumb Code    32  queue.o(.text)
    xQueueCRSend                             0x08008e9d   Thumb Code   130  queue.o(.text)
    xQueueCRReceive                          0x08008f1f   Thumb Code   148  queue.o(.text)
    xQueueCRSendFromISR                      0x08008fb3   Thumb Code    64  queue.o(.text)
    xQueueCRReceiveFromISR                   0x08008ff3   Thumb Code    94  queue.o(.text)
    xTaskGenericCreate                       0x08009137   Thumb Code   288  tasks.o(.text)
    vTaskDelete                              0x08009281   Thumb Code   160  tasks.o(.text)
    xTaskIncrementTick                       0x08009321   Thumb Code   272  tasks.o(.text)
    xTaskResumeAll                           0x08009431   Thumb Code   282  tasks.o(.text)
    vTaskSuspendAll                          0x08009589   Thumb Code    12  tasks.o(.text)
    vTaskDelayUntil                          0x08009595   Thumb Code   176  tasks.o(.text)
    vTaskDelay                               0x08009645   Thumb Code    94  tasks.o(.text)
    uxTaskPriorityGet                        0x080096a3   Thumb Code    30  tasks.o(.text)
    uxTaskPriorityGetFromISR                 0x080096c1   Thumb Code    42  tasks.o(.text)
    vTaskPrioritySet                         0x080096eb   Thumb Code   224  tasks.o(.text)
    vTaskSwitchContext                       0x080097cb   Thumb Code   158  tasks.o(.text)
    vTaskSuspend                             0x08009869   Thumb Code   232  tasks.o(.text)
    vTaskResume                              0x08009995   Thumb Code   104  tasks.o(.text)
    xTaskResumeFromISR                       0x080099fd   Thumb Code   126  tasks.o(.text)
    vTaskStartScheduler                      0x08009af7   Thumb Code    74  tasks.o(.text)
    vTaskEndScheduler                        0x08009b41   Thumb Code    18  tasks.o(.text)
    xTaskGetTickCount                        0x08009b53   Thumb Code     6  tasks.o(.text)
    xTaskGetTickCountFromISR                 0x08009b59   Thumb Code    16  tasks.o(.text)
    uxTaskGetNumberOfTasks                   0x08009b69   Thumb Code     6  tasks.o(.text)
    uxTaskGetSystemState                     0x08009c35   Thumb Code   208  tasks.o(.text)
    vTaskPlaceOnEventList                    0x08009d05   Thumb Code    94  tasks.o(.text)
    vTaskPlaceOnUnorderedEventList           0x08009d63   Thumb Code   132  tasks.o(.text)
    xTaskRemoveFromEventList                 0x08009de7   Thumb Code   114  tasks.o(.text)
    xTaskRemoveFromUnorderedEventList        0x08009e59   Thumb Code   126  tasks.o(.text)
    vTaskSetTimeOutState                     0x08009ed7   Thumb Code    28  tasks.o(.text)
    xTaskCheckForTimeOut                     0x08009ef3   Thumb Code   108  tasks.o(.text)
    vTaskMissedYield                         0x08009f5f   Thumb Code     8  tasks.o(.text)
    uxTaskGetTaskNumber                      0x08009f67   Thumb Code    14  tasks.o(.text)
    vTaskSetTaskNumber                       0x08009f75   Thumb Code     8  tasks.o(.text)
    vTaskList                                0x08009fa7   Thumb Code   180  tasks.o(.text)
    vTaskGetRunTimeStats                     0x0800a05b   Thumb Code   242  tasks.o(.text)
    uxTaskResetEventItemValue                0x0800a14d   Thumb Code    24  tasks.o(.text)
    ulTaskNotifyTake                         0x0800a165   Thumb Code   162  tasks.o(.text)
    xTaskNotifyWait                          0x0800a207   Thumb Code   196  tasks.o(.text)
    xTaskGenericNotify                       0x0800a2cb   Thumb Code   202  tasks.o(.text)
    xTaskGenericNotifyFromISR                0x0800a395   Thumb Code   240  tasks.o(.text)
    vTaskNotifyGiveFromISR                   0x0800a485   Thumb Code   158  tasks.o(.text)
    xTaskNotifyStateClear                    0x0800a523   Thumb Code    78  tasks.o(.text)
    vTaskKey                                 0x0800a571   Thumb Code    40  keytask.o(.text)
    Key_Control                              0x0800a599   Thumb Code     2  keytask.o(.text)
    vTaskLed                                 0x0800a609   Thumb Code    18  ledtask.o(.text)
    vTaskUart1Rx                             0x0800a629   Thumb Code    36  communicatetask.o(.text)
    vTaskUart1Tx                             0x0800a64d   Thumb Code    68  communicatetask.o(.text)
    vTaskDisplay                             0x0800a69d   Thumb Code    34  displaytask.o(.text)
    setShow_ui                               0x0800a6bf   Thumb Code    14  displaytask.o(.text)
    DisplayInit                              0x0800a6cd   Thumb Code     8  displaytask.o(.text)
    Show_Para_Con                            0x0800a6d5   Thumb Code    72  displaytask.o(.text)
    vCarMoveCon                              0x0800a721   Thumb Code   286  movectrltask.o(.text)
    vTaskMoveCtrl                            0x0800a88d   Thumb Code    86  movectrltask.o(.text)
    Get_Angle                                0x0800a905   Thumb Code   312  mputask.o(.text)
    Period_Control                           0x0800aa3d   Thumb Code    12  mputask.o(.text)
    vTaskMpu                                 0x0800aa49   Thumb Code    30  mputask.o(.text)
    Main_uiconfigParamInit                   0x0800aa79   Thumb Code    98  main_ui.o(.text)
    Main_ZUI                                 0x0800aadb   Thumb Code  1288  main_ui.o(.text)
    Main_uictrl                              0x0800b00f   Thumb Code   578  main_ui.o(.text)
    __aeabi_ldivmod                          0x0800b27d   Thumb Code    98  ldiv.o(.text)
    __aeabi_memcpy                           0x0800b2df   Thumb Code    36  memcpya.o(.text)
    __aeabi_memcpy4                          0x0800b2df   Thumb Code     0  memcpya.o(.text)
    __aeabi_memcpy8                          0x0800b2df   Thumb Code     0  memcpya.o(.text)
    __aeabi_memset                           0x0800b303   Thumb Code    14  memseta.o(.text)
    __aeabi_memset4                          0x0800b303   Thumb Code     0  memseta.o(.text)
    __aeabi_memset8                          0x0800b303   Thumb Code     0  memseta.o(.text)
    __aeabi_memclr                           0x0800b311   Thumb Code     4  memseta.o(.text)
    __aeabi_memclr4                          0x0800b311   Thumb Code     0  memseta.o(.text)
    __aeabi_memclr8                          0x0800b311   Thumb Code     0  memseta.o(.text)
    _memset$wrapper                          0x0800b315   Thumb Code    18  memseta.o(.text)
    strlen                                   0x0800b327   Thumb Code    14  strlen.o(.text)
    memcmp                                   0x0800b335   Thumb Code    26  memcmp.o(.text)
    strcpy                                   0x0800b34f   Thumb Code    18  strcpy.o(.text)
    __aeabi_fadd                             0x0800b361   Thumb Code   164  fadd.o(.text)
    __aeabi_fsub                             0x0800b405   Thumb Code     6  fadd.o(.text)
    __aeabi_frsub                            0x0800b40b   Thumb Code     6  fadd.o(.text)
    __aeabi_fmul                             0x0800b411   Thumb Code   100  fmul.o(.text)
    __aeabi_fdiv                             0x0800b475   Thumb Code   124  fdiv.o(.text)
    __aeabi_dadd                             0x0800b4f1   Thumb Code   322  dadd.o(.text)
    __aeabi_dsub                             0x0800b633   Thumb Code     6  dadd.o(.text)
    __aeabi_drsub                            0x0800b639   Thumb Code     6  dadd.o(.text)
    __aeabi_dmul                             0x0800b63f   Thumb Code   228  dmul.o(.text)
    __aeabi_i2f                              0x0800b723   Thumb Code    18  fflti.o(.text)
    __aeabi_ui2f                             0x0800b735   Thumb Code    10  ffltui.o(.text)
    __aeabi_f2iz                             0x0800b73f   Thumb Code    50  ffixi.o(.text)
    __aeabi_f2uiz                            0x0800b771   Thumb Code    40  ffixui.o(.text)
    __aeabi_d2iz                             0x0800b799   Thumb Code    62  dfixi.o(.text)
    __aeabi_f2d                              0x0800b7d7   Thumb Code    38  f2d.o(.text)
    __aeabi_d2f                              0x0800b7fd   Thumb Code    56  d2f.o(.text)
    __aeabi_cfcmpeq                          0x0800b835   Thumb Code     0  cfcmple.o(.text)
    __aeabi_cfcmple                          0x0800b835   Thumb Code    20  cfcmple.o(.text)
    __aeabi_cfrcmple                         0x0800b849   Thumb Code    20  cfrcmple.o(.text)
    __aeabi_uldivmod                         0x0800b85d   Thumb Code    98  uldiv.o(.text)
    __aeabi_llsl                             0x0800b8bf   Thumb Code    30  llshl.o(.text)
    _ll_shift_l                              0x0800b8bf   Thumb Code     0  llshl.o(.text)
    __aeabi_llsr                             0x0800b8dd   Thumb Code    32  llushr.o(.text)
    _ll_ushift_r                             0x0800b8dd   Thumb Code     0  llushr.o(.text)
    __aeabi_lasr                             0x0800b8fd   Thumb Code    36  llsshr.o(.text)
    _ll_sshift_r                             0x0800b8fd   Thumb Code     0  llsshr.o(.text)
    __strtod_int                             0x0800b957   Thumb Code    88  strtod.o(.text)
    __I$use$fp                               0x0800b9bd   Thumb Code     0  iusefp.o(.text)
    _float_round                             0x0800b9bd   Thumb Code    18  fepilogue.o(.text)
    _float_epilogue                          0x0800b9cf   Thumb Code    92  fepilogue.o(.text)
    _double_round                            0x0800ba2b   Thumb Code    30  depilogue.o(.text)
    _double_epilogue                         0x0800ba49   Thumb Code   156  depilogue.o(.text)
    __aeabi_ddiv                             0x0800bae5   Thumb Code   222  ddiv.o(.text)
    __ARM_scalbn                             0x0800bbc3   Thumb Code    46  dscalb.o(.text)
    scalbn                                   0x0800bbc3   Thumb Code     0  dscalb.o(.text)
    __scatterload                            0x0800bbf1   Thumb Code    28  init.o(.text)
    __scatterload_rt2                        0x0800bbf1   Thumb Code     0  init.o(.text)
    isspace                                  0x0800bc15   Thumb Code    10  isspace_c.o(.text)
    _scanf_real                              0x0800bd21   Thumb Code     0  scanf_fp.o(.text)
    _scanf_really_real                       0x0800bd21   Thumb Code   556  scanf_fp.o(.text)
    _sgetc                                   0x0800bf59   Thumb Code    30  _sgetc.o(.text)
    _sbackspace                              0x0800bf77   Thumb Code    34  _sgetc.o(.text)
    _dsqrt                                   0x0800bf99   Thumb Code   162  dsqrt.o(.text)
    __ctype_lookup                           0x0800c03d   Thumb Code    34  ctype_c.o(.text)
    __aeabi_ul2d                             0x0800c065   Thumb Code    24  dfltul.o(.text)
    __decompress                             0x0800c07d   Thumb Code     0  __dczerorl2.o(.text)
    __decompress1                            0x0800c07d   Thumb Code    86  __dczerorl2.o(.text)
    __0printf$4                              0x0800c0d5   Thumb Code    22  printf4.o(i.__0printf$4)
    __1printf$4                              0x0800c0d5   Thumb Code     0  printf4.o(i.__0printf$4)
    __2printf                                0x0800c0d5   Thumb Code     0  printf4.o(i.__0printf$4)
    __0sprintf$4                             0x0800c0f5   Thumb Code    34  printf4.o(i.__0sprintf$4)
    __1sprintf$4                             0x0800c0f5   Thumb Code     0  printf4.o(i.__0sprintf$4)
    __2sprintf                               0x0800c0f5   Thumb Code     0  printf4.o(i.__0sprintf$4)
    __ARM_fpclassify                         0x0800c11d   Thumb Code    40  fpclassify.o(i.__ARM_fpclassify)
    __kernel_poly                            0x0800c145   Thumb Code   170  poly.o(i.__kernel_poly)
    __mathlib_dbl_infnan                     0x0800c1ef   Thumb Code     6  dunder.o(i.__mathlib_dbl_infnan)
    __mathlib_dbl_infnan2                    0x0800c1f5   Thumb Code     4  dunder.o(i.__mathlib_dbl_infnan2)
    __mathlib_dbl_invalid                    0x0800c1f9   Thumb Code    12  dunder.o(i.__mathlib_dbl_invalid)
    __mathlib_dbl_underflow                  0x0800c205   Thumb Code    10  dunder.o(i.__mathlib_dbl_underflow)
    __read_errno                             0x0800c215   Thumb Code     6  errno.o(i.__read_errno)
    __scatterload_copy                       0x0800c221   Thumb Code    14  handlers.o(i.__scatterload_copy)
    __scatterload_null                       0x0800c22f   Thumb Code     2  handlers.o(i.__scatterload_null)
    __scatterload_zeroinit                   0x0800c231   Thumb Code    14  handlers.o(i.__scatterload_zeroinit)
    __set_errno                              0x0800c241   Thumb Code     6  errno.o(i.__set_errno)
    _is_digit                                0x0800c24d   Thumb Code    14  scanf_fp.o(i._is_digit)
    asin                                     0x0800c495   Thumb Code   572  asin.o(i.asin)
    atan                                     0x0800c705   Thumb Code   474  atan.o(i.atan)
    atan2                                    0x0800c925   Thumb Code   346  atan2.o(i.atan2)
    atof                                     0x0800caa5   Thumb Code    42  atof.o(i.atof)
    sqrt                                     0x0800cacf   Thumb Code    76  sqrt.o(i.sqrt)
    F6x8                                     0x0800cb1a   Data         552  bsp_oled.o(.constdata)
    F8X16                                    0x0800cd42   Data        1520  bsp_oled.o(.constdata)
    F16X32                                   0x0800d332   Data         896  bsp_oled.o(.constdata)
    Hzk                                      0x0800d6b2   Data        1024  bsp_oled.o(.constdata)
    hw                                       0x0800dab4   Data          12  inv_mpu.o(.constdata)
    reg                                      0x0800dac0   Data          27  inv_mpu.o(.constdata)
    test                                     0x0800dadc   Data          40  inv_mpu.o(.constdata)
    UI_NOSIGNAL8X8                           0x0800e6fa   Data           8  bmp.o(.constdata)
    UI_ASIGNAL8X8                            0x0800e702   Data           8  bmp.o(.constdata)
    __mathlib_zero                           0x0800e7f8   Data           8  qnan.o(.constdata)
    __ctype_categories                       0x0800e800   Data          64  ctype_c.o(.constdata)
    Region$$Table$$Base                      0x0800e840   Number         0  anon$$obj.o(Region$$Table)
    Region$$Table$$Limit                     0x0800e860   Number         0  anon$$obj.o(Region$$Table)
    SystemCoreClock                          0x20000000   Data           4  system_stm32f10x.o(.data)
    AHBPrescTable                            0x20000004   Data          16  system_stm32f10x.o(.data)
    xHandleTaskDisplay                       0x2000003c   Data           4  main.o(.data)
    xHandleTaskMoveCtrl                      0x20000040   Data           4  main.o(.data)
    xHandleTaskMpu                           0x20000044   Data           4  main.o(.data)
    xQueue_uart1Rx                           0x20000048   Data           4  main.o(.data)
    xQueue_uart1Tx                           0x2000004c   Data           4  main.o(.data)
    BinarySem_Mpu                            0x20000050   Data           4  main.o(.data)
    ulHighFrequencyTimerTicks                0x20000054   Data           4  sysinfotest.o(.data)
    KEY_RetValue                             0x2000005c   Data           1  bsp_key.o(.data)
    Key_PU                                   0x20000060   Data          20  bsp_key.o(.data)
    Key_PD                                   0x20000074   Data          20  bsp_key.o(.data)
    Key_PL                                   0x20000088   Data          20  bsp_key.o(.data)
    Key_PR                                   0x2000009c   Data          20  bsp_key.o(.data)
    Key_PM                                   0x200000b0   Data          20  bsp_key.o(.data)
    LedA                                     0x200000c4   Data          24  bsp_led.o(.data)
    LedB                                     0x200000dc   Data          24  bsp_led.o(.data)
    LedC                                     0x200000f4   Data          24  bsp_led.o(.data)
    Fmq                                      0x2000010c   Data          24  bsp_led.o(.data)
    Oled_Colour                              0x20000127   Data           1  bsp_oled.o(.data)
    gyro                                     0x20000128   Data           6  bsp_mpu6050.o(.data)
    accel                                    0x2000012e   Data           6  bsp_mpu6050.o(.data)
    sensors                                  0x20000134   Data           2  bsp_mpu6050.o(.data)
    Pitch                                    0x20000138   Data           4  bsp_mpu6050.o(.data)
    Roll                                     0x2000013c   Data           4  bsp_mpu6050.o(.data)
    Yaw                                      0x20000140   Data           4  bsp_mpu6050.o(.data)
    q0                                       0x20000144   Data           4  bsp_mpu6050.o(.data)
    q1                                       0x20000148   Data           4  bsp_mpu6050.o(.data)
    q2                                       0x2000014c   Data           4  bsp_mpu6050.o(.data)
    q3                                       0x20000150   Data           4  bsp_mpu6050.o(.data)
    Gx_offset                                0x2000015e   Data           2  bsp_mpu6050.o(.data)
    Gy_offset                                0x20000160   Data           2  bsp_mpu6050.o(.data)
    Gz_offset                                0x20000162   Data           2  bsp_mpu6050.o(.data)
    pxCurrentCoRoutine                       0x200001bc   Data           4  croutine.o(.data)
    pxCurrentTCB                             0x200001d0   Data           4  tasks.o(.data)
    Show_ui                                  0x20000210   Data           1  displaytask.o(.data)
    Car_Motor                                0x20000214   Data           1  movectrltask.o(.data)
    CarTickCount                             0x20000218   Data           4  movectrltask.o(.data)
    __stdout                                 0x2000021c   Data           4  stdout.o(.data)
    buffer                                   0x20000688   Data          14  bsp_mpu6050.o(.bss)
    MPU6050_FIFO                             0x20000696   Data         132  bsp_mpu6050.o(.bss)
    MotorA                                   0x20006e4c   Data          16  movectrltask.o(.bss)
    MotorB                                   0x20006e5c   Data          16  movectrltask.o(.bss)
    MotorC                                   0x20006e6c   Data          16  movectrltask.o(.bss)
    MotorD                                   0x20006e7c   Data          16  movectrltask.o(.bss)
    Car                                      0x20006e8c   Data          12  movectrltask.o(.bss)
    mpu_data                                 0x20006e98   Data          24  mputask.o(.bss)
    Main_uiconfigParam                       0x20006eb0   Data          80  main_ui.o(.bss)
    __initial_sp                             0x20007300   Data           0  startup_stm32f10x_hd.o(STACK)



==============================================================================

Memory Map of the image

  Image Entry point : 0x08000131

  Load Region LR_IROM1 (Base: 0x08000000, Size: 0x0000ea84, Max: 0x00040000, ABSOLUTE, COMPRESSED[0x0000e8d0])

    Execution Region ER_IROM1 (Base: 0x08000000, Size: 0x0000e860, Max: 0x00040000, ABSOLUTE)

    Base Addr    Size         Type   Attr      Idx    E Section Name        Object

    0x08000000   0x00000130   Data   RO          398    RESET               startup_stm32f10x_hd.o
    0x08000130   0x00000000   Code   RO         1254  * .ARM.Collect$$$$00000000  mc_w.l(entry.o)
    0x08000130   0x00000004   Code   RO         1597    .ARM.Collect$$$$00000001  mc_w.l(entry2.o)
    0x08000134   0x00000004   Code   RO         1600    .ARM.Collect$$$$00000004  mc_w.l(entry5.o)
    0x08000138   0x00000000   Code   RO         1602    .ARM.Collect$$$$00000008  mc_w.l(entry7b.o)
    0x08000138   0x00000000   Code   RO         1604    .ARM.Collect$$$$0000000A  mc_w.l(entry8b.o)
    0x08000138   0x00000008   Code   RO         1605    .ARM.Collect$$$$0000000B  mc_w.l(entry9a.o)
    0x08000140   0x00000000   Code   RO         1607    .ARM.Collect$$$$0000000D  mc_w.l(entry10a.o)
    0x08000140   0x00000000   Code   RO         1609    .ARM.Collect$$$$0000000F  mc_w.l(entry11a.o)
    0x08000140   0x00000004   Code   RO         1598    .ARM.Collect$$$$00002712  mc_w.l(entry2.o)
    0x08000144   0x000000a2   Code   RO          964    .emb_text           port.o
    0x080001e6   0x00000002   PAD
    0x080001e8   0x000001e0   Code   RO           17    .text               system_stm32f10x.o
    0x080003c8   0x000000dc   Code   RO          114    .text               misc.o
    0x080004a4   0x00000254   Code   RO          214    .text               stm32f10x_dma.o
    0x080006f8   0x0000011c   Code   RO          226    .text               stm32f10x_exti.o
    0x08000814   0x0000035c   Code   RO          262    .text               stm32f10x_gpio.o
    0x08000b70   0x000003a4   Code   RO          310    .text               stm32f10x_rcc.o
    0x08000f14   0x00000e1a   Code   RO          360    .text               stm32f10x_tim.o
    0x08001d2e   0x00000002   PAD
    0x08001d30   0x00000408   Code   RO          372    .text               stm32f10x_usart.o
    0x08002138   0x00000024   Code   RO          399    .text               startup_stm32f10x_hd.o
    0x0800215c   0x00000060   Code   RO          403    .text               stm32f10x_it.o
    0x080021bc   0x000001bc   Code   RO          573    .text               main.o
    0x08002378   0x0000003c   Code   RO          596    .text               sysinfotest.o
    0x080023b4   0x00000024   Code   RO          614    .text               control.o
    0x080023d8   0x00000008   Code   RO          626    .text               gather.o
    0x080023e0   0x00000338   Code   RO          647    .text               protocol.o
    0x08002718   0x0000007c   Code   RO          675    .text               bsp_dwt_delay.o
    0x08002794   0x00000060   Code   RO          689    .text               bsp.o
    0x080027f4   0x0000011c   Code   RO          701    .text               bsp_key.o
    0x08002910   0x00000728   Code   RO          719    .text               bsp_tim_pwm.o
    0x08003038   0x00000090   Code   RO          734    .text               bsp_led.o
    0x080030c8   0x000003a8   Code   RO          766    .text               bsp_usart1.o
    0x08003470   0x00000c64   Code   RO          781    .text               bsp_oled.o
    0x080040d4   0x00000278   Code   RO          804    .text               bsp_motor.o
    0x0800434c   0x00000328   Code   RO          823    .text               bsp_encoder.o
    0x08004674   0x0000051e   Code   RO          835    .text               bsp_iic.o
    0x08004b92   0x00000002   PAD
    0x08004b94   0x0000075c   Code   RO          847    .text               bsp_mpu6050.o
    0x080052f0   0x00001e48   Code   RO          890    .text               inv_mpu.o
    0x08007138   0x00000d70   Code   RO          913    .text               inv_mpu_dmp_motion_driver.o
    0x08007ea8   0x000000bc   Code   RO          928    .text               bsp_exti.o
    0x08007f64   0x00000258   Code   RO          940    .text               heap_4.o
    0x080081bc   0x000001f4   Code   RO          965    .text               port.o
    0x080083b0   0x000002f0   Code   RO          988    .text               croutine.o
    0x080086a0   0x00000094   Code   RO         1025    .text               list.o
    0x08008734   0x0000091c   Code   RO         1037    .text               queue.o
    0x08009050   0x00001520   Code   RO         1052    .text               tasks.o
    0x0800a570   0x00000040   Code   RO         1081    .text               keytask.o
    0x0800a5b0   0x00000078   Code   RO         1093    .text               ledtask.o
    0x0800a628   0x00000074   Code   RO         1105    .text               communicatetask.o
    0x0800a69c   0x00000084   Code   RO         1126    .text               displaytask.o
    0x0800a720   0x000001e4   Code   RO         1141    .text               movectrltask.o
    0x0800a904   0x00000174   Code   RO         1160    .text               mputask.o
    0x0800aa78   0x00000804   Code   RO         1202    .text               main_ui.o
    0x0800b27c   0x00000062   Code   RO         1257    .text               mc_w.l(ldiv.o)
    0x0800b2de   0x00000024   Code   RO         1259    .text               mc_w.l(memcpya.o)
    0x0800b302   0x00000024   Code   RO         1261    .text               mc_w.l(memseta.o)
    0x0800b326   0x0000000e   Code   RO         1263    .text               mc_w.l(strlen.o)
    0x0800b334   0x0000001a   Code   RO         1265    .text               mc_w.l(memcmp.o)
    0x0800b34e   0x00000012   Code   RO         1267    .text               mc_w.l(strcpy.o)
    0x0800b360   0x000000b0   Code   RO         1532    .text               mf_w.l(fadd.o)
    0x0800b410   0x00000064   Code   RO         1534    .text               mf_w.l(fmul.o)
    0x0800b474   0x0000007c   Code   RO         1536    .text               mf_w.l(fdiv.o)
    0x0800b4f0   0x0000014e   Code   RO         1538    .text               mf_w.l(dadd.o)
    0x0800b63e   0x000000e4   Code   RO         1540    .text               mf_w.l(dmul.o)
    0x0800b722   0x00000012   Code   RO         1542    .text               mf_w.l(fflti.o)
    0x0800b734   0x0000000a   Code   RO         1544    .text               mf_w.l(ffltui.o)
    0x0800b73e   0x00000032   Code   RO         1546    .text               mf_w.l(ffixi.o)
    0x0800b770   0x00000028   Code   RO         1548    .text               mf_w.l(ffixui.o)
    0x0800b798   0x0000003e   Code   RO         1550    .text               mf_w.l(dfixi.o)
    0x0800b7d6   0x00000026   Code   RO         1552    .text               mf_w.l(f2d.o)
    0x0800b7fc   0x00000038   Code   RO         1554    .text               mf_w.l(d2f.o)
    0x0800b834   0x00000014   Code   RO         1556    .text               mf_w.l(cfcmple.o)
    0x0800b848   0x00000014   Code   RO         1558    .text               mf_w.l(cfrcmple.o)
    0x0800b85c   0x00000062   Code   RO         1614    .text               mc_w.l(uldiv.o)
    0x0800b8be   0x0000001e   Code   RO         1616    .text               mc_w.l(llshl.o)
    0x0800b8dc   0x00000020   Code   RO         1618    .text               mc_w.l(llushr.o)
    0x0800b8fc   0x00000024   Code   RO         1620    .text               mc_w.l(llsshr.o)
    0x0800b920   0x0000009c   Code   RO         1629    .text               mc_w.l(strtod.o)
    0x0800b9bc   0x00000000   Code   RO         1631    .text               mc_w.l(iusefp.o)
    0x0800b9bc   0x0000006e   Code   RO         1632    .text               mf_w.l(fepilogue.o)
    0x0800ba2a   0x000000ba   Code   RO         1634    .text               mf_w.l(depilogue.o)
    0x0800bae4   0x000000de   Code   RO         1636    .text               mf_w.l(ddiv.o)
    0x0800bbc2   0x0000002e   Code   RO         1638    .text               mf_w.l(dscalb.o)
    0x0800bbf0   0x00000024   Code   RO         1644    .text               mc_w.l(init.o)
    0x0800bc14   0x0000000a   Code   RO         1646    .text               mc_w.l(isspace_c.o)
    0x0800bc1e   0x00000002   PAD
    0x0800bc20   0x00000338   Code   RO         1648    .text               mc_w.l(scanf_fp.o)
    0x0800bf58   0x00000040   Code   RO         1652    .text               mc_w.l(_sgetc.o)
    0x0800bf98   0x000000a2   Code   RO         1654    .text               mf_w.l(dsqrt.o)
    0x0800c03a   0x00000002   PAD
    0x0800c03c   0x00000028   Code   RO         1658    .text               mc_w.l(ctype_c.o)
    0x0800c064   0x00000018   Code   RO         1661    .text               mf_w.l(dfltul.o)
    0x0800c07c   0x00000056   Code   RO         1671    .text               mc_w.l(__dczerorl2.o)
    0x0800c0d2   0x00000002   PAD
    0x0800c0d4   0x00000020   Code   RO         1382    i.__0printf$4       mc_w.l(printf4.o)
    0x0800c0f4   0x00000028   Code   RO         1384    i.__0sprintf$4      mc_w.l(printf4.o)
    0x0800c11c   0x00000028   Code   RO         1584    i.__ARM_fpclassify  m_ws.l(fpclassify.o)
    0x0800c144   0x000000aa   Code   RO         1586    i.__kernel_poly     m_ws.l(poly.o)
    0x0800c1ee   0x00000006   Code   RO         1571    i.__mathlib_dbl_infnan  m_ws.l(dunder.o)
    0x0800c1f4   0x00000004   Code   RO         1572    i.__mathlib_dbl_infnan2  m_ws.l(dunder.o)
    0x0800c1f8   0x0000000c   Code   RO         1573    i.__mathlib_dbl_invalid  m_ws.l(dunder.o)
    0x0800c204   0x00000010   Code   RO         1576    i.__mathlib_dbl_underflow  m_ws.l(dunder.o)
    0x0800c214   0x0000000c   Code   RO         1623    i.__read_errno      mc_w.l(errno.o)
    0x0800c220   0x0000000e   Code   RO         1665    i.__scatterload_copy  mc_w.l(handlers.o)
    0x0800c22e   0x00000002   Code   RO         1666    i.__scatterload_null  mc_w.l(handlers.o)
    0x0800c230   0x0000000e   Code   RO         1667    i.__scatterload_zeroinit  mc_w.l(handlers.o)
    0x0800c23e   0x00000002   PAD
    0x0800c240   0x0000000c   Code   RO         1624    i.__set_errno       mc_w.l(errno.o)
    0x0800c24c   0x0000000e   Code   RO         1650    i._is_digit         mc_w.l(scanf_fp.o)
    0x0800c25a   0x00000002   PAD
    0x0800c25c   0x0000022c   Code   RO         1389    i._printf_core      mc_w.l(printf4.o)
    0x0800c488   0x0000000a   Code   RO         1391    i._sputc            mc_w.l(printf4.o)
    0x0800c492   0x00000002   PAD
    0x0800c494   0x00000270   Code   RO         1233    i.asin              m_ws.l(asin.o)
    0x0800c704   0x00000220   Code   RO         1561    i.atan              m_ws.l(atan.o)
    0x0800c924   0x00000180   Code   RO         1243    i.atan2             m_ws.l(atan2.o)
    0x0800caa4   0x0000002a   Code   RO         1251    i.atof              m_ws.l(atof.o)
    0x0800cace   0x0000004c   Code   RO         1590    i.sqrt              m_ws.l(sqrt.o)
    0x0800cb1a   0x00000f98   Data   RO          783    .constdata          bsp_oled.o
    0x0800dab2   0x00000002   PAD
    0x0800dab4   0x00000050   Data   RO          891    .constdata          inv_mpu.o
    0x0800db04   0x00000bf6   Data   RO          915    .constdata          inv_mpu_dmp_motion_driver.o
    0x0800e6fa   0x00000010   Data   RO         1220    .constdata          bmp.o
    0x0800e70a   0x00000006   PAD
    0x0800e710   0x00000050   Data   RO         1234    .constdata          m_ws.l(asin.o)
    0x0800e760   0x00000098   Data   RO         1562    .constdata          m_ws.l(atan.o)
    0x0800e7f8   0x00000008   Data   RO         1588    .constdata          m_ws.l(qnan.o)
    0x0800e800   0x00000040   Data   RO         1659    .constdata          mc_w.l(ctype_c.o)
    0x0800e840   0x00000020   Data   RO         1663    Region$$Table       anon$$obj.o


    Execution Region RW_IRAM1 (Base: 0x20000000, Size: 0x00007300, Max: 0x0000c000, ABSOLUTE, COMPRESSED[0x00000070])

    Base Addr    Size         Type   Attr      Idx    E Section Name        Object

    0x20000000   0x00000014   Data   RW           18    .data               system_stm32f10x.o
    0x20000014   0x00000014   Data   RW          311    .data               stm32f10x_rcc.o
    0x20000028   0x00000001   Data   RW          404    .data               stm32f10x_it.o
    0x20000029   0x00000003   PAD
    0x2000002c   0x00000028   Data   RW          574    .data               main.o
    0x20000054   0x00000004   Data   RW          597    .data               sysinfotest.o
    0x20000058   0x00000004   Data   RW          676    .data               bsp_dwt_delay.o
    0x2000005c   0x00000068   Data   RW          702    .data               bsp_key.o
    0x200000c4   0x00000060   Data   RW          735    .data               bsp_led.o
    0x20000124   0x00000003   Data   RW          768    .data               bsp_usart1.o
    0x20000127   0x00000001   Data   RW          784    .data               bsp_oled.o
    0x20000128   0x0000003c   Data   RW          849    .data               bsp_mpu6050.o
    0x20000164   0x0000002c   Data   RW          892    .data               inv_mpu.o
    0x20000190   0x00000018   Data   RW          942    .data               heap_4.o
    0x200001a8   0x0000000c   Data   RW          966    .data               port.o
    0x200001b4   0x0000001c   Data   RW          990    .data               croutine.o
    0x200001d0   0x00000040   Data   RW         1054    .data               tasks.o
    0x20000210   0x00000001   Data   RW         1127    .data               displaytask.o
    0x20000211   0x00000003   PAD
    0x20000214   0x00000008   Data   RW         1143    .data               movectrltask.o
    0x2000021c   0x00000004   Data   RW         1611    .data               mc_w.l(stdout.o)
    0x20000220   0x00000004   Data   RW         1625    .data               mc_w.l(errno.o)
    0x20000224   0x00000064   Zero   RW          767    .bss                bsp_usart1.o
    0x20000288   0x00000400   Zero   RW          782    .bss                bsp_oled.o
    0x20000688   0x00000092   Zero   RW          848    .bss                bsp_mpu6050.o
    0x2000071a   0x00000002   PAD
    0x2000071c   0x00000010   Zero   RW          914    .bss                inv_mpu_dmp_motion_driver.o
    0x2000072c   0x00006400   Zero   RW          941    .bss                heap_4.o
    0x20006b2c   0x00000064   Zero   RW          989    .bss                croutine.o
    0x20006b90   0x000002bc   Zero   RW         1053    .bss                tasks.o
    0x20006e4c   0x0000004c   Zero   RW         1142    .bss                movectrltask.o
    0x20006e98   0x00000018   Zero   RW         1161    .bss                mputask.o
    0x20006eb0   0x00000050   Zero   RW         1203    .bss                main_ui.o
    0x20006f00   0x00000400   Zero   RW          396    STACK               startup_stm32f10x_hd.o


==============================================================================

Image component sizes


      Code (inc. data)   RO Data    RW Data    ZI Data      Debug   Object Name

         0          0         16          0          0        535   bmp.o
        96         10          0          0          0        475   bsp.o
       124         20          0          4          0       1019   bsp_dwt_delay.o
       808         28          0          0          0       2231   bsp_encoder.o
       188          4          0          0          0       1037   bsp_exti.o
      1310         14          0          0          0       5386   bsp_iic.o
       284         26          0        104          0       2510   bsp_key.o
       144          8          0         96          0       2070   bsp_led.o
       632         16          0          0          0       4046   bsp_motor.o
      1884        138          0         60        146      20550   bsp_mpu6050.o
      3172         60       3992          1       1024       8563   bsp_oled.o
      1832        130          0          0          0       4688   bsp_tim_pwm.o
       936         38          0          3        100       3754   bsp_usart1.o
       116         12          0          0          0        700   communicatetask.o
        36          0          0          0          0        816   control.o
         0          0          0          0          0       4536   core_cm3.o
       752         44          0         28        100       5476   croutine.o
       132          4          0          1          0       1546   displaytask.o
         8          0          0          0          0        421   gather.o
       600         26          0         24      25600       4608   heap_4.o
      7752        108         80         44          0      20631   inv_mpu.o
      3440        126       3062          0         16      14691   inv_mpu_dmp_motion_driver.o
        64         22          0          0          0        587   keytask.o
       120         12          0          0          0        727   ledtask.o
       148          0          0          0          0       1782   list.o
       444        168          0         40          0      16434   main.o
      2052        148          0          0         80       1927   main_ui.o
       220         22          0          0          0       1861   misc.o
       484         34          0          8         76       2013   movectrltask.o
       372         18          0          0         24       2027   mputask.o
       662         40          0         12          0       4822   port.o
       824         50          0          0          0       3405   protocol.o
      2332          0          0          0          0      10985   queue.o
        36          8        304          0       1024        812   startup_stm32f10x_hd.o
       596          8          0          0          0       4390   stm32f10x_dma.o
       284         10          0          0          0       2299   stm32f10x_exti.o
       860         38          0          0          0       5705   stm32f10x_gpio.o
        96         12          0          1          0      23630   stm32f10x_it.o
       932         36          0         20          0       8876   stm32f10x_rcc.o
      3610         88          0          0          0      22196   stm32f10x_tim.o
      1032         22          0          0          0       8432   stm32f10x_usart.o
        60         10          0          4          0       1116   sysinfotest.o
       480         38          0         20          0     262287   system_stm32f10x.o
      5408        334          0         64        700      20191   tasks.o

    ----------------------------------------------------------------------
     45368       1930       7494        540      28892     516793   Object Totals
         0          0         32          0          0          0   (incl. Generated)
         6          0          8          6          2          0   (incl. Padding)

    ----------------------------------------------------------------------

      Code (inc. data)   RO Data    RW Data    ZI Data      Debug   Library Member Name

       624         52         80          0          0        168   asin.o
       544         70        152          0          0        124   atan.o
       384         38          0          0          0        144   atan2.o
        42          0          0          0          0         84   atof.o
        38          6          0          0          0        272   dunder.o
        40          0          0          0          0         68   fpclassify.o
       170          0          0          0          0         96   poly.o
         0          0          8          0          0          0   qnan.o
        76          0          0          0          0         84   sqrt.o
        86          0          0          0          0          0   __dczerorl2.o
        64          0          0          0          0         84   _sgetc.o
        40          6         64          0          0         68   ctype_c.o
         0          0          0          0          0          0   entry.o
         0          0          0          0          0          0   entry10a.o
         0          0          0          0          0          0   entry11a.o
         8          4          0          0          0          0   entry2.o
         4          0          0          0          0          0   entry5.o
         0          0          0          0          0          0   entry7b.o
         0          0          0          0          0          0   entry8b.o
         8          4          0          0          0          0   entry9a.o
        24         12          0          4          0        136   errno.o
        30          0          0          0          0          0   handlers.o
        36          8          0          0          0         68   init.o
        10          0          0          0          0         68   isspace_c.o
         0          0          0          0          0          0   iusefp.o
        98          0          0          0          0         84   ldiv.o
        30          0          0          0          0         68   llshl.o
        36          0          0          0          0         68   llsshr.o
        32          0          0          0          0         68   llushr.o
        26          0          0          0          0         80   memcmp.o
        36          0          0          0          0         68   memcpya.o
        36          0          0          0          0        108   memseta.o
       638         20          0          0          0        336   printf4.o
       838         12          0          0          0        216   scanf_fp.o
         0          0          0          4          0          0   stdout.o
        18          0          0          0          0         68   strcpy.o
        14          0          0          0          0         68   strlen.o
       156         14          0          0          0        120   strtod.o
        98          0          0          0          0         92   uldiv.o
        20          0          0          0          0         68   cfcmple.o
        20          0          0          0          0         68   cfrcmple.o
        56          0          0          0          0         88   d2f.o
       334          0          0          0          0        148   dadd.o
       222          0          0          0          0        100   ddiv.o
       186          0          0          0          0        176   depilogue.o
        62          0          0          0          0         80   dfixi.o
        24          0          0          0          0         76   dfltul.o
       228          0          0          0          0         96   dmul.o
        46          0          0          0          0         80   dscalb.o
       162          0          0          0          0        100   dsqrt.o
        38          0          0          0          0         68   f2d.o
       176          0          0          0          0        140   fadd.o
       124          0          0          0          0         88   fdiv.o
       110          0          0          0          0        168   fepilogue.o
        50          0          0          0          0         68   ffixi.o
        40          0          0          0          0         68   ffixui.o
        18          0          0          0          0         68   fflti.o
        10          0          0          0          0         68   ffltui.o
       100          0          0          0          0         76   fmul.o

    ----------------------------------------------------------------------
      6322        246        304          8          0       4800   Library Totals
        12          0          0          0          0          0   (incl. Padding)

    ----------------------------------------------------------------------

      Code (inc. data)   RO Data    RW Data    ZI Data      Debug   Library Name

      1918        166        240          0          0       1040   m_ws.l
      2366         80         64          8          0       1868   mc_w.l
      2026          0          0          0          0       1892   mf_w.l

    ----------------------------------------------------------------------
      6322        246        304          8          0       4800   Library Totals

    ----------------------------------------------------------------------

==============================================================================


      Code (inc. data)   RO Data    RW Data    ZI Data      Debug   

     51690       2176       7798        548      28892     515533   Grand Totals
     51690       2176       7798        112      28892     515533   ELF Image Totals (compressed)
     51690       2176       7798        112          0          0   ROM Totals

==============================================================================

    Total RO  Size (Code + RO Data)                59488 (  58.09kB)
    Total RW  Size (RW Data + ZI Data)             29440 (  28.75kB)
    Total ROM Size (Code + RO Data + RW Data)      59600 (  58.20kB)

==============================================================================

