<html>
<body>
<pre>
<h1>µVision Build Log</h1>
<h2>Tool Versions:</h2>
IDE-Version: ¦ÌVision V5.15
Copyright (C) 2015 ARM Ltd and ARM Germany GmbH. All rights reserved.
License Information:    ,    , LIC=D0DTG-VXGPT-CJE6Z-J7P26-T45UR-QTSX2
 
Tool Versions:
Toolchain:       MDK-ARM Standard  Version: 5.15.0
Toolchain Path:  C:\Keil_v5\ARM\ARMCC\Bin
C Compiler:      Armcc.exe V5.05 update 2 (build 169)
Assembler:       Armasm.exe V5.05 update 2 (build 169)
Linker/Locator:  ArmLink.exe V5.05 update 2 (build 169)
Library Manager: ArmAr.exe V5.05 update 2 (build 169)
Hex Converter:   FromElf.exe V5.05 update 2 (build 169)
CPU DLL:         SARMCM3.DLL V5.15.0
Dialog DLL:      DCM.DLL V1.13.2.0
Target DLL:      STLink\ST-LINKIII-KEIL_SWO.dll V2.0.15.0_KEIL
Dialog DLL:      TCM.DLL V1.14.5.0
 
<h2>Project:</h2>
D:\MYjiezuo\STM32\BS\Remote\Remote1_1\Project\LZM_F103C8T6.uvprojx
Project File Date:  04/29/2020

<h2>Output:</h2>
*** Using Compiler 'V5.05 update 2 (build 169)', folder: 'C:\Keil_v5\ARM\ARMCC\Bin'
Build target 'Target 1'
compiling protocol3.c...
..\Basic\USART3\protocol3.c(322): warning:  #186-D: pointless comparison of unsigned integer with zero
                                                                if(u8data<Car_uiconfigParam.Page_Index_Limit && u8data >=0)
..\Basic\USART3\protocol3.c(445): warning:  #186-D: pointless comparison of unsigned integer with zero
                                                                if(u8data<Envi_uiconfigParam.Page_Index_Limit && u8data >=0)
..\Basic\USART3\protocol3.c: 2 warnings, 0 errors
linking...
Program Size: Code=59824 RO-data=4340 RW-data=600 ZI-data=15896  
FromELF: creating hex file...
".\Objects\LZM_F103C8T6.axf" - 0 Error(s), 2 Warning(s).

<h2>Collection of Component include folders:</h2>
  D:\MYjiezuo\STM32\BS\Remote\Remote1_1\Project\RTE
  D:\MYzy\Important\MDK\Keil\STM32F1xx_DFP\1.1.0\Device\Include

<h2>Collection of Component Files used:</h2>
</pre>
</body>
</html>
