<html>
<body>
<pre>
<h1>礦ision Build Log</h1>
<h2>Tool Versions:</h2>
IDE-Version: μVision V5.15
Copyright (C) 2015 ARM Ltd and ARM Germany GmbH. All rights reserved.
License Information:    ,    , LIC=D0DTG-VXGPT-CJE6Z-J7P26-T45UR-QTSX2
 
Tool Versions:
Toolchain:       MDK-ARM Standard  Version: 5.15.0
Toolchain Path:  C:\Keil_v5\ARM\ARMCC\Bin
C Compiler:      Armcc.exe V5.05 update 2 (build 169)
Assembler:       Armasm.exe V5.05 update 2 (build 169)
Linker/Locator:  ArmLink.exe V5.05 update 2 (build 169)
Library Manager: ArmAr.exe V5.05 update 2 (build 169)
Hex Converter:   FromElf.exe V5.05 update 2 (build 169)
CPU DLL:         SARMCM3.DLL V5.15.0
Dialog DLL:      DCM.DLL V1.13.2.0
Target DLL:      STLink\ST-LINKIII-KEIL_SWO.dll V2.0.15.0_KEIL
Dialog DLL:      TCM.DLL V1.14.5.0
 
<h2>Project:</h2>
D:\MYjiezuo\STM32\BS\YK\LX1_1\Project\LZM_F103C8T6.uvprojx
Project File Date:  03/19/2020

<h2>Output:</h2>
*** Using Compiler 'V5.05 update 2 (build 169)', folder: 'C:\Keil_v5\ARM\ARMCC\Bin'
Rebuild target 'Target 1'
compiling core_cm3.c...
compiling system_stm32f10x.c...
compiling misc.c...
compiling stm32f10x_adc.c...
compiling stm32f10x_bkp.c...
compiling stm32f10x_can.c...
compiling stm32f10x_cec.c...
compiling stm32f10x_crc.c...
compiling stm32f10x_dac.c...
compiling stm32f10x_dbgmcu.c...
compiling stm32f10x_dma.c...
compiling stm32f10x_exti.c...
compiling stm32f10x_flash.c...
compiling stm32f10x_fsmc.c...
compiling stm32f10x_gpio.c...
compiling stm32f10x_i2c.c...
compiling stm32f10x_iwdg.c...
compiling stm32f10x_pwr.c...
compiling stm32f10x_rcc.c...
compiling stm32f10x_rtc.c...
compiling stm32f10x_sdio.c...
compiling stm32f10x_spi.c...
compiling stm32f10x_tim.c...
compiling stm32f10x_usart.c...
compiling stm32f10x_wwdg.c...
assembling startup_stm32f10x_md.s...
compiling stm32f10x_it.c...
compiling main.c...
compiling control.c...
compiling gather.c...
compiling mpu6050.c...
..\Top\src\mpu6050.c(43): warning:  #177-D: variable "gyro_orientation" was declared but never referenced
  static signed char gyro_orientation[9] = {-1, 0, 0,
..\Top\src\mpu6050.c(69): warning:  #177-D: function "inv_orientation_matrix_to_scalar" was declared but never referenced
  static  unsigned short inv_orientation_matrix_to_scalar(
..\Top\src\mpu6050.c(81): warning:  #177-D: function "run_self_test" was declared but never referenced
  static void run_self_test(void)
..\Top\src\mpu6050.c: 3 warnings, 0 errors
compiling inv_mpu.c...
compiling inv_mpu_dmp_motion_driver.c...
compiling filter.c...
compiling sys.c...
compiling delay.c...
compiling bsp_dwt_delay.c...
compiling bsp_led.c...
compiling bsp.c...
compiling bsp_key.c...
compiling bsp_usart1.c...
..\Basic\USART1\bsp_usart1.c(233): warning:  #550-D: variable "num" was set but never used
          static u8 num = 0;   //??系到???俑? 20 ?纸?  
..\Basic\USART1\bsp_usart1.c(234): warning:  #177-D: variable "index" was declared but never referenced
          static u8 index = 0;   //超?纸?时 前?娴??纸??芎?
..\Basic\USART1\bsp_usart1.c: 2 warnings, 0 errors
compiling bsp_oled.c...
..\Basic\OLED\bsp_oled.c(237): warning:  #186-D: pointless comparison of unsigned integer with zero
                                if(Oled_Colour==1 && c>=0)  Oled_Colour = 1;    //翻转??色
..\Basic\OLED\bsp_oled.c(268): warning:  #186-D: pointless comparison of unsigned integer with zero
                                if(Oled_Colour==1 && c>=0)  Oled_Colour = 1;    //翻转??色
..\Basic\OLED\bsp_oled.c(228): warning:  #177-D: variable "x0" was declared but never referenced
        unsigned char x0 = x;
..\Basic\OLED\bsp_oled.c(306): warning:  #186-D: pointless comparison of unsigned integer with zero
                if(Oled_Colour==1 && c>=0)  Oled_Colour = 1;    //翻转??色
..\Basic\OLED\bsp_oled.c(507): warning:  #177-D: variable "x0" was declared but never referenced
        unsigned char x0 = x;
..\Basic\OLED\bsp_oled.c(581): warning:  #177-D: variable "GPIO_CS_InitStructure" was declared but never referenced
                          GPIO_CS_InitStructure;
..\Basic\OLED\bsp_oled.c: 6 warnings, 0 errors
compiling bsp_adc.c...
compiling bsp_i2c.c...
compiling heap_4.c...
compiling port.c...
compiling croutine.c...
compiling event_groups.c...
compiling list.c...
compiling queue.c...
compiling tasks.c...
compiling timers.c...
compiling LedTask.c...
compiling KeyTask.c...
compiling DisplayTask.c...
compiling JoystickTask.c...
..\TASK\src\JoystickTask.c(74): warning:  #550-D: parameter "dest" was set but never used
  static void copyJoystickData(CLASS_Joystick dest,CLASS_Joystick src)
..\TASK\src\JoystickTask.c(90): warning:  #550-D: variable "xReturn" was set but never used
        BaseType_t xReturn = pdTRUE;/* 定??一?龃唇???息返??值，默??为pdTRUE */
..\TASK\src\JoystickTask.c(111): warning:  #177-D: variable "xReturn" was declared but never referenced
        BaseType_t xReturn = pdTRUE;/* 定??一?龃唇???息返??值，默??为pdTRUE */
..\TASK\src\JoystickTask.c: 3 warnings, 0 errors
compiling MpuTask.c...
compiling CommunicateATask.c...
..\TASK\src\CommunicateATask.c(23): warning:  #550-D: variable "xReturn" was set but never used
        BaseType_t xReturn = pdTRUE;/* 定??一?龃唇???息返??值，默??为pdTRUE */
..\TASK\src\CommunicateATask.c(43): warning:  #550-D: variable "xReturn" was set but never used
        BaseType_t xReturn = pdTRUE;/* 定??一?龃唇???息返??值，默??为pdTRUE */
..\TASK\src\CommunicateATask.c: 2 warnings, 0 errors
compiling main_ui.c...
..\Zui\src\main_ui.c(45): warning:  #177-D: variable "h" was declared but never referenced
        u8 h;    //??示??系??
..\Zui\src\main_ui.c(46): warning:  #177-D: variable "Ph" was declared but never referenced
        u8 Ph;   //??????系??
..\Zui\src\main_ui.c: 2 warnings, 0 errors
compiling car_ui.c...
compiling envi_ui.c...
compiling bmp.c...
linking...
Program Size: Code=41964 RO-data=7660 RW-data=732 ZI-data=13564  
FromELF: creating hex file...
".\Objects\LZM_F103C8T6.axf" - 0 Error(s), 18 Warning(s).

<h2>Collection of Component include folders:</h2>
  D:\MYjiezuo\STM32\BS\YK\LX1_1\Project\RTE
  D:\MYzy\Important\MDK\Keil\STM32F1xx_DFP\1.1.0\Device\Include

<h2>Collection of Component Files used:</h2>
</pre>
</body>
</html>
