Component: ARM Compiler 5.05 update 2 (build 169) Tool: armlink [4d0f33]

==============================================================================

Section Cross References

    system_stm32f10x.o(.text) refers to system_stm32f10x.o(.data) for SystemCoreClock
    stm32f10x_adc.o(.text) refers to stm32f10x_rcc.o(.text) for RCC_APB2PeriphResetCmd
    stm32f10x_bkp.o(.text) refers to stm32f10x_rcc.o(.text) for RCC_BackupResetCmd
    stm32f10x_can.o(.text) refers to stm32f10x_rcc.o(.text) for RCC_APB1PeriphResetCmd
    stm32f10x_cec.o(.text) refers to stm32f10x_rcc.o(.text) for RCC_APB1PeriphResetCmd
    stm32f10x_dac.o(.text) refers to stm32f10x_rcc.o(.text) for RCC_APB1PeriphResetCmd
    stm32f10x_gpio.o(.text) refers to stm32f10x_rcc.o(.text) for RCC_APB2PeriphResetCmd
    stm32f10x_i2c.o(.text) refers to stm32f10x_rcc.o(.text) for RCC_APB1PeriphResetCmd
    stm32f10x_pwr.o(.text) refers to stm32f10x_rcc.o(.text) for RCC_APB1PeriphResetCmd
    stm32f10x_rcc.o(.text) refers to stm32f10x_rcc.o(.data) for APBAHBPrescTable
    stm32f10x_spi.o(.text) refers to stm32f10x_rcc.o(.text) for RCC_APB2PeriphResetCmd
    stm32f10x_tim.o(.text) refers to stm32f10x_rcc.o(.text) for RCC_APB2PeriphResetCmd
    stm32f10x_usart.o(.text) refers to stm32f10x_rcc.o(.text) for RCC_APB2PeriphResetCmd
    stm32f10x_wwdg.o(.text) refers to stm32f10x_rcc.o(.text) for RCC_APB1PeriphResetCmd
    startup_stm32f10x_md.o(RESET) refers to startup_stm32f10x_md.o(STACK) for __initial_sp
    startup_stm32f10x_md.o(RESET) refers to startup_stm32f10x_md.o(.text) for Reset_Handler
    startup_stm32f10x_md.o(RESET) refers to stm32f10x_it.o(.text) for NMI_Handler
    startup_stm32f10x_md.o(RESET) refers to port.o(.emb_text) for SVC_Handler
    startup_stm32f10x_md.o(RESET) refers to port.o(.text) for SysTick_Handler
    startup_stm32f10x_md.o(RESET) refers to bsp_usart3.o(.text) for DMA1_Channel2_IRQHandler
    startup_stm32f10x_md.o(RESET) refers to bsp_usart1.o(.text) for DMA1_Channel4_IRQHandler
    startup_stm32f10x_md.o(.text) refers to system_stm32f10x.o(.text) for SystemInit
    startup_stm32f10x_md.o(.text) refers to entry.o(.ARM.Collect$$$$00000000) for __main
    stm32f10x_it.o(.text) refers to stm32f10x_exti.o(.text) for EXTI_GetITStatus
    stm32f10x_it.o(.text) refers to queue.o(.text) for xQueueGiveFromISR
    stm32f10x_it.o(.text) refers to stm32f10x_it.o(.data) for num
    stm32f10x_it.o(.text) refers to main.o(.data) for BinarySem_Mpu
    main.o(.text) refers to queue.o(.text) for xQueueGenericCreate
    main.o(.text) refers to tasks.o(.text) for xTaskGenericCreate
    main.o(.text) refers to bsp.o(.text) for bsp_Init
    main.o(.text) refers to control.o(.text) for ParaInit
    main.o(.text) refers to main.o(.data) for xQueue_uart1Rx
    main.o(.text) refers to ledtask.o(.text) for vTaskLed
    main.o(.text) refers to keytask.o(.text) for vTaskKey
    main.o(.text) refers to displaytask.o(.text) for vTaskDisplay
    main.o(.text) refers to mputask.o(.text) for vTaskMpu
    main.o(.text) refers to joysticktask.o(.text) for vTaskJoystick
    main.o(.text) refers to communicatectask.o(.text) for vTaskUart3Rx
    control.o(.text) refers to communicate.o(.text) for CommunicateParaInit
    control.o(.text) refers to main_ui.o(.text) for Main_uiconfigParamInit
    control.o(.text) refers to car_ui.o(.text) for Car_uiconfigParamInit
    control.o(.text) refers to control.o(.data) for ConCarMode
    protocol3.o(.text) refers to atof.o(i.atof) for atof
    protocol3.o(.text) refers to dfixi.o(.text) for __aeabi_d2iz
    protocol3.o(.text) refers to memseta.o(.text) for __aeabi_memclr
    protocol3.o(.text) refers to memcpya.o(.text) for __aeabi_memcpy
    protocol3.o(.text) refers to printf4.o(i.__0sprintf$4) for __2sprintf
    protocol3.o(.text) refers to queue.o(.text) for xQueueGenericSend
    protocol3.o(.text) refers to main.o(.data) for xQueue_uart3Tx
    communicate.o(.text) refers to communicate.o(.data) for carLEDA
    sys.o(.text) refers to sys.o(.emb_text) for WFI_SET
    delay.o(.text) refers to delay.o(.data) for fac_us
    bsp_dwt_delay.o(.text) refers to bsp_dwt_delay.o(.data) for SYSCLK
    bsp_led.o(.text) refers to stm32f10x_rcc.o(.text) for RCC_APB2PeriphClockCmd
    bsp_led.o(.text) refers to stm32f10x_gpio.o(.text) for GPIO_Init
    bsp_led.o(.text) refers to bsp_led.o(.data) for LedA
    bsp.o(.text) refers to misc.o(.text) for NVIC_PriorityGroupConfig
    bsp.o(.text) refers to bsp_dwt_delay.o(.text) for bsp_DWT_init
    bsp.o(.text) refers to bsp_led.o(.text) for bsp_LED_Init
    bsp.o(.text) refers to bsp_key.o(.text) for bsp_KEY_Init
    bsp.o(.text) refers to bsp_oled.o(.text) for bsp_OLED_Init
    bsp.o(.text) refers to bsp_adc.o(.text) for Adc_Init
    bsp.o(.text) refers to bsp_usart3.o(.text) for USART3_Config
    bsp_key.o(.text) refers to stm32f10x_rcc.o(.text) for RCC_APB2PeriphClockCmd
    bsp_key.o(.text) refers to stm32f10x_gpio.o(.text) for GPIO_Init
[...]
    ..\FreeRTOS\src\queue.c                  0x00000000   Number         0  queue.o ABSOLUTE
    ..\FreeRTOS\src\tasks.c                  0x00000000   Number         0  tasks.o ABSOLUTE
    ..\FreeRTOS\src\timers.c                 0x00000000   Number         0  timers.o ABSOLUTE
    ..\Libraries\CMSIS\core_cm3.c            0x00000000   Number         0  core_cm3.o ABSOLUTE
    ..\Libraries\CMSIS\startup\startup_stm32f10x_md.s 0x00000000   Number         0  startup_stm32f10x_md.o ABSOLUTE
    ..\Libraries\CMSIS\system_stm32f10x.c    0x00000000   Number         0  system_stm32f10x.o ABSOLUTE
    ..\Libraries\STM32F10x_StdPeriph_Driver\src\misc.c 0x00000000   Number         0  misc.o ABSOLUTE
    ..\Libraries\STM32F10x_StdPeriph_Driver\src\stm32f10x_adc.c 0x00000000   Number         0  stm32f10x_adc.o ABSOLUTE
    ..\Libraries\STM32F10x_StdPeriph_Driver\src\stm32f10x_bkp.c 0x00000000   Number         0  stm32f10x_bkp.o ABSOLUTE
    ..\Libraries\STM32F10x_StdPeriph_Driver\src\stm32f10x_can.c 0x00000000   Number         0  stm32f10x_can.o ABSOLUTE
    ..\Libraries\STM32F10x_StdPeriph_Driver\src\stm32f10x_cec.c 0x00000000   Number         0  stm32f10x_cec.o ABSOLUTE
    ..\Libraries\STM32F10x_StdPeriph_Driver\src\stm32f10x_crc.c 0x00000000   Number         0  stm32f10x_crc.o ABSOLUTE
    ..\Libraries\STM32F10x_StdPeriph_Driver\src\stm32f10x_dac.c 0x00000000   Number         0  stm32f10x_dac.o ABSOLUTE
    ..\Libraries\STM32F10x_StdPeriph_Driver\src\stm32f10x_dbgmcu.c 0x00000000   Number         0  stm32f10x_dbgmcu.o ABSOLUTE
    ..\Libraries\STM32F10x_StdPeriph_Driver\src\stm32f10x_dma.c 0x00000000   Number         0  stm32f10x_dma.o ABSOLUTE
    ..\Libraries\STM32F10x_StdPeriph_Driver\src\stm32f10x_exti.c 0x00000000   Number         0  stm32f10x_exti.o ABSOLUTE
    ..\Libraries\STM32F10x_StdPeriph_Driver\src\stm32f10x_flash.c 0x00000000   Number         0  stm32f10x_flash.o ABSOLUTE
    ..\Libraries\STM32F10x_StdPeriph_Driver\src\stm32f10x_fsmc.c 0x00000000   Number         0  stm32f10x_fsmc.o ABSOLUTE
    ..\Libraries\STM32F10x_StdPeriph_Driver\src\stm32f10x_gpio.c 0x00000000   Number         0  stm32f10x_gpio.o ABSOLUTE
    ..\Libraries\STM32F10x_StdPeriph_Driver\src\stm32f10x_i2c.c 0x00000000   Number         0  stm32f10x_i2c.o ABSOLUTE
    ..\Libraries\STM32F10x_StdPeriph_Driver\src\stm32f10x_iwdg.c 0x00000000   Number         0  stm32f10x_iwdg.o ABSOLUTE
    ..\Libraries\STM32F10x_StdPeriph_Driver\src\stm32f10x_pwr.c 0x00000000   Number         0  stm32f10x_pwr.o ABSOLUTE
    ..\Libraries\STM32F10x_StdPeriph_Driver\src\stm32f10x_rcc.c 0x00000000   Number         0  stm32f10x_rcc.o ABSOLUTE
    ..\Libraries\STM32F10x_StdPeriph_Driver\src\stm32f10x_rtc.c 0x00000000   Number         0  stm32f10x_rtc.o ABSOLUTE
    ..\Libraries\STM32F10x_StdPeriph_Driver\src\stm32f10x_sdio.c 0x00000000   Number         0  stm32f10x_sdio.o ABSOLUTE
    ..\Libraries\STM32F10x_StdPeriph_Driver\src\stm32f10x_spi.c 0x00000000   Number         0  stm32f10x_spi.o ABSOLUTE
    ..\Libraries\STM32F10x_StdPeriph_Driver\src\stm32f10x_tim.c 0x00000000   Number         0  stm32f10x_tim.o ABSOLUTE
    ..\Libraries\STM32F10x_StdPeriph_Driver\src\stm32f10x_usart.c 0x00000000   Number         0  stm32f10x_usart.o ABSOLUTE
    ..\Libraries\STM32F10x_StdPeriph_Driver\src\stm32f10x_wwdg.c 0x00000000   Number         0  stm32f10x_wwdg.o ABSOLUTE
    ..\TASK\src\CommunicateATask.c           0x00000000   Number         0  communicateatask.o ABSOLUTE
    ..\TASK\src\CommunicateCTask.c           0x00000000   Number         0  communicatectask.o ABSOLUTE
    ..\TASK\src\DisplayTask.c                0x00000000   Number         0  displaytask.o ABSOLUTE
    ..\TASK\src\JoystickTask.c               0x00000000   Number         0  joysticktask.o ABSOLUTE
    ..\TASK\src\KeyTask.c                    0x00000000   Number         0  keytask.o ABSOLUTE
    ..\TASK\src\LedTask.c                    0x00000000   Number         0  ledtask.o ABSOLUTE
    ..\TASK\src\MpuTask.c                    0x00000000   Number         0  mputask.o ABSOLUTE
    ..\Top\src\communicate.c                 0x00000000   Number         0  communicate.o ABSOLUTE
    ..\Top\src\control.c                     0x00000000   Number         0  control.o ABSOLUTE
    ..\Top\src\gather.c                      0x00000000   Number         0  gather.o ABSOLUTE
    ..\User\main.c                           0x00000000   Number         0  main.o ABSOLUTE
    ..\User\stm32f10x_it.c                   0x00000000   Number         0  stm32f10x_it.o ABSOLUTE
    ..\Zui\src\bmp.c                         0x00000000   Number         0  bmp.o ABSOLUTE
    ..\Zui\src\car_ui.c                      0x00000000   Number         0  car_ui.o ABSOLUTE
    ..\Zui\src\envi_ui.c                     0x00000000   Number         0  envi_ui.o ABSOLUTE
    ..\Zui\src\main_ui.c                     0x00000000   Number         0  main_ui.o ABSOLUTE
    ..\\Basic\\SYS\\sys.c                    0x00000000   Number         0  sys.o ABSOLUTE
    ..\\FreeRTOS\\src\\port.c                0x00000000   Number         0  port.o ABSOLUTE
    ..\\Libraries\\CMSIS\\core_cm3.c         0x00000000   Number         0  core_cm3.o ABSOLUTE
    cdcmple.s                                0x00000000   Number         0  cdcmple.o ABSOLUTE
    cdrcmple.s                               0x00000000   Number         0  cdrcmple.o ABSOLUTE
    cfcmple.s                                0x00000000   Number         0  cfcmple.o ABSOLUTE
    cfrcmple.s                               0x00000000   Number         0  cfrcmple.o ABSOLUTE
    dc.s                                     0x00000000   Number         0  dc.o ABSOLUTE
    handlers.s                               0x00000000   Number         0  handlers.o ABSOLUTE
    init.s                                   0x00000000   Number         0  init.o ABSOLUTE
    RESET                                    0x08000000   Section      236  startup_stm32f10x_md.o(RESET)
    .ARM.Collect$$$$00000000                 0x080000ec   Section        0  entry.o(.ARM.Collect$$$$00000000)
    .ARM.Collect$$$$00000001                 0x080000ec   Section        4  entry2.o(.ARM.Collect$$$$00000001)
    .ARM.Collect$$$$00000004                 0x080000f0   Section        4  entry5.o(.ARM.Collect$$$$00000004)
    .ARM.Collect$$$$00000008                 0x080000f4   Section        0  entry7b.o(.ARM.Collect$$$$00000008)
    .ARM.Collect$$$$0000000A                 0x080000f4   Section        0  entry8b.o(.ARM.Collect$$$$0000000A)
    .ARM.Collect$$$$0000000B                 0x080000f4   Section        8  entry9a.o(.ARM.Collect$$$$0000000B)
    .ARM.Collect$$$$0000000D                 0x080000fc   Section        0  entry10a.o(.ARM.Collect$$$$0000000D)
    .ARM.Collect$$$$0000000F                 0x080000fc   Section        0  entry11a.o(.ARM.Collect$$$$0000000F)
    .ARM.Collect$$$$00002712                 0x080000fc   Section        4  entry2.o(.ARM.Collect$$$$00002712)
    __lit__00000000                          0x080000fc   Data           4  entry2.o(.ARM.Collect$$$$00002712)
    .emb_text                                0x08000100   Section      162  port.o(.emb_text)
    .text                                    0x080001a4   Section        0  system_stm32f10x.o(.text)
    SetSysClockTo72                          0x080001a5   Thumb Code   214  system_stm32f10x.o(.text)
    SetSysClock                              0x0800027b   Thumb Code     8  system_stm32f10x.o(.text)
    .text                                    0x08000384   Section        0  misc.o(.text)
    .text                                    0x08000460   Section        0  stm32f10x_adc.o(.text)
    .text                                    0x080008b0   Section        0  stm32f10x_dma.o(.text)
    .text                                    0x08000b04   Section        0  stm32f10x_exti.o(.text)
    .text                                    0x08000c20   Section        0  stm32f10x_gpio.o(.text)
    .text                                    0x08000f7c   Section        0  stm32f10x_rcc.o(.text)
    .text                                    0x08001320   Section        0  stm32f10x_usart.o(.text)
    .text                                    0x08001728   Section       36  startup_stm32f10x_md.o(.text)
    .text                                    0x0800174c   Section        0  stm32f10x_it.o(.text)
    .text                                    0x080017ac   Section        0  main.o(.text)
    AppObjCreate                             0x080017ad   Thumb Code    74  main.o(.text)
    AppTaskCreate                            0x080017f7   Thumb Code   194  main.o(.text)
    .text                                    0x08001988   Section        0  control.o(.text)
    .text                                    0x080019cc   Section        0  protocol3.o(.text)
    .text                                    0x08001c40   Section        0  communicate.o(.text)
    LedCommunicateParaInit                   0x08001c41   Thumb Code    70  communicate.o(.text)
    .text                                    0x08001ca4   Section        0  bsp_dwt_delay.o(.text)
    .text                                    0x08001d20   Section        0  bsp_led.o(.text)
    led_init                                 0x08001d21   Thumb Code    42  bsp_led.o(.text)
    .text                                    0x08001dc8   Section        0  bsp.o(.text)
    .text                                    0x08001df4   Section        0  bsp_key.o(.text)
    key_config                               0x08001df5   Thumb Code    36  bsp_key.o(.text)
    .text                                    0x08001f2c   Section        0  bsp_usart1.o(.text)
    NVIC_Configuration                       0x08001f2d   Thumb Code    64  bsp_usart1.o(.text)
    .text                                    0x080022cc   Section        0  bsp_oled.o(.text)
    .text                                    0x08002f34   Section        0  bsp_adc.o(.text)
    .text                                    0x08003180   Section        0  bsp_usart3.o(.text)
    NVIC_Configuration                       0x08003181   Thumb Code    64  bsp_usart3.o(.text)
    .text                                    0x08003454   Section        0  heap_4.o(.text)
    prvInsertBlockIntoFreeList               0x08003455   Thumb Code    96  heap_4.o(.text)
    prvHeapInit                              0x080034b5   Thumb Code    98  heap_4.o(.text)
    .text                                    0x080036ac   Section        0  port.o(.text)
    prvTaskExitError                         0x080036ad   Thumb Code    32  port.o(.text)
    .text                                    0x080038a0   Section        0  list.o(.text)
    .text                                    0x08003934   Section        0  queue.o(.text)
    prvUnlockQueue                           0x08003a13   Thumb Code   126  queue.o(.text)
    prvIsQueueFull                           0x08003a91   Thumb Code    30  queue.o(.text)
    prvCopyDataToQueue                       0x08003aaf   Thumb Code   110  queue.o(.text)
    prvIsQueueEmpty                          0x08003d85   Thumb Code    26  queue.o(.text)
    prvCopyDataFromQueue                     0x08003d9f   Thumb Code    42  queue.o(.text)
    .text                                    0x08004088   Section        0  tasks.o(.text)
    prvInitialiseTaskLists                   0x08004089   Thumb Code    70  tasks.o(.text)
    prvInitialiseTCBVariables                0x080040cf   Thumb Code    92  tasks.o(.text)
    prvAllocateTCBAndStack                   0x0800412b   Thumb Code    54  tasks.o(.text)
    prvResetNextTaskUnblockTime              0x0800427b   Thumb Code    42  tasks.o(.text)
    prvAddCurrentTaskToDelayedList           0x0800456f   Thumb Code    62  tasks.o(.text)
    prvTaskIsTaskSuspended                   0x08004939   Thumb Code    68  tasks.o(.text)
    prvDeleteTCB                             0x08004a63   Thumb Code    18  tasks.o(.text)
    prvCheckTasksWaitingTermination          0x08004a75   Thumb Code    86  tasks.o(.text)
    prvIdleTask                              0x08004acb   Thumb Code    20  tasks.o(.text)
    .text                                    0x08005238   Section        0  ledtask.o(.text)
    Led_Ctrl                                 0x08005239   Thumb Code   108  ledtask.o(.text)
    Para_Init                                0x080052a5   Thumb Code    32  ledtask.o(.text)
    Fmq_Ctrl                                 0x080052d7   Thumb Code     2  ledtask.o(.text)
    .text                                    0x080052e4   Section        0  keytask.o(.text)
    .text                                    0x080053ac   Section        0  displaytask.o(.text)
    .text                                    0x08005438   Section        0  joysticktask.o(.text)
    UpJoystickData                           0x08005439   Thumb Code    96  joysticktask.o(.text)
    Para_Init                                0x08005499   Thumb Code    32  joysticktask.o(.text)
    .text                                    0x0800550c   Section        0  mputask.o(.text)
    .text                                    0x08005544   Section        0  communicatectask.o(.text)
    .text                                    0x080055b8   Section        0  main_ui.o(.text)
    Para_Prepare                             0x0800639f   Thumb Code    44  main_ui.o(.text)
    .text                                    0x08006a00   Section        0  car_ui.o(.text)
    Para_Prepare                             0x08006eef   Thumb Code    36  car_ui.o(.text)
    .text                                    0x080073c8   Section        0  memcpya.o(.text)
    .text                                    0x080073ec   Section        0  memseta.o(.text)
    .text                                    0x08007410   Section        0  strlen.o(.text)
    .text                                    0x0800741e   Section        0  fadd.o(.text)
    .text                                    0x080074ce   Section        0  fmul.o(.text)
    .text                                    0x08007532   Section        0  dadd.o(.text)
    .text                                    0x08007680   Section        0  dmul.o(.text)
    .text                                    0x08007764   Section        0  fflti.o(.text)
    .text                                    0x08007776   Section        0  ffltui.o(.text)
    .text                                    0x08007780   Section        0  ffixi.o(.text)
    .text                                    0x080077b2   Section        0  dfixi.o(.text)
    .text                                    0x080077f0   Section        0  f2d.o(.text)
    .text                                    0x08007816   Section        0  d2f.o(.text)
    .text                                    0x08007850   Section       20  cfcmple.o(.text)
    .text                                    0x08007864   Section        0  uldiv.o(.text)
    .text                                    0x080078c6   Section        0  llshl.o(.text)
    .text                                    0x080078e4   Section        0  llushr.o(.text)
    .text                                    0x08007904   Section        0  llsshr.o(.text)
    .text                                    0x08007928   Section        0  strtod.o(.text)
    _local_sscanf                            0x08007929   Thumb Code    54  strtod.o(.text)
    .text                                    0x080079c4   Section        0  iusefp.o(.text)
    .text                                    0x080079c4   Section        0  fepilogue.o(.text)
    .text                                    0x08007a32   Section        0  depilogue.o(.text)
    .text                                    0x08007aec   Section        0  ddiv.o(.text)
    .text                                    0x08007bcc   Section       36  init.o(.text)
    .text                                    0x08007bf0   Section        0  isspace_c.o(.text)
    .text                                    0x08007bfc   Section        0  scanf_fp.o(.text)
    _fp_value                                0x08007bfd   Thumb Code   256  scanf_fp.o(.text)
    .text                                    0x08007f34   Section        0  _sgetc.o(.text)
    .text                                    0x08007f74   Section        0  ctype_c.o(.text)
    .text                                    0x08007f9c   Section        0  dfltul.o(.text)
    .text                                    0x08007fb4   Section        0  __dczerorl2.o(.text)
    i.__0sprintf$4                           0x0800800c   Section        0  printf4.o(i.__0sprintf$4)
    i.__read_errno                           0x08008034   Section        0  errno.o(i.__read_errno)
    i.__scatterload_copy                     0x08008040   Section       14  handlers.o(i.__scatterload_copy)
    i.__scatterload_null                     0x0800804e   Section        2  handlers.o(i.__scatterload_null)
    i.__scatterload_zeroinit                 0x08008050   Section       14  handlers.o(i.__scatterload_zeroinit)
    i.__set_errno                            0x08008060   Section        0  errno.o(i.__set_errno)
    i._is_digit                              0x0800806c   Section        0  scanf_fp.o(i._is_digit)
    i._printf_core                           0x0800807c   Section        0  printf4.o(i._printf_core)
    _printf_core                             0x0800807d   Thumb Code   552  printf4.o(i._printf_core)
    i._sputc                                 0x080082a8   Section        0  printf4.o(i._sputc)
    _sputc                                   0x080082a9   Thumb Code    10  printf4.o(i._sputc)
    i.atof                                   0x080082b2   Section        0  atof.o(i.atof)
    .constdata                               0x080082dc   Section     3992  bsp_oled.o(.constdata)
    .constdata                               0x08009274   Section       16  bmp.o(.constdata)
    .constdata                               0x08009284   Section       64  ctype_c.o(.constdata)
    .data                                    0x20000000   Section       20  system_stm32f10x.o(.data)
    .data                                    0x20000014   Section       20  stm32f10x_rcc.o(.data)
    APBAHBPrescTable                         0x20000014   Data          16  stm32f10x_rcc.o(.data)
    ADCPrescTable                            0x20000024   Data           4  stm32f10x_rcc.o(.data)
    .data                                    0x20000028   Section        1  stm32f10x_it.o(.data)
    num                                      0x20000028   Data           1  stm32f10x_it.o(.data)
    .data                                    0x2000002c   Section       56  main.o(.data)
    xHandleTaskLed                           0x2000002c   Data           4  main.o(.data)
    xHandleTaskKey                           0x20000030   Data           4  main.o(.data)
    xHandleTaskUart1Rx                       0x20000034   Data           4  main.o(.data)
    xHandleTaskUart1Tx                       0x20000038   Data           4  main.o(.data)
    .data                                    0x20000064   Section        1  control.o(.data)
    .data                                    0x20000068   Section       40  communicate.o(.data)
    .data                                    0x20000090   Section        4  bsp_dwt_delay.o(.data)
    SYSCLK                                   0x20000090   Data           4  bsp_dwt_delay.o(.data)
    .data                                    0x20000094   Section      112  bsp_led.o(.data)
    .data                                    0x20000104   Section      164  bsp_key.o(.data)
    .data                                    0x200001a8   Section        3  bsp_usart1.o(.data)
    uart1_sending                            0x200001a8   Data           1  bsp_usart1.o(.data)
    num                                      0x200001a9   Data           1  bsp_usart1.o(.data)
    index                                    0x200001aa   Data           1  bsp_usart1.o(.data)
    .data                                    0x200001ab   Section        1  bsp_oled.o(.data)
    .data                                    0x200001ac   Section        3  bsp_usart3.o(.data)
    uart3_sending                            0x200001ac   Data           1  bsp_usart3.o(.data)
    num                                      0x200001ad   Data           1  bsp_usart3.o(.data)
    index                                    0x200001ae   Data           1  bsp_usart3.o(.data)
    .data                                    0x200001b0   Section       24  heap_4.o(.data)
    xStart                                   0x200001b0   Data           8  heap_4.o(.data)
    pxEnd                                    0x200001b8   Data           4  heap_4.o(.data)
    xFreeBytesRemaining                      0x200001bc   Data           4  heap_4.o(.data)
    xMinimumEverFreeBytesRemaining           0x200001c0   Data           4  heap_4.o(.data)
    xBlockAllocatedBit                       0x200001c4   Data           4  heap_4.o(.data)
    .data                                    0x200001c8   Section       12  port.o(.data)
    uxCriticalNesting                        0x200001c8   Data           4  port.o(.data)
    ucMaxSysCallPriority                     0x200001cc   Data           1  port.o(.data)
    ulMaxPRIGROUPValue                       0x200001d0   Data           4  port.o(.data)
    .data                                    0x200001d4   Section       56  tasks.o(.data)
    pxDelayedTaskList                        0x200001d8   Data           4  tasks.o(.data)
    pxOverflowDelayedTaskList                0x200001dc   Data           4  tasks.o(.data)
    uxTasksDeleted                           0x200001e0   Data           4  tasks.o(.data)
    uxCurrentNumberOfTasks                   0x200001e4   Data           4  tasks.o(.data)
    xTickCount                               0x200001e8   Data           4  tasks.o(.data)
    uxTopReadyPriority                       0x200001ec   Data           4  tasks.o(.data)
    xSchedulerRunning                        0x200001f0   Data           4  tasks.o(.data)
    uxPendedTicks                            0x200001f4   Data           4  tasks.o(.data)
    xYieldPending                            0x200001f8   Data           4  tasks.o(.data)
    xNumOfOverflows                          0x200001fc   Data           4  tasks.o(.data)
    uxTaskNumber                             0x20000200   Data           4  tasks.o(.data)
    xNextTaskUnblockTime                     0x20000204   Data           4  tasks.o(.data)
    uxSchedulerSuspended                     0x20000208   Data           4  tasks.o(.data)
    .data                                    0x2000020c   Section        1  displaytask.o(.data)
    .data                                    0x20000210   Section        4  errno.o(.data)
    _errno                                   0x20000210   Data           4  errno.o(.data)
    .bss                                     0x20000214   Section       12  control.o(.bss)
    .bss                                     0x20000220   Section      100  bsp_usart1.o(.bss)
    SendBuff                                 0x20000220   Data          50  bsp_usart1.o(.bss)
    ReadBuff                                 0x20000252   Data          50  bsp_usart1.o(.bss)
    .bss                                     0x20000284   Section     1024  bsp_oled.o(.bss)
    oledGram                                 0x20000284   Data        1024  bsp_oled.o(.bss)
    .bss                                     0x20000684   Section      100  bsp_adc.o(.bss)
    .bss                                     0x200006e8   Section      100  bsp_usart3.o(.bss)
    SendBuff                                 0x200006e8   Data          50  bsp_usart3.o(.bss)
    ReadBuff                                 0x2000071a   Data          50  bsp_usart3.o(.bss)
    .bss                                     0x2000074c   Section    10240  heap_4.o(.bss)
    ucHeap                                   0x2000074c   Data       10240  heap_4.o(.bss)
    .bss                                     0x20002f4c   Section      700  tasks.o(.bss)
    pxReadyTasksLists                        0x20002f4c   Data         600  tasks.o(.bss)
    xDelayedTaskList1                        0x200031a4   Data          20  tasks.o(.bss)
    xDelayedTaskList2                        0x200031b8   Data          20  tasks.o(.bss)
    xPendingReadyList                        0x200031cc   Data          20  tasks.o(.bss)
    xTasksWaitingTermination                 0x200031e0   Data          20  tasks.o(.bss)
    xSuspendedTaskList                       0x200031f4   Data          20  tasks.o(.bss)
    .bss                                     0x20003208   Section       48  joysticktask.o(.bss)
    .bss                                     0x20003238   Section       28  mputask.o(.bss)
    .bss                                     0x20003254   Section       80  main_ui.o(.bss)
    .bss                                     0x200032a4   Section       80  car_ui.o(.bss)
    STACK                                    0x200032f8   Section     1024  startup_stm32f10x_md.o(STACK)

    Global Symbols

    Symbol Name                              Value     Ov Type        Size  Object(Section)

    BuildAttributes$$THM_ISAv4$P$D$K$B$S$PE$A:L22UL41UL21$X:L11$S22US41US21$IEEE1$IW$USESV6$~STKCKD$USESV7$~SHL$OTIME$ROPI$IEEEX$EBA8$MICROLIB$REQ8$PRES8$EABIv2 0x00000000   Number         0  anon$$obj.o ABSOLUTE
    __ARM_use_no_argv                        0x00000000   Number         0  main.o ABSOLUTE
    _printf_a                                0x00000000   Number         0  stubs.o ABSOLUTE
    _printf_c                                0x00000000   Number         0  stubs.o ABSOLUTE
    _printf_charcount                        0x00000000   Number         0  stubs.o ABSOLUTE
    _printf_d                                0x00000000   Number         0  stubs.o ABSOLUTE
    _printf_e                                0x00000000   Number         0  stubs.o ABSOLUTE
    _printf_f                                0x00000000   Number         0  stubs.o ABSOLUTE
    _printf_flags                            0x00000000   Number         0  stubs.o ABSOLUTE
    _printf_fp_dec                           0x00000000   Number         0  stubs.o ABSOLUTE
    _printf_fp_hex                           0x00000000   Number         0  stubs.o ABSOLUTE
    _printf_g                                0x00000000   Number         0  stubs.o ABSOLUTE
    _printf_i                                0x00000000   Number         0  stubs.o ABSOLUTE
    _printf_int_dec                          0x00000000   Number         0  stubs.o ABSOLUTE
    _printf_l                                0x00000000   Number         0  stubs.o ABSOLUTE
    _printf_lc                               0x00000000   Number         0  stubs.o ABSOLUTE
    _printf_ll                               0x00000000   Number         0  stubs.o ABSOLUTE
    _printf_lld                              0x00000000   Number         0  stubs.o ABSOLUTE
    _printf_lli                              0x00000000   Number         0  stubs.o ABSOLUTE
    _printf_llo                              0x00000000   Number         0  stubs.o ABSOLUTE
    _printf_llu                              0x00000000   Number         0  stubs.o ABSOLUTE
    _printf_llx                              0x00000000   Number         0  stubs.o ABSOLUTE
    _printf_longlong_dec                     0x00000000   Number         0  stubs.o ABSOLUTE
    _printf_longlong_hex                     0x00000000   Number         0  stubs.o ABSOLUTE
    _printf_longlong_oct                     0x00000000   Number         0  stubs.o ABSOLUTE
    _printf_ls                               0x00000000   Number         0  stubs.o ABSOLUTE
    _printf_mbtowc                           0x00000000   Number         0  stubs.o ABSOLUTE
    _printf_n                                0x00000000   Number         0  stubs.o ABSOLUTE
    _printf_o                                0x00000000   Number         0  stubs.o ABSOLUTE
    _printf_p                                0x00000000   Number         0  stubs.o ABSOLUTE
    _printf_percent                          0x00000000   Number         0  stubs.o ABSOLUTE
    _printf_pre_padding                      0x00000000   Number         0  stubs.o ABSOLUTE
    _printf_return_value                     0x00000000   Number         0  stubs.o ABSOLUTE
    _printf_s                                0x00000000   Number         0  stubs.o ABSOLUTE
    _printf_sizespec                         0x00000000   Number         0  stubs.o ABSOLUTE
    _printf_str                              0x00000000   Number         0  stubs.o ABSOLUTE
    _printf_truncate_signed                  0x00000000   Number         0  stubs.o ABSOLUTE
    _printf_truncate_unsigned                0x00000000   Number         0  stubs.o ABSOLUTE
    _printf_u                                0x00000000   Number         0  stubs.o ABSOLUTE
    _printf_wc                               0x00000000   Number         0  stubs.o ABSOLUTE
    _printf_wctomb                           0x00000000   Number         0  stubs.o ABSOLUTE
    _printf_widthprec                        0x00000000   Number         0  stubs.o ABSOLUTE
    _printf_x                                0x00000000   Number         0  stubs.o ABSOLUTE
    __cpp_initialize__aeabi_                  - Undefined Weak Reference
    __cxa_finalize                            - Undefined Weak Reference
    _clock_init                               - Undefined Weak Reference
    _microlib_exit                            - Undefined Weak Reference
    __Vectors_Size                           0x000000ec   Number         0  startup_stm32f10x_md.o ABSOLUTE
    __Vectors                                0x08000000   Data           4  startup_stm32f10x_md.o(RESET)
    __Vectors_End                            0x080000ec   Data           0  startup_stm32f10x_md.o(RESET)
    __main                                   0x080000ed   Thumb Code     0  entry.o(.ARM.Collect$$$$00000000)
    _main_stk                                0x080000ed   Thumb Code     0  entry2.o(.ARM.Collect$$$$00000001)
    _main_scatterload                        0x080000f1   Thumb Code     0  entry5.o(.ARM.Collect$$$$00000004)
    __main_after_scatterload                 0x080000f5   Thumb Code     0  entry5.o(.ARM.Collect$$$$00000004)
    _main_clock                              0x080000f5   Thumb Code     0  entry7b.o(.ARM.Collect$$$$00000008)
    _main_cpp_init                           0x080000f5   Thumb Code     0  entry8b.o(.ARM.Collect$$$$0000000A)
    _main_init                               0x080000f5   Thumb Code     0  entry9a.o(.ARM.Collect$$$$0000000B)
    __rt_final_cpp                           0x080000fd   Thumb Code     0  entry10a.o(.ARM.Collect$$$$0000000D)
    __rt_final_exit                          0x080000fd   Thumb Code     0  entry11a.o(.ARM.Collect$$$$0000000F)
    SVC_Handler                              0x08000101   Thumb Code    32  port.o(.emb_text)
    __asm___6_port_c_39a90d8d__prvStartFirstTask 0x08000125   Thumb Code    28  port.o(.emb_text)
    PendSV_Handler                           0x08000145   Thumb Code    64  port.o(.emb_text)
    ulPortSetInterruptMask                   0x08000189   Thumb Code    14  port.o(.emb_text)
    vPortClearInterruptMask                  0x08000197   Thumb Code     6  port.o(.emb_text)
    vPortGetIPSR                             0x0800019d   Thumb Code     6  port.o(.emb_text)
    SystemInit                               0x08000283   Thumb Code    78  system_stm32f10x.o(.text)
    SystemCoreClockUpdate                    0x080002d1   Thumb Code   142  system_stm32f10x.o(.text)
    NVIC_PriorityGroupConfig                 0x08000385   Thumb Code    10  misc.o(.text)
    NVIC_Init                                0x0800038f   Thumb Code   100  misc.o(.text)
    NVIC_SetVectorTable                      0x080003f3   Thumb Code    14  misc.o(.text)
    NVIC_SystemLPConfig                      0x08000401   Thumb Code    34  misc.o(.text)
    SysTick_CLKSourceConfig                  0x08000423   Thumb Code    40  misc.o(.text)
    ADC_DeInit                               0x08000461   Thumb Code    78  stm32f10x_adc.o(.text)
    ADC_Init                                 0x080004af   Thumb Code    70  stm32f10x_adc.o(.text)
    ADC_StructInit                           0x080004f5   Thumb Code    18  stm32f10x_adc.o(.text)
    ADC_Cmd                                  0x08000507   Thumb Code    22  stm32f10x_adc.o(.text)
    ADC_DMACmd                               0x0800051d   Thumb Code    22  stm32f10x_adc.o(.text)
    ADC_ITConfig                             0x08000533   Thumb Code    24  stm32f10x_adc.o(.text)
    ADC_ResetCalibration                     0x0800054b   Thumb Code    10  stm32f10x_adc.o(.text)
    ADC_GetResetCalibrationStatus            0x08000555   Thumb Code    20  stm32f10x_adc.o(.text)
    ADC_StartCalibration                     0x08000569   Thumb Code    10  stm32f10x_adc.o(.text)
    ADC_GetCalibrationStatus                 0x08000573   Thumb Code    20  stm32f10x_adc.o(.text)
    ADC_SoftwareStartConvCmd                 0x08000587   Thumb Code    22  stm32f10x_adc.o(.text)
    ADC_GetSoftwareStartConvStatus           0x0800059d   Thumb Code    20  stm32f10x_adc.o(.text)
    ADC_DiscModeChannelCountConfig           0x080005b1   Thumb Code    24  stm32f10x_adc.o(.text)
    ADC_DiscModeCmd                          0x080005c9   Thumb Code    22  stm32f10x_adc.o(.text)
    ADC_RegularChannelConfig                 0x080005df   Thumb Code   184  stm32f10x_adc.o(.text)
    ADC_ExternalTrigConvCmd                  0x08000697   Thumb Code    22  stm32f10x_adc.o(.text)
    ADC_GetConversionValue                   0x080006ad   Thumb Code     8  stm32f10x_adc.o(.text)
    ADC_GetDualModeConversionValue           0x080006b5   Thumb Code     8  stm32f10x_adc.o(.text)
    ADC_AutoInjectedConvCmd                  0x080006bd   Thumb Code    22  stm32f10x_adc.o(.text)
    ADC_InjectedDiscModeCmd                  0x080006d3   Thumb Code    22  stm32f10x_adc.o(.text)
    ADC_ExternalTrigInjectedConvConfig       0x080006e9   Thumb Code    16  stm32f10x_adc.o(.text)
    ADC_ExternalTrigInjectedConvCmd          0x080006f9   Thumb Code    22  stm32f10x_adc.o(.text)
    ADC_SoftwareStartInjectedConvCmd         0x0800070f   Thumb Code    22  stm32f10x_adc.o(.text)
    ADC_GetSoftwareStartInjectedConvCmdStatus 0x08000725   Thumb Code    20  stm32f10x_adc.o(.text)
    ADC_InjectedChannelConfig                0x08000739   Thumb Code   130  stm32f10x_adc.o(.text)
    ADC_InjectedSequencerLengthConfig        0x080007bb   Thumb Code    24  stm32f10x_adc.o(.text)
    ADC_SetInjectedOffset                    0x080007d3   Thumb Code    20  stm32f10x_adc.o(.text)
    ADC_GetInjectedConversionValue           0x080007e7   Thumb Code    28  stm32f10x_adc.o(.text)
    ADC_AnalogWatchdogCmd                    0x08000803   Thumb Code    16  stm32f10x_adc.o(.text)
    ADC_AnalogWatchdogThresholdsConfig       0x08000813   Thumb Code     6  stm32f10x_adc.o(.text)
    ADC_AnalogWatchdogSingleChannelConfig    0x08000819   Thumb Code    16  stm32f10x_adc.o(.text)
    ADC_TempSensorVrefintCmd                 0x08000829   Thumb Code    64  stm32f10x_adc.o(.text)
    ADC_GetFlagStatus                        0x08000869   Thumb Code    18  stm32f10x_adc.o(.text)
    ADC_ClearFlag                            0x0800087b   Thumb Code     6  stm32f10x_adc.o(.text)
    ADC_GetITStatus                          0x08000881   Thumb Code    36  stm32f10x_adc.o(.text)
    ADC_ClearITPendingBit                    0x080008a5   Thumb Code    10  stm32f10x_adc.o(.text)
    DMA_DeInit                               0x080008b1   Thumb Code   324  stm32f10x_dma.o(.text)
    DMA_Init                                 0x080009f5   Thumb Code    60  stm32f10x_dma.o(.text)
    DMA_StructInit                           0x08000a31   Thumb Code    26  stm32f10x_dma.o(.text)
    DMA_Cmd                                  0x08000a4b   Thumb Code    24  stm32f10x_dma.o(.text)
    DMA_ITConfig                             0x08000a63   Thumb Code    18  stm32f10x_dma.o(.text)
    DMA_SetCurrDataCounter                   0x08000a75   Thumb Code     4  stm32f10x_dma.o(.text)
    DMA_GetCurrDataCounter                   0x08000a79   Thumb Code     8  stm32f10x_dma.o(.text)
    DMA_GetFlagStatus                        0x08000a81   Thumb Code    40  stm32f10x_dma.o(.text)
    DMA_ClearFlag                            0x08000aa9   Thumb Code    22  stm32f10x_dma.o(.text)
    DMA_GetITStatus                          0x08000abf   Thumb Code    40  stm32f10x_dma.o(.text)
    DMA_ClearITPendingBit                    0x08000ae7   Thumb Code    22  stm32f10x_dma.o(.text)
    EXTI_DeInit                              0x08000b05   Thumb Code    28  stm32f10x_exti.o(.text)
    EXTI_Init                                0x08000b21   Thumb Code   142  stm32f10x_exti.o(.text)
    EXTI_StructInit                          0x08000baf   Thumb Code    16  stm32f10x_exti.o(.text)
    EXTI_GenerateSWInterrupt                 0x08000bbf   Thumb Code    16  stm32f10x_exti.o(.text)
    EXTI_GetFlagStatus                       0x08000bcf   Thumb Code    22  stm32f10x_exti.o(.text)
    EXTI_ClearFlag                           0x08000be5   Thumb Code     8  stm32f10x_exti.o(.text)
    EXTI_GetITStatus                         0x08000bed   Thumb Code    34  stm32f10x_exti.o(.text)
    EXTI_ClearITPendingBit                   0x08000c0f   Thumb Code     8  stm32f10x_exti.o(.text)
    GPIO_DeInit                              0x08000c21   Thumb Code   172  stm32f10x_gpio.o(.text)
    GPIO_AFIODeInit                          0x08000ccd   Thumb Code    20  stm32f10x_gpio.o(.text)
    GPIO_Init                                0x08000ce1   Thumb Code   278  stm32f10x_gpio.o(.text)
    GPIO_StructInit                          0x08000df7   Thumb Code    16  stm32f10x_gpio.o(.text)
    GPIO_ReadInputDataBit                    0x08000e07   Thumb Code    18  stm32f10x_gpio.o(.text)
    GPIO_ReadInputData                       0x08000e19   Thumb Code     8  stm32f10x_gpio.o(.text)
    GPIO_ReadOutputDataBit                   0x08000e21   Thumb Code    18  stm32f10x_gpio.o(.text)
    GPIO_ReadOutputData                      0x08000e33   Thumb Code     8  stm32f10x_gpio.o(.text)
    GPIO_SetBits                             0x08000e3b   Thumb Code     4  stm32f10x_gpio.o(.text)
    GPIO_ResetBits                           0x08000e3f   Thumb Code     4  stm32f10x_gpio.o(.text)
    GPIO_WriteBit                            0x08000e43   Thumb Code    10  stm32f10x_gpio.o(.text)
    GPIO_Write                               0x08000e4d   Thumb Code     4  stm32f10x_gpio.o(.text)
    GPIO_PinLockConfig                       0x08000e51   Thumb Code    18  stm32f10x_gpio.o(.text)
    GPIO_EventOutputConfig                   0x08000e63   Thumb Code    26  stm32f10x_gpio.o(.text)
    GPIO_EventOutputCmd                      0x08000e7d   Thumb Code     6  stm32f10x_gpio.o(.text)
    GPIO_PinRemapConfig                      0x08000e83   Thumb Code   138  stm32f10x_gpio.o(.text)
    GPIO_EXTILineConfig                      0x08000f0d   Thumb Code    66  stm32f10x_gpio.o(.text)
    GPIO_ETH_MediaInterfaceConfig            0x08000f4f   Thumb Code     8  stm32f10x_gpio.o(.text)
    RCC_DeInit                               0x08000f7d   Thumb Code    64  stm32f10x_rcc.o(.text)
    RCC_HSEConfig                            0x08000fbd   Thumb Code    70  stm32f10x_rcc.o(.text)
    RCC_GetFlagStatus                        0x08001003   Thumb Code    56  stm32f10x_rcc.o(.text)
    RCC_WaitForHSEStartUp                    0x0800103b   Thumb Code    56  stm32f10x_rcc.o(.text)
    RCC_AdjustHSICalibrationValue            0x08001073   Thumb Code    20  stm32f10x_rcc.o(.text)
    RCC_HSICmd                               0x08001087   Thumb Code     6  stm32f10x_rcc.o(.text)
    RCC_PLLConfig                            0x0800108d   Thumb Code    24  stm32f10x_rcc.o(.text)
    RCC_PLLCmd                               0x080010a5   Thumb Code     6  stm32f10x_rcc.o(.text)
    RCC_SYSCLKConfig                         0x080010ab   Thumb Code    18  stm32f10x_rcc.o(.text)
    RCC_GetSYSCLKSource                      0x080010bd   Thumb Code    10  stm32f10x_rcc.o(.text)
    RCC_HCLKConfig                           0x080010c7   Thumb Code    18  stm32f10x_rcc.o(.text)
    RCC_PCLK1Config                          0x080010d9   Thumb Code    18  stm32f10x_rcc.o(.text)
    RCC_PCLK2Config                          0x080010eb   Thumb Code    20  stm32f10x_rcc.o(.text)
    RCC_ITConfig                             0x080010ff   Thumb Code    26  stm32f10x_rcc.o(.text)
    RCC_USBCLKConfig                         0x08001119   Thumb Code     8  stm32f10x_rcc.o(.text)
    RCC_ADCCLKConfig                         0x08001121   Thumb Code    18  stm32f10x_rcc.o(.text)
    RCC_LSEConfig                            0x08001133   Thumb Code    50  stm32f10x_rcc.o(.text)
    RCC_LSICmd                               0x08001165   Thumb Code     6  stm32f10x_rcc.o(.text)
    RCC_RTCCLKConfig                         0x0800116b   Thumb Code    12  stm32f10x_rcc.o(.text)
    RCC_RTCCLKCmd                            0x08001177   Thumb Code     8  stm32f10x_rcc.o(.text)
    RCC_GetClocksFreq                        0x0800117f   Thumb Code   192  stm32f10x_rcc.o(.text)
    RCC_AHBPeriphClockCmd                    0x0800123f   Thumb Code    26  stm32f10x_rcc.o(.text)
    RCC_APB2PeriphClockCmd                   0x08001259   Thumb Code    26  stm32f10x_rcc.o(.text)
    RCC_APB1PeriphClockCmd                   0x08001273   Thumb Code    26  stm32f10x_rcc.o(.text)
    RCC_APB2PeriphResetCmd                   0x0800128d   Thumb Code    26  stm32f10x_rcc.o(.text)
    RCC_APB1PeriphResetCmd                   0x080012a7   Thumb Code    26  stm32f10x_rcc.o(.text)
    RCC_BackupResetCmd                       0x080012c1   Thumb Code     8  stm32f10x_rcc.o(.text)
    RCC_ClockSecuritySystemCmd               0x080012c9   Thumb Code     6  stm32f10x_rcc.o(.text)
    RCC_MCOConfig                            0x080012cf   Thumb Code     6  stm32f10x_rcc.o(.text)
    RCC_ClearFlag                            0x080012d5   Thumb Code    14  stm32f10x_rcc.o(.text)
    RCC_GetITStatus                          0x080012e3   Thumb Code    20  stm32f10x_rcc.o(.text)
    RCC_ClearITPendingBit                    0x080012f7   Thumb Code     6  stm32f10x_rcc.o(.text)
    USART_DeInit                             0x08001321   Thumb Code   134  stm32f10x_usart.o(.text)
    USART_Init                               0x080013a7   Thumb Code   210  stm32f10x_usart.o(.text)
    USART_StructInit                         0x08001479   Thumb Code    24  stm32f10x_usart.o(.text)
    USART_ClockInit                          0x08001491   Thumb Code    34  stm32f10x_usart.o(.text)
    USART_ClockStructInit                    0x080014b3   Thumb Code    12  stm32f10x_usart.o(.text)
    USART_Cmd                                0x080014bf   Thumb Code    24  stm32f10x_usart.o(.text)
    USART_ITConfig                           0x080014d7   Thumb Code    74  stm32f10x_usart.o(.text)
    USART_DMACmd                             0x08001521   Thumb Code    18  stm32f10x_usart.o(.text)
    USART_SetAddress                         0x08001533   Thumb Code    18  stm32f10x_usart.o(.text)
    USART_WakeUpConfig                       0x08001545   Thumb Code    18  stm32f10x_usart.o(.text)
    USART_ReceiverWakeUpCmd                  0x08001557   Thumb Code    24  stm32f10x_usart.o(.text)
    USART_LINBreakDetectLengthConfig         0x0800156f   Thumb Code    18  stm32f10x_usart.o(.text)
    USART_LINCmd                             0x08001581   Thumb Code    24  stm32f10x_usart.o(.text)
    USART_SendData                           0x08001599   Thumb Code     8  stm32f10x_usart.o(.text)
    USART_ReceiveData                        0x080015a1   Thumb Code    10  stm32f10x_usart.o(.text)
    USART_SendBreak                          0x080015ab   Thumb Code    10  stm32f10x_usart.o(.text)
    USART_SetGuardTime                       0x080015b5   Thumb Code    16  stm32f10x_usart.o(.text)
    USART_SetPrescaler                       0x080015c5   Thumb Code    16  stm32f10x_usart.o(.text)
    USART_SmartCardCmd                       0x080015d5   Thumb Code    24  stm32f10x_usart.o(.text)
    USART_SmartCardNACKCmd                   0x080015ed   Thumb Code    24  stm32f10x_usart.o(.text)
    USART_HalfDuplexCmd                      0x08001605   Thumb Code    24  stm32f10x_usart.o(.text)
    USART_OverSampling8Cmd                   0x0800161d   Thumb Code    22  stm32f10x_usart.o(.text)
    USART_OneBitMethodCmd                    0x08001633   Thumb Code    24  stm32f10x_usart.o(.text)
    USART_IrDAConfig                         0x0800164b   Thumb Code    18  stm32f10x_usart.o(.text)
    USART_IrDACmd                            0x0800165d   Thumb Code    24  stm32f10x_usart.o(.text)
    USART_GetFlagStatus                      0x08001675   Thumb Code    26  stm32f10x_usart.o(.text)
    USART_ClearFlag                          0x0800168f   Thumb Code    18  stm32f10x_usart.o(.text)
    USART_GetITStatus                        0x080016a1   Thumb Code    84  stm32f10x_usart.o(.text)
    USART_ClearITPendingBit                  0x080016f5   Thumb Code    52  stm32f10x_usart.o(.text)
    Reset_Handler                            0x08001729   Thumb Code     8  startup_stm32f10x_md.o(.text)
    ADC1_2_IRQHandler                        0x08001743   Thumb Code     0  startup_stm32f10x_md.o(.text)
    CAN1_RX1_IRQHandler                      0x08001743   Thumb Code     0  startup_stm32f10x_md.o(.text)
    CAN1_SCE_IRQHandler                      0x08001743   Thumb Code     0  startup_stm32f10x_md.o(.text)
    DMA1_Channel1_IRQHandler                 0x08001743   Thumb Code     0  startup_stm32f10x_md.o(.text)
    DMA1_Channel3_IRQHandler                 0x08001743   Thumb Code     0  startup_stm32f10x_md.o(.text)
    DMA1_Channel5_IRQHandler                 0x08001743   Thumb Code     0  startup_stm32f10x_md.o(.text)
    DMA1_Channel6_IRQHandler                 0x08001743   Thumb Code     0  startup_stm32f10x_md.o(.text)
    DMA1_Channel7_IRQHandler                 0x08001743   Thumb Code     0  startup_stm32f10x_md.o(.text)
    EXTI0_IRQHandler                         0x08001743   Thumb Code     0  startup_stm32f10x_md.o(.text)
    EXTI15_10_IRQHandler                     0x08001743   Thumb Code     0  startup_stm32f10x_md.o(.text)
    EXTI1_IRQHandler                         0x08001743   Thumb Code     0  startup_stm32f10x_md.o(.text)
    EXTI2_IRQHandler                         0x08001743   Thumb Code     0  startup_stm32f10x_md.o(.text)
    EXTI3_IRQHandler                         0x08001743   Thumb Code     0  startup_stm32f10x_md.o(.text)
    EXTI4_IRQHandler                         0x08001743   Thumb Code     0  startup_stm32f10x_md.o(.text)
    FLASH_IRQHandler                         0x08001743   Thumb Code     0  startup_stm32f10x_md.o(.text)
    I2C1_ER_IRQHandler                       0x08001743   Thumb Code     0  startup_stm32f10x_md.o(.text)
    I2C1_EV_IRQHandler                       0x08001743   Thumb Code     0  startup_stm32f10x_md.o(.text)
    I2C2_ER_IRQHandler                       0x08001743   Thumb Code     0  startup_stm32f10x_md.o(.text)
    I2C2_EV_IRQHandler                       0x08001743   Thumb Code     0  startup_stm32f10x_md.o(.text)
    PVD_IRQHandler                           0x08001743   Thumb Code     0  startup_stm32f10x_md.o(.text)
    RCC_IRQHandler                           0x08001743   Thumb Code     0  startup_stm32f10x_md.o(.text)
    RTCAlarm_IRQHandler                      0x08001743   Thumb Code     0  startup_stm32f10x_md.o(.text)
    RTC_IRQHandler                           0x08001743   Thumb Code     0  startup_stm32f10x_md.o(.text)
    SPI1_IRQHandler                          0x08001743   Thumb Code     0  startup_stm32f10x_md.o(.text)
    SPI2_IRQHandler                          0x08001743   Thumb Code     0  startup_stm32f10x_md.o(.text)
    TAMPER_IRQHandler                        0x08001743   Thumb Code     0  startup_stm32f10x_md.o(.text)
    TIM1_BRK_IRQHandler                      0x08001743   Thumb Code     0  startup_stm32f10x_md.o(.text)
    TIM1_CC_IRQHandler                       0x08001743   Thumb Code     0  startup_stm32f10x_md.o(.text)
    TIM1_TRG_COM_IRQHandler                  0x08001743   Thumb Code     0  startup_stm32f10x_md.o(.text)
    TIM1_UP_IRQHandler                       0x08001743   Thumb Code     0  startup_stm32f10x_md.o(.text)
    TIM2_IRQHandler                          0x08001743   Thumb Code     0  startup_stm32f10x_md.o(.text)
    TIM3_IRQHandler                          0x08001743   Thumb Code     0  startup_stm32f10x_md.o(.text)
    TIM4_IRQHandler                          0x08001743   Thumb Code     0  startup_stm32f10x_md.o(.text)
    USART2_IRQHandler                        0x08001743   Thumb Code     0  startup_stm32f10x_md.o(.text)
    USBWakeUp_IRQHandler                     0x08001743   Thumb Code     0  startup_stm32f10x_md.o(.text)
    USB_HP_CAN1_TX_IRQHandler                0x08001743   Thumb Code     0  startup_stm32f10x_md.o(.text)
    USB_LP_CAN1_RX0_IRQHandler               0x08001743   Thumb Code     0  startup_stm32f10x_md.o(.text)
    WWDG_IRQHandler                          0x08001743   Thumb Code     0  startup_stm32f10x_md.o(.text)
    NMI_Handler                              0x0800174d   Thumb Code     2  stm32f10x_it.o(.text)
    HardFault_Handler                        0x0800174f   Thumb Code     4  stm32f10x_it.o(.text)
    MemManage_Handler                        0x08001753   Thumb Code     4  stm32f10x_it.o(.text)
    BusFault_Handler                         0x08001757   Thumb Code     4  stm32f10x_it.o(.text)
    UsageFault_Handler                       0x0800175b   Thumb Code     4  stm32f10x_it.o(.text)
    DebugMon_Handler                         0x0800175f   Thumb Code     2  stm32f10x_it.o(.text)
    EXTI9_5_IRQHandler                       0x08001761   Thumb Code    64  stm32f10x_it.o(.text)
    main                                     0x080018b9   Thumb Code    32  main.o(.text)
    map                                      0x08001989   Thumb Code    22  control.o(.text)
    myabs                                    0x0800199f   Thumb Code    14  control.o(.text)
    ConParaInit                              0x080019ad   Thumb Code     8  control.o(.text)
    ParaInit                                 0x080019b5   Thumb Code    20  control.o(.text)
    StringFind                               0x080019cd   Thumb Code    74  protocol3.o(.text)
    Protocol_DecodeInt                       0x08001a17   Thumb Code    92  protocol3.o(.text)
    Protocol3_Encode                         0x08001a73   Thumb Code    50  protocol3.o(.text)
    Protocol3_EncodeCInt                     0x08001aa5   Thumb Code   232  protocol3.o(.text)
    sendRmotorCmd                            0x08001b8d   Thumb Code    60  protocol3.o(.text)
    sendRmotorData                           0x08001bc9   Thumb Code    78  protocol3.o(.text)
    CommunicateParaInit                      0x08001c87   Thumb Code     8  communicate.o(.text)
    bsp_DWT_init                             0x08001ca5   Thumb Code    30  bsp_dwt_delay.o(.text)
    DwtDelay_uS                              0x08001cc3   Thumb Code    74  bsp_dwt_delay.o(.text)
    bsp_LED_Init                             0x08001d4b   Thumb Code    64  bsp_led.o(.text)
    bsp_Led_Flash                            0x08001d8b   Thumb Code    50  bsp_led.o(.text)
    bsp_Init                                 0x08001dc9   Thumb Code    40  bsp.o(.text)
    bsp_KEY_Init                             0x08001e19   Thumb Code    52  bsp_key.o(.text)
    Key_Scan                                 0x08001e4d   Thumb Code   188  bsp_key.o(.text)
    USART1_DMA_Config                        0x08001f6d   Thumb Code   194  bsp_usart1.o(.text)
    USART1_Config                            0x0800202f   Thumb Code   174  bsp_usart1.o(.text)
    Uart1_Start_DMA_Tx                       0x080020dd   Thumb Code    26  bsp_usart1.o(.text)
    DMA1_Channel4_IRQHandler                 0x080020f7   Thumb Code    36  bsp_usart1.o(.text)
    USART1_IRQHandler                        0x0800211b   Thumb Code   146  bsp_usart1.o(.text)
    Uart1_DMA_SendString                     0x080021ad   Thumb Code    52  bsp_usart1.o(.text)
    Usart1_SendByte                          0x080021e1   Thumb Code    30  bsp_usart1.o(.text)
    Usar1_SendString                         0x080021ff   Thumb Code    42  bsp_usart1.o(.text)
    Usart1_SendHalfWord                      0x08002229   Thumb Code    60  bsp_usart1.o(.text)
    fputc                                    0x08002265   Thumb Code    36  bsp_usart1.o(.text)
    fgetc                                    0x08002289   Thumb Code    30  bsp_usart1.o(.text)
    OLED_WR_Byte                             0x080022cd   Thumb Code   106  bsp_oled.o(.text)
    OLED_Set_Pos                             0x08002337   Thumb Code    48  bsp_oled.o(.text)
    oled_drawPoint                           0x08002367   Thumb Code   100  bsp_oled.o(.text)
    oled_readPoint                           0x080023cb   Thumb Code    62  bsp_oled.o(.text)
    OLED_Display_On                          0x08002409   Thumb Code    28  bsp_oled.o(.text)
    OLED_Display_Off                         0x08002425   Thumb Code    28  bsp_oled.o(.text)
    OLED_Refresh_Gram                        0x08002441   Thumb Code    70  bsp_oled.o(.text)
    OLED_Clear                               0x08002487   Thumb Code    42  bsp_oled.o(.text)
    OLED_FillAll                             0x080024b1   Thumb Code    42  bsp_oled.o(.text)
    OLED_Fill                                0x080024db   Thumb Code    54  bsp_oled.o(.text)
    OLED_ShowChar                            0x08002511   Thumb Code   460  bsp_oled.o(.text)
    OLED_ShowChar32                          0x080026dd   Thumb Code   368  bsp_oled.o(.text)
    mypow                                    0x0800284d   Thumb Code    22  bsp_oled.o(.text)
    OLED_ShowNum                             0x08002863   Thumb Code   554  bsp_oled.o(.text)
    OLED_ShowNum32                           0x08002a8d   Thumb Code   162  bsp_oled.o(.text)
    OLED_ShowString                          0x08002b2f   Thumb Code    70  bsp_oled.o(.text)
    OLED_ShowCHinese                         0x08002b75   Thumb Code   206  bsp_oled.o(.text)
    OLED_DrawBMP                             0x08002c43   Thumb Code   278  bsp_oled.o(.text)
    bsp_OLED_Init                            0x08002d59   Thumb Code   458  bsp_oled.o(.text)
    ADC_Filter                               0x08002f35   Thumb Code    98  bsp_adc.o(.text)
    getAdcValue                              0x08002f97   Thumb Code    42  bsp_adc.o(.text)
    Adc_Gpio_Init                            0x08002fc1   Thumb Code   112  bsp_adc.o(.text)
    Adc_Dma_Init                             0x08003031   Thumb Code    82  bsp_adc.o(.text)
    Adc_Adc_Init                             0x08003083   Thumb Code   216  bsp_adc.o(.text)
    Adc_Init                                 0x0800315b   Thumb Code    16  bsp_adc.o(.text)
    USART3_DMA_Config                        0x080031c1   Thumb Code   192  bsp_usart3.o(.text)
    USART3_Config                            0x08003281   Thumb Code   174  bsp_usart3.o(.text)
    Uart3_Start_DMA_Tx                       0x0800332f   Thumb Code    26  bsp_usart3.o(.text)
    DMA1_Channel2_IRQHandler                 0x08003349   Thumb Code    32  bsp_usart3.o(.text)
    USART3_IRQHandler                        0x08003369   Thumb Code   146  bsp_usart3.o(.text)
    Uart3_DMA_SendString                     0x080033fb   Thumb Code    54  bsp_usart3.o(.text)
    pvPortMalloc                             0x08003517   Thumb Code   254  heap_4.o(.text)
    vPortFree                                0x08003615   Thumb Code   112  heap_4.o(.text)
    xPortGetFreeHeapSize                     0x08003685   Thumb Code     6  heap_4.o(.text)
    xPortGetMinimumEverFreeHeapSize          0x0800368b   Thumb Code     6  heap_4.o(.text)
    vPortInitialiseBlocks                    0x08003691   Thumb Code     2  heap_4.o(.text)
    pxPortInitialiseStack                    0x080036cd   Thumb Code    26  port.o(.text)
    vPortSetupTimerInterrupt                 0x080036e7   Thumb Code    14  port.o(.text)
    xPortStartScheduler                      0x080036f5   Thumb Code   140  port.o(.text)
    vPortEndScheduler                        0x08003781   Thumb Code    30  port.o(.text)
    vPortYield                               0x0800379f   Thumb Code    20  port.o(.text)
    vPortEnterCritical                       0x080037b3   Thumb Code    60  port.o(.text)
    vPortExitCritical                        0x080037ef   Thumb Code    40  port.o(.text)
    SysTick_Handler                          0x08003817   Thumb Code    30  port.o(.text)
    vPortValidateInterruptPriority           0x08003835   Thumb Code    80  port.o(.text)
    vListInitialise                          0x080038a1   Thumb Code    26  list.o(.text)
    vListInitialiseItem                      0x080038bb   Thumb Code     6  list.o(.text)
    vListInsertEnd                           0x080038c1   Thumb Code    24  list.o(.text)
    vListInsert                              0x080038d9   Thumb Code    52  list.o(.text)
    uxListRemove                             0x0800390d   Thumb Code    40  list.o(.text)
    xQueueGenericReset                       0x08003935   Thumb Code   120  queue.o(.text)
    xQueueGenericCreate                      0x080039ad   Thumb Code   102  queue.o(.text)
    xQueueGenericSend                        0x08003b1d   Thumb Code   296  queue.o(.text)
    xQueueGenericSendFromISR                 0x08003c45   Thumb Code   172  queue.o(.text)
    xQueueGiveFromISR                        0x08003cf1   Thumb Code   148  queue.o(.text)
    xQueueGenericReceive                     0x08003dc9   Thumb Code   290  queue.o(.text)
    xQueueReceiveFromISR                     0x08003eeb   Thumb Code   136  queue.o(.text)
    xQueuePeekFromISR                        0x08003f73   Thumb Code   110  queue.o(.text)
    uxQueueMessagesWaiting                   0x08003fe1   Thumb Code    28  queue.o(.text)
    uxQueueSpacesAvailable                   0x08003ffd   Thumb Code    34  queue.o(.text)
    uxQueueMessagesWaitingFromISR            0x0800401f   Thumb Code    20  queue.o(.text)
    vQueueDelete                             0x08004033   Thumb Code    24  queue.o(.text)
    xQueueIsQueueEmptyFromISR                0x0800404b   Thumb Code    28  queue.o(.text)
    xQueueIsQueueFullFromISR                 0x08004067   Thumb Code    32  queue.o(.text)
    xTaskGenericCreate                       0x08004161   Thumb Code   282  tasks.o(.text)
    vTaskDelete                              0x080042a5   Thumb Code   160  tasks.o(.text)
    xTaskIncrementTick                       0x08004345   Thumb Code   272  tasks.o(.text)
    xTaskResumeAll                           0x08004455   Thumb Code   282  tasks.o(.text)
    vTaskSuspendAll                          0x080045ad   Thumb Code    12  tasks.o(.text)
    vTaskDelayUntil                          0x080045b9   Thumb Code   176  tasks.o(.text)
    vTaskDelay                               0x08004669   Thumb Code    94  tasks.o(.text)
    uxTaskPriorityGet                        0x080046c7   Thumb Code    30  tasks.o(.text)
    uxTaskPriorityGetFromISR                 0x080046e5   Thumb Code    42  tasks.o(.text)
    vTaskPrioritySet                         0x0800470f   Thumb Code   224  tasks.o(.text)
    vTaskSwitchContext                       0x080047ef   Thumb Code   106  tasks.o(.text)
    vTaskSuspend                             0x08004859   Thumb Code   224  tasks.o(.text)
    vTaskResume                              0x0800497d   Thumb Code   104  tasks.o(.text)
    xTaskResumeFromISR                       0x080049e5   Thumb Code   126  tasks.o(.text)
    vTaskStartScheduler                      0x08004adf   Thumb Code    70  tasks.o(.text)
    vTaskEndScheduler                        0x08004b25   Thumb Code    18  tasks.o(.text)
    xTaskGetTickCount                        0x08004b37   Thumb Code     6  tasks.o(.text)
    xTaskGetTickCountFromISR                 0x08004b3d   Thumb Code    16  tasks.o(.text)
    uxTaskGetNumberOfTasks                   0x08004b4d   Thumb Code     6  tasks.o(.text)
    vTaskPlaceOnEventList                    0x08004b53   Thumb Code    94  tasks.o(.text)
    vTaskPlaceOnUnorderedEventList           0x08004bb1   Thumb Code   132  tasks.o(.text)
    xTaskRemoveFromEventList                 0x08004c35   Thumb Code   114  tasks.o(.text)
    xTaskRemoveFromUnorderedEventList        0x08004ca7   Thumb Code   192  tasks.o(.text)
    vTaskSetTimeOutState                     0x08004d67   Thumb Code    28  tasks.o(.text)
    xTaskCheckForTimeOut                     0x08004d83   Thumb Code   108  tasks.o(.text)
    vTaskMissedYield                         0x08004def   Thumb Code     8  tasks.o(.text)
    uxTaskResetEventItemValue                0x08004df7   Thumb Code    24  tasks.o(.text)
    ulTaskNotifyTake                         0x08004e0f   Thumb Code   162  tasks.o(.text)
    xTaskNotifyWait                          0x08004eb1   Thumb Code   196  tasks.o(.text)
    xTaskGenericNotify                       0x08004f75   Thumb Code   202  tasks.o(.text)
    xTaskGenericNotifyFromISR                0x0800503f   Thumb Code   278  tasks.o(.text)
    vTaskNotifyGiveFromISR                   0x08005155   Thumb Code   158  tasks.o(.text)
    xTaskNotifyStateClear                    0x080051f3   Thumb Code    50  tasks.o(.text)
    vTaskLed                                 0x080052c5   Thumb Code    18  ledtask.o(.text)
    Key_Control                              0x080052e5   Thumb Code   102  keytask.o(.text)
    vTaskKey                                 0x0800534b   Thumb Code    62  keytask.o(.text)
    vTaskDisplay                             0x080053ad   Thumb Code    50  displaytask.o(.text)
    setShow_ui                               0x080053df   Thumb Code    14  displaytask.o(.text)
    Show_Para_Con                            0x080053ed   Thumb Code    72  displaytask.o(.text)
    vTaskJoystick                            0x080054b9   Thumb Code    66  joysticktask.o(.text)
    Get_Angle                                0x0800550d   Thumb Code     2  mputask.o(.text)
    Period_Control                           0x0800550f   Thumb Code    14  mputask.o(.text)
    vTaskMpu                                 0x0800551d   Thumb Code    30  mputask.o(.text)
    vTaskUart3Rx                             0x08005545   Thumb Code    36  communicatectask.o(.text)
    vTaskUart3Tx                             0x08005569   Thumb Code    68  communicatectask.o(.text)
    Main_uiconfigParamInit                   0x080055b9   Thumb Code    90  main_ui.o(.text)
    Main_ZUI                                 0x08005613   Thumb Code  3468  main_ui.o(.text)
    Main_uictrl                              0x080063cb   Thumb Code  1560  main_ui.o(.text)
    Car_uiconfigParamInit                    0x08006a01   Thumb Code    90  car_ui.o(.text)
    Car_ZUI                                  0x08006a5b   Thumb Code  1172  car_ui.o(.text)
    Car_uictrl                               0x08006f13   Thumb Code  1188  car_ui.o(.text)
    __aeabi_memcpy                           0x080073c9   Thumb Code    36  memcpya.o(.text)
    __aeabi_memcpy4                          0x080073c9   Thumb Code     0  memcpya.o(.text)
    __aeabi_memcpy8                          0x080073c9   Thumb Code     0  memcpya.o(.text)
    __aeabi_memset                           0x080073ed   Thumb Code    14  memseta.o(.text)
    __aeabi_memset4                          0x080073ed   Thumb Code     0  memseta.o(.text)
    __aeabi_memset8                          0x080073ed   Thumb Code     0  memseta.o(.text)
    __aeabi_memclr                           0x080073fb   Thumb Code     4  memseta.o(.text)
    __aeabi_memclr4                          0x080073fb   Thumb Code     0  memseta.o(.text)
    __aeabi_memclr8                          0x080073fb   Thumb Code     0  memseta.o(.text)
    _memset$wrapper                          0x080073ff   Thumb Code    18  memseta.o(.text)
    strlen                                   0x08007411   Thumb Code    14  strlen.o(.text)
    __aeabi_fadd                             0x0800741f   Thumb Code   164  fadd.o(.text)
    __aeabi_fsub                             0x080074c3   Thumb Code     6  fadd.o(.text)
    __aeabi_frsub                            0x080074c9   Thumb Code     6  fadd.o(.text)
    __aeabi_fmul                             0x080074cf   Thumb Code   100  fmul.o(.text)
    __aeabi_dadd                             0x08007533   Thumb Code   322  dadd.o(.text)
    __aeabi_dsub                             0x08007675   Thumb Code     6  dadd.o(.text)
    __aeabi_drsub                            0x0800767b   Thumb Code     6  dadd.o(.text)
    __aeabi_dmul                             0x08007681   Thumb Code   228  dmul.o(.text)
    __aeabi_i2f                              0x08007765   Thumb Code    18  fflti.o(.text)
    __aeabi_ui2f                             0x08007777   Thumb Code    10  ffltui.o(.text)
    __aeabi_f2iz                             0x08007781   Thumb Code    50  ffixi.o(.text)
    __aeabi_d2iz                             0x080077b3   Thumb Code    62  dfixi.o(.text)
    __aeabi_f2d                              0x080077f1   Thumb Code    38  f2d.o(.text)
    __aeabi_d2f                              0x08007817   Thumb Code    56  d2f.o(.text)
    __aeabi_cfcmpeq                          0x08007851   Thumb Code     0  cfcmple.o(.text)
    __aeabi_cfcmple                          0x08007851   Thumb Code    20  cfcmple.o(.text)
    __aeabi_uldivmod                         0x08007865   Thumb Code    98  uldiv.o(.text)
    __aeabi_llsl                             0x080078c7   Thumb Code    30  llshl.o(.text)
    _ll_shift_l                              0x080078c7   Thumb Code     0  llshl.o(.text)
    __aeabi_llsr                             0x080078e5   Thumb Code    32  llushr.o(.text)
    _ll_ushift_r                             0x080078e5   Thumb Code     0  llushr.o(.text)
    __aeabi_lasr                             0x08007905   Thumb Code    36  llsshr.o(.text)
    _ll_sshift_r                             0x08007905   Thumb Code     0  llsshr.o(.text)
    __strtod_int                             0x0800795f   Thumb Code    88  strtod.o(.text)
    __I$use$fp                               0x080079c5   Thumb Code     0  iusefp.o(.text)
    _float_round                             0x080079c5   Thumb Code    18  fepilogue.o(.text)
    _float_epilogue                          0x080079d7   Thumb Code    92  fepilogue.o(.text)
    _double_round                            0x08007a33   Thumb Code    30  depilogue.o(.text)
    _double_epilogue                         0x08007a51   Thumb Code   156  depilogue.o(.text)
    __aeabi_ddiv                             0x08007aed   Thumb Code   222  ddiv.o(.text)
    __scatterload                            0x08007bcd   Thumb Code    28  init.o(.text)
    __scatterload_rt2                        0x08007bcd   Thumb Code     0  init.o(.text)
    isspace                                  0x08007bf1   Thumb Code    10  isspace_c.o(.text)
    _scanf_real                              0x08007cfd   Thumb Code     0  scanf_fp.o(.text)
    _scanf_really_real                       0x08007cfd   Thumb Code   556  scanf_fp.o(.text)
    _sgetc                                   0x08007f35   Thumb Code    30  _sgetc.o(.text)
    _sbackspace                              0x08007f53   Thumb Code    34  _sgetc.o(.text)
    __ctype_lookup                           0x08007f75   Thumb Code    34  ctype_c.o(.text)
    __aeabi_ul2d                             0x08007f9d   Thumb Code    24  dfltul.o(.text)
    __decompress                             0x08007fb5   Thumb Code     0  __dczerorl2.o(.text)
    __decompress1                            0x08007fb5   Thumb Code    86  __dczerorl2.o(.text)
    __0sprintf$4                             0x0800800d   Thumb Code    34  printf4.o(i.__0sprintf$4)
    __1sprintf$4                             0x0800800d   Thumb Code     0  printf4.o(i.__0sprintf$4)
    __2sprintf                               0x0800800d   Thumb Code     0  printf4.o(i.__0sprintf$4)
    __read_errno                             0x08008035   Thumb Code     6  errno.o(i.__read_errno)
    __scatterload_copy                       0x08008041   Thumb Code    14  handlers.o(i.__scatterload_copy)
    __scatterload_null                       0x0800804f   Thumb Code     2  handlers.o(i.__scatterload_null)
    __scatterload_zeroinit                   0x08008051   Thumb Code    14  handlers.o(i.__scatterload_zeroinit)
    __set_errno                              0x08008061   Thumb Code     6  errno.o(i.__set_errno)
    _is_digit                                0x0800806d   Thumb Code    14  scanf_fp.o(i._is_digit)
    atof                                     0x080082b3   Thumb Code    42  atof.o(i.atof)
    F6x8                                     0x080082dc   Data         552  bsp_oled.o(.constdata)
    F8X16                                    0x08008504   Data        1520  bsp_oled.o(.constdata)
    F16X32                                   0x08008af4   Data         896  bsp_oled.o(.constdata)
    Hzk                                      0x08008e74   Data        1024  bsp_oled.o(.constdata)
    UI_NOSIGNAL8X8                           0x08009274   Data           8  bmp.o(.constdata)
    UI_ASIGNAL8X8                            0x0800927c   Data           8  bmp.o(.constdata)
    __ctype_categories                       0x08009284   Data          64  ctype_c.o(.constdata)
    Region$$Table$$Base                      0x080092c4   Number         0  anon$$obj.o(Region$$Table)
    Region$$Table$$Limit                     0x080092e4   Number         0  anon$$obj.o(Region$$Table)
    SystemCoreClock                          0x20000000   Data           4  system_stm32f10x.o(.data)
    AHBPrescTable                            0x20000004   Data          16  system_stm32f10x.o(.data)
    xHandleTaskUart3Rx                       0x2000003c   Data           4  main.o(.data)
    xHandleTaskUart3Tx                       0x20000040   Data           4  main.o(.data)
    xHandleTaskDisplay                       0x20000044   Data           4  main.o(.data)
    xHandleTaskJoyStick                      0x20000048   Data           4  main.o(.data)
    xHandleTaskMpu                           0x2000004c   Data           4  main.o(.data)
    xQueue_uart1Rx                           0x20000050   Data           4  main.o(.data)
    xQueue_uart1Tx                           0x20000054   Data           4  main.o(.data)
    xQueue_uart3Rx                           0x20000058   Data           4  main.o(.data)
    xQueue_uart3Tx                           0x2000005c   Data           4  main.o(.data)
    BinarySem_Mpu                            0x20000060   Data           4  main.o(.data)
    ConCarMode                               0x20000064   Data           1  control.o(.data)
    carLEDA                                  0x20000068   Data           8  communicate.o(.data)
    carFMQ                                   0x20000070   Data           8  communicate.o(.data)
    envLEDA                                  0x20000078   Data           8  communicate.o(.data)
    envLEDB                                  0x20000080   Data           8  communicate.o(.data)
    envFMQ                                   0x20000088   Data           8  communicate.o(.data)
    LedA                                     0x20000094   Data          28  bsp_led.o(.data)
    LedB                                     0x200000b0   Data          28  bsp_led.o(.data)
    LedC                                     0x200000cc   Data          28  bsp_led.o(.data)
    Fmq                                      0x200000e8   Data          28  bsp_led.o(.data)
    KEY_RetValue                             0x20000104   Data           1  bsp_key.o(.data)
    Key_PU                                   0x20000108   Data          20  bsp_key.o(.data)
    Key_PD                                   0x2000011c   Data          20  bsp_key.o(.data)
    Key_PL                                   0x20000130   Data          20  bsp_key.o(.data)
    Key_PR                                   0x20000144   Data          20  bsp_key.o(.data)
    Key_PM                                   0x20000158   Data          20  bsp_key.o(.data)
    Key_PA                                   0x2000016c   Data          20  bsp_key.o(.data)
    Key_PB                                   0x20000180   Data          20  bsp_key.o(.data)
    Key_PC                                   0x20000194   Data          20  bsp_key.o(.data)
    Oled_Colour                              0x200001ab   Data           1  bsp_oled.o(.data)
    pxCurrentTCB                             0x200001d4   Data           4  tasks.o(.data)
    Show_ui                                  0x2000020c   Data           1  displaytask.o(.data)
    CarMoveVal                               0x20000214   Data          12  control.o(.bss)
    AdcValue                                 0x20000684   Data         100  bsp_adc.o(.bss)
    Joystick_Left                            0x20003208   Data          24  joysticktask.o(.bss)
    Joystick_Right                           0x20003220   Data          24  joysticktask.o(.bss)
    mpu_data                                 0x20003238   Data          28  mputask.o(.bss)
    Main_uiconfigParam                       0x20003254   Data          80  main_ui.o(.bss)
    Car_uiconfigParam                        0x200032a4   Data          80  car_ui.o(.bss)
    __initial_sp                             0x200036f8   Data           0  startup_stm32f10x_md.o(STACK)



==============================================================================

Memory Map of the image

  Image Entry point : 0x080000ed

  Load Region LR_IROM1 (Base: 0x08000000, Size: 0x000094f8, Max: 0x00010000, ABSOLUTE, COMPRESSED[0x00009350])

    Execution Region ER_IROM1 (Base: 0x08000000, Size: 0x000092e4, Max: 0x00010000, ABSOLUTE)

    Base Addr    Size         Type   Attr      Idx    E Section Name        Object

    0x08000000   0x000000ec   Data   RO          398    RESET               startup_stm32f10x_md.o
    0x080000ec   0x00000000   Code   RO         1248  * .ARM.Collect$$$$00000000  mc_w.l(entry.o)
    0x080000ec   0x00000004   Code   RO         1589    .ARM.Collect$$$$00000001  mc_w.l(entry2.o)
    0x080000f0   0x00000004   Code   RO         1592    .ARM.Collect$$$$00000004  mc_w.l(entry5.o)
    0x080000f4   0x00000000   Code   RO         1594    .ARM.Collect$$$$00000008  mc_w.l(entry7b.o)
    0x080000f4   0x00000000   Code   RO         1596    .ARM.Collect$$$$0000000A  mc_w.l(entry8b.o)
    0x080000f4   0x00000008   Code   RO         1597    .ARM.Collect$$$$0000000B  mc_w.l(entry9a.o)
    0x080000fc   0x00000000   Code   RO         1599    .ARM.Collect$$$$0000000D  mc_w.l(entry10a.o)
    0x080000fc   0x00000000   Code   RO         1601    .ARM.Collect$$$$0000000F  mc_w.l(entry11a.o)
    0x080000fc   0x00000004   Code   RO         1590    .ARM.Collect$$$$00002712  mc_w.l(entry2.o)
    0x08000100   0x000000a2   Code   RO          959    .emb_text           port.o
    0x080001a2   0x00000002   PAD
    0x080001a4   0x000001e0   Code   RO           17    .text               system_stm32f10x.o
    0x08000384   0x000000dc   Code   RO          114    .text               misc.o
    0x08000460   0x0000044e   Code   RO          130    .text               stm32f10x_adc.o
    0x080008ae   0x00000002   PAD
    0x080008b0   0x00000254   Code   RO          214    .text               stm32f10x_dma.o
    0x08000b04   0x0000011c   Code   RO          226    .text               stm32f10x_exti.o
    0x08000c20   0x0000035c   Code   RO          262    .text               stm32f10x_gpio.o
    0x08000f7c   0x000003a4   Code   RO          310    .text               stm32f10x_rcc.o
    0x08001320   0x00000408   Code   RO          372    .text               stm32f10x_usart.o
    0x08001728   0x00000024   Code   RO          399    .text               startup_stm32f10x_md.o
    0x0800174c   0x00000060   Code   RO          403    .text               stm32f10x_it.o
    0x080017ac   0x000001dc   Code   RO          583    .text               main.o
    0x08001988   0x00000044   Code   RO          605    .text               control.o
    0x080019cc   0x00000274   Code   RO          633    .text               protocol3.o
    0x08001c40   0x00000064   Code   RO          645    .text               communicate.o
    0x08001ca4   0x0000007c   Code   RO          693    .text               bsp_dwt_delay.o
    0x08001d20   0x000000a8   Code   RO          707    .text               bsp_led.o
    0x08001dc8   0x0000002c   Code   RO          725    .text               bsp.o
    0x08001df4   0x00000138   Code   RO          737    .text               bsp_key.o
    0x08001f2c   0x000003a0   Code   RO          755    .text               bsp_usart1.o
    0x080022cc   0x00000c68   Code   RO          770    .text               bsp_oled.o
    0x08002f34   0x0000024c   Code   RO          793    .text               bsp_adc.o
    0x08003180   0x000002d4   Code   RO          920    .text               bsp_usart3.o
    0x08003454   0x00000258   Code   RO          935    .text               heap_4.o
    0x080036ac   0x000001f4   Code   RO          960    .text               port.o
    0x080038a0   0x00000094   Code   RO         1010    .text               list.o
    0x08003934   0x00000752   Code   RO         1022    .text               queue.o
    0x08004086   0x00000002   PAD
    0x08004088   0x000011b0   Code   RO         1037    .text               tasks.o
    0x08005238   0x000000ac   Code   RO         1062    .text               ledtask.o
    0x080052e4   0x000000c8   Code   RO         1074    .text               keytask.o
    0x080053ac   0x0000008c   Code   RO         1086    .text               displaytask.o
    0x08005438   0x000000d4   Code   RO         1112    .text               joysticktask.o
    0x0800550c   0x00000038   Code   RO         1130    .text               mputask.o
    0x08005544   0x00000074   Code   RO         1160    .text               communicatectask.o
    0x080055b8   0x00001448   Code   RO         1172    .text               main_ui.o
    0x08006a00   0x000009c8   Code   RO         1190    .text               car_ui.o
    0x080073c8   0x00000024   Code   RO         1253    .text               mc_w.l(memcpya.o)
    0x080073ec   0x00000024   Code   RO         1255    .text               mc_w.l(memseta.o)
    0x08007410   0x0000000e   Code   RO         1257    .text               mc_w.l(strlen.o)
    0x0800741e   0x000000b0   Code   RO         1524    .text               mf_w.l(fadd.o)
    0x080074ce   0x00000064   Code   RO         1526    .text               mf_w.l(fmul.o)
    0x08007532   0x0000014e   Code   RO         1530    .text               mf_w.l(dadd.o)
    0x08007680   0x000000e4   Code   RO         1532    .text               mf_w.l(dmul.o)
    0x08007764   0x00000012   Code   RO         1534    .text               mf_w.l(fflti.o)
    0x08007776   0x0000000a   Code   RO         1536    .text               mf_w.l(ffltui.o)
    0x08007780   0x00000032   Code   RO         1538    .text               mf_w.l(ffixi.o)
    0x080077b2   0x0000003e   Code   RO         1542    .text               mf_w.l(dfixi.o)
    0x080077f0   0x00000026   Code   RO         1544    .text               mf_w.l(f2d.o)
    0x08007816   0x00000038   Code   RO         1546    .text               mf_w.l(d2f.o)
    0x0800784e   0x00000002   PAD
    0x08007850   0x00000014   Code   RO         1548    .text               mf_w.l(cfcmple.o)
    0x08007864   0x00000062   Code   RO         1606    .text               mc_w.l(uldiv.o)
    0x080078c6   0x0000001e   Code   RO         1608    .text               mc_w.l(llshl.o)
    0x080078e4   0x00000020   Code   RO         1610    .text               mc_w.l(llushr.o)
    0x08007904   0x00000024   Code   RO         1612    .text               mc_w.l(llsshr.o)
    0x08007928   0x0000009c   Code   RO         1621    .text               mc_w.l(strtod.o)
    0x080079c4   0x00000000   Code   RO         1623    .text               mc_w.l(iusefp.o)
    0x080079c4   0x0000006e   Code   RO         1624    .text               mf_w.l(fepilogue.o)
    0x08007a32   0x000000ba   Code   RO         1626    .text               mf_w.l(depilogue.o)
    0x08007aec   0x000000de   Code   RO         1628    .text               mf_w.l(ddiv.o)
    0x08007bca   0x00000002   PAD
    0x08007bcc   0x00000024   Code   RO         1636    .text               mc_w.l(init.o)
    0x08007bf0   0x0000000a   Code   RO         1638    .text               mc_w.l(isspace_c.o)
    0x08007bfa   0x00000002   PAD
    0x08007bfc   0x00000338   Code   RO         1640    .text               mc_w.l(scanf_fp.o)
    0x08007f34   0x00000040   Code   RO         1644    .text               mc_w.l(_sgetc.o)
    0x08007f74   0x00000028   Code   RO         1650    .text               mc_w.l(ctype_c.o)
    0x08007f9c   0x00000018   Code   RO         1653    .text               mf_w.l(dfltul.o)
    0x08007fb4   0x00000056   Code   RO         1663    .text               mc_w.l(__dczerorl2.o)
    0x0800800a   0x00000002   PAD
    0x0800800c   0x00000028   Code   RO         1376    i.__0sprintf$4      mc_w.l(printf4.o)
    0x08008034   0x0000000c   Code   RO         1615    i.__read_errno      mc_w.l(errno.o)
    0x08008040   0x0000000e   Code   RO         1657    i.__scatterload_copy  mc_w.l(handlers.o)
    0x0800804e   0x00000002   Code   RO         1658    i.__scatterload_null  mc_w.l(handlers.o)
    0x08008050   0x0000000e   Code   RO         1659    i.__scatterload_zeroinit  mc_w.l(handlers.o)
    0x0800805e   0x00000002   PAD
    0x08008060   0x0000000c   Code   RO         1616    i.__set_errno       mc_w.l(errno.o)
    0x0800806c   0x0000000e   Code   RO         1642    i._is_digit         mc_w.l(scanf_fp.o)
    0x0800807a   0x00000002   PAD
    0x0800807c   0x0000022c   Code   RO         1381    i._printf_core      mc_w.l(printf4.o)
    0x080082a8   0x0000000a   Code   RO         1383    i._sputc            mc_w.l(printf4.o)
    0x080082b2   0x0000002a   Code   RO         1245    i.atof              m_ws.l(atof.o)
    0x080082dc   0x00000f98   Data   RO          772    .constdata          bsp_oled.o
    0x08009274   0x00000010   Data   RO         1214    .constdata          bmp.o
    0x08009284   0x00000040   Data   RO         1651    .constdata          mc_w.l(ctype_c.o)
    0x080092c4   0x00000020   Data   RO         1655    Region$$Table       anon$$obj.o


    Execution Region RW_IRAM1 (Base: 0x20000000, Size: 0x000036f8, Max: 0x00005000, ABSOLUTE, COMPRESSED[0x0000006c])

    Base Addr    Size         Type   Attr      Idx    E Section Name        Object

    0x20000000   0x00000014   Data   RW           18    .data               system_stm32f10x.o
    0x20000014   0x00000014   Data   RW          311    .data               stm32f10x_rcc.o
    0x20000028   0x00000001   Data   RW          404    .data               stm32f10x_it.o
    0x20000029   0x00000003   PAD
    0x2000002c   0x00000038   Data   RW          584    .data               main.o
    0x20000064   0x00000001   Data   RW          607    .data               control.o
    0x20000065   0x00000003   PAD
    0x20000068   0x00000028   Data   RW          646    .data               communicate.o
    0x20000090   0x00000004   Data   RW          694    .data               bsp_dwt_delay.o
    0x20000094   0x00000070   Data   RW          708    .data               bsp_led.o
    0x20000104   0x000000a4   Data   RW          738    .data               bsp_key.o
    0x200001a8   0x00000003   Data   RW          757    .data               bsp_usart1.o
    0x200001ab   0x00000001   Data   RW          773    .data               bsp_oled.o
    0x200001ac   0x00000003   Data   RW          922    .data               bsp_usart3.o
    0x200001af   0x00000001   PAD
    0x200001b0   0x00000018   Data   RW          937    .data               heap_4.o
    0x200001c8   0x0000000c   Data   RW          961    .data               port.o
    0x200001d4   0x00000038   Data   RW         1039    .data               tasks.o
    0x2000020c   0x00000001   Data   RW         1087    .data               displaytask.o
    0x2000020d   0x00000003   PAD
    0x20000210   0x00000004   Data   RW         1617    .data               mc_w.l(errno.o)
    0x20000214   0x0000000c   Zero   RW          606    .bss                control.o
    0x20000220   0x00000064   Zero   RW          756    .bss                bsp_usart1.o
    0x20000284   0x00000400   Zero   RW          771    .bss                bsp_oled.o
    0x20000684   0x00000064   Zero   RW          794    .bss                bsp_adc.o
    0x200006e8   0x00000064   Zero   RW          921    .bss                bsp_usart3.o
    0x2000074c   0x00002800   Zero   RW          936    .bss                heap_4.o
    0x20002f4c   0x000002bc   Zero   RW         1038    .bss                tasks.o
    0x20003208   0x00000030   Zero   RW         1113    .bss                joysticktask.o
    0x20003238   0x0000001c   Zero   RW         1131    .bss                mputask.o
    0x20003254   0x00000050   Zero   RW         1173    .bss                main_ui.o
    0x200032a4   0x00000050   Zero   RW         1191    .bss                car_ui.o
    0x200032f4   0x00000004   PAD
    0x200032f8   0x00000400   Zero   RW          396    STACK               startup_stm32f10x_md.o


==============================================================================

Image component sizes


      Code (inc. data)   RO Data    RW Data    ZI Data      Debug   Object Name

         0          0         16          0          0        551   bmp.o
        44          4          0          0          0        443   bsp.o
       588         22          0          0        100       2205   bsp_adc.o
       124         20          0          4          0       1035   bsp_dwt_delay.o
       312         36          0        164          0       2687   bsp_key.o
       168         12          0        112          0       2118   bsp_led.o
      3176         54       3992          1       1024       8599   bsp_oled.o
       928         38          0          3        100       3762   bsp_usart1.o
       724         36          0          3        100       2621   bsp_usart3.o
      2504        136          0          0         80       2223   car_ui.o
       100         22          0         40          0       1318   communicate.o
       116         12          0          0          0        716   communicatectask.o
        68          4          0          1         12       1717   control.o
         0          0          0          0          0       4536   core_cm3.o
       140          4          0          1          0       2134   displaytask.o
       600         26          0         24      10240       4624   heap_4.o
       212         18          0          0         48        999   joysticktask.o
       200         36          0          0          0        651   keytask.o
       172         12          0          0          0        767   ledtask.o
       148          0          0          0          0       1794   list.o
       476        176          0         56          0      16662   main.o
      5192        288          0          0         80       3187   main_ui.o
       220         22          0          0          0       1873   misc.o
        56         10          0          0         28       1799   mputask.o
       662         40          0         12          0       4842   port.o
       628         42          0          0          0       2883   protocol3.o
      1874          0          0          0          0       8594   queue.o
        36          8        236          0       1024        816   startup_stm32f10x_md.o
      1102         26          0          0          0      10905   stm32f10x_adc.o
       596          8          0          0          0       4402   stm32f10x_dma.o
       284         10          0          0          0       2307   stm32f10x_exti.o
       860         38          0          0          0       5717   stm32f10x_gpio.o
        96         12          0          1          0      23235   stm32f10x_it.o
       932         36          0         20          0       8892   stm32f10x_rcc.o
      1032         22          0          0          0       8444   stm32f10x_usart.o
       480         38          0         20          0     249651   system_stm32f10x.o
      4528        268          0         56        700      17176   tasks.o

    ----------------------------------------------------------------------
     29384       1536       4276        528      13540     416885   Object Totals
         0          0         32          0          0          0   (incl. Generated)
         6          0          0         10          4          0   (incl. Padding)

    ----------------------------------------------------------------------

      Code (inc. data)   RO Data    RW Data    ZI Data      Debug   Library Member Name

        42          0          0          0          0         84   atof.o
        86          0          0          0          0          0   __dczerorl2.o
        64          0          0          0          0         84   _sgetc.o
        40          6         64          0          0         68   ctype_c.o
         0          0          0          0          0          0   entry.o
         0          0          0          0          0          0   entry10a.o
         0          0          0          0          0          0   entry11a.o
         8          4          0          0          0          0   entry2.o
         4          0          0          0          0          0   entry5.o
         0          0          0          0          0          0   entry7b.o
         0          0          0          0          0          0   entry8b.o
         8          4          0          0          0          0   entry9a.o
        24         12          0          4          0        136   errno.o
        30          0          0          0          0          0   handlers.o
        36          8          0          0          0         68   init.o
        10          0          0          0          0         68   isspace_c.o
         0          0          0          0          0          0   iusefp.o
        30          0          0          0          0         68   llshl.o
        36          0          0          0          0         68   llsshr.o
        32          0          0          0          0         68   llushr.o
        36          0          0          0          0         68   memcpya.o
        36          0          0          0          0        108   memseta.o
       606         10          0          0          0        252   printf4.o
       838         12          0          0          0        216   scanf_fp.o
        14          0          0          0          0         68   strlen.o
       156         14          0          0          0        120   strtod.o
        98          0          0          0          0         92   uldiv.o
        20          0          0          0          0         68   cfcmple.o
        56          0          0          0          0         88   d2f.o
       334          0          0          0          0        148   dadd.o
       222          0          0          0          0        100   ddiv.o
       186          0          0          0          0        176   depilogue.o
        62          0          0          0          0         80   dfixi.o
        24          0          0          0          0         76   dfltul.o
       228          0          0          0          0         96   dmul.o
        38          0          0          0          0         68   f2d.o
       176          0          0          0          0        140   fadd.o
       110          0          0          0          0        168   fepilogue.o
        50          0          0          0          0         68   ffixi.o
        18          0          0          0          0         68   fflti.o
        10          0          0          0          0         68   ffltui.o
       100          0          0          0          0         76   fmul.o

    ----------------------------------------------------------------------
      3880         70         64          4          0       3124   Library Totals
        12          0          0          0          0          0   (incl. Padding)

    ----------------------------------------------------------------------

      Code (inc. data)   RO Data    RW Data    ZI Data      Debug   Library Name

        42          0          0          0          0         84   m_ws.l
      2192         70         64          4          0       1552   mc_w.l
      1634          0          0          0          0       1488   mf_w.l

    ----------------------------------------------------------------------
      3880         70         64          4          0       3124   Library Totals

    ----------------------------------------------------------------------

==============================================================================


      Code (inc. data)   RO Data    RW Data    ZI Data      Debug   

     33264       1606       4340        532      13540     415613   Grand Totals
     33264       1606       4340        108      13540     415613   ELF Image Totals (compressed)
     33264       1606       4340        108          0          0   ROM Totals

==============================================================================

    Total RO  Size (Code + RO Data)                37604 (  36.72kB)
    Total RW  Size (RW Data + ZI Data)             14072 (  13.74kB)
    Total ROM Size (Code + RO Data + RW Data)      37712 (  36.83kB)

==============================================================================

