<html>
<body>
<pre>
<h1>礦ision Build Log</h1>
<h2>Tool Versions:</h2>
IDE-Version: μVision V5.15
Copyright (C) 2015 ARM Ltd and ARM Germany GmbH. All rights reserved.
License Information:    ,    , LIC=D0DTG-VXGPT-CJE6Z-J7P26-T45UR-QTSX2
 
Tool Versions:
Toolchain:       MDK-ARM Standard  Version: 5.15.0
Toolchain Path:  C:\Keil_v5\ARM\ARMCC\Bin
C Compiler:      Armcc.exe V5.05 update 2 (build 169)
Assembler:       Armasm.exe V5.05 update 2 (build 169)
Linker/Locator:  ArmLink.exe V5.05 update 2 (build 169)
Library Manager: ArmAr.exe V5.05 update 2 (build 169)
Hex Converter:   FromElf.exe V5.05 update 2 (build 169)
CPU DLL:         SARMCM3.DLL V5.15.0
Dialog DLL:      DCM.DLL V1.13.2.0
Target DLL:      STLink\ST-LINKIII-KEIL_SWO.dll V2.0.15.0_KEIL
Dialog DLL:      TCM.DLL V1.14.5.0
 
<h2>Project:</h2>
D:\MYjiezuo\STM32\BS\Environment\Environment1_0\Project\LZM_F103RCT6.uvprojx
Project File Date:  04/19/2020

<h2>Output:</h2>
*** Using Compiler 'V5.05 update 2 (build 169)', folder: 'C:\Keil_v5\ARM\ARMCC\Bin'
Build target 'Target 1'
compiling main.c...
..\User\main.c(64): warning:  #177-D: variable "xHandleTaskKey" was declared but never referenced
  static TaskHandle_t xHandleTaskKey       = NULL;  //KEY????
..\User\main.c(65): warning:  #177-D: variable "xHandleTaskUart1Rx" was declared but never referenced
  static TaskHandle_t xHandleTaskUart1Rx   = NULL;  //KEY????
..\User\main.c(66): warning:  #177-D: variable "xHandleTaskUart1Tx" was declared but never referenced
  static TaskHandle_t xHandleTaskUart1Tx   = NULL;  //KEY????
..\User\main.c: 3 warnings, 0 errors
compiling SysInfoTest.c...
..\User\SysInfoTest.c(46): warning:  #223-D: function "bsp_SetTIMforInt" declared implicitly
        bsp_SetTIMforInt(TIM6, timerINTERRUPT_FREQUENCY, timerHIGHEST_PRIORITY, 0);
..\User\SysInfoTest.c: 1 warning, 0 errors
compiling control.c...
compiling gather.c...
compiling file_sys.c...
compiling sys.c...
compiling bsp_dwt_delay.c...
compiling bsp.c...
compiling bsp_key.c...
compiling bsp_tim_pwm.c...
compiling bsp_led.c...
compiling bsp_sdio_sdcard.c...
compiling delay.c...
compiling bsp_usart1.c...
..\Basic\USART1\bsp_usart1.c(233): warning:  #550-D: variable "num" was set but never used
          static u8 num = 0;   //??系到???俑? 20 ?纸?  
..\Basic\USART1\bsp_usart1.c(234): warning:  #177-D: variable "index" was declared but never referenced
          static u8 index = 0;   //超?纸?时 前?娴??纸??芎?
..\Basic\USART1\bsp_usart1.c: 2 warnings, 0 errors
compiling bsp_oled.c...
..\Basic\OLED\bsp_oled.c(237): warning:  #186-D: pointless comparison of unsigned integer with zero
                                if(Oled_Colour==1 && c>=0)  Oled_Colour = 1;    //翻转??色
..\Basic\OLED\bsp_oled.c(268): warning:  #186-D: pointless comparison of unsigned integer with zero
                                if(Oled_Colour==1 && c>=0)  Oled_Colour = 1;    //翻转??色
..\Basic\OLED\bsp_oled.c(228): warning:  #177-D: variable "x0" was declared but never referenced
        unsigned char x0 = x;
..\Basic\OLED\bsp_oled.c(306): warning:  #186-D: pointless comparison of unsigned integer with zero
                if(Oled_Colour==1 && c>=0)  Oled_Colour = 1;    //翻转??色
..\Basic\OLED\bsp_oled.c(581): warning:  #177-D: variable "GPIO_CS_InitStructure" was declared but never referenced
                          GPIO_CS_InitStructure;
..\Basic\OLED\bsp_oled.c: 5 warnings, 0 errors
compiling bsp_sht3x.c...
compiling bsp_ds3231.c...
compiling bsp_gy30.c...
compiling bsp_usart2.c...
..\Basic\USART2\bsp_usart2.c(234): warning:  #177-D: variable "index" was declared but never referenced
          static u8 index = 0;   //超?纸?时 前?娴??纸??芎?
..\Basic\USART2\bsp_usart2.c: 1 warning, 0 errors
compiling bsp_bme280.c...
..\Basic\BME\bsp_bme280.c(36): warning:  #550-D: variable "bme280ID" was set but never used
  static u8 bme280ID=0;
..\Basic\BME\bsp_bme280.c: 1 warning, 0 errors
compiling KeyTask.c...
compiling LedTask.c...
compiling CommunicateTask.c...
..\TASK\src\CommunicateTask.c(23): warning:  #550-D: variable "xReturn" was set but never used
        BaseType_t xReturn = pdTRUE;/* 定??一?龃唇???息返??值，默??为pdTRUE */
..\TASK\src\CommunicateTask.c(43): warning:  #550-D: variable "xReturn" was set but never used
        BaseType_t xReturn = pdTRUE;/* 定??一?龃唇???息返??值，默??为pdTRUE */
..\TASK\src\CommunicateTask.c: 2 warnings, 0 errors
compiling CpuTask.c...
compiling FileTask.c...
compiling CheckTask.c...
compiling InitTask.c...
compiling DisplayTask.c...
compiling EnvironmentTask.c...
compiling ClockTask.c...
compiling LightTask.c...
compiling PmsTask.c...
..\TASK\src\PmsTask.c(26): warning:  #550-D: variable "xReturn" was set but never used
        BaseType_t xReturn = pdTRUE;/* 定??一?龃唇???息返??值，默??为pdTRUE */
..\TASK\src\PmsTask.c: 1 warning, 0 errors
compiling diskio.c...
compiling ff.c...
compiling main_ui.c...
linking...
Program Size: Code=46660 RO-data=4492 RW-data=500 ZI-data=29052  
FromELF: creating hex file...
".\Objects\LZM_F103C8T6.axf" - 0 Error(s), 16 Warning(s).

<h2>Collection of Component include folders:</h2>
  D:\MYjiezuo\STM32\BS\Environment\Environment1_0\Project\RTE
  D:\MYzy\Important\MDK\Keil\STM32F1xx_DFP\1.1.0\Device\Include

<h2>Collection of Component Files used:</h2>
</pre>
</body>
</html>
