Component: ARM Compiler 5.05 update 2 (build 169) Tool: armlink [4d0f33]

==============================================================================

Section Cross References

    system_stm32f10x.o(.text) refers to system_stm32f10x.o(.data) for SystemCoreClock
    stm32f10x_adc.o(.text) refers to stm32f10x_rcc.o(.text) for RCC_APB2PeriphResetCmd
    stm32f10x_bkp.o(.text) refers to stm32f10x_rcc.o(.text) for RCC_BackupResetCmd
    stm32f10x_can.o(.text) refers to stm32f10x_rcc.o(.text) for RCC_APB1PeriphResetCmd
    stm32f10x_cec.o(.text) refers to stm32f10x_rcc.o(.text) for RCC_APB1PeriphResetCmd
    stm32f10x_dac.o(.text) refers to stm32f10x_rcc.o(.text) for RCC_APB1PeriphResetCmd
    stm32f10x_gpio.o(.text) refers to stm32f10x_rcc.o(.text) for RCC_APB2PeriphResetCmd
    stm32f10x_i2c.o(.text) refers to stm32f10x_rcc.o(.text) for RCC_APB1PeriphResetCmd
    stm32f10x_pwr.o(.text) refers to stm32f10x_rcc.o(.text) for RCC_APB1PeriphResetCmd
    stm32f10x_rcc.o(.text) refers to stm32f10x_rcc.o(.data) for APBAHBPrescTable
    stm32f10x_spi.o(.text) refers to stm32f10x_rcc.o(.text) for RCC_APB2PeriphResetCmd
    stm32f10x_tim.o(.text) refers to stm32f10x_rcc.o(.text) for RCC_APB2PeriphResetCmd
    stm32f10x_usart.o(.text) refers to stm32f10x_rcc.o(.text) for RCC_APB2PeriphResetCmd
    stm32f10x_wwdg.o(.text) refers to stm32f10x_rcc.o(.text) for RCC_APB1PeriphResetCmd
    startup_stm32f10x_hd.o(RESET) refers to startup_stm32f10x_hd.o(STACK) for __initial_sp
    startup_stm32f10x_hd.o(RESET) refers to startup_stm32f10x_hd.o(.text) for Reset_Handler
    startup_stm32f10x_hd.o(RESET) refers to stm32f10x_it.o(.text) for NMI_Handler
    startup_stm32f10x_hd.o(RESET) refers to port.o(.emb_text) for SVC_Handler
    startup_stm32f10x_hd.o(RESET) refers to port.o(.text) for SysTick_Handler
    startup_stm32f10x_hd.o(RESET) refers to bsp_usart1.o(.text) for DMA1_Channel4_IRQHandler
    startup_stm32f10x_hd.o(RESET) refers to bsp_usart2.o(.text) for DMA1_Channel7_IRQHandler
    startup_stm32f10x_hd.o(RESET) refers to bsp_can.o(.text) for USB_LP_CAN1_RX0_IRQHandler
    startup_stm32f10x_hd.o(RESET) refers to bsp_sdio_sdcard.o(.text) for SDIO_IRQHandler
    startup_stm32f10x_hd.o(RESET) refers to sysinfotest.o(.text) for TIM6_IRQHandler
    startup_stm32f10x_hd.o(.text) refers to system_stm32f10x.o(.text) for SystemInit
    startup_stm32f10x_hd.o(.text) refers to entry.o(.ARM.Collect$$$$00000000) for __main
    main.o(.text) refers to queue.o(.text) for xQueueGenericCreate
    main.o(.text) refers to event_groups.o(.text) for xEventGroupCreate
    main.o(.text) refers to tasks.o(.text) for xTaskGenericCreate
    main.o(.text) refers to bsp.o(.text) for bsp_Init
    main.o(.text) refers to gather.o(.text) for ParametersInit
    main.o(.text) refers to main.o(.data) for xQueue_uart1Rx
    main.o(.text) refers to ledtask.o(.text) for vTaskLed
    main.o(.text) refers to keytask.o(.text) for vTaskKey
    main.o(.text) refers to displaytask.o(.text) for vTaskDisplay
    main.o(.text) refers to cancommunicatetask.o(.text) for vTaskCanRx
    main.o(.text) refers to environmenttask.o(.text) for vTaskEnvironment
    main.o(.text) refers to clocktask.o(.text) for vTaskClock
    main.o(.text) refers to lighttask.o(.text) for vTaskLight
    main.o(.text) refers to pmstask.o(.text) for vTaskPms
    main.o(.text) refers to bmetask.o(.text) for vTaskBme
    sysinfotest.o(.text) refers to bsp_tim_pwm.o(.text) for bsp_SetTIMforInt
    sysinfotest.o(.text) refers to stm32f10x_tim.o(.text) for TIM_GetITStatus
    sysinfotest.o(.text) refers to sysinfotest.o(.data) for ulHighFrequencyTimerTicks
    gather.o(.text) refers to main_ui.o(.text) for Main_uiconfigParamInit
    cancommunicate.o(.text) refers to tasks.o(.text) for xTaskGetTickCount
    cancommunicate.o(.text) refers to cancommunicate.o(.data) for canConnect
    protocol.o(.text) refers to atof.o(i.atof) for atof
    protocol.o(.text) refers to dfixi.o(.text) for __aeabi_d2iz
    protocol.o(.text) refers to memseta.o(.text) for __aeabi_memclr
    protocol.o(.text) refers to memcpya.o(.text) for __aeabi_memcpy
    protocol.o(.text) refers to printf4.o(i.__0sprintf$4) for __2sprintf
    protocol.o(.text) refers to event_groups.o(.text) for xEventGroupSetBits
    protocol.o(.text) refers to dflti.o(.text) for __aeabi_i2d
    protocol.o(.text) refers to ddiv.o(.text) for __aeabi_ddiv
    protocol.o(.text) refers to d2f.o(.text) for __aeabi_d2f
    protocol.o(.text) refers to cancommunicate.o(.data) for carLEDA
    protocol.o(.text) refers to bsp_key.o(.data) for Key_PU
    protocol.o(.text) refers to car_ui.o(.bss) for Car_uiconfigParam
    protocol.o(.text) refers to main.o(.data) for Event_canSendData
    protocol.o(.text) refers to cancommunicate.o(.bss) for MotorAllPID
    sys.o(.text) refers to sys.o(.emb_text) for WFI_SET
    bsp_dwt_delay.o(.text) refers to bsp_dwt_delay.o(.data) for SYSCLK
    bsp.o(.text) refers to misc.o(.text) for NVIC_PriorityGroupConfig
[...]
    RCC_PCLK2Config                          0x08001a03   Thumb Code    20  stm32f10x_rcc.o(.text)
    RCC_ITConfig                             0x08001a17   Thumb Code    26  stm32f10x_rcc.o(.text)
    RCC_USBCLKConfig                         0x08001a31   Thumb Code     8  stm32f10x_rcc.o(.text)
    RCC_ADCCLKConfig                         0x08001a39   Thumb Code    18  stm32f10x_rcc.o(.text)
    RCC_LSEConfig                            0x08001a4b   Thumb Code    50  stm32f10x_rcc.o(.text)
    RCC_LSICmd                               0x08001a7d   Thumb Code     6  stm32f10x_rcc.o(.text)
    RCC_RTCCLKConfig                         0x08001a83   Thumb Code    12  stm32f10x_rcc.o(.text)
    RCC_RTCCLKCmd                            0x08001a8f   Thumb Code     8  stm32f10x_rcc.o(.text)
    RCC_GetClocksFreq                        0x08001a97   Thumb Code   192  stm32f10x_rcc.o(.text)
    RCC_AHBPeriphClockCmd                    0x08001b57   Thumb Code    26  stm32f10x_rcc.o(.text)
    RCC_APB2PeriphClockCmd                   0x08001b71   Thumb Code    26  stm32f10x_rcc.o(.text)
    RCC_APB1PeriphClockCmd                   0x08001b8b   Thumb Code    26  stm32f10x_rcc.o(.text)
    RCC_APB2PeriphResetCmd                   0x08001ba5   Thumb Code    26  stm32f10x_rcc.o(.text)
    RCC_APB1PeriphResetCmd                   0x08001bbf   Thumb Code    26  stm32f10x_rcc.o(.text)
    RCC_BackupResetCmd                       0x08001bd9   Thumb Code     8  stm32f10x_rcc.o(.text)
    RCC_ClockSecuritySystemCmd               0x08001be1   Thumb Code     6  stm32f10x_rcc.o(.text)
    RCC_MCOConfig                            0x08001be7   Thumb Code     6  stm32f10x_rcc.o(.text)
    RCC_ClearFlag                            0x08001bed   Thumb Code    14  stm32f10x_rcc.o(.text)
    RCC_GetITStatus                          0x08001bfb   Thumb Code    20  stm32f10x_rcc.o(.text)
    RCC_ClearITPendingBit                    0x08001c0f   Thumb Code     6  stm32f10x_rcc.o(.text)
    SDIO_DeInit                              0x08001c39   Thumb Code    28  stm32f10x_sdio.o(.text)
    SDIO_Init                                0x08001c55   Thumb Code    42  stm32f10x_sdio.o(.text)
    SDIO_StructInit                          0x08001c7f   Thumb Code    16  stm32f10x_sdio.o(.text)
    SDIO_ClockCmd                            0x08001c8f   Thumb Code     6  stm32f10x_sdio.o(.text)
    SDIO_SetPowerState                       0x08001c95   Thumb Code    22  stm32f10x_sdio.o(.text)
    SDIO_GetPowerState                       0x08001cab   Thumb Code    10  stm32f10x_sdio.o(.text)
    SDIO_ITConfig                            0x08001cb5   Thumb Code    26  stm32f10x_sdio.o(.text)
    SDIO_DMACmd                              0x08001ccf   Thumb Code     6  stm32f10x_sdio.o(.text)
    SDIO_SendCommand                         0x08001cd5   Thumb Code    38  stm32f10x_sdio.o(.text)
    SDIO_CmdStructInit                       0x08001cfb   Thumb Code    14  stm32f10x_sdio.o(.text)
    SDIO_GetCommandResponse                  0x08001d09   Thumb Code     8  stm32f10x_sdio.o(.text)
    SDIO_GetResponse                         0x08001d11   Thumb Code    22  stm32f10x_sdio.o(.text)
    SDIO_DataConfig                          0x08001d27   Thumb Code    42  stm32f10x_sdio.o(.text)
    SDIO_DataStructInit                      0x08001d51   Thumb Code    20  stm32f10x_sdio.o(.text)
    SDIO_GetDataCounter                      0x08001d65   Thumb Code     6  stm32f10x_sdio.o(.text)
    SDIO_ReadData                            0x08001d6b   Thumb Code     8  stm32f10x_sdio.o(.text)
    SDIO_WriteData                           0x08001d73   Thumb Code     8  stm32f10x_sdio.o(.text)
    SDIO_GetFIFOCount                        0x08001d7b   Thumb Code     6  stm32f10x_sdio.o(.text)
    SDIO_StartSDIOReadWait                   0x08001d81   Thumb Code     8  stm32f10x_sdio.o(.text)
    SDIO_StopSDIOReadWait                    0x08001d89   Thumb Code     8  stm32f10x_sdio.o(.text)
    SDIO_SetSDIOReadWaitMode                 0x08001d91   Thumb Code     8  stm32f10x_sdio.o(.text)
    SDIO_SetSDIOOperation                    0x08001d99   Thumb Code     8  stm32f10x_sdio.o(.text)
    SDIO_SendSDIOSuspendCmd                  0x08001da1   Thumb Code     6  stm32f10x_sdio.o(.text)
    SDIO_CommandCompletionCmd                0x08001da7   Thumb Code     8  stm32f10x_sdio.o(.text)
    SDIO_CEATAITCmd                          0x08001daf   Thumb Code    12  stm32f10x_sdio.o(.text)
    SDIO_SendCEATACmd                        0x08001dbb   Thumb Code     8  stm32f10x_sdio.o(.text)
    SDIO_GetFlagStatus                       0x08001dc3   Thumb Code    20  stm32f10x_sdio.o(.text)
    SDIO_ClearFlag                           0x08001dd7   Thumb Code     6  stm32f10x_sdio.o(.text)
    SDIO_GetITStatus                         0x08001ddd   Thumb Code    20  stm32f10x_sdio.o(.text)
    SDIO_ClearITPendingBit                   0x08001df1   Thumb Code     6  stm32f10x_sdio.o(.text)
    TIM_DeInit                               0x08001e0d   Thumb Code   424  stm32f10x_tim.o(.text)
    TIM_TimeBaseInit                         0x08001fb5   Thumb Code   122  stm32f10x_tim.o(.text)
    TIM_OC1Init                              0x0800202f   Thumb Code   132  stm32f10x_tim.o(.text)
    TIM_OC2Init                              0x080020b3   Thumb Code   154  stm32f10x_tim.o(.text)
    TIM_OC3Init                              0x0800214d   Thumb Code   150  stm32f10x_tim.o(.text)
    TIM_OC4Init                              0x080021e3   Thumb Code   182  stm32f10x_tim.o(.text)
    TIM_SetIC4Prescaler                      0x08002299   Thumb Code    26  stm32f10x_tim.o(.text)
    TIM_SetIC3Prescaler                      0x08002335   Thumb Code    18  stm32f10x_tim.o(.text)
    TIM_SetIC2Prescaler                      0x080023c1   Thumb Code    26  stm32f10x_tim.o(.text)
    TIM_SetIC1Prescaler                      0x0800245d   Thumb Code    18  stm32f10x_tim.o(.text)
    TIM_ICInit                               0x080024db   Thumb Code   150  stm32f10x_tim.o(.text)
    TIM_PWMIConfig                           0x08002571   Thumb Code   124  stm32f10x_tim.o(.text)
    TIM_BDTRConfig                           0x080025ed   Thumb Code    32  stm32f10x_tim.o(.text)
    TIM_TimeBaseStructInit                   0x0800260d   Thumb Code    18  stm32f10x_tim.o(.text)
    TIM_OCStructInit                         0x0800261f   Thumb Code    20  stm32f10x_tim.o(.text)
    TIM_ICStructInit                         0x08002633   Thumb Code    18  stm32f10x_tim.o(.text)
    TIM_BDTRStructInit                       0x08002645   Thumb Code    40  stm32f10x_tim.o(.text)
    TIM_Cmd                                  0x0800266d   Thumb Code    24  stm32f10x_tim.o(.text)
    TIM_CtrlPWMOutputs                       0x08002685   Thumb Code    30  stm32f10x_tim.o(.text)
    TIM_ITConfig                             0x080026a3   Thumb Code    18  stm32f10x_tim.o(.text)
    TIM_GenerateEvent                        0x080026b5   Thumb Code     4  stm32f10x_tim.o(.text)
    TIM_DMAConfig                            0x080026b9   Thumb Code    10  stm32f10x_tim.o(.text)
    TIM_DMACmd                               0x080026c3   Thumb Code    18  stm32f10x_tim.o(.text)
    TIM_InternalClockConfig                  0x080026d5   Thumb Code    12  stm32f10x_tim.o(.text)
    TIM_SelectInputTrigger                   0x080026e1   Thumb Code    18  stm32f10x_tim.o(.text)
    TIM_ITRxExternalClockConfig              0x080026f3   Thumb Code    24  stm32f10x_tim.o(.text)
    TIM_TIxExternalClockConfig               0x0800270b   Thumb Code    62  stm32f10x_tim.o(.text)
    TIM_ETRConfig                            0x08002749   Thumb Code    28  stm32f10x_tim.o(.text)
    TIM_ETRClockMode1Config                  0x08002765   Thumb Code    54  stm32f10x_tim.o(.text)
    TIM_ETRClockMode2Config                  0x0800279b   Thumb Code    32  stm32f10x_tim.o(.text)
    TIM_PrescalerConfig                      0x080027bb   Thumb Code     6  stm32f10x_tim.o(.text)
    TIM_CounterModeConfig                    0x080027c1   Thumb Code    18  stm32f10x_tim.o(.text)
    TIM_EncoderInterfaceConfig               0x080027d3   Thumb Code    66  stm32f10x_tim.o(.text)
    TIM_ForcedOC1Config                      0x08002815   Thumb Code    18  stm32f10x_tim.o(.text)
    TIM_ForcedOC2Config                      0x08002827   Thumb Code    26  stm32f10x_tim.o(.text)
    TIM_ForcedOC3Config                      0x08002841   Thumb Code    18  stm32f10x_tim.o(.text)
    TIM_ForcedOC4Config                      0x08002853   Thumb Code    26  stm32f10x_tim.o(.text)
    TIM_ARRPreloadConfig                     0x0800286d   Thumb Code    24  stm32f10x_tim.o(.text)
    TIM_SelectCOM                            0x08002885   Thumb Code    24  stm32f10x_tim.o(.text)
    TIM_SelectCCDMA                          0x0800289d   Thumb Code    24  stm32f10x_tim.o(.text)
    TIM_CCPreloadControl                     0x080028b5   Thumb Code    24  stm32f10x_tim.o(.text)
    TIM_OC1PreloadConfig                     0x080028cd   Thumb Code    18  stm32f10x_tim.o(.text)
    TIM_OC2PreloadConfig                     0x080028df   Thumb Code    26  stm32f10x_tim.o(.text)
    TIM_OC3PreloadConfig                     0x080028f9   Thumb Code    18  stm32f10x_tim.o(.text)
    TIM_OC4PreloadConfig                     0x0800290b   Thumb Code    26  stm32f10x_tim.o(.text)
    TIM_OC1FastConfig                        0x08002925   Thumb Code    18  stm32f10x_tim.o(.text)
    TIM_OC2FastConfig                        0x08002937   Thumb Code    26  stm32f10x_tim.o(.text)
    TIM_OC3FastConfig                        0x08002951   Thumb Code    18  stm32f10x_tim.o(.text)
    TIM_OC4FastConfig                        0x08002963   Thumb Code    26  stm32f10x_tim.o(.text)
    TIM_ClearOC1Ref                          0x0800297d   Thumb Code    18  stm32f10x_tim.o(.text)
    TIM_ClearOC2Ref                          0x0800298f   Thumb Code    24  stm32f10x_tim.o(.text)
    TIM_ClearOC3Ref                          0x080029a7   Thumb Code    18  stm32f10x_tim.o(.text)
    TIM_ClearOC4Ref                          0x080029b9   Thumb Code    24  stm32f10x_tim.o(.text)
    TIM_OC1PolarityConfig                    0x080029d1   Thumb Code    18  stm32f10x_tim.o(.text)
    TIM_OC1NPolarityConfig                   0x080029e3   Thumb Code    18  stm32f10x_tim.o(.text)
    TIM_OC2PolarityConfig                    0x080029f5   Thumb Code    26  stm32f10x_tim.o(.text)
    TIM_OC2NPolarityConfig                   0x08002a0f   Thumb Code    26  stm32f10x_tim.o(.text)
    TIM_OC3PolarityConfig                    0x08002a29   Thumb Code    26  stm32f10x_tim.o(.text)
    TIM_OC3NPolarityConfig                   0x08002a43   Thumb Code    26  stm32f10x_tim.o(.text)
    TIM_OC4PolarityConfig                    0x08002a5d   Thumb Code    26  stm32f10x_tim.o(.text)
    TIM_CCxCmd                               0x08002a77   Thumb Code    30  stm32f10x_tim.o(.text)
    TIM_CCxNCmd                              0x08002a95   Thumb Code    30  stm32f10x_tim.o(.text)
    TIM_SelectOCxM                           0x08002ab3   Thumb Code    82  stm32f10x_tim.o(.text)
    TIM_UpdateDisableConfig                  0x08002b05   Thumb Code    24  stm32f10x_tim.o(.text)
    TIM_UpdateRequestConfig                  0x08002b1d   Thumb Code    24  stm32f10x_tim.o(.text)
    TIM_SelectHallSensor                     0x08002b35   Thumb Code    24  stm32f10x_tim.o(.text)
    TIM_SelectOnePulseMode                   0x08002b4d   Thumb Code    18  stm32f10x_tim.o(.text)
    TIM_SelectOutputTrigger                  0x08002b5f   Thumb Code    18  stm32f10x_tim.o(.text)
    TIM_SelectSlaveMode                      0x08002b71   Thumb Code    18  stm32f10x_tim.o(.text)
    TIM_SelectMasterSlaveMode                0x08002b83   Thumb Code    18  stm32f10x_tim.o(.text)
    TIM_SetCounter                           0x08002b95   Thumb Code     4  stm32f10x_tim.o(.text)
    TIM_SetAutoreload                        0x08002b99   Thumb Code     4  stm32f10x_tim.o(.text)
    TIM_SetCompare1                          0x08002b9d   Thumb Code     4  stm32f10x_tim.o(.text)
    TIM_SetCompare2                          0x08002ba1   Thumb Code     4  stm32f10x_tim.o(.text)
    TIM_SetCompare3                          0x08002ba5   Thumb Code     4  stm32f10x_tim.o(.text)
    TIM_SetCompare4                          0x08002ba9   Thumb Code     6  stm32f10x_tim.o(.text)
    TIM_SetClockDivision                     0x08002baf   Thumb Code    18  stm32f10x_tim.o(.text)
    TIM_GetCapture1                          0x08002bc1   Thumb Code     6  stm32f10x_tim.o(.text)
    TIM_GetCapture2                          0x08002bc7   Thumb Code     6  stm32f10x_tim.o(.text)
    TIM_GetCapture3                          0x08002bcd   Thumb Code     6  stm32f10x_tim.o(.text)
    TIM_GetCapture4                          0x08002bd3   Thumb Code     8  stm32f10x_tim.o(.text)
    TIM_GetCounter                           0x08002bdb   Thumb Code     6  stm32f10x_tim.o(.text)
    TIM_GetPrescaler                         0x08002be1   Thumb Code     6  stm32f10x_tim.o(.text)
    TIM_GetFlagStatus                        0x08002be7   Thumb Code    18  stm32f10x_tim.o(.text)
    TIM_ClearFlag                            0x08002bf9   Thumb Code     6  stm32f10x_tim.o(.text)
    TIM_GetITStatus                          0x08002bff   Thumb Code    34  stm32f10x_tim.o(.text)
    TIM_ClearITPendingBit                    0x08002c21   Thumb Code     6  stm32f10x_tim.o(.text)
    USART_DeInit                             0x08002c29   Thumb Code   134  stm32f10x_usart.o(.text)
    USART_Init                               0x08002caf   Thumb Code   210  stm32f10x_usart.o(.text)
    USART_StructInit                         0x08002d81   Thumb Code    24  stm32f10x_usart.o(.text)
    USART_ClockInit                          0x08002d99   Thumb Code    34  stm32f10x_usart.o(.text)
    USART_ClockStructInit                    0x08002dbb   Thumb Code    12  stm32f10x_usart.o(.text)
    USART_Cmd                                0x08002dc7   Thumb Code    24  stm32f10x_usart.o(.text)
    USART_ITConfig                           0x08002ddf   Thumb Code    74  stm32f10x_usart.o(.text)
    USART_DMACmd                             0x08002e29   Thumb Code    18  stm32f10x_usart.o(.text)
    USART_SetAddress                         0x08002e3b   Thumb Code    18  stm32f10x_usart.o(.text)
    USART_WakeUpConfig                       0x08002e4d   Thumb Code    18  stm32f10x_usart.o(.text)
    USART_ReceiverWakeUpCmd                  0x08002e5f   Thumb Code    24  stm32f10x_usart.o(.text)
    USART_LINBreakDetectLengthConfig         0x08002e77   Thumb Code    18  stm32f10x_usart.o(.text)
    USART_LINCmd                             0x08002e89   Thumb Code    24  stm32f10x_usart.o(.text)
    USART_SendData                           0x08002ea1   Thumb Code     8  stm32f10x_usart.o(.text)
    USART_ReceiveData                        0x08002ea9   Thumb Code    10  stm32f10x_usart.o(.text)
    USART_SendBreak                          0x08002eb3   Thumb Code    10  stm32f10x_usart.o(.text)
    USART_SetGuardTime                       0x08002ebd   Thumb Code    16  stm32f10x_usart.o(.text)
    USART_SetPrescaler                       0x08002ecd   Thumb Code    16  stm32f10x_usart.o(.text)
    USART_SmartCardCmd                       0x08002edd   Thumb Code    24  stm32f10x_usart.o(.text)
    USART_SmartCardNACKCmd                   0x08002ef5   Thumb Code    24  stm32f10x_usart.o(.text)
    USART_HalfDuplexCmd                      0x08002f0d   Thumb Code    24  stm32f10x_usart.o(.text)
    USART_OverSampling8Cmd                   0x08002f25   Thumb Code    22  stm32f10x_usart.o(.text)
    USART_OneBitMethodCmd                    0x08002f3b   Thumb Code    24  stm32f10x_usart.o(.text)
    USART_IrDAConfig                         0x08002f53   Thumb Code    18  stm32f10x_usart.o(.text)
    USART_IrDACmd                            0x08002f65   Thumb Code    24  stm32f10x_usart.o(.text)
    USART_GetFlagStatus                      0x08002f7d   Thumb Code    26  stm32f10x_usart.o(.text)
    USART_ClearFlag                          0x08002f97   Thumb Code    18  stm32f10x_usart.o(.text)
    USART_GetITStatus                        0x08002fa9   Thumb Code    84  stm32f10x_usart.o(.text)
    USART_ClearITPendingBit                  0x08002ffd   Thumb Code    52  stm32f10x_usart.o(.text)
    Reset_Handler                            0x08003031   Thumb Code     8  startup_stm32f10x_hd.o(.text)
    ADC1_2_IRQHandler                        0x0800304b   Thumb Code     0  startup_stm32f10x_hd.o(.text)
    ADC3_IRQHandler                          0x0800304b   Thumb Code     0  startup_stm32f10x_hd.o(.text)
    CAN1_RX1_IRQHandler                      0x0800304b   Thumb Code     0  startup_stm32f10x_hd.o(.text)
    CAN1_SCE_IRQHandler                      0x0800304b   Thumb Code     0  startup_stm32f10x_hd.o(.text)
    DMA1_Channel1_IRQHandler                 0x0800304b   Thumb Code     0  startup_stm32f10x_hd.o(.text)
    DMA1_Channel2_IRQHandler                 0x0800304b   Thumb Code     0  startup_stm32f10x_hd.o(.text)
    DMA1_Channel3_IRQHandler                 0x0800304b   Thumb Code     0  startup_stm32f10x_hd.o(.text)
    DMA1_Channel5_IRQHandler                 0x0800304b   Thumb Code     0  startup_stm32f10x_hd.o(.text)
    DMA1_Channel6_IRQHandler                 0x0800304b   Thumb Code     0  startup_stm32f10x_hd.o(.text)
    DMA2_Channel1_IRQHandler                 0x0800304b   Thumb Code     0  startup_stm32f10x_hd.o(.text)
    DMA2_Channel2_IRQHandler                 0x0800304b   Thumb Code     0  startup_stm32f10x_hd.o(.text)
    DMA2_Channel3_IRQHandler                 0x0800304b   Thumb Code     0  startup_stm32f10x_hd.o(.text)
    EXTI0_IRQHandler                         0x0800304b   Thumb Code     0  startup_stm32f10x_hd.o(.text)
    EXTI15_10_IRQHandler                     0x0800304b   Thumb Code     0  startup_stm32f10x_hd.o(.text)
    EXTI1_IRQHandler                         0x0800304b   Thumb Code     0  startup_stm32f10x_hd.o(.text)
    EXTI2_IRQHandler                         0x0800304b   Thumb Code     0  startup_stm32f10x_hd.o(.text)
    EXTI3_IRQHandler                         0x0800304b   Thumb Code     0  startup_stm32f10x_hd.o(.text)
    EXTI4_IRQHandler                         0x0800304b   Thumb Code     0  startup_stm32f10x_hd.o(.text)
    EXTI9_5_IRQHandler                       0x0800304b   Thumb Code     0  startup_stm32f10x_hd.o(.text)
    FLASH_IRQHandler                         0x0800304b   Thumb Code     0  startup_stm32f10x_hd.o(.text)
    FSMC_IRQHandler                          0x0800304b   Thumb Code     0  startup_stm32f10x_hd.o(.text)
    I2C1_ER_IRQHandler                       0x0800304b   Thumb Code     0  startup_stm32f10x_hd.o(.text)
    I2C1_EV_IRQHandler                       0x0800304b   Thumb Code     0  startup_stm32f10x_hd.o(.text)
    I2C2_ER_IRQHandler                       0x0800304b   Thumb Code     0  startup_stm32f10x_hd.o(.text)
    I2C2_EV_IRQHandler                       0x0800304b   Thumb Code     0  startup_stm32f10x_hd.o(.text)
    PVD_IRQHandler                           0x0800304b   Thumb Code     0  startup_stm32f10x_hd.o(.text)
    RCC_IRQHandler                           0x0800304b   Thumb Code     0  startup_stm32f10x_hd.o(.text)
    RTCAlarm_IRQHandler                      0x0800304b   Thumb Code     0  startup_stm32f10x_hd.o(.text)
    RTC_IRQHandler                           0x0800304b   Thumb Code     0  startup_stm32f10x_hd.o(.text)
    SPI1_IRQHandler                          0x0800304b   Thumb Code     0  startup_stm32f10x_hd.o(.text)
    SPI2_IRQHandler                          0x0800304b   Thumb Code     0  startup_stm32f10x_hd.o(.text)
    SPI3_IRQHandler                          0x0800304b   Thumb Code     0  startup_stm32f10x_hd.o(.text)
    TAMPER_IRQHandler                        0x0800304b   Thumb Code     0  startup_stm32f10x_hd.o(.text)
    TIM1_BRK_IRQHandler                      0x0800304b   Thumb Code     0  startup_stm32f10x_hd.o(.text)
    TIM1_CC_IRQHandler                       0x0800304b   Thumb Code     0  startup_stm32f10x_hd.o(.text)
    TIM1_TRG_COM_IRQHandler                  0x0800304b   Thumb Code     0  startup_stm32f10x_hd.o(.text)
    TIM1_UP_IRQHandler                       0x0800304b   Thumb Code     0  startup_stm32f10x_hd.o(.text)
    TIM2_IRQHandler                          0x0800304b   Thumb Code     0  startup_stm32f10x_hd.o(.text)
    TIM3_IRQHandler                          0x0800304b   Thumb Code     0  startup_stm32f10x_hd.o(.text)
    TIM4_IRQHandler                          0x0800304b   Thumb Code     0  startup_stm32f10x_hd.o(.text)
    TIM5_IRQHandler                          0x0800304b   Thumb Code     0  startup_stm32f10x_hd.o(.text)
    TIM7_IRQHandler                          0x0800304b   Thumb Code     0  startup_stm32f10x_hd.o(.text)
    TIM8_BRK_IRQHandler                      0x0800304b   Thumb Code     0  startup_stm32f10x_hd.o(.text)
    TIM8_CC_IRQHandler                       0x0800304b   Thumb Code     0  startup_stm32f10x_hd.o(.text)
    TIM8_TRG_COM_IRQHandler                  0x0800304b   Thumb Code     0  startup_stm32f10x_hd.o(.text)
    TIM8_UP_IRQHandler                       0x0800304b   Thumb Code     0  startup_stm32f10x_hd.o(.text)
    UART4_IRQHandler                         0x0800304b   Thumb Code     0  startup_stm32f10x_hd.o(.text)
    UART5_IRQHandler                         0x0800304b   Thumb Code     0  startup_stm32f10x_hd.o(.text)
    USART3_IRQHandler                        0x0800304b   Thumb Code     0  startup_stm32f10x_hd.o(.text)
    USBWakeUp_IRQHandler                     0x0800304b   Thumb Code     0  startup_stm32f10x_hd.o(.text)
    USB_HP_CAN1_TX_IRQHandler                0x0800304b   Thumb Code     0  startup_stm32f10x_hd.o(.text)
    WWDG_IRQHandler                          0x0800304b   Thumb Code     0  startup_stm32f10x_hd.o(.text)
    NMI_Handler                              0x08003055   Thumb Code     2  stm32f10x_it.o(.text)
    HardFault_Handler                        0x08003057   Thumb Code     4  stm32f10x_it.o(.text)
    MemManage_Handler                        0x0800305b   Thumb Code     4  stm32f10x_it.o(.text)
    BusFault_Handler                         0x0800305f   Thumb Code     4  stm32f10x_it.o(.text)
    UsageFault_Handler                       0x08003063   Thumb Code     4  stm32f10x_it.o(.text)
    DebugMon_Handler                         0x08003067   Thumb Code     2  stm32f10x_it.o(.text)
    main                                     0x080031eb   Thumb Code    32  main.o(.text)
    vSetupSysInfoTest                        0x08003311   Thumb Code    18  sysinfotest.o(.text)
    TIM6_IRQHandler                          0x08003323   Thumb Code    32  sysinfotest.o(.text)
    FILTER_median                            0x0800334d   Thumb Code   122  control.o(.text)
    myabs                                    0x080033c7   Thumb Code    14  control.o(.text)
    ParametersInit                           0x080033d5   Thumb Code     8  gather.o(.text)
    canCommunicateParaInit                   0x080033dd   Thumb Code    16  cancommunicate.o(.text)
    StringFind                               0x080033f1   Thumb Code    74  protocol.o(.text)
    Protocol_DecodeInt                       0x0800343b   Thumb Code    92  protocol.o(.text)
    Protocol_Encode                          0x08003497   Thumb Code    50  protocol.o(.text)
    Protocol_EncodeCInt                      0x080034c9   Thumb Code   232  protocol.o(.text)
    DataHeadFind                             0x080035b1   Thumb Code    36  protocol.o(.text)
    canmsgAnalyze                            0x080035d5   Thumb Code  1284  protocol.o(.text)
    bsp_DWT_init                             0x08003af9   Thumb Code    30  bsp_dwt_delay.o(.text)
    DwtDelay_uS                              0x08003b17   Thumb Code    74  bsp_dwt_delay.o(.text)
    bsp_Init                                 0x08003b75   Thumb Code    80  bsp.o(.text)
    bsp_KEY_Init                             0x08003bf1   Thumb Code    34  bsp_key.o(.text)
    Key_Scan                                 0x08003c13   Thumb Code   180  bsp_key.o(.text)
    bsp_GetRCCofGPIO                         0x08003ce1   Thumb Code    74  bsp_tim_pwm.o(.text)
    bsp_GetRCCofTIM                          0x08003d2b   Thumb Code   150  bsp_tim_pwm.o(.text)
    bsp_ConfigTimGpio                        0x08003dc1   Thumb Code    96  bsp_tim_pwm.o(.text)
    bsp_ConfigGpioOut                        0x08003e21   Thumb Code    46  bsp_tim_pwm.o(.text)
    bsp_SetTIMOutPWM                         0x08003e4f   Thumb Code   426  bsp_tim_pwm.o(.text)
    bsp_SetTIMOutPWM_N                       0x08003ff9   Thumb Code   516  bsp_tim_pwm.o(.text)
    bsp_SetTIMforInt                         0x080041fd   Thumb Code   478  bsp_tim_pwm.o(.text)
    bsp_LED_Init                             0x0800443b   Thumb Code   104  bsp_led.o(.text)
    bsp_Led_Flash                            0x080044a3   Thumb Code    50  bsp_led.o(.text)
    SD_LowLevel_DeInit                       0x080044ed   Thumb Code    66  bsp_sdio_sdcard.o(.text)
    SD_DeInit                                0x0800452f   Thumb Code     8  bsp_sdio_sdcard.o(.text)
    SD_EnableWideBusOperation                0x080048f3   Thumb Code   178  bsp_sdio_sdcard.o(.text)
    SD_SelectDeselect                        0x080049a5   Thumb Code    48  bsp_sdio_sdcard.o(.text)
    SD_GetCardInfo                           0x080049d5   Thumb Code   742  bsp_sdio_sdcard.o(.text)
    SD_InitializeCards                       0x08004db7   Thumb Code   294  bsp_sdio_sdcard.o(.text)
    SD_PowerON                               0x08004f85   Thumb Code   432  bsp_sdio_sdcard.o(.text)
    SD_LowLevel_Init                         0x08005135   Thumb Code    70  bsp_sdio_sdcard.o(.text)
    SD_Init                                  0x080051bb   Thumb Code   128  bsp_sdio_sdcard.o(.text)
    SD_SendStatus                            0x0800523b   Thumb Code    74  bsp_sdio_sdcard.o(.text)
    SD_Detect                                0x08005285   Thumb Code    12  bsp_sdio_sdcard.o(.text)
    SD_GetState                              0x08005291   Thumb Code    38  bsp_sdio_sdcard.o(.text)
    SD_GetStatus                             0x080052b7   Thumb Code    30  bsp_sdio_sdcard.o(.text)
    SD_PowerOFF                              0x080052d5   Thumb Code    14  bsp_sdio_sdcard.o(.text)
    SD_SendSDStatus                          0x080052e3   Thumb Code   364  bsp_sdio_sdcard.o(.text)
    SD_GetCardStatus                         0x0800544f   Thumb Code   156  bsp_sdio_sdcard.o(.text)
    SD_LowLevel_DMA_RxConfig                 0x080054eb   Thumb Code   146  bsp_sdio_sdcard.o(.text)
    SD_ReadBlock                             0x0800557d   Thumb Code   208  bsp_sdio_sdcard.o(.text)
    SD_ReadMultiBlocks                       0x0800564d   Thumb Code   218  bsp_sdio_sdcard.o(.text)
    SD_StopTransfer                          0x08005727   Thumb Code    46  bsp_sdio_sdcard.o(.text)
    SD_WaitReadOperation                     0x08005755   Thumb Code   102  bsp_sdio_sdcard.o(.text)
    SD_LowLevel_DMA_TxConfig                 0x080057bb   Thumb Code    98  bsp_sdio_sdcard.o(.text)
    SD_WriteBlock                            0x0800581d   Thumb Code   206  bsp_sdio_sdcard.o(.text)
    SD_WriteMultiBlocks                      0x080058eb   Thumb Code   358  bsp_sdio_sdcard.o(.text)
    SD_WaitWriteOperation                    0x08005a51   Thumb Code   102  bsp_sdio_sdcard.o(.text)
    SD_GetTransferState                      0x08005ab7   Thumb Code    18  bsp_sdio_sdcard.o(.text)
    SD_Erase                                 0x08005c55   Thumb Code   296  bsp_sdio_sdcard.o(.text)
    SD_ProcessIRQSrc                         0x08005d7d   Thumb Code   216  bsp_sdio_sdcard.o(.text)
    SD_ProcessDMAIRQ                         0x08005e55   Thumb Code    26  bsp_sdio_sdcard.o(.text)
    convert_from_bytes_to_power_of_two       0x08005e6f   Thumb Code    18  bsp_sdio_sdcard.o(.text)
    SD_DMAEndOfTransferStatus                0x08005e81   Thumb Code    10  bsp_sdio_sdcard.o(.text)
    SDIO_IRQHandler                          0x08005e8b   Thumb Code     8  bsp_sdio_sdcard.o(.text)
    DMA2_Channel4_5_IRQHandler               0x08005e93   Thumb Code     8  bsp_sdio_sdcard.o(.text)
    USART1_DMA_Config                        0x08005ef1   Thumb Code   194  bsp_usart1.o(.text)
    USART1_Config                            0x08005fb3   Thumb Code   174  bsp_usart1.o(.text)
    Uart1_Start_DMA_Tx                       0x08006061   Thumb Code    26  bsp_usart1.o(.text)
    DMA1_Channel4_IRQHandler                 0x0800607b   Thumb Code    36  bsp_usart1.o(.text)
    USART1_IRQHandler                        0x0800609f   Thumb Code   146  bsp_usart1.o(.text)
    Uart1_DMA_SendString                     0x08006131   Thumb Code    52  bsp_usart1.o(.text)
    Usart1_SendByte                          0x08006165   Thumb Code    30  bsp_usart1.o(.text)
    Usar1_SendString                         0x08006183   Thumb Code    42  bsp_usart1.o(.text)
    Usart1_SendHalfWord                      0x080061ad   Thumb Code    60  bsp_usart1.o(.text)
    fputc                                    0x080061e9   Thumb Code    36  bsp_usart1.o(.text)
    fgetc                                    0x0800620d   Thumb Code    30  bsp_usart1.o(.text)
    OLED_WR_Byte                             0x08006251   Thumb Code   102  bsp_oled.o(.text)
    OLED_Set_Pos                             0x080062b7   Thumb Code    48  bsp_oled.o(.text)
    oled_drawPoint                           0x080062e7   Thumb Code   100  bsp_oled.o(.text)
    oled_readPoint                           0x0800634b   Thumb Code    62  bsp_oled.o(.text)
    OLED_Display_On                          0x08006389   Thumb Code    28  bsp_oled.o(.text)
    OLED_Display_Off                         0x080063a5   Thumb Code    28  bsp_oled.o(.text)
    OLED_Refresh_Gram                        0x080063c1   Thumb Code    70  bsp_oled.o(.text)
    OLED_Clear                               0x08006407   Thumb Code    42  bsp_oled.o(.text)
    OLED_FillAll                             0x08006431   Thumb Code    42  bsp_oled.o(.text)
    OLED_Fill                                0x0800645b   Thumb Code    54  bsp_oled.o(.text)
    OLED_ShowChar                            0x08006491   Thumb Code   464  bsp_oled.o(.text)
    OLED_ShowChar32                          0x08006661   Thumb Code   368  bsp_oled.o(.text)
    mypow                                    0x080067d1   Thumb Code    22  bsp_oled.o(.text)
    OLED_ShowNum                             0x080067e7   Thumb Code   554  bsp_oled.o(.text)
    OLED_ShowNum32                           0x08006a11   Thumb Code   162  bsp_oled.o(.text)
    OLED_ShowString                          0x08006ab3   Thumb Code    70  bsp_oled.o(.text)
    OLED_ShowCHinese                         0x08006af9   Thumb Code   204  bsp_oled.o(.text)
    OLED_DrawBMP                             0x08006bc5   Thumb Code   278  bsp_oled.o(.text)
    bsp_OLED_Init                            0x08006cdb   Thumb Code   454  bsp_oled.o(.text)
    Oled_Show_NumCor                         0x08006ea1   Thumb Code    52  bsp_oled.o(.text)
    OLED_ShowStringCor                       0x08006ed5   Thumb Code    64  bsp_oled.o(.text)
    SHT3X_IIC_ACK                            0x08006f15   Thumb Code    78  bsp_sht3x.o(.text)
    SHT3X_IIC_NACK                           0x08006f63   Thumb Code    78  bsp_sht3x.o(.text)
    SHT3X_IIC_wait_ACK                       0x08006fb1   Thumb Code   154  bsp_sht3x.o(.text)
    SHT3X_IIC_Start                          0x0800704b   Thumb Code    68  bsp_sht3x.o(.text)
    SHT3X_IIC_Stop                           0x0800708f   Thumb Code    70  bsp_sht3x.o(.text)
    SHT3X_IIC_SendByte                       0x080070d5   Thumb Code   106  bsp_sht3x.o(.text)
    SHT3X_IIC_RcvByte                        0x0800713f   Thumb Code    96  bsp_sht3x.o(.text)
    SHT3x_Getdata                            0x0800719f   Thumb Code   390  bsp_sht3x.o(.text)
    bsp_SHT3x_Init                           0x08007325   Thumb Code    88  bsp_sht3x.o(.text)
    DS3231_IIC_ACK                           0x08007389   Thumb Code    78  bsp_ds3231.o(.text)
    DS3231_IIC_NACK                          0x080073d7   Thumb Code    78  bsp_ds3231.o(.text)
    DS3231_IIC_wait_ACK                      0x08007425   Thumb Code   154  bsp_ds3231.o(.text)
    DS3231_IIC_Start                         0x080074bf   Thumb Code    68  bsp_ds3231.o(.text)
    DS3231_IIC_Stop                          0x08007503   Thumb Code    70  bsp_ds3231.o(.text)
    DS3231_IIC_SendByte                      0x08007549   Thumb Code   106  bsp_ds3231.o(.text)
    DS3231_IIC_RcvByte                       0x080075b3   Thumb Code    96  bsp_ds3231.o(.text)
    BCDtoHEX                                 0x08007613   Thumb Code    24  bsp_ds3231.o(.text)
    B_BCD                                    0x0800762b   Thumb Code    32  bsp_ds3231.o(.text)
    DS3231_IIC_Write                         0x0800764b   Thumb Code    48  bsp_ds3231.o(.text)
    DS3231_IIC_Read                          0x0800767b   Thumb Code    30  bsp_ds3231.o(.text)
    DS3231_I2C_Read_Add                      0x08007699   Thumb Code    34  bsp_ds3231.o(.text)
    DS3231_Readtime                          0x080076bb   Thumb Code   278  bsp_ds3231.o(.text)
    autoweek                                 0x080077d1   Thumb Code   116  bsp_ds3231.o(.text)
    DS3231_SetTime                           0x08007845   Thumb Code   128  bsp_ds3231.o(.text)
    bsp_DS3231_Init                          0x080078c5   Thumb Code    96  bsp_ds3231.o(.text)
    SetTime_Add                              0x08007925   Thumb Code   380  bsp_ds3231.o(.text)
    GY30_IIC_ACK                             0x08007ab1   Thumb Code    76  bsp_gy30.o(.text)
    GY30_IIC_NACK                            0x08007afd   Thumb Code    74  bsp_gy30.o(.text)
    GY30_IIC_wait_ACK                        0x08007b47   Thumb Code   154  bsp_gy30.o(.text)
    GY30_IIC_Start                           0x08007be1   Thumb Code    90  bsp_gy30.o(.text)
    GY30_IIC_Stop                            0x08007c3b   Thumb Code    66  bsp_gy30.o(.text)
    GY30_IIC_SendByte                        0x08007c7d   Thumb Code   164  bsp_gy30.o(.text)
    GY30_IIC_RcvByte                         0x08007d21   Thumb Code    96  bsp_gy30.o(.text)
    Single_Write_BH1750                      0x08007d81   Thumb Code    26  bsp_gy30.o(.text)
    Single_Read_BH1750                       0x08007d9b   Thumb Code    48  bsp_gy30.o(.text)
    Multiple_Read_BH1750                     0x08007dcb   Thumb Code    52  bsp_gy30.o(.text)
    bsp_BH1750_Init                          0x08007dff   Thumb Code    98  bsp_gy30.o(.text)
    Updata_BH1750                            0x08007e61   Thumb Code    96  bsp_gy30.o(.text)
    UART2_DMA_Config                         0x08007f01   Thumb Code   194  bsp_usart2.o(.text)
    UART2_Config                             0x08007fc3   Thumb Code   170  bsp_usart2.o(.text)
    Uart2_Start_DMA_Tx                       0x0800806d   Thumb Code    26  bsp_usart2.o(.text)
    DMA1_Channel7_IRQHandler                 0x08008087   Thumb Code    36  bsp_usart2.o(.text)
    USART2_IRQHandler                        0x080080ab   Thumb Code   158  bsp_usart2.o(.text)
    Uart2_DMA_SendString                     0x08008149   Thumb Code    52  bsp_usart2.o(.text)
    bsp_PMS_Init                             0x0800817d   Thumb Code    10  bsp_usart2.o(.text)
    bsp_BME280_Init                          0x080081ad   Thumb Code    90  bsp_bme280.o(.text)
    BME280_IIC_Start                         0x08008207   Thumb Code    68  bsp_bme280.o(.text)
    BME280_IIC_Stop                          0x0800824b   Thumb Code    62  bsp_bme280.o(.text)
    BME280_IIC_Wait_Ack                      0x08008289   Thumb Code    86  bsp_bme280.o(.text)
    BME280_IIC_Ack                           0x080082df   Thumb Code    66  bsp_bme280.o(.text)
    BME280_IIC_NAck                          0x08008321   Thumb Code    66  bsp_bme280.o(.text)
    BME280_IIC_Send_Byte                     0x08008363   Thumb Code    90  bsp_bme280.o(.text)
    BME280_IIC_Read_Byte                     0x080083bd   Thumb Code    98  bsp_bme280.o(.text)
    BME280_Write_Byte                        0x0800841f   Thumb Code    76  bsp_bme280.o(.text)
    BME280_Read_Byte                         0x0800846b   Thumb Code    72  bsp_bme280.o(.text)
    BME280_Read_Len                          0x080084b3   Thumb Code   116  bsp_bme280.o(.text)
    readTrim                                 0x08008527   Thumb Code   358  bsp_bme280.o(.text)
    BME280_Init                              0x0800868d   Thumb Code    54  bsp_bme280.o(.text)
    BME280_Getdata                           0x08008afd   Thumb Code   144  bsp_bme280.o(.text)
    CAN_GPIO_Config                          0x08008bd9   Thumb Code    76  bsp_can.o(.text)
    CAN_Mode_Config                          0x08008c25   Thumb Code    84  bsp_can.o(.text)
    CAN_Filter_Config                        0x08008c79   Thumb Code    64  bsp_can.o(.text)
    CAN_NVIC_Config                          0x08008cb9   Thumb Code    34  bsp_can.o(.text)
    bsp_CAN_Init                             0x08008cdb   Thumb Code    20  bsp_can.o(.text)
    USB_LP_CAN1_RX0_IRQHandler               0x08008cef   Thumb Code    44  bsp_can.o(.text)
    ADC_Filter                               0x08008d31   Thumb Code    98  bsp_adc.o(.text)
    getAdcValue                              0x08008d93   Thumb Code    42  bsp_adc.o(.text)
    Adc_Gpio_Init                            0x08008dbd   Thumb Code    92  bsp_adc.o(.text)
    Adc_Dma_Init                             0x08008e19   Thumb Code    82  bsp_adc.o(.text)
    Adc_Adc_Init                             0x08008e6b   Thumb Code   202  bsp_adc.o(.text)
    Adc_Init                                 0x08008f35   Thumb Code    16  bsp_adc.o(.text)
    MOTOR_GPIO_Init                          0x08008f59   Thumb Code   110  bsp_motor.o(.text)
    bsp_Motor_Init                           0x08008fc7   Thumb Code   178  bsp_motor.o(.text)
    Set_Pwm                                  0x08009079   Thumb Code   144  bsp_motor.o(.text)
    pvPortMalloc                             0x080091db   Thumb Code   254  heap_4.o(.text)
    vPortFree                                0x080092d9   Thumb Code   112  heap_4.o(.text)
    xPortGetFreeHeapSize                     0x08009349   Thumb Code     6  heap_4.o(.text)
    xPortGetMinimumEverFreeHeapSize          0x0800934f   Thumb Code     6  heap_4.o(.text)
    vPortInitialiseBlocks                    0x08009355   Thumb Code     2  heap_4.o(.text)
    pxPortInitialiseStack                    0x08009391   Thumb Code    26  port.o(.text)
    vPortSetupTimerInterrupt                 0x080093ab   Thumb Code    14  port.o(.text)
    xPortStartScheduler                      0x080093b9   Thumb Code   140  port.o(.text)
    vPortEndScheduler                        0x08009445   Thumb Code    30  port.o(.text)
    vPortYield                               0x08009463   Thumb Code    20  port.o(.text)
    vPortEnterCritical                       0x08009477   Thumb Code    60  port.o(.text)
    vPortExitCritical                        0x080094b3   Thumb Code    40  port.o(.text)
    SysTick_Handler                          0x080094db   Thumb Code    30  port.o(.text)
    vPortValidateInterruptPriority           0x080094f9   Thumb Code    80  port.o(.text)
    xCoRoutineCreate                         0x0800959f   Thumb Code   126  croutine.o(.text)
    vCoRoutineAddToDelayedList               0x0800961d   Thumb Code    82  croutine.o(.text)
    vCoRoutineSchedule                       0x0800977f   Thumb Code   122  croutine.o(.text)
    xCoRoutineRemoveFromEventList            0x080097f9   Thumb Code    48  croutine.o(.text)
    xEventGroupCreate                        0x08009855   Thumb Code    26  event_groups.o(.text)
    xEventGroupSetBits                       0x0800986f   Thumb Code   178  event_groups.o(.text)
    xEventGroupSync                          0x08009921   Thumb Code   186  event_groups.o(.text)
    xEventGroupWaitBits                      0x080099f9   Thumb Code   238  event_groups.o(.text)
    xEventGroupClearBits                     0x08009ae7   Thumb Code    64  event_groups.o(.text)
    xEventGroupGetBitsFromISR                0x08009b27   Thumb Code    28  event_groups.o(.text)
    vEventGroupDelete                        0x08009b43   Thumb Code    68  event_groups.o(.text)
    vEventGroupSetBitsCallback               0x08009b87   Thumb Code    16  event_groups.o(.text)
    vEventGroupClearBitsCallback             0x08009b97   Thumb Code    16  event_groups.o(.text)
    uxEventGroupGetNumber                    0x08009ba7   Thumb Code    14  event_groups.o(.text)
    vListInitialise                          0x08009bb5   Thumb Code    26  list.o(.text)
    vListInitialiseItem                      0x08009bcf   Thumb Code     6  list.o(.text)
    vListInsertEnd                           0x08009bd5   Thumb Code    24  list.o(.text)
    vListInsert                              0x08009bed   Thumb Code    52  list.o(.text)
    uxListRemove                             0x08009c21   Thumb Code    40  list.o(.text)
    xQueueGenericReset                       0x08009c49   Thumb Code   120  queue.o(.text)
    xQueueGenericCreate                      0x08009cc1   Thumb Code   106  queue.o(.text)
    xQueueGenericSend                        0x08009e35   Thumb Code   296  queue.o(.text)
    xQueueGenericSendFromISR                 0x08009f5d   Thumb Code   172  queue.o(.text)
    xQueueGiveFromISR                        0x0800a009   Thumb Code   148  queue.o(.text)
    xQueueGenericReceive                     0x0800a0e1   Thumb Code   290  queue.o(.text)
    xQueueReceiveFromISR                     0x0800a203   Thumb Code   136  queue.o(.text)
    xQueuePeekFromISR                        0x0800a28b   Thumb Code   110  queue.o(.text)
    uxQueueMessagesWaiting                   0x0800a2f9   Thumb Code    28  queue.o(.text)
    uxQueueSpacesAvailable                   0x0800a315   Thumb Code    34  queue.o(.text)
    uxQueueMessagesWaitingFromISR            0x0800a337   Thumb Code    20  queue.o(.text)
    vQueueDelete                             0x0800a34b   Thumb Code    24  queue.o(.text)
    uxQueueGetQueueNumber                    0x0800a363   Thumb Code     6  queue.o(.text)
    vQueueSetQueueNumber                     0x0800a369   Thumb Code     4  queue.o(.text)
    ucQueueGetQueueType                      0x0800a36d   Thumb Code     8  queue.o(.text)
    xQueueIsQueueEmptyFromISR                0x0800a375   Thumb Code    28  queue.o(.text)
    xQueueIsQueueFullFromISR                 0x0800a391   Thumb Code    32  queue.o(.text)
    xQueueCRSend                             0x0800a3b1   Thumb Code   130  queue.o(.text)
    xQueueCRReceive                          0x0800a433   Thumb Code   148  queue.o(.text)
    xQueueCRSendFromISR                      0x0800a4c7   Thumb Code    64  queue.o(.text)
    xQueueCRReceiveFromISR                   0x0800a507   Thumb Code    94  queue.o(.text)
    xTaskGenericCreate                       0x0800a64b   Thumb Code   288  tasks.o(.text)
    vTaskDelete                              0x0800a795   Thumb Code   160  tasks.o(.text)
    xTaskIncrementTick                       0x0800a835   Thumb Code   272  tasks.o(.text)
    xTaskResumeAll                           0x0800a945   Thumb Code   282  tasks.o(.text)
    vTaskSuspendAll                          0x0800aa9d   Thumb Code    12  tasks.o(.text)
    vTaskDelayUntil                          0x0800aaa9   Thumb Code   176  tasks.o(.text)
    vTaskDelay                               0x0800ab59   Thumb Code    94  tasks.o(.text)
    uxTaskPriorityGet                        0x0800abb7   Thumb Code    30  tasks.o(.text)
    uxTaskPriorityGetFromISR                 0x0800abd5   Thumb Code    42  tasks.o(.text)
    vTaskPrioritySet                         0x0800abff   Thumb Code   224  tasks.o(.text)
    vTaskSwitchContext                       0x0800acdf   Thumb Code   158  tasks.o(.text)
    vTaskSuspend                             0x0800ad7d   Thumb Code   232  tasks.o(.text)
    vTaskResume                              0x0800aea9   Thumb Code   104  tasks.o(.text)
    xTaskResumeFromISR                       0x0800af11   Thumb Code   126  tasks.o(.text)
    vTaskStartScheduler                      0x0800b00b   Thumb Code    74  tasks.o(.text)
    vTaskEndScheduler                        0x0800b055   Thumb Code    18  tasks.o(.text)
    xTaskGetTickCount                        0x0800b067   Thumb Code     6  tasks.o(.text)
    xTaskGetTickCountFromISR                 0x0800b06d   Thumb Code    16  tasks.o(.text)
    uxTaskGetNumberOfTasks                   0x0800b07d   Thumb Code     6  tasks.o(.text)
    uxTaskGetSystemState                     0x0800b149   Thumb Code   208  tasks.o(.text)
    vTaskPlaceOnEventList                    0x0800b219   Thumb Code    94  tasks.o(.text)
    vTaskPlaceOnUnorderedEventList           0x0800b277   Thumb Code   132  tasks.o(.text)
    xTaskRemoveFromEventList                 0x0800b2fb   Thumb Code   114  tasks.o(.text)
    xTaskRemoveFromUnorderedEventList        0x0800b36d   Thumb Code   126  tasks.o(.text)
    vTaskSetTimeOutState                     0x0800b3eb   Thumb Code    28  tasks.o(.text)
    xTaskCheckForTimeOut                     0x0800b407   Thumb Code   108  tasks.o(.text)
    vTaskMissedYield                         0x0800b473   Thumb Code     8  tasks.o(.text)
    uxTaskGetTaskNumber                      0x0800b47b   Thumb Code    14  tasks.o(.text)
    vTaskSetTaskNumber                       0x0800b489   Thumb Code     8  tasks.o(.text)
    vTaskList                                0x0800b4bb   Thumb Code   180  tasks.o(.text)
    vTaskGetRunTimeStats                     0x0800b56f   Thumb Code   242  tasks.o(.text)
    uxTaskResetEventItemValue                0x0800b661   Thumb Code    24  tasks.o(.text)
    ulTaskNotifyTake                         0x0800b679   Thumb Code   162  tasks.o(.text)
    xTaskNotifyWait                          0x0800b71b   Thumb Code   196  tasks.o(.text)
    xTaskGenericNotify                       0x0800b7df   Thumb Code   202  tasks.o(.text)
    xTaskGenericNotifyFromISR                0x0800b8a9   Thumb Code   240  tasks.o(.text)
    vTaskNotifyGiveFromISR                   0x0800b999   Thumb Code   158  tasks.o(.text)
    xTaskNotifyStateClear                    0x0800ba37   Thumb Code    78  tasks.o(.text)
    Status_Scan                              0x0800ba85   Thumb Code    54  keytask.o(.text)
    vTaskKey                                 0x0800babb   Thumb Code    44  keytask.o(.text)
    canSendKeyClickData                      0x0800bae7   Thumb Code    78  keytask.o(.text)
    vTaskLed                                 0x0800bc23   Thumb Code    76  ledtask.o(.text)
    canSendLedData                           0x0800bc6f   Thumb Code   280  ledtask.o(.text)
    canSendUIREQ                             0x0800bda5   Thumb Code    80  displaytask.o(.text)
    vTaskDisplay                             0x0800be01   Thumb Code   216  displaytask.o(.text)
    setShow_ui                               0x0800bed9   Thumb Code    14  displaytask.o(.text)
    Show_Para_Con                            0x0800bee7   Thumb Code    72  displaytask.o(.text)
    Change_UIMode                            0x0800bf2f   Thumb Code    58  displaytask.o(.text)
    canSendEevUIData                         0x0800bf69   Thumb Code   288  displaytask.o(.text)
    canSendCarUIReqCmd                       0x0800c089   Thumb Code    70  displaytask.o(.text)
    canSendGasData                           0x0800c0f5   Thumb Code   236  environmenttask.o(.text)
    canSendSht3xData                         0x0800c1e1   Thumb Code   570  environmenttask.o(.text)
    HuimidityCon                             0x0800c41b   Thumb Code    76  environmenttask.o(.text)
    TemperatureCon                           0x0800c467   Thumb Code   234  environmenttask.o(.text)
    UpGasData                                0x0800c551   Thumb Code    34  environmenttask.o(.text)
    vTaskEnvironment                         0x0800c5ef   Thumb Code    90  environmenttask.o(.text)
    canSendClockData                         0x0800c671   Thumb Code   818  clocktask.o(.text)
    vTaskClock                               0x0800c9af   Thumb Code    24  clocktask.o(.text)
    canSendGy30Data                          0x0800c9d9   Thumb Code   210  lighttask.o(.text)
    vTaskLight                               0x0800cab9   Thumb Code    30  lighttask.o(.text)
    canSendPmsData                           0x0800cae9   Thumb Code   304  pmstask.o(.text)
    AQI_Scan                                 0x0800cc19   Thumb Code   202  pmstask.o(.text)
    PmsCon                                   0x0800cce3   Thumb Code    86  pmstask.o(.text)
    UpdataPms                                0x0800cd39   Thumb Code    34  pmstask.o(.text)
    vTaskPms                                 0x0800cd69   Thumb Code    46  pmstask.o(.text)
    canSendBMEData                           0x0800cdbd   Thumb Code   344  bmetask.o(.text)
    vTaskBme                                 0x0800cf17   Thumb Code    24  bmetask.o(.text)
    vTaskCanRx                               0x0800cf73   Thumb Code    52  cancommunicatetask.o(.text)
    vTaskCanTx                               0x0800cfa7   Thumb Code    42  cancommunicatetask.o(.text)
    vTaskcanSendData                         0x0800cfd1   Thumb Code    94  cancommunicatetask.o(.text)
    Main_uiconfigParamInit                   0x0800d051   Thumb Code    96  main_ui.o(.text)
    Main_ZUI                                 0x0800d0b1   Thumb Code 15410  main_ui.o(.text)
    Main_uictrl                              0x08010d71   Thumb Code  4198  main_ui.o(.text)
    Car_uiconfigParamInit                    0x08011de1   Thumb Code    92  car_ui.o(.text)
    Car_ZUI                                  0x08011e3d   Thumb Code  5698  car_ui.o(.text)
    Car_uictrl                               0x080134ab   Thumb Code   778  car_ui.o(.text)
    __aeabi_uldivmod                         0x080137b5   Thumb Code    98  uldiv.o(.text)
    __aeabi_ldivmod                          0x08013817   Thumb Code    98  ldiv.o(.text)
    __aeabi_memcpy                           0x08013879   Thumb Code    36  memcpya.o(.text)
    __aeabi_memcpy4                          0x08013879   Thumb Code     0  memcpya.o(.text)
    __aeabi_memcpy8                          0x08013879   Thumb Code     0  memcpya.o(.text)
    __aeabi_memset                           0x0801389d   Thumb Code    14  memseta.o(.text)
    __aeabi_memset4                          0x0801389d   Thumb Code     0  memseta.o(.text)
    __aeabi_memset8                          0x0801389d   Thumb Code     0  memseta.o(.text)
    __aeabi_memclr                           0x080138ab   Thumb Code     4  memseta.o(.text)
    __aeabi_memclr4                          0x080138ab   Thumb Code     0  memseta.o(.text)
    __aeabi_memclr8                          0x080138ab   Thumb Code     0  memseta.o(.text)
    _memset$wrapper                          0x080138af   Thumb Code    18  memseta.o(.text)
    strlen                                   0x080138c1   Thumb Code    14  strlen.o(.text)
    strcpy                                   0x080138cf   Thumb Code    18  strcpy.o(.text)
    __aeabi_fadd                             0x080138e1   Thumb Code   164  fadd.o(.text)
    __aeabi_fsub                             0x08013985   Thumb Code     6  fadd.o(.text)
    __aeabi_frsub                            0x0801398b   Thumb Code     6  fadd.o(.text)
    __aeabi_fmul                             0x08013991   Thumb Code   100  fmul.o(.text)
    __aeabi_fdiv                             0x080139f5   Thumb Code   124  fdiv.o(.text)
    __aeabi_dadd                             0x08013a71   Thumb Code   322  dadd.o(.text)
    __aeabi_dsub                             0x08013bb3   Thumb Code     6  dadd.o(.text)
    __aeabi_drsub                            0x08013bb9   Thumb Code     6  dadd.o(.text)
    __aeabi_dmul                             0x08013bbf   Thumb Code   228  dmul.o(.text)
    __aeabi_ddiv                             0x08013ca3   Thumb Code   222  ddiv.o(.text)
    __aeabi_i2f                              0x08013d81   Thumb Code    18  fflti.o(.text)
    __aeabi_ui2f                             0x08013d93   Thumb Code    10  ffltui.o(.text)
    __aeabi_i2d                              0x08013d9d   Thumb Code    34  dflti.o(.text)
    __aeabi_ui2d                             0x08013dbf   Thumb Code    26  dfltui.o(.text)
    __aeabi_f2iz                             0x08013dd9   Thumb Code    50  ffixi.o(.text)
    __aeabi_f2uiz                            0x08013e0b   Thumb Code    40  ffixui.o(.text)
    __aeabi_d2iz                             0x08013e33   Thumb Code    62  dfixi.o(.text)
    __aeabi_f2d                              0x08013e71   Thumb Code    38  f2d.o(.text)
    __aeabi_cdcmpeq                          0x08013e99   Thumb Code     0  cdcmple.o(.text)
    __aeabi_cdcmple                          0x08013e99   Thumb Code    48  cdcmple.o(.text)
    __aeabi_d2f                              0x08013ec9   Thumb Code    56  d2f.o(.text)
    __aeabi_cfcmpeq                          0x08013f01   Thumb Code     0  cfcmple.o(.text)
    __aeabi_cfcmple                          0x08013f01   Thumb Code    20  cfcmple.o(.text)
    __aeabi_cfrcmple                         0x08013f15   Thumb Code    20  cfrcmple.o(.text)
    __aeabi_llsl                             0x08013f29   Thumb Code    30  llshl.o(.text)
    _ll_shift_l                              0x08013f29   Thumb Code     0  llshl.o(.text)
    __aeabi_llsr                             0x08013f47   Thumb Code    32  llushr.o(.text)
    _ll_ushift_r                             0x08013f47   Thumb Code     0  llushr.o(.text)
    __aeabi_lasr                             0x08013f67   Thumb Code    36  llsshr.o(.text)
    _ll_sshift_r                             0x08013f67   Thumb Code     0  llsshr.o(.text)
    __strtod_int                             0x08013fc3   Thumb Code    88  strtod.o(.text)
    __I$use$fp                               0x08014029   Thumb Code     0  iusefp.o(.text)
    _float_round                             0x08014029   Thumb Code    18  fepilogue.o(.text)
    _float_epilogue                          0x0801403b   Thumb Code    92  fepilogue.o(.text)
    _double_round                            0x08014097   Thumb Code    30  depilogue.o(.text)
    _double_epilogue                         0x080140b5   Thumb Code   156  depilogue.o(.text)
    __ARM_scalbn                             0x08014151   Thumb Code    46  dscalb.o(.text)
    scalbn                                   0x08014151   Thumb Code     0  dscalb.o(.text)
    __aeabi_cdrcmple                         0x08014181   Thumb Code    48  cdrcmple.o(.text)
    __scatterload                            0x080141b1   Thumb Code    28  init.o(.text)
    __scatterload_rt2                        0x080141b1   Thumb Code     0  init.o(.text)
    isspace                                  0x080141d5   Thumb Code    10  isspace_c.o(.text)
    _scanf_real                              0x080142e1   Thumb Code     0  scanf_fp.o(.text)
    _scanf_really_real                       0x080142e1   Thumb Code   556  scanf_fp.o(.text)
    _sgetc                                   0x08014519   Thumb Code    30  _sgetc.o(.text)
    _sbackspace                              0x08014537   Thumb Code    34  _sgetc.o(.text)
    _dsqrt                                   0x08014559   Thumb Code   162  dsqrt.o(.text)
    __ctype_lookup                           0x080145fd   Thumb Code    34  ctype_c.o(.text)
    __aeabi_ul2d                             0x08014625   Thumb Code    24  dfltul.o(.text)
    __decompress                             0x0801463d   Thumb Code     0  __dczerorl2.o(.text)
    __decompress1                            0x0801463d   Thumb Code    86  __dczerorl2.o(.text)
    __0sprintf$4                             0x08014695   Thumb Code    34  printf4.o(i.__0sprintf$4)
    __1sprintf$4                             0x08014695   Thumb Code     0  printf4.o(i.__0sprintf$4)
    __2sprintf                               0x08014695   Thumb Code     0  printf4.o(i.__0sprintf$4)
    __ARM_fpclassify                         0x080146bd   Thumb Code    40  fpclassify.o(i.__ARM_fpclassify)
    __kernel_poly                            0x080146e5   Thumb Code   170  poly.o(i.__kernel_poly)
    __mathlib_dbl_divzero                    0x08014791   Thumb Code    12  dunder.o(i.__mathlib_dbl_divzero)
    __mathlib_dbl_infnan2                    0x080147a1   Thumb Code     4  dunder.o(i.__mathlib_dbl_infnan2)
    __mathlib_dbl_invalid                    0x080147a5   Thumb Code    12  dunder.o(i.__mathlib_dbl_invalid)
    __mathlib_dbl_overflow                   0x080147b1   Thumb Code    14  dunder.o(i.__mathlib_dbl_overflow)
    __mathlib_dbl_underflow                  0x080147c1   Thumb Code    10  dunder.o(i.__mathlib_dbl_underflow)
    __read_errno                             0x080147d1   Thumb Code     6  errno.o(i.__read_errno)
    __scatterload_copy                       0x080147dd   Thumb Code    14  handlers.o(i.__scatterload_copy)
    __scatterload_null                       0x080147eb   Thumb Code     2  handlers.o(i.__scatterload_null)
    __scatterload_zeroinit                   0x080147ed   Thumb Code    14  handlers.o(i.__scatterload_zeroinit)
    __set_errno                              0x080147fd   Thumb Code     6  errno.o(i.__set_errno)
    _is_digit                                0x08014809   Thumb Code    14  scanf_fp.o(i._is_digit)
    atof                                     0x08014a4f   Thumb Code    42  atof.o(i.atof)
    pow                                      0x08014a79   Thumb Code  2478  pow.o(i.pow)
    sqrt                                     0x08015431   Thumb Code    76  sqrt.o(i.sqrt)
    F6x8                                     0x0801547c   Data         552  bsp_oled.o(.constdata)
    F8X16                                    0x080156a4   Data        1520  bsp_oled.o(.constdata)
    F16X32                                   0x08015c94   Data         896  bsp_oled.o(.constdata)
    Hzk                                      0x08016014   Data        1024  bsp_oled.o(.constdata)
    UI_NOSIGNAL8X8                           0x08016414   Data           8  bmp.o(.constdata)
    UI_ASIGNAL8X8                            0x0801641c   Data           8  bmp.o(.constdata)
    __mathlib_zero                           0x080164b0   Data           8  qnan.o(.constdata)
    __ctype_categories                       0x080164b8   Data          64  ctype_c.o(.constdata)
    Region$$Table$$Base                      0x080164f8   Number         0  anon$$obj.o(Region$$Table)
    Region$$Table$$Limit                     0x08016518   Number         0  anon$$obj.o(Region$$Table)
    SystemCoreClock                          0x20000000   Data           4  system_stm32f10x.o(.data)
    AHBPrescTable                            0x20000004   Data          16  system_stm32f10x.o(.data)
    xHandleTaskDisplay                       0x20000040   Data           4  main.o(.data)
    xHandleTaskEnvironment                   0x20000044   Data           4  main.o(.data)
    xHandleTaskClock                         0x20000048   Data           4  main.o(.data)
    xHandleTaskLight                         0x2000004c   Data           4  main.o(.data)
    xHandleTaskPms                           0x20000050   Data           4  main.o(.data)
    xHandleTaskBme                           0x20000054   Data           4  main.o(.data)
    xHandleTaskSendData                      0x20000058   Data           4  main.o(.data)
    xQueue_uart1Rx                           0x2000005c   Data           4  main.o(.data)
    xQueue_uart1Tx                           0x20000060   Data           4  main.o(.data)
    xQueue_uart2Rx                           0x20000064   Data           4  main.o(.data)
    xQueue_canRx                             0x20000068   Data           4  main.o(.data)
    xQueue_canTx                             0x2000006c   Data           4  main.o(.data)
    Event_canSendData                        0x20000070   Data           4  main.o(.data)
    ulHighFrequencyTimerTicks                0x20000074   Data           4  sysinfotest.o(.data)
    canConnect                               0x20000078   Data           8  cancommunicate.o(.data)
    carUIPara                                0x20000080   Data           6  cancommunicate.o(.data)
    carLEDA                                  0x20000088   Data           8  cancommunicate.o(.data)
    carFMQ                                   0x20000090   Data           8  cancommunicate.o(.data)
    Car                                      0x20000098   Data           4  cancommunicate.o(.data)
    Hwbz_LD                                  0x2000009c   Data           1  cancommunicate.o(.data)
    Hwbz_LU                                  0x2000009d   Data           1  cancommunicate.o(.data)
    Hwbz_RU                                  0x2000009e   Data           1  cancommunicate.o(.data)
    Hwbz_RD                                  0x2000009f   Data           1  cancommunicate.o(.data)
    KEY_RetValue                             0x200000a4   Data           1  bsp_key.o(.data)
    Key_PU                                   0x200000a8   Data          20  bsp_key.o(.data)
    Key_PD                                   0x200000bc   Data          20  bsp_key.o(.data)
    Key_PL                                   0x200000d0   Data          20  bsp_key.o(.data)
    Key_PR                                   0x200000e4   Data          20  bsp_key.o(.data)
    Key_PM                                   0x200000f8   Data          20  bsp_key.o(.data)
    LedA                                     0x2000010c   Data          28  bsp_led.o(.data)
    LedB                                     0x20000128   Data          28  bsp_led.o(.data)
    Fmq                                      0x20000144   Data          28  bsp_led.o(.data)
    Jsq                                      0x20000160   Data          28  bsp_led.o(.data)
    Flz                                      0x2000017c   Data          28  bsp_led.o(.data)
    StopCondition                            0x200001a0   Data           4  bsp_sdio_sdcard.o(.data)
    TransferError                            0x200001a4   Data           1  bsp_sdio_sdcard.o(.data)
    TransferEnd                              0x200001a8   Data           4  bsp_sdio_sdcard.o(.data)
    DMAEndOfTransfer                         0x200001ac   Data           4  bsp_sdio_sdcard.o(.data)
    Oled_Colour                              0x200001b3   Data           1  bsp_oled.o(.data)
    BH_Buf                                   0x200001b4   Data           8  bsp_gy30.o(.data)
    pxCurrentCoRoutine                       0x2000020c   Data           4  croutine.o(.data)
    pxCurrentTCB                             0x20000220   Data           4  tasks.o(.data)
    SendLedDataTickCount                     0x20000260   Data           4  ledtask.o(.data)
    Show_ui                                  0x20000264   Data           1  displaytask.o(.data)
    SendUITickCount                          0x20000268   Data           4  displaytask.o(.data)
    SendUITickCountA                         0x2000026c   Data           4  displaytask.o(.data)
    MotorA                                   0x20000274   Data           8  environmenttask.o(.data)
    MotorB                                   0x2000027c   Data           8  environmenttask.o(.data)
    Smog                                     0x20000284   Data           8  environmenttask.o(.data)
    Hydrogen                                 0x2000028c   Data           8  environmenttask.o(.data)
    CO                                       0x20000294   Data           8  environmenttask.o(.data)
    EnvTickCount                             0x2000029c   Data           4  environmenttask.o(.data)
    Encoder                                  0x200002a8   Data          16  cancommunicate.o(.bss)
    Motorpwm                                 0x200002b8   Data          16  cancommunicate.o(.bss)
    Distance                                 0x200002c8   Data          12  cancommunicate.o(.bss)
    MotorAllPID                              0x200002d4   Data          12  cancommunicate.o(.bss)
    SDCardInfo                               0x20000310   Data          88  bsp_sdio_sdcard.o(.bss)
    SDIO_InitStructure                       0x20000368   Data          24  bsp_sdio_sdcard.o(.bss)
    SDIO_CmdInitStructure                    0x20000380   Data          20  bsp_sdio_sdcard.o(.bss)
    SDIO_DataInitStructure                   0x20000394   Data          24  bsp_sdio_sdcard.o(.bss)
    bme280Cal                                0x20000874   Data          40  bsp_bme280.o(.bss)
    tCanTxMsg                                0x200008b0   Data          20  bsp_can.o(.bss)
    tCanRxMsg                                0x200008c4   Data          20  bsp_can.o(.bss)
    AdcValue                                 0x200008d8   Data         100  bsp_adc.o(.bss)
    Huimiture                                0x2000845c   Data          36  environmenttask.o(.bss)
    ClockA                                   0x20008480   Data          36  clocktask.o(.bss)
    SetClock                                 0x200084a4   Data          36  clocktask.o(.bss)
    Light                                    0x200084c8   Data          20  lighttask.o(.bss)
    Pms                                      0x200084dc   Data          10  pmstask.o(.bss)
    Bme                                      0x200084e8   Data          16  bmetask.o(.bss)
    Main_uiconfigParam                       0x200084f8   Data          80  main_ui.o(.bss)
    Car_uiconfigParam                        0x20008548   Data          80  car_ui.o(.bss)
    __initial_sp                             0x20008998   Data           0  startup_stm32f10x_hd.o(STACK)



==============================================================================

Memory Map of the image

  Image Entry point : 0x08000131

  Load Region LR_IROM1 (Base: 0x08000000, Size: 0x000167c0, Max: 0x00040000, ABSOLUTE, COMPRESSED[0x00016580])

    Execution Region ER_IROM1 (Base: 0x08000000, Size: 0x00016518, Max: 0x00040000, ABSOLUTE)

    Base Addr    Size         Type   Attr      Idx    E Section Name        Object

    0x08000000   0x00000130   Data   RO          398    RESET               startup_stm32f10x_hd.o
    0x08000130   0x00000000   Code   RO         1452  * .ARM.Collect$$$$00000000  mc_w.l(entry.o)
    0x08000130   0x00000004   Code   RO         1793    .ARM.Collect$$$$00000001  mc_w.l(entry2.o)
    0x08000134   0x00000004   Code   RO         1796    .ARM.Collect$$$$00000004  mc_w.l(entry5.o)
    0x08000138   0x00000000   Code   RO         1798    .ARM.Collect$$$$00000008  mc_w.l(entry7b.o)
    0x08000138   0x00000000   Code   RO         1800    .ARM.Collect$$$$0000000A  mc_w.l(entry8b.o)
    0x08000138   0x00000008   Code   RO         1801    .ARM.Collect$$$$0000000B  mc_w.l(entry9a.o)
    0x08000140   0x00000000   Code   RO         1803    .ARM.Collect$$$$0000000D  mc_w.l(entry10a.o)
    0x08000140   0x00000000   Code   RO         1805    .ARM.Collect$$$$0000000F  mc_w.l(entry11a.o)
    0x08000140   0x00000004   Code   RO         1794    .ARM.Collect$$$$00002712  mc_w.l(entry2.o)
    0x08000144   0x000000a2   Code   RO         1050    .emb_text           port.o
    0x080001e6   0x00000002   PAD
    0x080001e8   0x000001e0   Code   RO           17    .text               system_stm32f10x.o
    0x080003c8   0x000000dc   Code   RO          114    .text               misc.o
    0x080004a4   0x0000044e   Code   RO          130    .text               stm32f10x_adc.o
    0x080008f2   0x00000002   PAD
    0x080008f4   0x000009f0   Code   RO          154    .text               stm32f10x_can.o
    0x080012e4   0x00000254   Code   RO          214    .text               stm32f10x_dma.o
    0x08001538   0x0000035c   Code   RO          262    .text               stm32f10x_gpio.o
    0x08001894   0x000003a4   Code   RO          310    .text               stm32f10x_rcc.o
    0x08001c38   0x000001d4   Code   RO          336    .text               stm32f10x_sdio.o
    0x08001e0c   0x00000e1a   Code   RO          360    .text               stm32f10x_tim.o
    0x08002c26   0x00000002   PAD
    0x08002c28   0x00000408   Code   RO          372    .text               stm32f10x_usart.o
    0x08003030   0x00000024   Code   RO          399    .text               startup_stm32f10x_hd.o
    0x08003054   0x00000014   Code   RO          403    .text               stm32f10x_it.o
    0x08003068   0x000002a8   Code   RO          418    .text               main.o
    0x08003310   0x0000003c   Code   RO          618    .text               sysinfotest.o
    0x0800334c   0x00000088   Code   RO          640    .text               control.o
    0x080033d4   0x00000008   Code   RO          652    .text               gather.o
    0x080033dc   0x00000014   Code   RO          673    .text               cancommunicate.o
    0x080033f0   0x00000708   Code   RO          692    .text               protocol.o
    0x08003af8   0x0000007c   Code   RO          727    .text               bsp_dwt_delay.o
    0x08003b74   0x00000058   Code   RO          741    .text               bsp.o
    0x08003bcc   0x00000114   Code   RO          753    .text               bsp_key.o
    0x08003ce0   0x00000728   Code   RO          771    .text               bsp_tim_pwm.o
    0x08004408   0x000000e4   Code   RO          786    .text               bsp_led.o
    0x080044ec   0x000019c4   Code   RO          805    .text               bsp_sdio_sdcard.o
    0x08005eb0   0x000003a0   Code   RO          838    .text               bsp_usart1.o
    0x08006250   0x00000cc4   Code   RO          853    .text               bsp_oled.o
    0x08006f14   0x00000474   Code   RO          876    .text               bsp_sht3x.o
    0x08007388   0x00000728   Code   RO          895    .text               bsp_ds3231.o
    0x08007ab0   0x00000410   Code   RO          914    .text               bsp_gy30.o
    0x08007ec0   0x000002ec   Code   RO          936    .text               bsp_usart2.o
    0x080081ac   0x00000a2c   Code   RO          958    .text               bsp_bme280.o
    0x08008bd8   0x00000158   Code   RO          974    .text               bsp_can.o
    0x08008d30   0x00000228   Code   RO          992    .text               bsp_adc.o
    0x08008f58   0x000001c0   Code   RO         1014    .text               bsp_motor.o
    0x08009118   0x00000258   Code   RO         1026    .text               heap_4.o
    0x08009370   0x000001f4   Code   RO         1051    .text               port.o
    0x08009564   0x000002f0   Code   RO         1074    .text               croutine.o
    0x08009854   0x00000360   Code   RO         1093    .text               event_groups.o
    0x08009bb4   0x00000094   Code   RO         1105    .text               list.o
    0x08009c48   0x0000091c   Code   RO         1117    .text               queue.o
    0x0800a564   0x00001520   Code   RO         1132    .text               tasks.o
    0x0800ba84   0x000000cc   Code   RO         1161    .text               keytask.o
    0x0800bb50   0x00000254   Code   RO         1173    .text               ledtask.o
    0x0800bda4   0x00000350   Code   RO         1236    .text               displaytask.o
    0x0800c0f4   0x0000057c   Code   RO         1262    .text               environmenttask.o
    0x0800c670   0x00000368   Code   RO         1281    .text               clocktask.o
    0x0800c9d8   0x00000110   Code   RO         1300    .text               lighttask.o
    0x0800cae8   0x000002d4   Code   RO         1318    .text               pmstask.o
    0x0800cdbc   0x00000180   Code   RO         1336    .text               bmetask.o
    0x0800cf3c   0x00000114   Code   RO         1354    .text               cancommunicatetask.o
    0x0800d050   0x00004d90   Code   RO         1390    .text               main_ui.o
    0x08011de0   0x000019d4   Code   RO         1420    .text               car_ui.o
    0x080137b4   0x00000062   Code   RO         1455    .text               mc_w.l(uldiv.o)
    0x08013816   0x00000062   Code   RO         1457    .text               mc_w.l(ldiv.o)
    0x08013878   0x00000024   Code   RO         1459    .text               mc_w.l(memcpya.o)
    0x0801389c   0x00000024   Code   RO         1461    .text               mc_w.l(memseta.o)
    0x080138c0   0x0000000e   Code   RO         1463    .text               mc_w.l(strlen.o)
    0x080138ce   0x00000012   Code   RO         1465    .text               mc_w.l(strcpy.o)
    0x080138e0   0x000000b0   Code   RO         1730    .text               mf_w.l(fadd.o)
    0x08013990   0x00000064   Code   RO         1732    .text               mf_w.l(fmul.o)
    0x080139f4   0x0000007c   Code   RO         1734    .text               mf_w.l(fdiv.o)
    0x08013a70   0x0000014e   Code   RO         1736    .text               mf_w.l(dadd.o)
    0x08013bbe   0x000000e4   Code   RO         1738    .text               mf_w.l(dmul.o)
    0x08013ca2   0x000000de   Code   RO         1740    .text               mf_w.l(ddiv.o)
    0x08013d80   0x00000012   Code   RO         1742    .text               mf_w.l(fflti.o)
    0x08013d92   0x0000000a   Code   RO         1744    .text               mf_w.l(ffltui.o)
    0x08013d9c   0x00000022   Code   RO         1746    .text               mf_w.l(dflti.o)
    0x08013dbe   0x0000001a   Code   RO         1748    .text               mf_w.l(dfltui.o)
    0x08013dd8   0x00000032   Code   RO         1750    .text               mf_w.l(ffixi.o)
    0x08013e0a   0x00000028   Code   RO         1752    .text               mf_w.l(ffixui.o)
    0x08013e32   0x0000003e   Code   RO         1754    .text               mf_w.l(dfixi.o)
    0x08013e70   0x00000026   Code   RO         1756    .text               mf_w.l(f2d.o)
    0x08013e96   0x00000002   PAD
    0x08013e98   0x00000030   Code   RO         1758    .text               mf_w.l(cdcmple.o)
    0x08013ec8   0x00000038   Code   RO         1760    .text               mf_w.l(d2f.o)
    0x08013f00   0x00000014   Code   RO         1762    .text               mf_w.l(cfcmple.o)
    0x08013f14   0x00000014   Code   RO         1764    .text               mf_w.l(cfrcmple.o)
    0x08013f28   0x0000001e   Code   RO         1810    .text               mc_w.l(llshl.o)
    0x08013f46   0x00000020   Code   RO         1812    .text               mc_w.l(llushr.o)
    0x08013f66   0x00000024   Code   RO         1814    .text               mc_w.l(llsshr.o)
    0x08013f8a   0x00000002   PAD
    0x08013f8c   0x0000009c   Code   RO         1823    .text               mc_w.l(strtod.o)
    0x08014028   0x00000000   Code   RO         1825    .text               mc_w.l(iusefp.o)
    0x08014028   0x0000006e   Code   RO         1826    .text               mf_w.l(fepilogue.o)
    0x08014096   0x000000ba   Code   RO         1828    .text               mf_w.l(depilogue.o)
    0x08014150   0x0000002e   Code   RO         1830    .text               mf_w.l(dscalb.o)
    0x0801417e   0x00000002   PAD
    0x08014180   0x00000030   Code   RO         1834    .text               mf_w.l(cdrcmple.o)
    0x080141b0   0x00000024   Code   RO         1836    .text               mc_w.l(init.o)
    0x080141d4   0x0000000a   Code   RO         1838    .text               mc_w.l(isspace_c.o)
    0x080141de   0x00000002   PAD
    0x080141e0   0x00000338   Code   RO         1840    .text               mc_w.l(scanf_fp.o)
    0x08014518   0x00000040   Code   RO         1844    .text               mc_w.l(_sgetc.o)
    0x08014558   0x000000a2   Code   RO         1846    .text               mf_w.l(dsqrt.o)
    0x080145fa   0x00000002   PAD
    0x080145fc   0x00000028   Code   RO         1848    .text               mc_w.l(ctype_c.o)
    0x08014624   0x00000018   Code   RO         1851    .text               mf_w.l(dfltul.o)
    0x0801463c   0x00000056   Code   RO         1861    .text               mc_w.l(__dczerorl2.o)
    0x08014692   0x00000002   PAD
    0x08014694   0x00000028   Code   RO         1582    i.__0sprintf$4      mc_w.l(printf4.o)
    0x080146bc   0x00000028   Code   RO         1780    i.__ARM_fpclassify  m_ws.l(fpclassify.o)
    0x080146e4   0x000000aa   Code   RO         1782    i.__kernel_poly     m_ws.l(poly.o)
    0x0801478e   0x00000002   PAD
    0x08014790   0x00000010   Code   RO         1766    i.__mathlib_dbl_divzero  m_ws.l(dunder.o)
    0x080147a0   0x00000004   Code   RO         1768    i.__mathlib_dbl_infnan2  m_ws.l(dunder.o)
    0x080147a4   0x0000000c   Code   RO         1769    i.__mathlib_dbl_invalid  m_ws.l(dunder.o)
    0x080147b0   0x0000000e   Code   RO         1770    i.__mathlib_dbl_overflow  m_ws.l(dunder.o)
    0x080147be   0x00000002   PAD
    0x080147c0   0x00000010   Code   RO         1772    i.__mathlib_dbl_underflow  m_ws.l(dunder.o)
    0x080147d0   0x0000000c   Code   RO         1817    i.__read_errno      mc_w.l(errno.o)
    0x080147dc   0x0000000e   Code   RO         1855    i.__scatterload_copy  mc_w.l(handlers.o)
    0x080147ea   0x00000002   Code   RO         1856    i.__scatterload_null  mc_w.l(handlers.o)
    0x080147ec   0x0000000e   Code   RO         1857    i.__scatterload_zeroinit  mc_w.l(handlers.o)
    0x080147fa   0x00000002   PAD
    0x080147fc   0x0000000c   Code   RO         1818    i.__set_errno       mc_w.l(errno.o)
    0x08014808   0x0000000e   Code   RO         1842    i._is_digit         mc_w.l(scanf_fp.o)
    0x08014816   0x00000002   PAD
    0x08014818   0x0000022c   Code   RO         1587    i._printf_core      mc_w.l(printf4.o)
    0x08014a44   0x0000000a   Code   RO         1589    i._sputc            mc_w.l(printf4.o)
    0x08014a4e   0x0000002a   Code   RO         1439    i.atof              m_ws.l(atof.o)
    0x08014a78   0x000009b8   Code   RO         1443    i.pow               m_ws.l(pow.o)
    0x08015430   0x0000004c   Code   RO         1786    i.sqrt              m_ws.l(sqrt.o)
    0x0801547c   0x00000f98   Data   RO          855    .constdata          bsp_oled.o
    0x08016414   0x00000010   Data   RO         1408    .constdata          bmp.o
    0x08016424   0x00000004   PAD
    0x08016428   0x00000088   Data   RO         1444    .constdata          m_ws.l(pow.o)
    0x080164b0   0x00000008   Data   RO         1784    .constdata          m_ws.l(qnan.o)
    0x080164b8   0x00000040   Data   RO         1849    .constdata          mc_w.l(ctype_c.o)
    0x080164f8   0x00000020   Data   RO         1853    Region$$Table       anon$$obj.o


    Execution Region RW_IRAM1 (Base: 0x20000000, Size: 0x00008998, Max: 0x0000c000, ABSOLUTE, COMPRESSED[0x00000068])

    Base Addr    Size         Type   Attr      Idx    E Section Name        Object

    0x20000000   0x00000014   Data   RW           18    .data               system_stm32f10x.o
    0x20000014   0x00000014   Data   RW          311    .data               stm32f10x_rcc.o
    0x20000028   0x0000004c   Data   RW          419    .data               main.o
    0x20000074   0x00000004   Data   RW          619    .data               sysinfotest.o
    0x20000078   0x00000028   Data   RW          675    .data               cancommunicate.o
    0x200000a0   0x00000004   Data   RW          728    .data               bsp_dwt_delay.o
    0x200000a4   0x00000068   Data   RW          754    .data               bsp_key.o
    0x2000010c   0x0000008c   Data   RW          787    .data               bsp_led.o
    0x20000198   0x00000018   Data   RW          807    .data               bsp_sdio_sdcard.o
    0x200001b0   0x00000003   Data   RW          840    .data               bsp_usart1.o
    0x200001b3   0x00000001   Data   RW          856    .data               bsp_oled.o
    0x200001b4   0x00000008   Data   RW          915    .data               bsp_gy30.o
    0x200001bc   0x00000003   Data   RW          938    .data               bsp_usart2.o
    0x200001bf   0x00000001   PAD
    0x200001c0   0x00000020   Data   RW          960    .data               bsp_bme280.o
    0x200001e0   0x00000018   Data   RW         1028    .data               heap_4.o
    0x200001f8   0x0000000c   Data   RW         1052    .data               port.o
    0x20000204   0x0000001c   Data   RW         1076    .data               croutine.o
    0x20000220   0x00000040   Data   RW         1134    .data               tasks.o
    0x20000260   0x00000004   Data   RW         1174    .data               ledtask.o
    0x20000264   0x0000000d   Data   RW         1237    .data               displaytask.o
    0x20000271   0x00000003   PAD
    0x20000274   0x0000002c   Data   RW         1264    .data               environmenttask.o
    0x200002a0   0x00000001   Data   RW         1283    .data               clocktask.o
    0x200002a1   0x00000003   PAD
    0x200002a4   0x00000004   Data   RW         1819    .data               mc_w.l(errno.o)
    0x200002a8   0x00000038   Zero   RW          674    .bss                cancommunicate.o
    0x200002e0   0x000000cc   Zero   RW          806    .bss                bsp_sdio_sdcard.o
    0x200003ac   0x00000064   Zero   RW          839    .bss                bsp_usart1.o
    0x20000410   0x00000400   Zero   RW          854    .bss                bsp_oled.o
    0x20000810   0x00000064   Zero   RW          937    .bss                bsp_usart2.o
    0x20000874   0x0000003c   Zero   RW          959    .bss                bsp_bme280.o
    0x200008b0   0x00000028   Zero   RW          975    .bss                bsp_can.o
    0x200008d8   0x00000064   Zero   RW          993    .bss                bsp_adc.o
    0x2000093c   0x00007800   Zero   RW         1027    .bss                heap_4.o
    0x2000813c   0x00000064   Zero   RW         1075    .bss                croutine.o
    0x200081a0   0x000002bc   Zero   RW         1133    .bss                tasks.o
    0x2000845c   0x00000024   Zero   RW         1263    .bss                environmenttask.o
    0x20008480   0x00000048   Zero   RW         1282    .bss                clocktask.o
    0x200084c8   0x00000014   Zero   RW         1301    .bss                lighttask.o
    0x200084dc   0x0000000a   Zero   RW         1319    .bss                pmstask.o
    0x200084e6   0x00000002   PAD
    0x200084e8   0x00000010   Zero   RW         1337    .bss                bmetask.o
    0x200084f8   0x00000050   Zero   RW         1391    .bss                main_ui.o
    0x20008548   0x00000050   Zero   RW         1421    .bss                car_ui.o
    0x20008598   0x00000400   Zero   RW          396    STACK               startup_stm32f10x_hd.o


==============================================================================

Image component sizes


      Code (inc. data)   RO Data    RW Data    ZI Data      Debug   Object Name

       384         14          0          0         16       1128   bmetask.o
         0          0         16          0          0        567   bmp.o
        88          8          0          0          0        483   bsp.o
       552         20          0          0        100       2213   bsp_adc.o
      2604        128          0         32         60       6439   bsp_bme280.o
       344         22          0          0         40       1682   bsp_can.o
      1832         44          0          0          0       6879   bsp_ds3231.o
       124         20          0          4          0       1051   bsp_dwt_delay.o
      1040         20          0          8          0       5070   bsp_gy30.o
       276         26          0        104          0       2582   bsp_key.o
       228         24          0        140          0       2260   bsp_led.o
       448         16          0          0          0       1445   bsp_motor.o
      3268         60       3992          1       1024       9339   bsp_oled.o
      6596        270          0         24        204      25115   bsp_sdio_sdcard.o
      1140         54          0          0          0       4660   bsp_sht3x.o
      1832        130          0          0          0       4720   bsp_tim_pwm.o
       928         38          0          3        100       3790   bsp_usart1.o
       748         38          0          3        100       2784   bsp_usart2.o
        20          4          0         40         56       2089   cancommunicate.o
       276         34          0          0          0       1049   cancommunicatetask.o
      6612        470          0          0         80       3471   car_ui.o
       872         24          0          1         72       1408   clocktask.o
       136          0          0          0          0       1330   control.o
         0          0          0          0          0       4536   core_cm3.o
       752         44          0         28        100       5540   croutine.o
       848         38          0         13          0       3426   displaytask.o
      1404         76          0         44         36       2917   environmenttask.o
       864          0          0          0          0       5478   event_groups.o
         8          0          0          0          0        437   gather.o
       600         26          0         24      30720       4656   heap_4.o
       204         28          0          0          0        919   keytask.o
       596         30          0          4          0       1729   ledtask.o
       272         18          0          0         20       1049   lighttask.o
       148          0          0          0          0       1814   list.o
       680        262          0         76          0      48240   main.o
     19856       1088          0          0         80       8387   main_ui.o
       220         22          0          0          0       1893   misc.o
       724         38          0          0         10       2062   pmstask.o
       662         40          0         12          0       4886   port.o
      1800        138          0          0          0       6071   protocol.o
      2332          0          0          0          0      11017   queue.o
        36          8        304          0       1024        828   startup_stm32f10x_hd.o
      1102         26          0          0          0      10929   stm32f10x_adc.o
      2544         38          0          0          0       7952   stm32f10x_can.o
       596          8          0          0          0       4422   stm32f10x_dma.o
       860         38          0          0          0       5737   stm32f10x_gpio.o
        20          0          0          0          0        923   stm32f10x_it.o
       932         36          0         20          0       8924   stm32f10x_rcc.o
       468         22          0          0          0       7176   stm32f10x_sdio.o
      3610         88          0          0          0      22228   stm32f10x_tim.o
      1032         22          0          0          0       8464   stm32f10x_usart.o
        60         10          0          4          0       1164   sysinfotest.o
       480         38          0         20          0     286931   system_stm32f10x.o
      5408        334          0         64        700      20239   tasks.o

    ----------------------------------------------------------------------
     79472       3980       4348        676      34544     592528   Object Totals
         0          0         32          0          0          0   (incl. Generated)
         6          0          4          7          2          0   (incl. Padding)

    ----------------------------------------------------------------------

      Code (inc. data)   RO Data    RW Data    ZI Data      Debug   Library Member Name

        42          0          0          0          0         84   atof.o
        62         10          0          0          0        340   dunder.o
        40          0          0          0          0         68   fpclassify.o
       170          0          0          0          0         96   poly.o
      2488        190        136          0          0        300   pow.o
         0          0          8          0          0          0   qnan.o
        76          0          0          0          0         84   sqrt.o
        86          0          0          0          0          0   __dczerorl2.o
        64          0          0          0          0         84   _sgetc.o
        40          6         64          0          0         68   ctype_c.o
         0          0          0          0          0          0   entry.o
         0          0          0          0          0          0   entry10a.o
         0          0          0          0          0          0   entry11a.o
         8          4          0          0          0          0   entry2.o
         4          0          0          0          0          0   entry5.o
         0          0          0          0          0          0   entry7b.o
         0          0          0          0          0          0   entry8b.o
         8          4          0          0          0          0   entry9a.o
        24         12          0          4          0        136   errno.o
        30          0          0          0          0          0   handlers.o
        36          8          0          0          0         68   init.o
        10          0          0          0          0         68   isspace_c.o
         0          0          0          0          0          0   iusefp.o
        98          0          0          0          0         84   ldiv.o
        30          0          0          0          0         68   llshl.o
        36          0          0          0          0         68   llsshr.o
        32          0          0          0          0         68   llushr.o
        36          0          0          0          0         68   memcpya.o
        36          0          0          0          0        108   memseta.o
       606         10          0          0          0        252   printf4.o
       838         12          0          0          0        216   scanf_fp.o
        18          0          0          0          0         68   strcpy.o
        14          0          0          0          0         68   strlen.o
       156         14          0          0          0        120   strtod.o
        98          0          0          0          0         92   uldiv.o
        48          0          0          0          0         68   cdcmple.o
        48          0          0          0          0         68   cdrcmple.o
        20          0          0          0          0         68   cfcmple.o
        20          0          0          0          0         68   cfrcmple.o
        56          0          0          0          0         88   d2f.o
       334          0          0          0          0        148   dadd.o
       222          0          0          0          0        100   ddiv.o
       186          0          0          0          0        176   depilogue.o
        62          0          0          0          0         80   dfixi.o
        34          0          0          0          0         76   dflti.o
        26          0          0          0          0         76   dfltui.o
        24          0          0          0          0         76   dfltul.o
       228          0          0          0          0         96   dmul.o
        46          0          0          0          0         80   dscalb.o
       162          0          0          0          0        100   dsqrt.o
        38          0          0          0          0         68   f2d.o
       176          0          0          0          0        140   fadd.o
       124          0          0          0          0         88   fdiv.o
       110          0          0          0          0        168   fepilogue.o
        50          0          0          0          0         68   ffixi.o
        40          0          0          0          0         68   ffixui.o
        18          0          0          0          0         68   fflti.o
        10          0          0          0          0         68   ffltui.o
       100          0          0          0          0         76   fmul.o

    ----------------------------------------------------------------------
      7388        270        208          4          0       4856   Library Totals
        20          0          0          0          0          0   (incl. Padding)

    ----------------------------------------------------------------------

      Code (inc. data)   RO Data    RW Data    ZI Data      Debug   Library Name

      2878        200        144          0          0        972   m_ws.l
      2308         70         64          4          0       1704   mc_w.l
      2182          0          0          0          0       2180   mf_w.l

    ----------------------------------------------------------------------
      7388        270        208          4          0       4856   Library Totals

    ----------------------------------------------------------------------

==============================================================================


      Code (inc. data)   RO Data    RW Data    ZI Data      Debug   

     86860       4250       4556        680      34544     590544   Grand Totals
     86860       4250       4556        104      34544     590544   ELF Image Totals (compressed)
     86860       4250       4556        104          0          0   ROM Totals

==============================================================================

    Total RO  Size (Code + RO Data)                91416 (  89.27kB)
    Total RW  Size (RW Data + ZI Data)             35224 (  34.40kB)
    Total ROM Size (Code + RO Data + RW Data)      91520 (  89.38kB)

==============================================================================

