Component: ARM Compiler 5.05 update 2 (build 169) Tool: armlink [4d0f33]

==============================================================================

Section Cross References

    system_stm32f10x.o(.text) refers to system_stm32f10x.o(.data) for SystemCoreClock
    stm32f10x_adc.o(.text) refers to stm32f10x_rcc.o(.text) for RCC_APB2PeriphResetCmd
    stm32f10x_bkp.o(.text) refers to stm32f10x_rcc.o(.text) for RCC_BackupResetCmd
    stm32f10x_can.o(.text) refers to stm32f10x_rcc.o(.text) for RCC_APB1PeriphResetCmd
    stm32f10x_cec.o(.text) refers to stm32f10x_rcc.o(.text) for RCC_APB1PeriphResetCmd
    stm32f10x_dac.o(.text) refers to stm32f10x_rcc.o(.text) for RCC_APB1PeriphResetCmd
    stm32f10x_gpio.o(.text) refers to stm32f10x_rcc.o(.text) for RCC_APB2PeriphResetCmd
    stm32f10x_i2c.o(.text) refers to stm32f10x_rcc.o(.text) for RCC_APB1PeriphResetCmd
    stm32f10x_pwr.o(.text) refers to stm32f10x_rcc.o(.text) for RCC_APB1PeriphResetCmd
    stm32f10x_rcc.o(.text) refers to stm32f10x_rcc.o(.data) for APBAHBPrescTable
    stm32f10x_spi.o(.text) refers to stm32f10x_rcc.o(.text) for RCC_APB2PeriphResetCmd
    stm32f10x_tim.o(.text) refers to stm32f10x_rcc.o(.text) for RCC_APB2PeriphResetCmd
    stm32f10x_usart.o(.text) refers to stm32f10x_rcc.o(.text) for RCC_APB2PeriphResetCmd
    stm32f10x_wwdg.o(.text) refers to stm32f10x_rcc.o(.text) for RCC_APB1PeriphResetCmd
    startup_stm32f10x_hd.o(RESET) refers to startup_stm32f10x_hd.o(STACK) for __initial_sp
    startup_stm32f10x_hd.o(RESET) refers to startup_stm32f10x_hd.o(.text) for Reset_Handler
    startup_stm32f10x_hd.o(RESET) refers to stm32f10x_it.o(.text) for NMI_Handler
    startup_stm32f10x_hd.o(RESET) refers to port.o(.emb_text) for SVC_Handler
    startup_stm32f10x_hd.o(RESET) refers to port.o(.text) for SysTick_Handler
    startup_stm32f10x_hd.o(RESET) refers to bsp_usart1.o(.text) for DMA1_Channel4_IRQHandler
    startup_stm32f10x_hd.o(RESET) refers to bsp_usart2.o(.text) for DMA1_Channel7_IRQHandler
    startup_stm32f10x_hd.o(RESET) refers to bsp_can.o(.text) for USB_LP_CAN1_RX0_IRQHandler
    startup_stm32f10x_hd.o(RESET) refers to bsp_sdio_sdcard.o(.text) for SDIO_IRQHandler
    startup_stm32f10x_hd.o(RESET) refers to sysinfotest.o(.text) for TIM6_IRQHandler
    startup_stm32f10x_hd.o(.text) refers to system_stm32f10x.o(.text) for SystemInit
    startup_stm32f10x_hd.o(.text) refers to entry.o(.ARM.Collect$$$$00000000) for __main
    main.o(.text) refers to queue.o(.text) for xQueueGenericCreate
    main.o(.text) refers to event_groups.o(.text) for xEventGroupCreate
    main.o(.text) refers to tasks.o(.text) for xTaskGenericCreate
    main.o(.text) refers to bsp.o(.text) for bsp_Init
    main.o(.text) refers to gather.o(.text) for ParametersInit
    main.o(.text) refers to main.o(.data) for xQueue_uart1Rx
    main.o(.text) refers to ledtask.o(.text) for vTaskLed
    main.o(.text) refers to keytask.o(.text) for vTaskKey
    main.o(.text) refers to displaytask.o(.text) for vTaskDisplay
    main.o(.text) refers to cancommunicatetask.o(.text) for vTaskCanRx
    main.o(.text) refers to environmenttask.o(.text) for vTaskEnvironment
    main.o(.text) refers to clocktask.o(.text) for vTaskClock
    main.o(.text) refers to lighttask.o(.text) for vTaskLight
    main.o(.text) refers to pmstask.o(.text) for vTaskPms
    main.o(.text) refers to bmetask.o(.text) for vTaskBme
    sysinfotest.o(.text) refers to bsp_tim_pwm.o(.text) for bsp_SetTIMforInt
    sysinfotest.o(.text) refers to stm32f10x_tim.o(.text) for TIM_GetITStatus
    sysinfotest.o(.text) refers to sysinfotest.o(.data) for ulHighFrequencyTimerTicks
    gather.o(.text) refers to main_ui.o(.text) for Main_uiconfigParamInit
    cancommunicate.o(.text) refers to tasks.o(.text) for xTaskGetTickCount
    cancommunicate.o(.text) refers to cancommunicate.o(.data) for canConnect
    protocol.o(.text) refers to atof.o(i.atof) for atof
    protocol.o(.text) refers to dfixi.o(.text) for __aeabi_d2iz
    protocol.o(.text) refers to memseta.o(.text) for __aeabi_memclr
    protocol.o(.text) refers to memcpya.o(.text) for __aeabi_memcpy
    protocol.o(.text) refers to printf4.o(i.__0sprintf$4) for __2sprintf
    sys.o(.text) refers to sys.o(.emb_text) for WFI_SET
    bsp_dwt_delay.o(.text) refers to bsp_dwt_delay.o(.data) for SYSCLK
    bsp.o(.text) refers to misc.o(.text) for NVIC_PriorityGroupConfig
    bsp.o(.text) refers to bsp_dwt_delay.o(.text) for bsp_DWT_init
    bsp.o(.text) refers to bsp_oled.o(.text) for bsp_OLED_Init
    bsp.o(.text) refers to bsp_ds3231.o(.text) for bsp_DS3231_Init
    bsp.o(.text) refers to bsp_led.o(.text) for bsp_LED_Init
    bsp.o(.text) refers to bsp_key.o(.text) for bsp_KEY_Init
    bsp.o(.text) refers to bsp_sht3x.o(.text) for bsp_SHT3x_Init
    bsp.o(.text) refers to bsp_gy30.o(.text) for bsp_BH1750_Init
    bsp.o(.text) refers to bsp_usart2.o(.text) for bsp_PMS_Init
    bsp.o(.text) refers to bsp_bme280.o(.text) for BME280_Init
[...]
    CAN_DBGFreeze                            0x0800073d   Thumb Code    22  stm32f10x_can.o(.text)
    CAN_TTComModeCmd                         0x08000753   Thumb Code   118  stm32f10x_can.o(.text)
    CAN_Transmit                             0x080007c9   Thumb Code   304  stm32f10x_can.o(.text)
    CAN_TransmitStatus                       0x080008f9   Thumb Code   138  stm32f10x_can.o(.text)
    CAN_CancelTransmit                       0x08000983   Thumb Code    48  stm32f10x_can.o(.text)
    CAN_Receive                              0x080009b3   Thumb Code   240  stm32f10x_can.o(.text)
    CAN_FIFORelease                          0x08000aa3   Thumb Code    22  stm32f10x_can.o(.text)
    CAN_MessagePending                       0x08000ab9   Thumb Code    30  stm32f10x_can.o(.text)
    CAN_OperatingModeRequest                 0x08000ad7   Thumb Code   162  stm32f10x_can.o(.text)
    CAN_Sleep                                0x08000b79   Thumb Code    30  stm32f10x_can.o(.text)
    CAN_WakeUp                               0x08000b97   Thumb Code    48  stm32f10x_can.o(.text)
    CAN_GetLastErrorCode                     0x08000bc7   Thumb Code    12  stm32f10x_can.o(.text)
    CAN_GetReceiveErrorCounter               0x08000bd3   Thumb Code    10  stm32f10x_can.o(.text)
    CAN_GetLSBTransmitErrorCounter           0x08000bdd   Thumb Code    12  stm32f10x_can.o(.text)
    CAN_ITConfig                             0x08000be9   Thumb Code    18  stm32f10x_can.o(.text)
    CAN_GetFlagStatus                        0x08000bfb   Thumb Code   120  stm32f10x_can.o(.text)
    CAN_ClearFlag                            0x08000c73   Thumb Code    52  stm32f10x_can.o(.text)
    CAN_GetITStatus                          0x08000cb9   Thumb Code   310  stm32f10x_can.o(.text)
    CAN_ClearITPendingBit                    0x08000def   Thumb Code   162  stm32f10x_can.o(.text)
    DMA_DeInit                               0x08000e95   Thumb Code   324  stm32f10x_dma.o(.text)
    DMA_Init                                 0x08000fd9   Thumb Code    60  stm32f10x_dma.o(.text)
    DMA_StructInit                           0x08001015   Thumb Code    26  stm32f10x_dma.o(.text)
    DMA_Cmd                                  0x0800102f   Thumb Code    24  stm32f10x_dma.o(.text)
    DMA_ITConfig                             0x08001047   Thumb Code    18  stm32f10x_dma.o(.text)
    DMA_SetCurrDataCounter                   0x08001059   Thumb Code     4  stm32f10x_dma.o(.text)
    DMA_GetCurrDataCounter                   0x0800105d   Thumb Code     8  stm32f10x_dma.o(.text)
    DMA_GetFlagStatus                        0x08001065   Thumb Code    40  stm32f10x_dma.o(.text)
    DMA_ClearFlag                            0x0800108d   Thumb Code    22  stm32f10x_dma.o(.text)
    DMA_GetITStatus                          0x080010a3   Thumb Code    40  stm32f10x_dma.o(.text)
    DMA_ClearITPendingBit                    0x080010cb   Thumb Code    22  stm32f10x_dma.o(.text)
    GPIO_DeInit                              0x080010e9   Thumb Code   172  stm32f10x_gpio.o(.text)
    GPIO_AFIODeInit                          0x08001195   Thumb Code    20  stm32f10x_gpio.o(.text)
    GPIO_Init                                0x080011a9   Thumb Code   278  stm32f10x_gpio.o(.text)
    GPIO_StructInit                          0x080012bf   Thumb Code    16  stm32f10x_gpio.o(.text)
    GPIO_ReadInputDataBit                    0x080012cf   Thumb Code    18  stm32f10x_gpio.o(.text)
    GPIO_ReadInputData                       0x080012e1   Thumb Code     8  stm32f10x_gpio.o(.text)
    GPIO_ReadOutputDataBit                   0x080012e9   Thumb Code    18  stm32f10x_gpio.o(.text)
    GPIO_ReadOutputData                      0x080012fb   Thumb Code     8  stm32f10x_gpio.o(.text)
    GPIO_SetBits                             0x08001303   Thumb Code     4  stm32f10x_gpio.o(.text)
    GPIO_ResetBits                           0x08001307   Thumb Code     4  stm32f10x_gpio.o(.text)
    GPIO_WriteBit                            0x0800130b   Thumb Code    10  stm32f10x_gpio.o(.text)
    GPIO_Write                               0x08001315   Thumb Code     4  stm32f10x_gpio.o(.text)
    GPIO_PinLockConfig                       0x08001319   Thumb Code    18  stm32f10x_gpio.o(.text)
    GPIO_EventOutputConfig                   0x0800132b   Thumb Code    26  stm32f10x_gpio.o(.text)
    GPIO_EventOutputCmd                      0x08001345   Thumb Code     6  stm32f10x_gpio.o(.text)
    GPIO_PinRemapConfig                      0x0800134b   Thumb Code   138  stm32f10x_gpio.o(.text)
    GPIO_EXTILineConfig                      0x080013d5   Thumb Code    66  stm32f10x_gpio.o(.text)
    GPIO_ETH_MediaInterfaceConfig            0x08001417   Thumb Code     8  stm32f10x_gpio.o(.text)
    RCC_DeInit                               0x08001445   Thumb Code    64  stm32f10x_rcc.o(.text)
    RCC_HSEConfig                            0x08001485   Thumb Code    70  stm32f10x_rcc.o(.text)
    RCC_GetFlagStatus                        0x080014cb   Thumb Code    56  stm32f10x_rcc.o(.text)
    RCC_WaitForHSEStartUp                    0x08001503   Thumb Code    56  stm32f10x_rcc.o(.text)
    RCC_AdjustHSICalibrationValue            0x0800153b   Thumb Code    20  stm32f10x_rcc.o(.text)
    RCC_HSICmd                               0x0800154f   Thumb Code     6  stm32f10x_rcc.o(.text)
    RCC_PLLConfig                            0x08001555   Thumb Code    24  stm32f10x_rcc.o(.text)
    RCC_PLLCmd                               0x0800156d   Thumb Code     6  stm32f10x_rcc.o(.text)
    RCC_SYSCLKConfig                         0x08001573   Thumb Code    18  stm32f10x_rcc.o(.text)
    RCC_GetSYSCLKSource                      0x08001585   Thumb Code    10  stm32f10x_rcc.o(.text)
    RCC_HCLKConfig                           0x0800158f   Thumb Code    18  stm32f10x_rcc.o(.text)
    RCC_PCLK1Config                          0x080015a1   Thumb Code    18  stm32f10x_rcc.o(.text)
    RCC_PCLK2Config                          0x080015b3   Thumb Code    20  stm32f10x_rcc.o(.text)
    RCC_ITConfig                             0x080015c7   Thumb Code    26  stm32f10x_rcc.o(.text)
    RCC_USBCLKConfig                         0x080015e1   Thumb Code     8  stm32f10x_rcc.o(.text)
    RCC_ADCCLKConfig                         0x080015e9   Thumb Code    18  stm32f10x_rcc.o(.text)
    RCC_LSEConfig                            0x080015fb   Thumb Code    50  stm32f10x_rcc.o(.text)
    RCC_LSICmd                               0x0800162d   Thumb Code     6  stm32f10x_rcc.o(.text)
    RCC_RTCCLKConfig                         0x08001633   Thumb Code    12  stm32f10x_rcc.o(.text)
    RCC_RTCCLKCmd                            0x0800163f   Thumb Code     8  stm32f10x_rcc.o(.text)
    RCC_GetClocksFreq                        0x08001647   Thumb Code   192  stm32f10x_rcc.o(.text)
    RCC_AHBPeriphClockCmd                    0x08001707   Thumb Code    26  stm32f10x_rcc.o(.text)
    RCC_APB2PeriphClockCmd                   0x08001721   Thumb Code    26  stm32f10x_rcc.o(.text)
    RCC_APB1PeriphClockCmd                   0x0800173b   Thumb Code    26  stm32f10x_rcc.o(.text)
    RCC_APB2PeriphResetCmd                   0x08001755   Thumb Code    26  stm32f10x_rcc.o(.text)
    RCC_APB1PeriphResetCmd                   0x0800176f   Thumb Code    26  stm32f10x_rcc.o(.text)
    RCC_BackupResetCmd                       0x08001789   Thumb Code     8  stm32f10x_rcc.o(.text)
    RCC_ClockSecuritySystemCmd               0x08001791   Thumb Code     6  stm32f10x_rcc.o(.text)
    RCC_MCOConfig                            0x08001797   Thumb Code     6  stm32f10x_rcc.o(.text)
    RCC_ClearFlag                            0x0800179d   Thumb Code    14  stm32f10x_rcc.o(.text)
    RCC_GetITStatus                          0x080017ab   Thumb Code    20  stm32f10x_rcc.o(.text)
    RCC_ClearITPendingBit                    0x080017bf   Thumb Code     6  stm32f10x_rcc.o(.text)
    SDIO_DeInit                              0x080017e9   Thumb Code    28  stm32f10x_sdio.o(.text)
    SDIO_Init                                0x08001805   Thumb Code    42  stm32f10x_sdio.o(.text)
    SDIO_StructInit                          0x0800182f   Thumb Code    16  stm32f10x_sdio.o(.text)
    SDIO_ClockCmd                            0x0800183f   Thumb Code     6  stm32f10x_sdio.o(.text)
    SDIO_SetPowerState                       0x08001845   Thumb Code    22  stm32f10x_sdio.o(.text)
    SDIO_GetPowerState                       0x0800185b   Thumb Code    10  stm32f10x_sdio.o(.text)
    SDIO_ITConfig                            0x08001865   Thumb Code    26  stm32f10x_sdio.o(.text)
    SDIO_DMACmd                              0x0800187f   Thumb Code     6  stm32f10x_sdio.o(.text)
    SDIO_SendCommand                         0x08001885   Thumb Code    38  stm32f10x_sdio.o(.text)
    SDIO_CmdStructInit                       0x080018ab   Thumb Code    14  stm32f10x_sdio.o(.text)
    SDIO_GetCommandResponse                  0x080018b9   Thumb Code     8  stm32f10x_sdio.o(.text)
    SDIO_GetResponse                         0x080018c1   Thumb Code    22  stm32f10x_sdio.o(.text)
    SDIO_DataConfig                          0x080018d7   Thumb Code    42  stm32f10x_sdio.o(.text)
    SDIO_DataStructInit                      0x08001901   Thumb Code    20  stm32f10x_sdio.o(.text)
    SDIO_GetDataCounter                      0x08001915   Thumb Code     6  stm32f10x_sdio.o(.text)
    SDIO_ReadData                            0x0800191b   Thumb Code     8  stm32f10x_sdio.o(.text)
    SDIO_WriteData                           0x08001923   Thumb Code     8  stm32f10x_sdio.o(.text)
    SDIO_GetFIFOCount                        0x0800192b   Thumb Code     6  stm32f10x_sdio.o(.text)
    SDIO_StartSDIOReadWait                   0x08001931   Thumb Code     8  stm32f10x_sdio.o(.text)
    SDIO_StopSDIOReadWait                    0x08001939   Thumb Code     8  stm32f10x_sdio.o(.text)
    SDIO_SetSDIOReadWaitMode                 0x08001941   Thumb Code     8  stm32f10x_sdio.o(.text)
    SDIO_SetSDIOOperation                    0x08001949   Thumb Code     8  stm32f10x_sdio.o(.text)
    SDIO_SendSDIOSuspendCmd                  0x08001951   Thumb Code     6  stm32f10x_sdio.o(.text)
    SDIO_CommandCompletionCmd                0x08001957   Thumb Code     8  stm32f10x_sdio.o(.text)
    SDIO_CEATAITCmd                          0x0800195f   Thumb Code    12  stm32f10x_sdio.o(.text)
    SDIO_SendCEATACmd                        0x0800196b   Thumb Code     8  stm32f10x_sdio.o(.text)
    SDIO_GetFlagStatus                       0x08001973   Thumb Code    20  stm32f10x_sdio.o(.text)
    SDIO_ClearFlag                           0x08001987   Thumb Code     6  stm32f10x_sdio.o(.text)
    SDIO_GetITStatus                         0x0800198d   Thumb Code    20  stm32f10x_sdio.o(.text)
    SDIO_ClearITPendingBit                   0x080019a1   Thumb Code     6  stm32f10x_sdio.o(.text)
    TIM_DeInit                               0x080019bd   Thumb Code   424  stm32f10x_tim.o(.text)
    TIM_TimeBaseInit                         0x08001b65   Thumb Code   122  stm32f10x_tim.o(.text)
    TIM_OC1Init                              0x08001bdf   Thumb Code   132  stm32f10x_tim.o(.text)
    TIM_OC2Init                              0x08001c63   Thumb Code   154  stm32f10x_tim.o(.text)
    TIM_OC3Init                              0x08001cfd   Thumb Code   150  stm32f10x_tim.o(.text)
    TIM_OC4Init                              0x08001d93   Thumb Code   182  stm32f10x_tim.o(.text)
    TIM_SetIC4Prescaler                      0x08001e49   Thumb Code    26  stm32f10x_tim.o(.text)
    TIM_SetIC3Prescaler                      0x08001ee5   Thumb Code    18  stm32f10x_tim.o(.text)
    TIM_SetIC2Prescaler                      0x08001f71   Thumb Code    26  stm32f10x_tim.o(.text)
    TIM_SetIC1Prescaler                      0x0800200d   Thumb Code    18  stm32f10x_tim.o(.text)
    TIM_ICInit                               0x0800208b   Thumb Code   150  stm32f10x_tim.o(.text)
    TIM_PWMIConfig                           0x08002121   Thumb Code   124  stm32f10x_tim.o(.text)
    TIM_BDTRConfig                           0x0800219d   Thumb Code    32  stm32f10x_tim.o(.text)
    TIM_TimeBaseStructInit                   0x080021bd   Thumb Code    18  stm32f10x_tim.o(.text)
    TIM_OCStructInit                         0x080021cf   Thumb Code    20  stm32f10x_tim.o(.text)
    TIM_ICStructInit                         0x080021e3   Thumb Code    18  stm32f10x_tim.o(.text)
    TIM_BDTRStructInit                       0x080021f5   Thumb Code    40  stm32f10x_tim.o(.text)
    TIM_Cmd                                  0x0800221d   Thumb Code    24  stm32f10x_tim.o(.text)
    TIM_CtrlPWMOutputs                       0x08002235   Thumb Code    30  stm32f10x_tim.o(.text)
    TIM_ITConfig                             0x08002253   Thumb Code    18  stm32f10x_tim.o(.text)
    TIM_GenerateEvent                        0x08002265   Thumb Code     4  stm32f10x_tim.o(.text)
    TIM_DMAConfig                            0x08002269   Thumb Code    10  stm32f10x_tim.o(.text)
    TIM_DMACmd                               0x08002273   Thumb Code    18  stm32f10x_tim.o(.text)
    TIM_InternalClockConfig                  0x08002285   Thumb Code    12  stm32f10x_tim.o(.text)
    TIM_SelectInputTrigger                   0x08002291   Thumb Code    18  stm32f10x_tim.o(.text)
    TIM_ITRxExternalClockConfig              0x080022a3   Thumb Code    24  stm32f10x_tim.o(.text)
    TIM_TIxExternalClockConfig               0x080022bb   Thumb Code    62  stm32f10x_tim.o(.text)
    TIM_ETRConfig                            0x080022f9   Thumb Code    28  stm32f10x_tim.o(.text)
    TIM_ETRClockMode1Config                  0x08002315   Thumb Code    54  stm32f10x_tim.o(.text)
    TIM_ETRClockMode2Config                  0x0800234b   Thumb Code    32  stm32f10x_tim.o(.text)
    TIM_PrescalerConfig                      0x0800236b   Thumb Code     6  stm32f10x_tim.o(.text)
    TIM_CounterModeConfig                    0x08002371   Thumb Code    18  stm32f10x_tim.o(.text)
    TIM_EncoderInterfaceConfig               0x08002383   Thumb Code    66  stm32f10x_tim.o(.text)
    TIM_ForcedOC1Config                      0x080023c5   Thumb Code    18  stm32f10x_tim.o(.text)
    TIM_ForcedOC2Config                      0x080023d7   Thumb Code    26  stm32f10x_tim.o(.text)
    TIM_ForcedOC3Config                      0x080023f1   Thumb Code    18  stm32f10x_tim.o(.text)
    TIM_ForcedOC4Config                      0x08002403   Thumb Code    26  stm32f10x_tim.o(.text)
    TIM_ARRPreloadConfig                     0x0800241d   Thumb Code    24  stm32f10x_tim.o(.text)
    TIM_SelectCOM                            0x08002435   Thumb Code    24  stm32f10x_tim.o(.text)
    TIM_SelectCCDMA                          0x0800244d   Thumb Code    24  stm32f10x_tim.o(.text)
    TIM_CCPreloadControl                     0x08002465   Thumb Code    24  stm32f10x_tim.o(.text)
    TIM_OC1PreloadConfig                     0x0800247d   Thumb Code    18  stm32f10x_tim.o(.text)
    TIM_OC2PreloadConfig                     0x0800248f   Thumb Code    26  stm32f10x_tim.o(.text)
    TIM_OC3PreloadConfig                     0x080024a9   Thumb Code    18  stm32f10x_tim.o(.text)
    TIM_OC4PreloadConfig                     0x080024bb   Thumb Code    26  stm32f10x_tim.o(.text)
    TIM_OC1FastConfig                        0x080024d5   Thumb Code    18  stm32f10x_tim.o(.text)
    TIM_OC2FastConfig                        0x080024e7   Thumb Code    26  stm32f10x_tim.o(.text)
    TIM_OC3FastConfig                        0x08002501   Thumb Code    18  stm32f10x_tim.o(.text)
    TIM_OC4FastConfig                        0x08002513   Thumb Code    26  stm32f10x_tim.o(.text)
    TIM_ClearOC1Ref                          0x0800252d   Thumb Code    18  stm32f10x_tim.o(.text)
    TIM_ClearOC2Ref                          0x0800253f   Thumb Code    24  stm32f10x_tim.o(.text)
    TIM_ClearOC3Ref                          0x08002557   Thumb Code    18  stm32f10x_tim.o(.text)
    TIM_ClearOC4Ref                          0x08002569   Thumb Code    24  stm32f10x_tim.o(.text)
    TIM_OC1PolarityConfig                    0x08002581   Thumb Code    18  stm32f10x_tim.o(.text)
    TIM_OC1NPolarityConfig                   0x08002593   Thumb Code    18  stm32f10x_tim.o(.text)
    TIM_OC2PolarityConfig                    0x080025a5   Thumb Code    26  stm32f10x_tim.o(.text)
    TIM_OC2NPolarityConfig                   0x080025bf   Thumb Code    26  stm32f10x_tim.o(.text)
    TIM_OC3PolarityConfig                    0x080025d9   Thumb Code    26  stm32f10x_tim.o(.text)
    TIM_OC3NPolarityConfig                   0x080025f3   Thumb Code    26  stm32f10x_tim.o(.text)
    TIM_OC4PolarityConfig                    0x0800260d   Thumb Code    26  stm32f10x_tim.o(.text)
    TIM_CCxCmd                               0x08002627   Thumb Code    30  stm32f10x_tim.o(.text)
    TIM_CCxNCmd                              0x08002645   Thumb Code    30  stm32f10x_tim.o(.text)
    TIM_SelectOCxM                           0x08002663   Thumb Code    82  stm32f10x_tim.o(.text)
    TIM_UpdateDisableConfig                  0x080026b5   Thumb Code    24  stm32f10x_tim.o(.text)
    TIM_UpdateRequestConfig                  0x080026cd   Thumb Code    24  stm32f10x_tim.o(.text)
    TIM_SelectHallSensor                     0x080026e5   Thumb Code    24  stm32f10x_tim.o(.text)
    TIM_SelectOnePulseMode                   0x080026fd   Thumb Code    18  stm32f10x_tim.o(.text)
    TIM_SelectOutputTrigger                  0x0800270f   Thumb Code    18  stm32f10x_tim.o(.text)
    TIM_SelectSlaveMode                      0x08002721   Thumb Code    18  stm32f10x_tim.o(.text)
    TIM_SelectMasterSlaveMode                0x08002733   Thumb Code    18  stm32f10x_tim.o(.text)
    TIM_SetCounter                           0x08002745   Thumb Code     4  stm32f10x_tim.o(.text)
    TIM_SetAutoreload                        0x08002749   Thumb Code     4  stm32f10x_tim.o(.text)
    TIM_SetCompare1                          0x0800274d   Thumb Code     4  stm32f10x_tim.o(.text)
    TIM_SetCompare2                          0x08002751   Thumb Code     4  stm32f10x_tim.o(.text)
    TIM_SetCompare3                          0x08002755   Thumb Code     4  stm32f10x_tim.o(.text)
    TIM_SetCompare4                          0x08002759   Thumb Code     6  stm32f10x_tim.o(.text)
    TIM_SetClockDivision                     0x0800275f   Thumb Code    18  stm32f10x_tim.o(.text)
    TIM_GetCapture1                          0x08002771   Thumb Code     6  stm32f10x_tim.o(.text)
    TIM_GetCapture2                          0x08002777   Thumb Code     6  stm32f10x_tim.o(.text)
    TIM_GetCapture3                          0x0800277d   Thumb Code     6  stm32f10x_tim.o(.text)
    TIM_GetCapture4                          0x08002783   Thumb Code     8  stm32f10x_tim.o(.text)
    TIM_GetCounter                           0x0800278b   Thumb Code     6  stm32f10x_tim.o(.text)
    TIM_GetPrescaler                         0x08002791   Thumb Code     6  stm32f10x_tim.o(.text)
    TIM_GetFlagStatus                        0x08002797   Thumb Code    18  stm32f10x_tim.o(.text)
    TIM_ClearFlag                            0x080027a9   Thumb Code     6  stm32f10x_tim.o(.text)
    TIM_GetITStatus                          0x080027af   Thumb Code    34  stm32f10x_tim.o(.text)
    TIM_ClearITPendingBit                    0x080027d1   Thumb Code     6  stm32f10x_tim.o(.text)
    USART_DeInit                             0x080027d9   Thumb Code   134  stm32f10x_usart.o(.text)
    USART_Init                               0x0800285f   Thumb Code   210  stm32f10x_usart.o(.text)
    USART_StructInit                         0x08002931   Thumb Code    24  stm32f10x_usart.o(.text)
    USART_ClockInit                          0x08002949   Thumb Code    34  stm32f10x_usart.o(.text)
    USART_ClockStructInit                    0x0800296b   Thumb Code    12  stm32f10x_usart.o(.text)
    USART_Cmd                                0x08002977   Thumb Code    24  stm32f10x_usart.o(.text)
    USART_ITConfig                           0x0800298f   Thumb Code    74  stm32f10x_usart.o(.text)
    USART_DMACmd                             0x080029d9   Thumb Code    18  stm32f10x_usart.o(.text)
    USART_SetAddress                         0x080029eb   Thumb Code    18  stm32f10x_usart.o(.text)
    USART_WakeUpConfig                       0x080029fd   Thumb Code    18  stm32f10x_usart.o(.text)
    USART_ReceiverWakeUpCmd                  0x08002a0f   Thumb Code    24  stm32f10x_usart.o(.text)
    USART_LINBreakDetectLengthConfig         0x08002a27   Thumb Code    18  stm32f10x_usart.o(.text)
    USART_LINCmd                             0x08002a39   Thumb Code    24  stm32f10x_usart.o(.text)
    USART_SendData                           0x08002a51   Thumb Code     8  stm32f10x_usart.o(.text)
    USART_ReceiveData                        0x08002a59   Thumb Code    10  stm32f10x_usart.o(.text)
    USART_SendBreak                          0x08002a63   Thumb Code    10  stm32f10x_usart.o(.text)
    USART_SetGuardTime                       0x08002a6d   Thumb Code    16  stm32f10x_usart.o(.text)
    USART_SetPrescaler                       0x08002a7d   Thumb Code    16  stm32f10x_usart.o(.text)
    USART_SmartCardCmd                       0x08002a8d   Thumb Code    24  stm32f10x_usart.o(.text)
    USART_SmartCardNACKCmd                   0x08002aa5   Thumb Code    24  stm32f10x_usart.o(.text)
    USART_HalfDuplexCmd                      0x08002abd   Thumb Code    24  stm32f10x_usart.o(.text)
    USART_OverSampling8Cmd                   0x08002ad5   Thumb Code    22  stm32f10x_usart.o(.text)
    USART_OneBitMethodCmd                    0x08002aeb   Thumb Code    24  stm32f10x_usart.o(.text)
    USART_IrDAConfig                         0x08002b03   Thumb Code    18  stm32f10x_usart.o(.text)
    USART_IrDACmd                            0x08002b15   Thumb Code    24  stm32f10x_usart.o(.text)
    USART_GetFlagStatus                      0x08002b2d   Thumb Code    26  stm32f10x_usart.o(.text)
    USART_ClearFlag                          0x08002b47   Thumb Code    18  stm32f10x_usart.o(.text)
    USART_GetITStatus                        0x08002b59   Thumb Code    84  stm32f10x_usart.o(.text)
    USART_ClearITPendingBit                  0x08002bad   Thumb Code    52  stm32f10x_usart.o(.text)
    Reset_Handler                            0x08002be1   Thumb Code     8  startup_stm32f10x_hd.o(.text)
    ADC1_2_IRQHandler                        0x08002bfb   Thumb Code     0  startup_stm32f10x_hd.o(.text)
    ADC3_IRQHandler                          0x08002bfb   Thumb Code     0  startup_stm32f10x_hd.o(.text)
    CAN1_RX1_IRQHandler                      0x08002bfb   Thumb Code     0  startup_stm32f10x_hd.o(.text)
    CAN1_SCE_IRQHandler                      0x08002bfb   Thumb Code     0  startup_stm32f10x_hd.o(.text)
    DMA1_Channel1_IRQHandler                 0x08002bfb   Thumb Code     0  startup_stm32f10x_hd.o(.text)
    DMA1_Channel2_IRQHandler                 0x08002bfb   Thumb Code     0  startup_stm32f10x_hd.o(.text)
    DMA1_Channel3_IRQHandler                 0x08002bfb   Thumb Code     0  startup_stm32f10x_hd.o(.text)
    DMA1_Channel5_IRQHandler                 0x08002bfb   Thumb Code     0  startup_stm32f10x_hd.o(.text)
    DMA1_Channel6_IRQHandler                 0x08002bfb   Thumb Code     0  startup_stm32f10x_hd.o(.text)
    DMA2_Channel1_IRQHandler                 0x08002bfb   Thumb Code     0  startup_stm32f10x_hd.o(.text)
    DMA2_Channel2_IRQHandler                 0x08002bfb   Thumb Code     0  startup_stm32f10x_hd.o(.text)
    DMA2_Channel3_IRQHandler                 0x08002bfb   Thumb Code     0  startup_stm32f10x_hd.o(.text)
    EXTI0_IRQHandler                         0x08002bfb   Thumb Code     0  startup_stm32f10x_hd.o(.text)
    EXTI15_10_IRQHandler                     0x08002bfb   Thumb Code     0  startup_stm32f10x_hd.o(.text)
    EXTI1_IRQHandler                         0x08002bfb   Thumb Code     0  startup_stm32f10x_hd.o(.text)
    EXTI2_IRQHandler                         0x08002bfb   Thumb Code     0  startup_stm32f10x_hd.o(.text)
    EXTI3_IRQHandler                         0x08002bfb   Thumb Code     0  startup_stm32f10x_hd.o(.text)
    EXTI4_IRQHandler                         0x08002bfb   Thumb Code     0  startup_stm32f10x_hd.o(.text)
    EXTI9_5_IRQHandler                       0x08002bfb   Thumb Code     0  startup_stm32f10x_hd.o(.text)
    FLASH_IRQHandler                         0x08002bfb   Thumb Code     0  startup_stm32f10x_hd.o(.text)
    FSMC_IRQHandler                          0x08002bfb   Thumb Code     0  startup_stm32f10x_hd.o(.text)
    I2C1_ER_IRQHandler                       0x08002bfb   Thumb Code     0  startup_stm32f10x_hd.o(.text)
    I2C1_EV_IRQHandler                       0x08002bfb   Thumb Code     0  startup_stm32f10x_hd.o(.text)
    I2C2_ER_IRQHandler                       0x08002bfb   Thumb Code     0  startup_stm32f10x_hd.o(.text)
    I2C2_EV_IRQHandler                       0x08002bfb   Thumb Code     0  startup_stm32f10x_hd.o(.text)
    PVD_IRQHandler                           0x08002bfb   Thumb Code     0  startup_stm32f10x_hd.o(.text)
    RCC_IRQHandler                           0x08002bfb   Thumb Code     0  startup_stm32f10x_hd.o(.text)
    RTCAlarm_IRQHandler                      0x08002bfb   Thumb Code     0  startup_stm32f10x_hd.o(.text)
    RTC_IRQHandler                           0x08002bfb   Thumb Code     0  startup_stm32f10x_hd.o(.text)
    SPI1_IRQHandler                          0x08002bfb   Thumb Code     0  startup_stm32f10x_hd.o(.text)
    SPI2_IRQHandler                          0x08002bfb   Thumb Code     0  startup_stm32f10x_hd.o(.text)
    SPI3_IRQHandler                          0x08002bfb   Thumb Code     0  startup_stm32f10x_hd.o(.text)
    TAMPER_IRQHandler                        0x08002bfb   Thumb Code     0  startup_stm32f10x_hd.o(.text)
    TIM1_BRK_IRQHandler                      0x08002bfb   Thumb Code     0  startup_stm32f10x_hd.o(.text)
    TIM1_CC_IRQHandler                       0x08002bfb   Thumb Code     0  startup_stm32f10x_hd.o(.text)
    TIM1_TRG_COM_IRQHandler                  0x08002bfb   Thumb Code     0  startup_stm32f10x_hd.o(.text)
    TIM1_UP_IRQHandler                       0x08002bfb   Thumb Code     0  startup_stm32f10x_hd.o(.text)
    TIM2_IRQHandler                          0x08002bfb   Thumb Code     0  startup_stm32f10x_hd.o(.text)
    TIM3_IRQHandler                          0x08002bfb   Thumb Code     0  startup_stm32f10x_hd.o(.text)
    TIM4_IRQHandler                          0x08002bfb   Thumb Code     0  startup_stm32f10x_hd.o(.text)
    TIM5_IRQHandler                          0x08002bfb   Thumb Code     0  startup_stm32f10x_hd.o(.text)
    TIM7_IRQHandler                          0x08002bfb   Thumb Code     0  startup_stm32f10x_hd.o(.text)
    TIM8_BRK_IRQHandler                      0x08002bfb   Thumb Code     0  startup_stm32f10x_hd.o(.text)
    TIM8_CC_IRQHandler                       0x08002bfb   Thumb Code     0  startup_stm32f10x_hd.o(.text)
    TIM8_TRG_COM_IRQHandler                  0x08002bfb   Thumb Code     0  startup_stm32f10x_hd.o(.text)
    TIM8_UP_IRQHandler                       0x08002bfb   Thumb Code     0  startup_stm32f10x_hd.o(.text)
    UART4_IRQHandler                         0x08002bfb   Thumb Code     0  startup_stm32f10x_hd.o(.text)
    UART5_IRQHandler                         0x08002bfb   Thumb Code     0  startup_stm32f10x_hd.o(.text)
    USART3_IRQHandler                        0x08002bfb   Thumb Code     0  startup_stm32f10x_hd.o(.text)
    USBWakeUp_IRQHandler                     0x08002bfb   Thumb Code     0  startup_stm32f10x_hd.o(.text)
    USB_HP_CAN1_TX_IRQHandler                0x08002bfb   Thumb Code     0  startup_stm32f10x_hd.o(.text)
    WWDG_IRQHandler                          0x08002bfb   Thumb Code     0  startup_stm32f10x_hd.o(.text)
    NMI_Handler                              0x08002c05   Thumb Code     2  stm32f10x_it.o(.text)
    HardFault_Handler                        0x08002c07   Thumb Code     4  stm32f10x_it.o(.text)
    MemManage_Handler                        0x08002c0b   Thumb Code     4  stm32f10x_it.o(.text)
    BusFault_Handler                         0x08002c0f   Thumb Code     4  stm32f10x_it.o(.text)
    UsageFault_Handler                       0x08002c13   Thumb Code     4  stm32f10x_it.o(.text)
    DebugMon_Handler                         0x08002c17   Thumb Code     2  stm32f10x_it.o(.text)
    main                                     0x08002d9b   Thumb Code    32  main.o(.text)
    vSetupSysInfoTest                        0x08002ec1   Thumb Code    18  sysinfotest.o(.text)
    TIM6_IRQHandler                          0x08002ed3   Thumb Code    32  sysinfotest.o(.text)
    ParametersInit                           0x08002efd   Thumb Code     8  gather.o(.text)
    canCommunicateParaInit                   0x08002f05   Thumb Code    16  cancommunicate.o(.text)
    StringFind                               0x08002f19   Thumb Code    74  protocol.o(.text)
    Protocol_DecodeInt                       0x08002f63   Thumb Code    92  protocol.o(.text)
    Protocol_Encode                          0x08002fbf   Thumb Code    50  protocol.o(.text)
    Protocol_EncodeCInt                      0x08002ff1   Thumb Code   232  protocol.o(.text)
    DataHeadFind                             0x080030d9   Thumb Code    36  protocol.o(.text)
    canmsgAnalyze                            0x080030fd   Thumb Code     2  protocol.o(.text)
    bsp_DWT_init                             0x08003125   Thumb Code    30  bsp_dwt_delay.o(.text)
    DwtDelay_uS                              0x08003143   Thumb Code    74  bsp_dwt_delay.o(.text)
    bsp_Init                                 0x080031a1   Thumb Code    54  bsp.o(.text)
    bsp_KEY_Init                             0x08003201   Thumb Code    34  bsp_key.o(.text)
    Key_Scan                                 0x08003223   Thumb Code   188  bsp_key.o(.text)
    bsp_GetRCCofGPIO                         0x080032f9   Thumb Code    74  bsp_tim_pwm.o(.text)
    bsp_GetRCCofTIM                          0x08003343   Thumb Code   150  bsp_tim_pwm.o(.text)
    bsp_ConfigTimGpio                        0x080033d9   Thumb Code    96  bsp_tim_pwm.o(.text)
    bsp_ConfigGpioOut                        0x08003439   Thumb Code    46  bsp_tim_pwm.o(.text)
    bsp_SetTIMOutPWM                         0x08003467   Thumb Code   426  bsp_tim_pwm.o(.text)
    bsp_SetTIMOutPWM_N                       0x08003611   Thumb Code   516  bsp_tim_pwm.o(.text)
    bsp_SetTIMforInt                         0x08003815   Thumb Code   478  bsp_tim_pwm.o(.text)
    bsp_LED_Init                             0x08003a53   Thumb Code    64  bsp_led.o(.text)
    bsp_Led_Flash                            0x08003a93   Thumb Code    50  bsp_led.o(.text)
    SD_LowLevel_DeInit                       0x08003ad5   Thumb Code    66  bsp_sdio_sdcard.o(.text)
    SD_DeInit                                0x08003b17   Thumb Code     8  bsp_sdio_sdcard.o(.text)
    SD_EnableWideBusOperation                0x08003edb   Thumb Code   178  bsp_sdio_sdcard.o(.text)
    SD_SelectDeselect                        0x08003f8d   Thumb Code    48  bsp_sdio_sdcard.o(.text)
    SD_GetCardInfo                           0x08003fbd   Thumb Code   742  bsp_sdio_sdcard.o(.text)
    SD_InitializeCards                       0x0800439f   Thumb Code   294  bsp_sdio_sdcard.o(.text)
    SD_PowerON                               0x0800456d   Thumb Code   432  bsp_sdio_sdcard.o(.text)
    SD_LowLevel_Init                         0x0800471d   Thumb Code    70  bsp_sdio_sdcard.o(.text)
    SD_Init                                  0x080047a3   Thumb Code   128  bsp_sdio_sdcard.o(.text)
    SD_SendStatus                            0x08004823   Thumb Code    74  bsp_sdio_sdcard.o(.text)
    SD_Detect                                0x0800486d   Thumb Code    12  bsp_sdio_sdcard.o(.text)
    SD_GetState                              0x08004879   Thumb Code    38  bsp_sdio_sdcard.o(.text)
    SD_GetStatus                             0x0800489f   Thumb Code    30  bsp_sdio_sdcard.o(.text)
    SD_PowerOFF                              0x080048bd   Thumb Code    14  bsp_sdio_sdcard.o(.text)
    SD_SendSDStatus                          0x080048cb   Thumb Code   364  bsp_sdio_sdcard.o(.text)
    SD_GetCardStatus                         0x08004a37   Thumb Code   156  bsp_sdio_sdcard.o(.text)
    SD_LowLevel_DMA_RxConfig                 0x08004ad3   Thumb Code   146  bsp_sdio_sdcard.o(.text)
    SD_ReadBlock                             0x08004b65   Thumb Code   208  bsp_sdio_sdcard.o(.text)
    SD_ReadMultiBlocks                       0x08004c35   Thumb Code   218  bsp_sdio_sdcard.o(.text)
    SD_StopTransfer                          0x08004d0f   Thumb Code    46  bsp_sdio_sdcard.o(.text)
    SD_WaitReadOperation                     0x08004d3d   Thumb Code   102  bsp_sdio_sdcard.o(.text)
    SD_LowLevel_DMA_TxConfig                 0x08004da3   Thumb Code    98  bsp_sdio_sdcard.o(.text)
    SD_WriteBlock                            0x08004e05   Thumb Code   206  bsp_sdio_sdcard.o(.text)
    SD_WriteMultiBlocks                      0x08004ed3   Thumb Code   358  bsp_sdio_sdcard.o(.text)
    SD_WaitWriteOperation                    0x08005039   Thumb Code   102  bsp_sdio_sdcard.o(.text)
    SD_GetTransferState                      0x0800509f   Thumb Code    18  bsp_sdio_sdcard.o(.text)
    SD_Erase                                 0x0800523d   Thumb Code   296  bsp_sdio_sdcard.o(.text)
    SD_ProcessIRQSrc                         0x08005365   Thumb Code   216  bsp_sdio_sdcard.o(.text)
    SD_ProcessDMAIRQ                         0x0800543d   Thumb Code    26  bsp_sdio_sdcard.o(.text)
    convert_from_bytes_to_power_of_two       0x08005457   Thumb Code    18  bsp_sdio_sdcard.o(.text)
    SD_DMAEndOfTransferStatus                0x08005469   Thumb Code    10  bsp_sdio_sdcard.o(.text)
    SDIO_IRQHandler                          0x08005473   Thumb Code     8  bsp_sdio_sdcard.o(.text)
    DMA2_Channel4_5_IRQHandler               0x0800547b   Thumb Code     8  bsp_sdio_sdcard.o(.text)
    USART1_DMA_Config                        0x080054d9   Thumb Code   194  bsp_usart1.o(.text)
    USART1_Config                            0x0800559b   Thumb Code   174  bsp_usart1.o(.text)
    Uart1_Start_DMA_Tx                       0x08005649   Thumb Code    26  bsp_usart1.o(.text)
    DMA1_Channel4_IRQHandler                 0x08005663   Thumb Code    36  bsp_usart1.o(.text)
    USART1_IRQHandler                        0x08005687   Thumb Code   146  bsp_usart1.o(.text)
    Uart1_DMA_SendString                     0x08005719   Thumb Code    52  bsp_usart1.o(.text)
    Usart1_SendByte                          0x0800574d   Thumb Code    30  bsp_usart1.o(.text)
    Usar1_SendString                         0x0800576b   Thumb Code    42  bsp_usart1.o(.text)
    Usart1_SendHalfWord                      0x08005795   Thumb Code    60  bsp_usart1.o(.text)
    fputc                                    0x080057d1   Thumb Code    36  bsp_usart1.o(.text)
    fgetc                                    0x080057f5   Thumb Code    30  bsp_usart1.o(.text)
    OLED_WR_Byte                             0x08005839   Thumb Code   102  bsp_oled.o(.text)
    OLED_Set_Pos                             0x0800589f   Thumb Code    48  bsp_oled.o(.text)
    oled_drawPoint                           0x080058cf   Thumb Code   100  bsp_oled.o(.text)
    oled_readPoint                           0x08005933   Thumb Code    62  bsp_oled.o(.text)
    OLED_Display_On                          0x08005971   Thumb Code    28  bsp_oled.o(.text)
    OLED_Display_Off                         0x0800598d   Thumb Code    28  bsp_oled.o(.text)
    OLED_Refresh_Gram                        0x080059a9   Thumb Code    70  bsp_oled.o(.text)
    OLED_Clear                               0x080059ef   Thumb Code    42  bsp_oled.o(.text)
    OLED_FillAll                             0x08005a19   Thumb Code    42  bsp_oled.o(.text)
    OLED_Fill                                0x08005a43   Thumb Code    54  bsp_oled.o(.text)
    OLED_ShowChar                            0x08005a79   Thumb Code   464  bsp_oled.o(.text)
    OLED_ShowChar32                          0x08005c49   Thumb Code   368  bsp_oled.o(.text)
    mypow                                    0x08005db9   Thumb Code    22  bsp_oled.o(.text)
    OLED_ShowNum                             0x08005dcf   Thumb Code   554  bsp_oled.o(.text)
    OLED_ShowNum32                           0x08005ff9   Thumb Code   162  bsp_oled.o(.text)
    OLED_ShowString                          0x0800609b   Thumb Code    70  bsp_oled.o(.text)
    OLED_ShowCHinese                         0x080060e1   Thumb Code   204  bsp_oled.o(.text)
    OLED_DrawBMP                             0x080061ad   Thumb Code   278  bsp_oled.o(.text)
    bsp_OLED_Init                            0x080062c3   Thumb Code   454  bsp_oled.o(.text)
    Oled_Show_NumCor                         0x08006489   Thumb Code    52  bsp_oled.o(.text)
    OLED_ShowStringCor                       0x080064bd   Thumb Code    64  bsp_oled.o(.text)
    SHT3X_IIC_ACK                            0x080064fd   Thumb Code    78  bsp_sht3x.o(.text)
    SHT3X_IIC_NACK                           0x0800654b   Thumb Code    78  bsp_sht3x.o(.text)
    SHT3X_IIC_wait_ACK                       0x08006599   Thumb Code   154  bsp_sht3x.o(.text)
    SHT3X_IIC_Start                          0x08006633   Thumb Code    68  bsp_sht3x.o(.text)
    SHT3X_IIC_Stop                           0x08006677   Thumb Code    70  bsp_sht3x.o(.text)
    SHT3X_IIC_SendByte                       0x080066bd   Thumb Code   106  bsp_sht3x.o(.text)
    SHT3X_IIC_RcvByte                        0x08006727   Thumb Code    96  bsp_sht3x.o(.text)
    SHT3x_Getdata                            0x08006787   Thumb Code   390  bsp_sht3x.o(.text)
    bsp_SHT3x_Init                           0x0800690d   Thumb Code    88  bsp_sht3x.o(.text)
    DS3231_IIC_ACK                           0x08006971   Thumb Code    78  bsp_ds3231.o(.text)
    DS3231_IIC_NACK                          0x080069bf   Thumb Code    78  bsp_ds3231.o(.text)
    DS3231_IIC_wait_ACK                      0x08006a0d   Thumb Code   154  bsp_ds3231.o(.text)
    DS3231_IIC_Start                         0x08006aa7   Thumb Code    68  bsp_ds3231.o(.text)
    DS3231_IIC_Stop                          0x08006aeb   Thumb Code    70  bsp_ds3231.o(.text)
    DS3231_IIC_SendByte                      0x08006b31   Thumb Code   106  bsp_ds3231.o(.text)
    DS3231_IIC_RcvByte                       0x08006b9b   Thumb Code    96  bsp_ds3231.o(.text)
    BCDtoHEX                                 0x08006bfb   Thumb Code    24  bsp_ds3231.o(.text)
    B_BCD                                    0x08006c13   Thumb Code    32  bsp_ds3231.o(.text)
    DS3231_IIC_Write                         0x08006c33   Thumb Code    48  bsp_ds3231.o(.text)
    DS3231_IIC_Read                          0x08006c63   Thumb Code    30  bsp_ds3231.o(.text)
    DS3231_I2C_Read_Add                      0x08006c81   Thumb Code    34  bsp_ds3231.o(.text)
    DS3231_Readtime                          0x08006ca3   Thumb Code   278  bsp_ds3231.o(.text)
    autoweek                                 0x08006db9   Thumb Code   116  bsp_ds3231.o(.text)
    DS3231_SetTime                           0x08006e2d   Thumb Code   128  bsp_ds3231.o(.text)
    bsp_DS3231_Init                          0x08006ead   Thumb Code    96  bsp_ds3231.o(.text)
    SetTime_Add                              0x08006f0d   Thumb Code   380  bsp_ds3231.o(.text)
    GY30_IIC_ACK                             0x08007099   Thumb Code    76  bsp_gy30.o(.text)
    GY30_IIC_NACK                            0x080070e5   Thumb Code    74  bsp_gy30.o(.text)
    GY30_IIC_wait_ACK                        0x0800712f   Thumb Code   154  bsp_gy30.o(.text)
    GY30_IIC_Start                           0x080071c9   Thumb Code    90  bsp_gy30.o(.text)
    GY30_IIC_Stop                            0x08007223   Thumb Code    66  bsp_gy30.o(.text)
    GY30_IIC_SendByte                        0x08007265   Thumb Code   164  bsp_gy30.o(.text)
    GY30_IIC_RcvByte                         0x08007309   Thumb Code    96  bsp_gy30.o(.text)
    Single_Write_BH1750                      0x08007369   Thumb Code    26  bsp_gy30.o(.text)
    Single_Read_BH1750                       0x08007383   Thumb Code    48  bsp_gy30.o(.text)
    Multiple_Read_BH1750                     0x080073b3   Thumb Code    52  bsp_gy30.o(.text)
    bsp_BH1750_Init                          0x080073e7   Thumb Code    98  bsp_gy30.o(.text)
    Updata_BH1750                            0x08007449   Thumb Code    96  bsp_gy30.o(.text)
    UART2_DMA_Config                         0x080074e9   Thumb Code   194  bsp_usart2.o(.text)
    UART2_Config                             0x080075ab   Thumb Code   170  bsp_usart2.o(.text)
    Uart2_Start_DMA_Tx                       0x08007655   Thumb Code    26  bsp_usart2.o(.text)
    DMA1_Channel7_IRQHandler                 0x0800766f   Thumb Code    36  bsp_usart2.o(.text)
    USART2_IRQHandler                        0x08007693   Thumb Code   158  bsp_usart2.o(.text)
    Uart2_DMA_SendString                     0x08007731   Thumb Code    52  bsp_usart2.o(.text)
    bsp_PMS_Init                             0x08007765   Thumb Code    10  bsp_usart2.o(.text)
    bsp_BME280_Init                          0x08007795   Thumb Code    90  bsp_bme280.o(.text)
    BME280_IIC_Start                         0x080077ef   Thumb Code    68  bsp_bme280.o(.text)
    BME280_IIC_Stop                          0x08007833   Thumb Code    62  bsp_bme280.o(.text)
    BME280_IIC_Wait_Ack                      0x08007871   Thumb Code    86  bsp_bme280.o(.text)
    BME280_IIC_Ack                           0x080078c7   Thumb Code    66  bsp_bme280.o(.text)
    BME280_IIC_NAck                          0x08007909   Thumb Code    66  bsp_bme280.o(.text)
    BME280_IIC_Send_Byte                     0x0800794b   Thumb Code    90  bsp_bme280.o(.text)
    BME280_IIC_Read_Byte                     0x080079a5   Thumb Code    98  bsp_bme280.o(.text)
    BME280_Write_Byte                        0x08007a07   Thumb Code    76  bsp_bme280.o(.text)
    BME280_Read_Byte                         0x08007a53   Thumb Code    72  bsp_bme280.o(.text)
    BME280_Read_Len                          0x08007a9b   Thumb Code   116  bsp_bme280.o(.text)
    readTrim                                 0x08007b0f   Thumb Code   358  bsp_bme280.o(.text)
    BME280_Init                              0x08007c75   Thumb Code    54  bsp_bme280.o(.text)
    BME280_Getdata                           0x080080e5   Thumb Code   144  bsp_bme280.o(.text)
    CAN_GPIO_Config                          0x080081c1   Thumb Code    76  bsp_can.o(.text)
    CAN_Mode_Config                          0x0800820d   Thumb Code    84  bsp_can.o(.text)
    CAN_Filter_Config                        0x08008261   Thumb Code    64  bsp_can.o(.text)
    CAN_NVIC_Config                          0x080082a1   Thumb Code    34  bsp_can.o(.text)
    bsp_CAN_Init                             0x080082c3   Thumb Code    20  bsp_can.o(.text)
    USB_LP_CAN1_RX0_IRQHandler               0x080082d7   Thumb Code    44  bsp_can.o(.text)
    pvPortMalloc                             0x080083db   Thumb Code   254  heap_4.o(.text)
    vPortFree                                0x080084d9   Thumb Code   112  heap_4.o(.text)
    xPortGetFreeHeapSize                     0x08008549   Thumb Code     6  heap_4.o(.text)
    xPortGetMinimumEverFreeHeapSize          0x0800854f   Thumb Code     6  heap_4.o(.text)
    vPortInitialiseBlocks                    0x08008555   Thumb Code     2  heap_4.o(.text)
    pxPortInitialiseStack                    0x08008591   Thumb Code    26  port.o(.text)
    vPortSetupTimerInterrupt                 0x080085ab   Thumb Code    14  port.o(.text)
    xPortStartScheduler                      0x080085b9   Thumb Code   140  port.o(.text)
    vPortEndScheduler                        0x08008645   Thumb Code    30  port.o(.text)
    vPortYield                               0x08008663   Thumb Code    20  port.o(.text)
    vPortEnterCritical                       0x08008677   Thumb Code    60  port.o(.text)
    vPortExitCritical                        0x080086b3   Thumb Code    40  port.o(.text)
    SysTick_Handler                          0x080086db   Thumb Code    30  port.o(.text)
    vPortValidateInterruptPriority           0x080086f9   Thumb Code    80  port.o(.text)
    xCoRoutineCreate                         0x0800879f   Thumb Code   126  croutine.o(.text)
    vCoRoutineAddToDelayedList               0x0800881d   Thumb Code    82  croutine.o(.text)
    vCoRoutineSchedule                       0x0800897f   Thumb Code   122  croutine.o(.text)
    xCoRoutineRemoveFromEventList            0x080089f9   Thumb Code    48  croutine.o(.text)
    xEventGroupCreate                        0x08008a55   Thumb Code    26  event_groups.o(.text)
    xEventGroupSetBits                       0x08008a6f   Thumb Code   178  event_groups.o(.text)
    xEventGroupSync                          0x08008b21   Thumb Code   186  event_groups.o(.text)
    xEventGroupWaitBits                      0x08008bf9   Thumb Code   238  event_groups.o(.text)
    xEventGroupClearBits                     0x08008ce7   Thumb Code    64  event_groups.o(.text)
    xEventGroupGetBitsFromISR                0x08008d27   Thumb Code    28  event_groups.o(.text)
    vEventGroupDelete                        0x08008d43   Thumb Code    68  event_groups.o(.text)
    vEventGroupSetBitsCallback               0x08008d87   Thumb Code    16  event_groups.o(.text)
    vEventGroupClearBitsCallback             0x08008d97   Thumb Code    16  event_groups.o(.text)
    uxEventGroupGetNumber                    0x08008da7   Thumb Code    14  event_groups.o(.text)
    vListInitialise                          0x08008db5   Thumb Code    26  list.o(.text)
    vListInitialiseItem                      0x08008dcf   Thumb Code     6  list.o(.text)
    vListInsertEnd                           0x08008dd5   Thumb Code    24  list.o(.text)
    vListInsert                              0x08008ded   Thumb Code    52  list.o(.text)
    uxListRemove                             0x08008e21   Thumb Code    40  list.o(.text)
    xQueueGenericReset                       0x08008e49   Thumb Code   120  queue.o(.text)
    xQueueGenericCreate                      0x08008ec1   Thumb Code   106  queue.o(.text)
    xQueueGenericSend                        0x08009035   Thumb Code   296  queue.o(.text)
    xQueueGenericSendFromISR                 0x0800915d   Thumb Code   172  queue.o(.text)
    xQueueGiveFromISR                        0x08009209   Thumb Code   148  queue.o(.text)
    xQueueGenericReceive                     0x080092e1   Thumb Code   290  queue.o(.text)
    xQueueReceiveFromISR                     0x08009403   Thumb Code   136  queue.o(.text)
    xQueuePeekFromISR                        0x0800948b   Thumb Code   110  queue.o(.text)
    uxQueueMessagesWaiting                   0x080094f9   Thumb Code    28  queue.o(.text)
    uxQueueSpacesAvailable                   0x08009515   Thumb Code    34  queue.o(.text)
    uxQueueMessagesWaitingFromISR            0x08009537   Thumb Code    20  queue.o(.text)
    vQueueDelete                             0x0800954b   Thumb Code    24  queue.o(.text)
    uxQueueGetQueueNumber                    0x08009563   Thumb Code     6  queue.o(.text)
    vQueueSetQueueNumber                     0x08009569   Thumb Code     4  queue.o(.text)
    ucQueueGetQueueType                      0x0800956d   Thumb Code     8  queue.o(.text)
    xQueueIsQueueEmptyFromISR                0x08009575   Thumb Code    28  queue.o(.text)
    xQueueIsQueueFullFromISR                 0x08009591   Thumb Code    32  queue.o(.text)
    xQueueCRSend                             0x080095b1   Thumb Code   130  queue.o(.text)
    xQueueCRReceive                          0x08009633   Thumb Code   148  queue.o(.text)
    xQueueCRSendFromISR                      0x080096c7   Thumb Code    64  queue.o(.text)
    xQueueCRReceiveFromISR                   0x08009707   Thumb Code    94  queue.o(.text)
    xTaskGenericCreate                       0x0800984b   Thumb Code   288  tasks.o(.text)
    vTaskDelete                              0x08009995   Thumb Code   160  tasks.o(.text)
    xTaskIncrementTick                       0x08009a35   Thumb Code   272  tasks.o(.text)
    xTaskResumeAll                           0x08009b45   Thumb Code   282  tasks.o(.text)
    vTaskSuspendAll                          0x08009c9d   Thumb Code    12  tasks.o(.text)
    vTaskDelayUntil                          0x08009ca9   Thumb Code   176  tasks.o(.text)
    vTaskDelay                               0x08009d59   Thumb Code    94  tasks.o(.text)
    uxTaskPriorityGet                        0x08009db7   Thumb Code    30  tasks.o(.text)
    uxTaskPriorityGetFromISR                 0x08009dd5   Thumb Code    42  tasks.o(.text)
    vTaskPrioritySet                         0x08009dff   Thumb Code   224  tasks.o(.text)
    vTaskSwitchContext                       0x08009edf   Thumb Code   158  tasks.o(.text)
    vTaskSuspend                             0x08009f7d   Thumb Code   232  tasks.o(.text)
    vTaskResume                              0x0800a0a9   Thumb Code   104  tasks.o(.text)
    xTaskResumeFromISR                       0x0800a111   Thumb Code   126  tasks.o(.text)
    vTaskStartScheduler                      0x0800a20b   Thumb Code    74  tasks.o(.text)
    vTaskEndScheduler                        0x0800a255   Thumb Code    18  tasks.o(.text)
    xTaskGetTickCount                        0x0800a267   Thumb Code     6  tasks.o(.text)
    xTaskGetTickCountFromISR                 0x0800a26d   Thumb Code    16  tasks.o(.text)
    uxTaskGetNumberOfTasks                   0x0800a27d   Thumb Code     6  tasks.o(.text)
    uxTaskGetSystemState                     0x0800a349   Thumb Code   208  tasks.o(.text)
    vTaskPlaceOnEventList                    0x0800a419   Thumb Code    94  tasks.o(.text)
    vTaskPlaceOnUnorderedEventList           0x0800a477   Thumb Code   132  tasks.o(.text)
    xTaskRemoveFromEventList                 0x0800a4fb   Thumb Code   114  tasks.o(.text)
    xTaskRemoveFromUnorderedEventList        0x0800a56d   Thumb Code   126  tasks.o(.text)
    vTaskSetTimeOutState                     0x0800a5eb   Thumb Code    28  tasks.o(.text)
    xTaskCheckForTimeOut                     0x0800a607   Thumb Code   108  tasks.o(.text)
    vTaskMissedYield                         0x0800a673   Thumb Code     8  tasks.o(.text)
    uxTaskGetTaskNumber                      0x0800a67b   Thumb Code    14  tasks.o(.text)
    vTaskSetTaskNumber                       0x0800a689   Thumb Code     8  tasks.o(.text)
    vTaskList                                0x0800a6bb   Thumb Code   180  tasks.o(.text)
    vTaskGetRunTimeStats                     0x0800a76f   Thumb Code   242  tasks.o(.text)
    uxTaskResetEventItemValue                0x0800a861   Thumb Code    24  tasks.o(.text)
    ulTaskNotifyTake                         0x0800a879   Thumb Code   162  tasks.o(.text)
    xTaskNotifyWait                          0x0800a91b   Thumb Code   196  tasks.o(.text)
    xTaskGenericNotify                       0x0800a9df   Thumb Code   202  tasks.o(.text)
    xTaskGenericNotifyFromISR                0x0800aaa9   Thumb Code   240  tasks.o(.text)
    vTaskNotifyGiveFromISR                   0x0800ab99   Thumb Code   158  tasks.o(.text)
    xTaskNotifyStateClear                    0x0800ac37   Thumb Code    78  tasks.o(.text)
    Status_Scan                              0x0800ac85   Thumb Code    54  keytask.o(.text)
    vTaskKey                                 0x0800acbb   Thumb Code    44  keytask.o(.text)
    vTaskLed                                 0x0800ad8d   Thumb Code    84  ledtask.o(.text)
    canSendLedData                           0x0800ade3   Thumb Code   280  ledtask.o(.text)
    vTaskDisplay                             0x0800af15   Thumb Code    34  displaytask.o(.text)
    setShow_ui                               0x0800af37   Thumb Code    14  displaytask.o(.text)
    DisplayInit                              0x0800af45   Thumb Code     8  displaytask.o(.text)
    Show_Para_Con                            0x0800af4d   Thumb Code    72  displaytask.o(.text)
    canSendSht3xData                         0x0800af99   Thumb Code   170  environmenttask.o(.text)
    vTaskEnvironment                         0x0800b04f   Thumb Code    68  environmenttask.o(.text)
    canSendClockData                         0x0800b0a5   Thumb Code   818  clocktask.o(.text)
    vTaskClock                               0x0800b3e3   Thumb Code    24  clocktask.o(.text)
    canSendGy30Data                          0x0800b40d   Thumb Code    92  lighttask.o(.text)
    vTaskLight                               0x0800b46b   Thumb Code    30  lighttask.o(.text)
    canSendPmsData                           0x0800b495   Thumb Code   164  pmstask.o(.text)
    UpdataPms                                0x0800b539   Thumb Code    34  pmstask.o(.text)
    vTaskPms                                 0x0800b55b   Thumb Code    34  pmstask.o(.text)
    canSendBMEData                           0x0800b589   Thumb Code   344  bmetask.o(.text)
    vTaskBme                                 0x0800b6e3   Thumb Code    24  bmetask.o(.text)
    vTaskCanRx                               0x0800b73f   Thumb Code    52  cancommunicatetask.o(.text)
    vTaskCanTx                               0x0800b773   Thumb Code    42  cancommunicatetask.o(.text)
    vTaskcanSendData                         0x0800b79d   Thumb Code    44  cancommunicatetask.o(.text)
    Main_uiconfigParamInit                   0x0800b7e5   Thumb Code    98  main_ui.o(.text)
    Main_ZUI                                 0x0800b847   Thumb Code  7250  main_ui.o(.text)
    Main_uictrl                              0x0800d4f3   Thumb Code  1680  main_ui.o(.text)
    __aeabi_uldivmod                         0x0800db9d   Thumb Code    98  uldiv.o(.text)
    __aeabi_ldivmod                          0x0800dbff   Thumb Code    98  ldiv.o(.text)
    __aeabi_memcpy                           0x0800dc61   Thumb Code    36  memcpya.o(.text)
    __aeabi_memcpy4                          0x0800dc61   Thumb Code     0  memcpya.o(.text)
    __aeabi_memcpy8                          0x0800dc61   Thumb Code     0  memcpya.o(.text)
    __aeabi_memset                           0x0800dc85   Thumb Code    14  memseta.o(.text)
    __aeabi_memset4                          0x0800dc85   Thumb Code     0  memseta.o(.text)
    __aeabi_memset8                          0x0800dc85   Thumb Code     0  memseta.o(.text)
    __aeabi_memclr                           0x0800dc93   Thumb Code     4  memseta.o(.text)
    __aeabi_memclr4                          0x0800dc93   Thumb Code     0  memseta.o(.text)
    __aeabi_memclr8                          0x0800dc93   Thumb Code     0  memseta.o(.text)
    _memset$wrapper                          0x0800dc97   Thumb Code    18  memseta.o(.text)
    strlen                                   0x0800dca9   Thumb Code    14  strlen.o(.text)
    strcpy                                   0x0800dcb7   Thumb Code    18  strcpy.o(.text)
    __aeabi_fadd                             0x0800dcc9   Thumb Code   164  fadd.o(.text)
    __aeabi_fsub                             0x0800dd6d   Thumb Code     6  fadd.o(.text)
    __aeabi_frsub                            0x0800dd73   Thumb Code     6  fadd.o(.text)
    __aeabi_fmul                             0x0800dd79   Thumb Code   100  fmul.o(.text)
    __aeabi_fdiv                             0x0800dddd   Thumb Code   124  fdiv.o(.text)
    __aeabi_dadd                             0x0800de59   Thumb Code   322  dadd.o(.text)
    __aeabi_dsub                             0x0800df9b   Thumb Code     6  dadd.o(.text)
    __aeabi_drsub                            0x0800dfa1   Thumb Code     6  dadd.o(.text)
    __aeabi_dmul                             0x0800dfa7   Thumb Code   228  dmul.o(.text)
    __aeabi_ddiv                             0x0800e08b   Thumb Code   222  ddiv.o(.text)
    __aeabi_i2f                              0x0800e169   Thumb Code    18  fflti.o(.text)
    __aeabi_ui2f                             0x0800e17b   Thumb Code    10  ffltui.o(.text)
    __aeabi_i2d                              0x0800e185   Thumb Code    34  dflti.o(.text)
    __aeabi_ui2d                             0x0800e1a7   Thumb Code    26  dfltui.o(.text)
    __aeabi_f2iz                             0x0800e1c1   Thumb Code    50  ffixi.o(.text)
    __aeabi_d2iz                             0x0800e1f3   Thumb Code    62  dfixi.o(.text)
    __aeabi_f2d                              0x0800e231   Thumb Code    38  f2d.o(.text)
    __aeabi_cdcmpeq                          0x0800e259   Thumb Code     0  cdcmple.o(.text)
    __aeabi_cdcmple                          0x0800e259   Thumb Code    48  cdcmple.o(.text)
    __aeabi_d2f                              0x0800e289   Thumb Code    56  d2f.o(.text)
    __aeabi_cfcmpeq                          0x0800e2c1   Thumb Code     0  cfcmple.o(.text)
    __aeabi_cfcmple                          0x0800e2c1   Thumb Code    20  cfcmple.o(.text)
    __aeabi_cfrcmple                         0x0800e2d5   Thumb Code    20  cfrcmple.o(.text)
    __aeabi_llsl                             0x0800e2e9   Thumb Code    30  llshl.o(.text)
    _ll_shift_l                              0x0800e2e9   Thumb Code     0  llshl.o(.text)
    __aeabi_llsr                             0x0800e307   Thumb Code    32  llushr.o(.text)
    _ll_ushift_r                             0x0800e307   Thumb Code     0  llushr.o(.text)
    __aeabi_lasr                             0x0800e327   Thumb Code    36  llsshr.o(.text)
    _ll_sshift_r                             0x0800e327   Thumb Code     0  llsshr.o(.text)
    __strtod_int                             0x0800e383   Thumb Code    88  strtod.o(.text)
    __I$use$fp                               0x0800e3e9   Thumb Code     0  iusefp.o(.text)
    _float_round                             0x0800e3e9   Thumb Code    18  fepilogue.o(.text)
    _float_epilogue                          0x0800e3fb   Thumb Code    92  fepilogue.o(.text)
    _double_round                            0x0800e457   Thumb Code    30  depilogue.o(.text)
    _double_epilogue                         0x0800e475   Thumb Code   156  depilogue.o(.text)
    __ARM_scalbn                             0x0800e511   Thumb Code    46  dscalb.o(.text)
    scalbn                                   0x0800e511   Thumb Code     0  dscalb.o(.text)
    __aeabi_cdrcmple                         0x0800e541   Thumb Code    48  cdrcmple.o(.text)
    __scatterload                            0x0800e571   Thumb Code    28  init.o(.text)
    __scatterload_rt2                        0x0800e571   Thumb Code     0  init.o(.text)
    isspace                                  0x0800e595   Thumb Code    10  isspace_c.o(.text)
    _scanf_real                              0x0800e6a1   Thumb Code     0  scanf_fp.o(.text)
    _scanf_really_real                       0x0800e6a1   Thumb Code   556  scanf_fp.o(.text)
    _sgetc                                   0x0800e8d9   Thumb Code    30  _sgetc.o(.text)
    _sbackspace                              0x0800e8f7   Thumb Code    34  _sgetc.o(.text)
    _dsqrt                                   0x0800e919   Thumb Code   162  dsqrt.o(.text)
    __ctype_lookup                           0x0800e9bd   Thumb Code    34  ctype_c.o(.text)
    __aeabi_ul2d                             0x0800e9e5   Thumb Code    24  dfltul.o(.text)
    __decompress                             0x0800e9fd   Thumb Code     0  __dczerorl2.o(.text)
    __decompress1                            0x0800e9fd   Thumb Code    86  __dczerorl2.o(.text)
    __0sprintf$4                             0x0800ea55   Thumb Code    34  printf4.o(i.__0sprintf$4)
    __1sprintf$4                             0x0800ea55   Thumb Code     0  printf4.o(i.__0sprintf$4)
    __2sprintf                               0x0800ea55   Thumb Code     0  printf4.o(i.__0sprintf$4)
    __ARM_fpclassify                         0x0800ea7d   Thumb Code    40  fpclassify.o(i.__ARM_fpclassify)
    __kernel_poly                            0x0800eaa5   Thumb Code   170  poly.o(i.__kernel_poly)
    __mathlib_dbl_divzero                    0x0800eb51   Thumb Code    12  dunder.o(i.__mathlib_dbl_divzero)
    __mathlib_dbl_infnan2                    0x0800eb61   Thumb Code     4  dunder.o(i.__mathlib_dbl_infnan2)
    __mathlib_dbl_invalid                    0x0800eb65   Thumb Code    12  dunder.o(i.__mathlib_dbl_invalid)
    __mathlib_dbl_overflow                   0x0800eb71   Thumb Code    14  dunder.o(i.__mathlib_dbl_overflow)
    __mathlib_dbl_underflow                  0x0800eb81   Thumb Code    10  dunder.o(i.__mathlib_dbl_underflow)
    __read_errno                             0x0800eb91   Thumb Code     6  errno.o(i.__read_errno)
    __scatterload_copy                       0x0800eb9d   Thumb Code    14  handlers.o(i.__scatterload_copy)
    __scatterload_null                       0x0800ebab   Thumb Code     2  handlers.o(i.__scatterload_null)
    __scatterload_zeroinit                   0x0800ebad   Thumb Code    14  handlers.o(i.__scatterload_zeroinit)
    __set_errno                              0x0800ebbd   Thumb Code     6  errno.o(i.__set_errno)
    _is_digit                                0x0800ebc9   Thumb Code    14  scanf_fp.o(i._is_digit)
    atof                                     0x0800ee0f   Thumb Code    42  atof.o(i.atof)
    pow                                      0x0800ee39   Thumb Code  2478  pow.o(i.pow)
    sqrt                                     0x0800f7f1   Thumb Code    76  sqrt.o(i.sqrt)
    F6x8                                     0x0800f83c   Data         552  bsp_oled.o(.constdata)
    F8X16                                    0x0800fa64   Data        1520  bsp_oled.o(.constdata)
    F16X32                                   0x08010054   Data         896  bsp_oled.o(.constdata)
    Hzk                                      0x080103d4   Data        1024  bsp_oled.o(.constdata)
    UI_NOSIGNAL8X8                           0x080107d4   Data           8  bmp.o(.constdata)
    UI_ASIGNAL8X8                            0x080107dc   Data           8  bmp.o(.constdata)
    __mathlib_zero                           0x08010870   Data           8  qnan.o(.constdata)
    __ctype_categories                       0x08010878   Data          64  ctype_c.o(.constdata)
    Region$$Table$$Base                      0x080108b8   Number         0  anon$$obj.o(Region$$Table)
    Region$$Table$$Limit                     0x080108d8   Number         0  anon$$obj.o(Region$$Table)
    SystemCoreClock                          0x20000000   Data           4  system_stm32f10x.o(.data)
    AHBPrescTable                            0x20000004   Data          16  system_stm32f10x.o(.data)
    xHandleTaskDisplay                       0x20000040   Data           4  main.o(.data)
    xHandleTaskEnvironment                   0x20000044   Data           4  main.o(.data)
    xHandleTaskClock                         0x20000048   Data           4  main.o(.data)
    xHandleTaskLight                         0x2000004c   Data           4  main.o(.data)
    xHandleTaskPms                           0x20000050   Data           4  main.o(.data)
    xHandleTaskBme                           0x20000054   Data           4  main.o(.data)
    xHandleTaskSendData                      0x20000058   Data           4  main.o(.data)
    xQueue_uart1Rx                           0x2000005c   Data           4  main.o(.data)
    xQueue_uart1Tx                           0x20000060   Data           4  main.o(.data)
    xQueue_uart2Rx                           0x20000064   Data           4  main.o(.data)
    xQueue_canRx                             0x20000068   Data           4  main.o(.data)
    xQueue_canTx                             0x2000006c   Data           4  main.o(.data)
    Event_SendData                           0x20000070   Data           4  main.o(.data)
    ulHighFrequencyTimerTicks                0x20000074   Data           4  sysinfotest.o(.data)
    canConnect                               0x20000078   Data           8  cancommunicate.o(.data)
    carUIPara                                0x20000080   Data           6  cancommunicate.o(.data)
    KEY_RetValue                             0x2000008c   Data           1  bsp_key.o(.data)
    Key_PU                                   0x20000090   Data          20  bsp_key.o(.data)
    Key_PD                                   0x200000a4   Data          20  bsp_key.o(.data)
    Key_PL                                   0x200000b8   Data          20  bsp_key.o(.data)
    Key_PR                                   0x200000cc   Data          20  bsp_key.o(.data)
    Key_PM                                   0x200000e0   Data          20  bsp_key.o(.data)
    LedA                                     0x200000f4   Data          28  bsp_led.o(.data)
    LedB                                     0x20000110   Data          28  bsp_led.o(.data)
    Fmq                                      0x2000012c   Data          28  bsp_led.o(.data)
    StopCondition                            0x20000150   Data           4  bsp_sdio_sdcard.o(.data)
    TransferError                            0x20000154   Data           1  bsp_sdio_sdcard.o(.data)
    TransferEnd                              0x20000158   Data           4  bsp_sdio_sdcard.o(.data)
    DMAEndOfTransfer                         0x2000015c   Data           4  bsp_sdio_sdcard.o(.data)
    Oled_Colour                              0x20000163   Data           1  bsp_oled.o(.data)
    BH_Buf                                   0x20000164   Data           8  bsp_gy30.o(.data)
    pxCurrentCoRoutine                       0x200001bc   Data           4  croutine.o(.data)
    pxCurrentTCB                             0x200001d0   Data           4  tasks.o(.data)
    SendLedDataTickCount                     0x20000210   Data           4  ledtask.o(.data)
    Show_ui                                  0x20000214   Data           1  displaytask.o(.data)
    Huimiture                                0x20000218   Data           8  environmenttask.o(.data)
    EnvTickCount                             0x20000220   Data           4  environmenttask.o(.data)
    Light                                    0x20000228   Data           8  lighttask.o(.data)
    Pms                                      0x20000230   Data           4  pmstask.o(.data)
    SDCardInfo                               0x20000268   Data          88  bsp_sdio_sdcard.o(.bss)
    SDIO_InitStructure                       0x200002c0   Data          24  bsp_sdio_sdcard.o(.bss)
    SDIO_CmdInitStructure                    0x200002d8   Data          20  bsp_sdio_sdcard.o(.bss)
    SDIO_DataInitStructure                   0x200002ec   Data          24  bsp_sdio_sdcard.o(.bss)
    bme280Cal                                0x200007cc   Data          40  bsp_bme280.o(.bss)
    tCanTxMsg                                0x20000808   Data          20  bsp_can.o(.bss)
    tCanRxMsg                                0x2000081c   Data          20  bsp_can.o(.bss)
    ClockA                                   0x20008350   Data          36  clocktask.o(.bss)
    SetClock                                 0x20008374   Data          36  clocktask.o(.bss)
    Bme                                      0x20008398   Data          16  bmetask.o(.bss)
    Main_uiconfigParam                       0x200083a8   Data          80  main_ui.o(.bss)
    __initial_sp                             0x200087f8   Data           0  startup_stm32f10x_hd.o(STACK)



==============================================================================

Memory Map of the image

  Image Entry point : 0x08000131

  Load Region LR_IROM1 (Base: 0x08000000, Size: 0x00010b10, Max: 0x00040000, ABSOLUTE, COMPRESSED[0x00010930])

    Execution Region ER_IROM1 (Base: 0x08000000, Size: 0x000108d8, Max: 0x00040000, ABSOLUTE)

    Base Addr    Size         Type   Attr      Idx    E Section Name        Object

    0x08000000   0x00000130   Data   RO          398    RESET               startup_stm32f10x_hd.o
    0x08000130   0x00000000   Code   RO         1383  * .ARM.Collect$$$$00000000  mc_w.l(entry.o)
    0x08000130   0x00000004   Code   RO         1722    .ARM.Collect$$$$00000001  mc_w.l(entry2.o)
    0x08000134   0x00000004   Code   RO         1725    .ARM.Collect$$$$00000004  mc_w.l(entry5.o)
    0x08000138   0x00000000   Code   RO         1727    .ARM.Collect$$$$00000008  mc_w.l(entry7b.o)
    0x08000138   0x00000000   Code   RO         1729    .ARM.Collect$$$$0000000A  mc_w.l(entry8b.o)
    0x08000138   0x00000008   Code   RO         1730    .ARM.Collect$$$$0000000B  mc_w.l(entry9a.o)
    0x08000140   0x00000000   Code   RO         1732    .ARM.Collect$$$$0000000D  mc_w.l(entry10a.o)
    0x08000140   0x00000000   Code   RO         1734    .ARM.Collect$$$$0000000F  mc_w.l(entry11a.o)
    0x08000140   0x00000004   Code   RO         1723    .ARM.Collect$$$$00002712  mc_w.l(entry2.o)
    0x08000144   0x000000a2   Code   RO         1004    .emb_text           port.o
    0x080001e6   0x00000002   PAD
    0x080001e8   0x000001e0   Code   RO           17    .text               system_stm32f10x.o
    0x080003c8   0x000000dc   Code   RO          114    .text               misc.o
    0x080004a4   0x000009f0   Code   RO          154    .text               stm32f10x_can.o
    0x08000e94   0x00000254   Code   RO          214    .text               stm32f10x_dma.o
    0x080010e8   0x0000035c   Code   RO          262    .text               stm32f10x_gpio.o
    0x08001444   0x000003a4   Code   RO          310    .text               stm32f10x_rcc.o
    0x080017e8   0x000001d4   Code   RO          336    .text               stm32f10x_sdio.o
    0x080019bc   0x00000e1a   Code   RO          360    .text               stm32f10x_tim.o
    0x080027d6   0x00000002   PAD
    0x080027d8   0x00000408   Code   RO          372    .text               stm32f10x_usart.o
    0x08002be0   0x00000024   Code   RO          399    .text               startup_stm32f10x_hd.o
    0x08002c04   0x00000014   Code   RO          403    .text               stm32f10x_it.o
    0x08002c18   0x000002a8   Code   RO          418    .text               main.o
    0x08002ec0   0x0000003c   Code   RO          607    .text               sysinfotest.o
    0x08002efc   0x00000008   Code   RO          641    .text               gather.o
    0x08002f04   0x00000014   Code   RO          662    .text               cancommunicate.o
    0x08002f18   0x0000020c   Code   RO          680    .text               protocol.o
    0x08003124   0x0000007c   Code   RO          715    .text               bsp_dwt_delay.o
    0x080031a0   0x0000003c   Code   RO          729    .text               bsp.o
    0x080031dc   0x0000011c   Code   RO          741    .text               bsp_key.o
    0x080032f8   0x00000728   Code   RO          759    .text               bsp_tim_pwm.o
    0x08003a20   0x000000b4   Code   RO          774    .text               bsp_led.o
    0x08003ad4   0x000019c4   Code   RO          793    .text               bsp_sdio_sdcard.o
    0x08005498   0x000003a0   Code   RO          826    .text               bsp_usart1.o
    0x08005838   0x00000cc4   Code   RO          841    .text               bsp_oled.o
    0x080064fc   0x00000474   Code   RO          864    .text               bsp_sht3x.o
    0x08006970   0x00000728   Code   RO          883    .text               bsp_ds3231.o
    0x08007098   0x00000410   Code   RO          902    .text               bsp_gy30.o
    0x080074a8   0x000002ec   Code   RO          924    .text               bsp_usart2.o
    0x08007794   0x00000a2c   Code   RO          946    .text               bsp_bme280.o
    0x080081c0   0x00000158   Code   RO          962    .text               bsp_can.o
    0x08008318   0x00000258   Code   RO          980    .text               heap_4.o
    0x08008570   0x000001f4   Code   RO         1005    .text               port.o
    0x08008764   0x000002f0   Code   RO         1028    .text               croutine.o
    0x08008a54   0x00000360   Code   RO         1047    .text               event_groups.o
    0x08008db4   0x00000094   Code   RO         1059    .text               list.o
    0x08008e48   0x0000091c   Code   RO         1071    .text               queue.o
    0x08009764   0x00001520   Code   RO         1086    .text               tasks.o
    0x0800ac84   0x0000007c   Code   RO         1115    .text               keytask.o
    0x0800ad00   0x00000214   Code   RO         1127    .text               ledtask.o
    0x0800af14   0x00000084   Code   RO         1190    .text               displaytask.o
    0x0800af98   0x0000010c   Code   RO         1212    .text               environmenttask.o
    0x0800b0a4   0x00000368   Code   RO         1230    .text               clocktask.o
    0x0800b40c   0x00000088   Code   RO         1249    .text               lighttask.o
    0x0800b494   0x000000f4   Code   RO         1267    .text               pmstask.o
    0x0800b588   0x00000180   Code   RO         1285    .text               bmetask.o
    0x0800b708   0x000000dc   Code   RO         1303    .text               cancommunicatetask.o
    0x0800b7e4   0x000023b8   Code   RO         1339    .text               main_ui.o
    0x0800db9c   0x00000062   Code   RO         1386    .text               mc_w.l(uldiv.o)
    0x0800dbfe   0x00000062   Code   RO         1388    .text               mc_w.l(ldiv.o)
    0x0800dc60   0x00000024   Code   RO         1390    .text               mc_w.l(memcpya.o)
    0x0800dc84   0x00000024   Code   RO         1392    .text               mc_w.l(memseta.o)
    0x0800dca8   0x0000000e   Code   RO         1394    .text               mc_w.l(strlen.o)
    0x0800dcb6   0x00000012   Code   RO         1396    .text               mc_w.l(strcpy.o)
    0x0800dcc8   0x000000b0   Code   RO         1661    .text               mf_w.l(fadd.o)
    0x0800dd78   0x00000064   Code   RO         1663    .text               mf_w.l(fmul.o)
    0x0800dddc   0x0000007c   Code   RO         1665    .text               mf_w.l(fdiv.o)
    0x0800de58   0x0000014e   Code   RO         1667    .text               mf_w.l(dadd.o)
    0x0800dfa6   0x000000e4   Code   RO         1669    .text               mf_w.l(dmul.o)
    0x0800e08a   0x000000de   Code   RO         1671    .text               mf_w.l(ddiv.o)
    0x0800e168   0x00000012   Code   RO         1673    .text               mf_w.l(fflti.o)
    0x0800e17a   0x0000000a   Code   RO         1675    .text               mf_w.l(ffltui.o)
    0x0800e184   0x00000022   Code   RO         1677    .text               mf_w.l(dflti.o)
    0x0800e1a6   0x0000001a   Code   RO         1679    .text               mf_w.l(dfltui.o)
    0x0800e1c0   0x00000032   Code   RO         1681    .text               mf_w.l(ffixi.o)
    0x0800e1f2   0x0000003e   Code   RO         1683    .text               mf_w.l(dfixi.o)
    0x0800e230   0x00000026   Code   RO         1685    .text               mf_w.l(f2d.o)
    0x0800e256   0x00000002   PAD
    0x0800e258   0x00000030   Code   RO         1687    .text               mf_w.l(cdcmple.o)
    0x0800e288   0x00000038   Code   RO         1689    .text               mf_w.l(d2f.o)
    0x0800e2c0   0x00000014   Code   RO         1691    .text               mf_w.l(cfcmple.o)
    0x0800e2d4   0x00000014   Code   RO         1693    .text               mf_w.l(cfrcmple.o)
    0x0800e2e8   0x0000001e   Code   RO         1739    .text               mc_w.l(llshl.o)
    0x0800e306   0x00000020   Code   RO         1741    .text               mc_w.l(llushr.o)
    0x0800e326   0x00000024   Code   RO         1743    .text               mc_w.l(llsshr.o)
    0x0800e34a   0x00000002   PAD
    0x0800e34c   0x0000009c   Code   RO         1752    .text               mc_w.l(strtod.o)
    0x0800e3e8   0x00000000   Code   RO         1754    .text               mc_w.l(iusefp.o)
    0x0800e3e8   0x0000006e   Code   RO         1755    .text               mf_w.l(fepilogue.o)
    0x0800e456   0x000000ba   Code   RO         1757    .text               mf_w.l(depilogue.o)
    0x0800e510   0x0000002e   Code   RO         1759    .text               mf_w.l(dscalb.o)
    0x0800e53e   0x00000002   PAD
    0x0800e540   0x00000030   Code   RO         1763    .text               mf_w.l(cdrcmple.o)
    0x0800e570   0x00000024   Code   RO         1765    .text               mc_w.l(init.o)
    0x0800e594   0x0000000a   Code   RO         1767    .text               mc_w.l(isspace_c.o)
    0x0800e59e   0x00000002   PAD
    0x0800e5a0   0x00000338   Code   RO         1769    .text               mc_w.l(scanf_fp.o)
    0x0800e8d8   0x00000040   Code   RO         1773    .text               mc_w.l(_sgetc.o)
    0x0800e918   0x000000a2   Code   RO         1775    .text               mf_w.l(dsqrt.o)
    0x0800e9ba   0x00000002   PAD
    0x0800e9bc   0x00000028   Code   RO         1777    .text               mc_w.l(ctype_c.o)
    0x0800e9e4   0x00000018   Code   RO         1780    .text               mf_w.l(dfltul.o)
    0x0800e9fc   0x00000056   Code   RO         1790    .text               mc_w.l(__dczerorl2.o)
    0x0800ea52   0x00000002   PAD
    0x0800ea54   0x00000028   Code   RO         1513    i.__0sprintf$4      mc_w.l(printf4.o)
    0x0800ea7c   0x00000028   Code   RO         1709    i.__ARM_fpclassify  m_ws.l(fpclassify.o)
    0x0800eaa4   0x000000aa   Code   RO         1711    i.__kernel_poly     m_ws.l(poly.o)
    0x0800eb4e   0x00000002   PAD
    0x0800eb50   0x00000010   Code   RO         1695    i.__mathlib_dbl_divzero  m_ws.l(dunder.o)
    0x0800eb60   0x00000004   Code   RO         1697    i.__mathlib_dbl_infnan2  m_ws.l(dunder.o)
    0x0800eb64   0x0000000c   Code   RO         1698    i.__mathlib_dbl_invalid  m_ws.l(dunder.o)
    0x0800eb70   0x0000000e   Code   RO         1699    i.__mathlib_dbl_overflow  m_ws.l(dunder.o)
    0x0800eb7e   0x00000002   PAD
    0x0800eb80   0x00000010   Code   RO         1701    i.__mathlib_dbl_underflow  m_ws.l(dunder.o)
    0x0800eb90   0x0000000c   Code   RO         1746    i.__read_errno      mc_w.l(errno.o)
    0x0800eb9c   0x0000000e   Code   RO         1784    i.__scatterload_copy  mc_w.l(handlers.o)
    0x0800ebaa   0x00000002   Code   RO         1785    i.__scatterload_null  mc_w.l(handlers.o)
    0x0800ebac   0x0000000e   Code   RO         1786    i.__scatterload_zeroinit  mc_w.l(handlers.o)
    0x0800ebba   0x00000002   PAD
    0x0800ebbc   0x0000000c   Code   RO         1747    i.__set_errno       mc_w.l(errno.o)
    0x0800ebc8   0x0000000e   Code   RO         1771    i._is_digit         mc_w.l(scanf_fp.o)
    0x0800ebd6   0x00000002   PAD
    0x0800ebd8   0x0000022c   Code   RO         1518    i._printf_core      mc_w.l(printf4.o)
    0x0800ee04   0x0000000a   Code   RO         1520    i._sputc            mc_w.l(printf4.o)
    0x0800ee0e   0x0000002a   Code   RO         1370    i.atof              m_ws.l(atof.o)
    0x0800ee38   0x000009b8   Code   RO         1374    i.pow               m_ws.l(pow.o)
    0x0800f7f0   0x0000004c   Code   RO         1715    i.sqrt              m_ws.l(sqrt.o)
    0x0800f83c   0x00000f98   Data   RO          843    .constdata          bsp_oled.o
    0x080107d4   0x00000010   Data   RO         1357    .constdata          bmp.o
    0x080107e4   0x00000004   PAD
    0x080107e8   0x00000088   Data   RO         1375    .constdata          m_ws.l(pow.o)
    0x08010870   0x00000008   Data   RO         1713    .constdata          m_ws.l(qnan.o)
    0x08010878   0x00000040   Data   RO         1778    .constdata          mc_w.l(ctype_c.o)
    0x080108b8   0x00000020   Data   RO         1782    Region$$Table       anon$$obj.o


    Execution Region RW_IRAM1 (Base: 0x20000000, Size: 0x000087f8, Max: 0x0000c000, ABSOLUTE, COMPRESSED[0x00000058])

    Base Addr    Size         Type   Attr      Idx    E Section Name        Object

    0x20000000   0x00000014   Data   RW           18    .data               system_stm32f10x.o
    0x20000014   0x00000014   Data   RW          311    .data               stm32f10x_rcc.o
    0x20000028   0x0000004c   Data   RW          419    .data               main.o
    0x20000074   0x00000004   Data   RW          608    .data               sysinfotest.o
    0x20000078   0x0000000e   Data   RW          663    .data               cancommunicate.o
    0x20000086   0x00000002   PAD
    0x20000088   0x00000004   Data   RW          716    .data               bsp_dwt_delay.o
    0x2000008c   0x00000068   Data   RW          742    .data               bsp_key.o
    0x200000f4   0x00000054   Data   RW          775    .data               bsp_led.o
    0x20000148   0x00000018   Data   RW          795    .data               bsp_sdio_sdcard.o
    0x20000160   0x00000003   Data   RW          828    .data               bsp_usart1.o
    0x20000163   0x00000001   Data   RW          844    .data               bsp_oled.o
    0x20000164   0x00000008   Data   RW          903    .data               bsp_gy30.o
    0x2000016c   0x00000003   Data   RW          926    .data               bsp_usart2.o
    0x2000016f   0x00000001   PAD
    0x20000170   0x00000020   Data   RW          948    .data               bsp_bme280.o
    0x20000190   0x00000018   Data   RW          982    .data               heap_4.o
    0x200001a8   0x0000000c   Data   RW         1006    .data               port.o
    0x200001b4   0x0000001c   Data   RW         1030    .data               croutine.o
    0x200001d0   0x00000040   Data   RW         1088    .data               tasks.o
    0x20000210   0x00000004   Data   RW         1128    .data               ledtask.o
    0x20000214   0x00000001   Data   RW         1191    .data               displaytask.o
    0x20000215   0x00000003   PAD
    0x20000218   0x0000000c   Data   RW         1213    .data               environmenttask.o
    0x20000224   0x00000001   Data   RW         1232    .data               clocktask.o
    0x20000225   0x00000003   PAD
    0x20000228   0x00000008   Data   RW         1250    .data               lighttask.o
    0x20000230   0x00000004   Data   RW         1268    .data               pmstask.o
    0x20000234   0x00000004   Data   RW         1748    .data               mc_w.l(errno.o)
    0x20000238   0x000000cc   Zero   RW          794    .bss                bsp_sdio_sdcard.o
    0x20000304   0x00000064   Zero   RW          827    .bss                bsp_usart1.o
    0x20000368   0x00000400   Zero   RW          842    .bss                bsp_oled.o
    0x20000768   0x00000064   Zero   RW          925    .bss                bsp_usart2.o
    0x200007cc   0x0000003c   Zero   RW          947    .bss                bsp_bme280.o
    0x20000808   0x00000028   Zero   RW          963    .bss                bsp_can.o
    0x20000830   0x00007800   Zero   RW          981    .bss                heap_4.o
    0x20008030   0x00000064   Zero   RW         1029    .bss                croutine.o
    0x20008094   0x000002bc   Zero   RW         1087    .bss                tasks.o
    0x20008350   0x00000048   Zero   RW         1231    .bss                clocktask.o
    0x20008398   0x00000010   Zero   RW         1286    .bss                bmetask.o
    0x200083a8   0x00000050   Zero   RW         1340    .bss                main_ui.o
    0x200083f8   0x00000400   Zero   RW          396    STACK               startup_stm32f10x_hd.o


==============================================================================

Image component sizes


      Code (inc. data)   RO Data    RW Data    ZI Data      Debug   Object Name

       384         14          0          0         16       1128   bmetask.o
         0          0         16          0          0        567   bmp.o
        60          6          0          0          0        467   bsp.o
      2604        128          0         32         60       6439   bsp_bme280.o
       344         22          0          0         40       1682   bsp_can.o
      1832         44          0          0          0       6879   bsp_ds3231.o
       124         20          0          4          0       1051   bsp_dwt_delay.o
      1040         20          0          8          0       5022   bsp_gy30.o
       284         26          0        104          0       2574   bsp_key.o
       180         16          0         84          0       2180   bsp_led.o
      3268         60       3992          1       1024       9339   bsp_oled.o
      6596        270          0         24        204      25115   bsp_sdio_sdcard.o
      1140         54          0          0          0       4347   bsp_sht3x.o
      1832        130          0          0          0       4720   bsp_tim_pwm.o
       928         38          0          3        100       3790   bsp_usart1.o
       748         38          0          3        100       2784   bsp_usart2.o
        20          4          0         14          0       1208   cancommunicate.o
       220         28          0          0          0       1013   cancommunicatetask.o
       872         24          0          1         72       1408   clocktask.o
         0          0          0          0          0       4536   core_cm3.o
       752         44          0         28        100       5540   croutine.o
       132          4          0          1          0       2278   displaytask.o
       268         18          0         12          0       1493   environmenttask.o
       864          0          0          0          0       5478   event_groups.o
         8          0          0          0          0        437   gather.o
       600         26          0         24      30720       4656   heap_4.o
       124         26          0          0          0        607   keytask.o
       532         26          0          4          0       1657   ledtask.o
       136         12          0          8          0        993   lighttask.o
       148          0          0          0          0       1814   list.o
       680        262          0         76          0      44410   main.o
      9144        500          0          0         80       4319   main_ui.o
       220         22          0          0          0       1893   misc.o
       244         12          0          4          0       1478   pmstask.o
       662         40          0         12          0       4886   port.o
       524         38          0          0          0       4231   protocol.o
      2332          0          0          0          0      11017   queue.o
        36          8        304          0       1024        828   startup_stm32f10x_hd.o
      2544         38          0          0          0       7952   stm32f10x_can.o
       596          8          0          0          0       4422   stm32f10x_dma.o
       860         38          0          0          0       5737   stm32f10x_gpio.o
        20          0          0          0          0        923   stm32f10x_it.o
       932         36          0         20          0       8924   stm32f10x_rcc.o
       468         22          0          0          0       7176   stm32f10x_sdio.o
      3610         88          0          0          0      22228   stm32f10x_tim.o
      1032         22          0          0          0       8464   stm32f10x_usart.o
        60         10          0          4          0       1164   sysinfotest.o
       480         38          0         20          0     277839   system_stm32f10x.o
      5408        334          0         64        700      20239   tasks.o

    ----------------------------------------------------------------------
     55896       2614       4348        564      34240     549332   Object Totals
         0          0         32          0          0          0   (incl. Generated)
         4          0          4          9          0          0   (incl. Padding)

    ----------------------------------------------------------------------

      Code (inc. data)   RO Data    RW Data    ZI Data      Debug   Library Member Name

        42          0          0          0          0         84   atof.o
        62         10          0          0          0        340   dunder.o
        40          0          0          0          0         68   fpclassify.o
       170          0          0          0          0         96   poly.o
      2488        190        136          0          0        300   pow.o
         0          0          8          0          0          0   qnan.o
        76          0          0          0          0         84   sqrt.o
        86          0          0          0          0          0   __dczerorl2.o
        64          0          0          0          0         84   _sgetc.o
        40          6         64          0          0         68   ctype_c.o
         0          0          0          0          0          0   entry.o
         0          0          0          0          0          0   entry10a.o
         0          0          0          0          0          0   entry11a.o
         8          4          0          0          0          0   entry2.o
         4          0          0          0          0          0   entry5.o
         0          0          0          0          0          0   entry7b.o
         0          0          0          0          0          0   entry8b.o
         8          4          0          0          0          0   entry9a.o
        24         12          0          4          0        136   errno.o
        30          0          0          0          0          0   handlers.o
        36          8          0          0          0         68   init.o
        10          0          0          0          0         68   isspace_c.o
         0          0          0          0          0          0   iusefp.o
        98          0          0          0          0         84   ldiv.o
        30          0          0          0          0         68   llshl.o
        36          0          0          0          0         68   llsshr.o
        32          0          0          0          0         68   llushr.o
        36          0          0          0          0         68   memcpya.o
        36          0          0          0          0        108   memseta.o
       606         10          0          0          0        252   printf4.o
       838         12          0          0          0        216   scanf_fp.o
        18          0          0          0          0         68   strcpy.o
        14          0          0          0          0         68   strlen.o
       156         14          0          0          0        120   strtod.o
        98          0          0          0          0         92   uldiv.o
        48          0          0          0          0         68   cdcmple.o
        48          0          0          0          0         68   cdrcmple.o
        20          0          0          0          0         68   cfcmple.o
        20          0          0          0          0         68   cfrcmple.o
        56          0          0          0          0         88   d2f.o
       334          0          0          0          0        148   dadd.o
       222          0          0          0          0        100   ddiv.o
       186          0          0          0          0        176   depilogue.o
        62          0          0          0          0         80   dfixi.o
        34          0          0          0          0         76   dflti.o
        26          0          0          0          0         76   dfltui.o
        24          0          0          0          0         76   dfltul.o
       228          0          0          0          0         96   dmul.o
        46          0          0          0          0         80   dscalb.o
       162          0          0          0          0        100   dsqrt.o
        38          0          0          0          0         68   f2d.o
       176          0          0          0          0        140   fadd.o
       124          0          0          0          0         88   fdiv.o
       110          0          0          0          0        168   fepilogue.o
        50          0          0          0          0         68   ffixi.o
        18          0          0          0          0         68   fflti.o
        10          0          0          0          0         68   ffltui.o
       100          0          0          0          0         76   fmul.o

    ----------------------------------------------------------------------
      7348        270        208          4          0       4788   Library Totals
        20          0          0          0          0          0   (incl. Padding)

    ----------------------------------------------------------------------

      Code (inc. data)   RO Data    RW Data    ZI Data      Debug   Library Name

      2878        200        144          0          0        972   m_ws.l
      2308         70         64          4          0       1704   mc_w.l
      2142          0          0          0          0       2112   mf_w.l

    ----------------------------------------------------------------------
      7348        270        208          4          0       4788   Library Totals

    ----------------------------------------------------------------------

==============================================================================


      Code (inc. data)   RO Data    RW Data    ZI Data      Debug   

     63244       2884       4556        568      34240     547800   Grand Totals
     63244       2884       4556         88      34240     547800   ELF Image Totals (compressed)
     63244       2884       4556         88          0          0   ROM Totals

==============================================================================

    Total RO  Size (Code + RO Data)                67800 (  66.21kB)
    Total RW  Size (RW Data + ZI Data)             34808 (  33.99kB)
    Total ROM Size (Code + RO Data + RW Data)      67888 (  66.30kB)

==============================================================================

