Component: ARM Compiler 5.05 update 2 (build 169) Tool: armlink [4d0f33]

==============================================================================

Section Cross References

    system_stm32f10x.o(.text) refers to system_stm32f10x.o(.data) for SystemCoreClock
    stm32f10x_adc.o(.text) refers to stm32f10x_rcc.o(.text) for RCC_APB2PeriphResetCmd
    stm32f10x_bkp.o(.text) refers to stm32f10x_rcc.o(.text) for RCC_BackupResetCmd
    stm32f10x_can.o(.text) refers to stm32f10x_rcc.o(.text) for RCC_APB1PeriphResetCmd
    stm32f10x_cec.o(.text) refers to stm32f10x_rcc.o(.text) for RCC_APB1PeriphResetCmd
    stm32f10x_dac.o(.text) refers to stm32f10x_rcc.o(.text) for RCC_APB1PeriphResetCmd
    stm32f10x_gpio.o(.text) refers to stm32f10x_rcc.o(.text) for RCC_APB2PeriphResetCmd
    stm32f10x_i2c.o(.text) refers to stm32f10x_rcc.o(.text) for RCC_APB1PeriphResetCmd
    stm32f10x_pwr.o(.text) refers to stm32f10x_rcc.o(.text) for RCC_APB1PeriphResetCmd
    stm32f10x_rcc.o(.text) refers to stm32f10x_rcc.o(.data) for APBAHBPrescTable
    stm32f10x_spi.o(.text) refers to stm32f10x_rcc.o(.text) for RCC_APB2PeriphResetCmd
    stm32f10x_tim.o(.text) refers to stm32f10x_rcc.o(.text) for RCC_APB2PeriphResetCmd
    stm32f10x_usart.o(.text) refers to stm32f10x_rcc.o(.text) for RCC_APB2PeriphResetCmd
    stm32f10x_wwdg.o(.text) refers to stm32f10x_rcc.o(.text) for RCC_APB1PeriphResetCmd
    startup_stm32f10x_hd.o(RESET) refers to startup_stm32f10x_hd.o(STACK) for __initial_sp
    startup_stm32f10x_hd.o(RESET) refers to startup_stm32f10x_hd.o(.text) for Reset_Handler
    startup_stm32f10x_hd.o(RESET) refers to stm32f10x_it.o(.text) for NMI_Handler
    startup_stm32f10x_hd.o(RESET) refers to port.o(.emb_text) for SVC_Handler
    startup_stm32f10x_hd.o(RESET) refers to port.o(.text) for SysTick_Handler
    startup_stm32f10x_hd.o(RESET) refers to bsp_usart1.o(.text) for DMA1_Channel4_IRQHandler
    startup_stm32f10x_hd.o(RESET) refers to bsp_usart2.o(.text) for DMA1_Channel7_IRQHandler
    startup_stm32f10x_hd.o(RESET) refers to bsp_sdio_sdcard.o(.text) for SDIO_IRQHandler
    startup_stm32f10x_hd.o(RESET) refers to sysinfotest.o(.text) for TIM6_IRQHandler
    startup_stm32f10x_hd.o(.text) refers to system_stm32f10x.o(.text) for SystemInit
    startup_stm32f10x_hd.o(.text) refers to entry.o(.ARM.Collect$$$$00000000) for __main
    main.o(.text) refers to queue.o(.text) for xQueueGenericCreate
    main.o(.text) refers to bsp_usart1.o(.text) for Uart1_DMA_SendString
    main.o(.text) refers to tasks.o(.text) for xTaskGenericCreate
    main.o(.text) refers to bsp.o(.text) for bsp_Init
    main.o(.text) refers to gather.o(.text) for ParametersInit
    main.o(.text) refers to main.o(.data) for xQueue_uart1Rx
    main.o(.text) refers to ledtask.o(.text) for vTaskLed
    main.o(.text) refers to keytask.o(.text) for vTaskKey
    main.o(.text) refers to displaytask.o(.text) for vTaskDisplay
    main.o(.text) refers to environmenttask.o(.text) for vTaskEnvironment
    main.o(.text) refers to clocktask.o(.text) for vTaskClock
    main.o(.text) refers to lighttask.o(.text) for vTaskLight
    main.o(.text) refers to pmstask.o(.text) for vTaskPms
    main.o(.text) refers to bmetask.o(.text) for vTaskBme
    sysinfotest.o(.text) refers to bsp_tim_pwm.o(.text) for bsp_SetTIMforInt
    sysinfotest.o(.text) refers to stm32f10x_tim.o(.text) for TIM_GetITStatus
    sysinfotest.o(.text) refers to sysinfotest.o(.data) for ulHighFrequencyTimerTicks
    gather.o(.text) refers to main_ui.o(.text) for Main_uiconfigParamInit
    sys.o(.text) refers to sys.o(.emb_text) for WFI_SET
    bsp_dwt_delay.o(.text) refers to bsp_dwt_delay.o(.data) for SYSCLK
    bsp.o(.text) refers to misc.o(.text) for NVIC_PriorityGroupConfig
    bsp.o(.text) refers to bsp_dwt_delay.o(.text) for bsp_DWT_init
    bsp.o(.text) refers to bsp_oled.o(.text) for bsp_OLED_Init
    bsp.o(.text) refers to bsp_ds3231.o(.text) for bsp_DS3231_Init
    bsp.o(.text) refers to bsp_led.o(.text) for bsp_LED_Init
    bsp.o(.text) refers to bsp_key.o(.text) for bsp_KEY_Init
    bsp.o(.text) refers to bsp_sht3x.o(.text) for bsp_SHT3x_Init
    bsp.o(.text) refers to bsp_gy30.o(.text) for bsp_BH1750_Init
    bsp.o(.text) refers to bsp_usart2.o(.text) for bsp_PMS_Init
    bsp.o(.text) refers to bsp_bme280.o(.text) for BME280_Init
    bsp_key.o(.text) refers to stm32f10x_rcc.o(.text) for RCC_APB2PeriphClockCmd
    bsp_key.o(.text) refers to stm32f10x_gpio.o(.text) for GPIO_Init
    bsp_key.o(.text) refers to bsp_key.o(.data) for Key_PU
    bsp_tim_pwm.o(.text) refers to stm32f10x_rcc.o(.text) for RCC_APB2PeriphClockCmd
    bsp_tim_pwm.o(.text) refers to stm32f10x_gpio.o(.text) for GPIO_Init
    bsp_tim_pwm.o(.text) refers to stm32f10x_tim.o(.text) for TIM_Cmd
    bsp_tim_pwm.o(.text) refers to system_stm32f10x.o(.data) for SystemCoreClock
    bsp_tim_pwm.o(.text) refers to misc.o(.text) for NVIC_Init
    bsp_led.o(.text) refers to stm32f10x_rcc.o(.text) for RCC_APB2PeriphClockCmd
[...]
    _errno                                   0x200001f4   Data           4  errno.o(.data)
    .bss                                     0x200001f8   Section      204  bsp_sdio_sdcard.o(.bss)
    CSD_Tab                                  0x200001f8   Data          16  bsp_sdio_sdcard.o(.bss)
    CID_Tab                                  0x20000208   Data          16  bsp_sdio_sdcard.o(.bss)
    SDSTATUS_Tab                             0x20000218   Data          16  bsp_sdio_sdcard.o(.bss)
    .bss                                     0x200002c4   Section      100  bsp_usart1.o(.bss)
    SendBuff                                 0x200002c4   Data          50  bsp_usart1.o(.bss)
    ReadBuff                                 0x200002f6   Data          50  bsp_usart1.o(.bss)
    .bss                                     0x20000328   Section     1024  bsp_oled.o(.bss)
    oledGram                                 0x20000328   Data        1024  bsp_oled.o(.bss)
    .bss                                     0x20000728   Section      100  bsp_usart2.o(.bss)
    SendBuff                                 0x20000728   Data          50  bsp_usart2.o(.bss)
    ReadBuff                                 0x2000075a   Data          50  bsp_usart2.o(.bss)
    .bss                                     0x2000078c   Section       60  bsp_bme280.o(.bss)
    filter_buf                               0x200007b4   Data          20  bsp_bme280.o(.bss)
    .bss                                     0x200007c8   Section    25600  heap_4.o(.bss)
    ucHeap                                   0x200007c8   Data       25600  heap_4.o(.bss)
    .bss                                     0x20006bc8   Section      100  croutine.o(.bss)
    pxReadyCoRoutineLists                    0x20006bc8   Data          40  croutine.o(.bss)
    xDelayedCoRoutineList1                   0x20006bf0   Data          20  croutine.o(.bss)
    xDelayedCoRoutineList2                   0x20006c04   Data          20  croutine.o(.bss)
    xPendingReadyCoRoutineList               0x20006c18   Data          20  croutine.o(.bss)
    .bss                                     0x20006c2c   Section      700  tasks.o(.bss)
    pxReadyTasksLists                        0x20006c2c   Data         600  tasks.o(.bss)
    xDelayedTaskList1                        0x20006e84   Data          20  tasks.o(.bss)
    xDelayedTaskList2                        0x20006e98   Data          20  tasks.o(.bss)
    xPendingReadyList                        0x20006eac   Data          20  tasks.o(.bss)
    xTasksWaitingTermination                 0x20006ec0   Data          20  tasks.o(.bss)
    xSuspendedTaskList                       0x20006ed4   Data          20  tasks.o(.bss)
    .bss                                     0x20006ee8   Section       72  clocktask.o(.bss)
    .bss                                     0x20006f30   Section       16  bmetask.o(.bss)
    .bss                                     0x20006f40   Section       80  main_ui.o(.bss)
    STACK                                    0x20006f90   Section     1024  startup_stm32f10x_hd.o(STACK)

    Global Symbols

    Symbol Name                              Value     Ov Type        Size  Object(Section)

    BuildAttributes$$THM_ISAv4$P$D$K$B$S$PE$A:L22UL41UL21$X:L11$S22US41US21$IEEE1$IW$USESV6$~STKCKD$USESV7$~SHL$OTIME$ROPI$IEEEX$EBA8$MICROLIB$REQ8$PRES8$EABIv2 0x00000000   Number         0  anon$$obj.o ABSOLUTE
    __ARM_use_no_argv                        0x00000000   Number         0  main.o ABSOLUTE
    _printf_a                                0x00000000   Number         0  stubs.o ABSOLUTE
    _printf_c                                0x00000000   Number         0  stubs.o ABSOLUTE
    _printf_charcount                        0x00000000   Number         0  stubs.o ABSOLUTE
    _printf_d                                0x00000000   Number         0  stubs.o ABSOLUTE
    _printf_e                                0x00000000   Number         0  stubs.o ABSOLUTE
    _printf_f                                0x00000000   Number         0  stubs.o ABSOLUTE
    _printf_flags                            0x00000000   Number         0  stubs.o ABSOLUTE
    _printf_fp_dec                           0x00000000   Number         0  stubs.o ABSOLUTE
    _printf_fp_hex                           0x00000000   Number         0  stubs.o ABSOLUTE
    _printf_g                                0x00000000   Number         0  stubs.o ABSOLUTE
    _printf_i                                0x00000000   Number         0  stubs.o ABSOLUTE
    _printf_int_dec                          0x00000000   Number         0  stubs.o ABSOLUTE
    _printf_l                                0x00000000   Number         0  stubs.o ABSOLUTE
    _printf_lc                               0x00000000   Number         0  stubs.o ABSOLUTE
    _printf_ll                               0x00000000   Number         0  stubs.o ABSOLUTE
    _printf_lld                              0x00000000   Number         0  stubs.o ABSOLUTE
    _printf_lli                              0x00000000   Number         0  stubs.o ABSOLUTE
    _printf_llo                              0x00000000   Number         0  stubs.o ABSOLUTE
    _printf_llu                              0x00000000   Number         0  stubs.o ABSOLUTE
    _printf_llx                              0x00000000   Number         0  stubs.o ABSOLUTE
    _printf_longlong_dec                     0x00000000   Number         0  stubs.o ABSOLUTE
    _printf_longlong_hex                     0x00000000   Number         0  stubs.o ABSOLUTE
    _printf_longlong_oct                     0x00000000   Number         0  stubs.o ABSOLUTE
    _printf_ls                               0x00000000   Number         0  stubs.o ABSOLUTE
    _printf_mbtowc                           0x00000000   Number         0  stubs.o ABSOLUTE
    _printf_n                                0x00000000   Number         0  stubs.o ABSOLUTE
    _printf_o                                0x00000000   Number         0  stubs.o ABSOLUTE
    _printf_p                                0x00000000   Number         0  stubs.o ABSOLUTE
    _printf_percent                          0x00000000   Number         0  stubs.o ABSOLUTE
    _printf_pre_padding                      0x00000000   Number         0  stubs.o ABSOLUTE
    _printf_return_value                     0x00000000   Number         0  stubs.o ABSOLUTE
    _printf_s                                0x00000000   Number         0  stubs.o ABSOLUTE
    _printf_sizespec                         0x00000000   Number         0  stubs.o ABSOLUTE
    _printf_str                              0x00000000   Number         0  stubs.o ABSOLUTE
    _printf_truncate_signed                  0x00000000   Number         0  stubs.o ABSOLUTE
    _printf_truncate_unsigned                0x00000000   Number         0  stubs.o ABSOLUTE
    _printf_u                                0x00000000   Number         0  stubs.o ABSOLUTE
    _printf_wc                               0x00000000   Number         0  stubs.o ABSOLUTE
    _printf_wctomb                           0x00000000   Number         0  stubs.o ABSOLUTE
    _printf_widthprec                        0x00000000   Number         0  stubs.o ABSOLUTE
    _printf_x                                0x00000000   Number         0  stubs.o ABSOLUTE
    __cpp_initialize__aeabi_                  - Undefined Weak Reference
    __cxa_finalize                            - Undefined Weak Reference
    _clock_init                               - Undefined Weak Reference
    _microlib_exit                            - Undefined Weak Reference
    __Vectors_Size                           0x00000130   Number         0  startup_stm32f10x_hd.o ABSOLUTE
    __Vectors                                0x08000000   Data           4  startup_stm32f10x_hd.o(RESET)
    __Vectors_End                            0x08000130   Data           0  startup_stm32f10x_hd.o(RESET)
    __main                                   0x08000131   Thumb Code     0  entry.o(.ARM.Collect$$$$00000000)
    _main_stk                                0x08000131   Thumb Code     0  entry2.o(.ARM.Collect$$$$00000001)
    _main_scatterload                        0x08000135   Thumb Code     0  entry5.o(.ARM.Collect$$$$00000004)
    __main_after_scatterload                 0x08000139   Thumb Code     0  entry5.o(.ARM.Collect$$$$00000004)
    _main_clock                              0x08000139   Thumb Code     0  entry7b.o(.ARM.Collect$$$$00000008)
    _main_cpp_init                           0x08000139   Thumb Code     0  entry8b.o(.ARM.Collect$$$$0000000A)
    _main_init                               0x08000139   Thumb Code     0  entry9a.o(.ARM.Collect$$$$0000000B)
    __rt_final_cpp                           0x08000141   Thumb Code     0  entry10a.o(.ARM.Collect$$$$0000000D)
    __rt_final_exit                          0x08000141   Thumb Code     0  entry11a.o(.ARM.Collect$$$$0000000F)
    SVC_Handler                              0x08000145   Thumb Code    32  port.o(.emb_text)
    __asm___6_port_c_39a90d8d__prvStartFirstTask 0x08000169   Thumb Code    28  port.o(.emb_text)
    PendSV_Handler                           0x08000189   Thumb Code    64  port.o(.emb_text)
    ulPortSetInterruptMask                   0x080001cd   Thumb Code    14  port.o(.emb_text)
    vPortClearInterruptMask                  0x080001db   Thumb Code     6  port.o(.emb_text)
    vPortGetIPSR                             0x080001e1   Thumb Code     6  port.o(.emb_text)
    SystemInit                               0x080002c7   Thumb Code    78  system_stm32f10x.o(.text)
    SystemCoreClockUpdate                    0x08000315   Thumb Code   142  system_stm32f10x.o(.text)
    NVIC_PriorityGroupConfig                 0x080003c9   Thumb Code    10  misc.o(.text)
    NVIC_Init                                0x080003d3   Thumb Code   100  misc.o(.text)
    NVIC_SetVectorTable                      0x08000437   Thumb Code    14  misc.o(.text)
    NVIC_SystemLPConfig                      0x08000445   Thumb Code    34  misc.o(.text)
    SysTick_CLKSourceConfig                  0x08000467   Thumb Code    40  misc.o(.text)
    DMA_DeInit                               0x080004a5   Thumb Code   324  stm32f10x_dma.o(.text)
    DMA_Init                                 0x080005e9   Thumb Code    60  stm32f10x_dma.o(.text)
    DMA_StructInit                           0x08000625   Thumb Code    26  stm32f10x_dma.o(.text)
    DMA_Cmd                                  0x0800063f   Thumb Code    24  stm32f10x_dma.o(.text)
    DMA_ITConfig                             0x08000657   Thumb Code    18  stm32f10x_dma.o(.text)
    DMA_SetCurrDataCounter                   0x08000669   Thumb Code     4  stm32f10x_dma.o(.text)
    DMA_GetCurrDataCounter                   0x0800066d   Thumb Code     8  stm32f10x_dma.o(.text)
    DMA_GetFlagStatus                        0x08000675   Thumb Code    40  stm32f10x_dma.o(.text)
    DMA_ClearFlag                            0x0800069d   Thumb Code    22  stm32f10x_dma.o(.text)
    DMA_GetITStatus                          0x080006b3   Thumb Code    40  stm32f10x_dma.o(.text)
    DMA_ClearITPendingBit                    0x080006db   Thumb Code    22  stm32f10x_dma.o(.text)
    GPIO_DeInit                              0x080006f9   Thumb Code   172  stm32f10x_gpio.o(.text)
    GPIO_AFIODeInit                          0x080007a5   Thumb Code    20  stm32f10x_gpio.o(.text)
    GPIO_Init                                0x080007b9   Thumb Code   278  stm32f10x_gpio.o(.text)
    GPIO_StructInit                          0x080008cf   Thumb Code    16  stm32f10x_gpio.o(.text)
    GPIO_ReadInputDataBit                    0x080008df   Thumb Code    18  stm32f10x_gpio.o(.text)
    GPIO_ReadInputData                       0x080008f1   Thumb Code     8  stm32f10x_gpio.o(.text)
    GPIO_ReadOutputDataBit                   0x080008f9   Thumb Code    18  stm32f10x_gpio.o(.text)
    GPIO_ReadOutputData                      0x0800090b   Thumb Code     8  stm32f10x_gpio.o(.text)
    GPIO_SetBits                             0x08000913   Thumb Code     4  stm32f10x_gpio.o(.text)
    GPIO_ResetBits                           0x08000917   Thumb Code     4  stm32f10x_gpio.o(.text)
    GPIO_WriteBit                            0x0800091b   Thumb Code    10  stm32f10x_gpio.o(.text)
    GPIO_Write                               0x08000925   Thumb Code     4  stm32f10x_gpio.o(.text)
    GPIO_PinLockConfig                       0x08000929   Thumb Code    18  stm32f10x_gpio.o(.text)
    GPIO_EventOutputConfig                   0x0800093b   Thumb Code    26  stm32f10x_gpio.o(.text)
    GPIO_EventOutputCmd                      0x08000955   Thumb Code     6  stm32f10x_gpio.o(.text)
    GPIO_PinRemapConfig                      0x0800095b   Thumb Code   138  stm32f10x_gpio.o(.text)
    GPIO_EXTILineConfig                      0x080009e5   Thumb Code    66  stm32f10x_gpio.o(.text)
    GPIO_ETH_MediaInterfaceConfig            0x08000a27   Thumb Code     8  stm32f10x_gpio.o(.text)
    RCC_DeInit                               0x08000a55   Thumb Code    64  stm32f10x_rcc.o(.text)
    RCC_HSEConfig                            0x08000a95   Thumb Code    70  stm32f10x_rcc.o(.text)
    RCC_GetFlagStatus                        0x08000adb   Thumb Code    56  stm32f10x_rcc.o(.text)
    RCC_WaitForHSEStartUp                    0x08000b13   Thumb Code    56  stm32f10x_rcc.o(.text)
    RCC_AdjustHSICalibrationValue            0x08000b4b   Thumb Code    20  stm32f10x_rcc.o(.text)
    RCC_HSICmd                               0x08000b5f   Thumb Code     6  stm32f10x_rcc.o(.text)
    RCC_PLLConfig                            0x08000b65   Thumb Code    24  stm32f10x_rcc.o(.text)
    RCC_PLLCmd                               0x08000b7d   Thumb Code     6  stm32f10x_rcc.o(.text)
    RCC_SYSCLKConfig                         0x08000b83   Thumb Code    18  stm32f10x_rcc.o(.text)
    RCC_GetSYSCLKSource                      0x08000b95   Thumb Code    10  stm32f10x_rcc.o(.text)
    RCC_HCLKConfig                           0x08000b9f   Thumb Code    18  stm32f10x_rcc.o(.text)
    RCC_PCLK1Config                          0x08000bb1   Thumb Code    18  stm32f10x_rcc.o(.text)
    RCC_PCLK2Config                          0x08000bc3   Thumb Code    20  stm32f10x_rcc.o(.text)
    RCC_ITConfig                             0x08000bd7   Thumb Code    26  stm32f10x_rcc.o(.text)
    RCC_USBCLKConfig                         0x08000bf1   Thumb Code     8  stm32f10x_rcc.o(.text)
    RCC_ADCCLKConfig                         0x08000bf9   Thumb Code    18  stm32f10x_rcc.o(.text)
    RCC_LSEConfig                            0x08000c0b   Thumb Code    50  stm32f10x_rcc.o(.text)
    RCC_LSICmd                               0x08000c3d   Thumb Code     6  stm32f10x_rcc.o(.text)
    RCC_RTCCLKConfig                         0x08000c43   Thumb Code    12  stm32f10x_rcc.o(.text)
    RCC_RTCCLKCmd                            0x08000c4f   Thumb Code     8  stm32f10x_rcc.o(.text)
    RCC_GetClocksFreq                        0x08000c57   Thumb Code   192  stm32f10x_rcc.o(.text)
    RCC_AHBPeriphClockCmd                    0x08000d17   Thumb Code    26  stm32f10x_rcc.o(.text)
    RCC_APB2PeriphClockCmd                   0x08000d31   Thumb Code    26  stm32f10x_rcc.o(.text)
    RCC_APB1PeriphClockCmd                   0x08000d4b   Thumb Code    26  stm32f10x_rcc.o(.text)
    RCC_APB2PeriphResetCmd                   0x08000d65   Thumb Code    26  stm32f10x_rcc.o(.text)
    RCC_APB1PeriphResetCmd                   0x08000d7f   Thumb Code    26  stm32f10x_rcc.o(.text)
    RCC_BackupResetCmd                       0x08000d99   Thumb Code     8  stm32f10x_rcc.o(.text)
    RCC_ClockSecuritySystemCmd               0x08000da1   Thumb Code     6  stm32f10x_rcc.o(.text)
    RCC_MCOConfig                            0x08000da7   Thumb Code     6  stm32f10x_rcc.o(.text)
    RCC_ClearFlag                            0x08000dad   Thumb Code    14  stm32f10x_rcc.o(.text)
    RCC_GetITStatus                          0x08000dbb   Thumb Code    20  stm32f10x_rcc.o(.text)
    RCC_ClearITPendingBit                    0x08000dcf   Thumb Code     6  stm32f10x_rcc.o(.text)
    SDIO_DeInit                              0x08000df9   Thumb Code    28  stm32f10x_sdio.o(.text)
    SDIO_Init                                0x08000e15   Thumb Code    42  stm32f10x_sdio.o(.text)
    SDIO_StructInit                          0x08000e3f   Thumb Code    16  stm32f10x_sdio.o(.text)
    SDIO_ClockCmd                            0x08000e4f   Thumb Code     6  stm32f10x_sdio.o(.text)
    SDIO_SetPowerState                       0x08000e55   Thumb Code    22  stm32f10x_sdio.o(.text)
    SDIO_GetPowerState                       0x08000e6b   Thumb Code    10  stm32f10x_sdio.o(.text)
    SDIO_ITConfig                            0x08000e75   Thumb Code    26  stm32f10x_sdio.o(.text)
    SDIO_DMACmd                              0x08000e8f   Thumb Code     6  stm32f10x_sdio.o(.text)
    SDIO_SendCommand                         0x08000e95   Thumb Code    38  stm32f10x_sdio.o(.text)
    SDIO_CmdStructInit                       0x08000ebb   Thumb Code    14  stm32f10x_sdio.o(.text)
    SDIO_GetCommandResponse                  0x08000ec9   Thumb Code     8  stm32f10x_sdio.o(.text)
    SDIO_GetResponse                         0x08000ed1   Thumb Code    22  stm32f10x_sdio.o(.text)
    SDIO_DataConfig                          0x08000ee7   Thumb Code    42  stm32f10x_sdio.o(.text)
    SDIO_DataStructInit                      0x08000f11   Thumb Code    20  stm32f10x_sdio.o(.text)
    SDIO_GetDataCounter                      0x08000f25   Thumb Code     6  stm32f10x_sdio.o(.text)
    SDIO_ReadData                            0x08000f2b   Thumb Code     8  stm32f10x_sdio.o(.text)
    SDIO_WriteData                           0x08000f33   Thumb Code     8  stm32f10x_sdio.o(.text)
    SDIO_GetFIFOCount                        0x08000f3b   Thumb Code     6  stm32f10x_sdio.o(.text)
    SDIO_StartSDIOReadWait                   0x08000f41   Thumb Code     8  stm32f10x_sdio.o(.text)
    SDIO_StopSDIOReadWait                    0x08000f49   Thumb Code     8  stm32f10x_sdio.o(.text)
    SDIO_SetSDIOReadWaitMode                 0x08000f51   Thumb Code     8  stm32f10x_sdio.o(.text)
    SDIO_SetSDIOOperation                    0x08000f59   Thumb Code     8  stm32f10x_sdio.o(.text)
    SDIO_SendSDIOSuspendCmd                  0x08000f61   Thumb Code     6  stm32f10x_sdio.o(.text)
    SDIO_CommandCompletionCmd                0x08000f67   Thumb Code     8  stm32f10x_sdio.o(.text)
    SDIO_CEATAITCmd                          0x08000f6f   Thumb Code    12  stm32f10x_sdio.o(.text)
    SDIO_SendCEATACmd                        0x08000f7b   Thumb Code     8  stm32f10x_sdio.o(.text)
    SDIO_GetFlagStatus                       0x08000f83   Thumb Code    20  stm32f10x_sdio.o(.text)
    SDIO_ClearFlag                           0x08000f97   Thumb Code     6  stm32f10x_sdio.o(.text)
    SDIO_GetITStatus                         0x08000f9d   Thumb Code    20  stm32f10x_sdio.o(.text)
    SDIO_ClearITPendingBit                   0x08000fb1   Thumb Code     6  stm32f10x_sdio.o(.text)
    TIM_DeInit                               0x08000fcd   Thumb Code   424  stm32f10x_tim.o(.text)
    TIM_TimeBaseInit                         0x08001175   Thumb Code   122  stm32f10x_tim.o(.text)
    TIM_OC1Init                              0x080011ef   Thumb Code   132  stm32f10x_tim.o(.text)
    TIM_OC2Init                              0x08001273   Thumb Code   154  stm32f10x_tim.o(.text)
    TIM_OC3Init                              0x0800130d   Thumb Code   150  stm32f10x_tim.o(.text)
    TIM_OC4Init                              0x080013a3   Thumb Code   182  stm32f10x_tim.o(.text)
    TIM_SetIC4Prescaler                      0x08001459   Thumb Code    26  stm32f10x_tim.o(.text)
    TIM_SetIC3Prescaler                      0x080014f5   Thumb Code    18  stm32f10x_tim.o(.text)
    TIM_SetIC2Prescaler                      0x08001581   Thumb Code    26  stm32f10x_tim.o(.text)
    TIM_SetIC1Prescaler                      0x0800161d   Thumb Code    18  stm32f10x_tim.o(.text)
    TIM_ICInit                               0x0800169b   Thumb Code   150  stm32f10x_tim.o(.text)
    TIM_PWMIConfig                           0x08001731   Thumb Code   124  stm32f10x_tim.o(.text)
    TIM_BDTRConfig                           0x080017ad   Thumb Code    32  stm32f10x_tim.o(.text)
    TIM_TimeBaseStructInit                   0x080017cd   Thumb Code    18  stm32f10x_tim.o(.text)
    TIM_OCStructInit                         0x080017df   Thumb Code    20  stm32f10x_tim.o(.text)
    TIM_ICStructInit                         0x080017f3   Thumb Code    18  stm32f10x_tim.o(.text)
    TIM_BDTRStructInit                       0x08001805   Thumb Code    40  stm32f10x_tim.o(.text)
    TIM_Cmd                                  0x0800182d   Thumb Code    24  stm32f10x_tim.o(.text)
    TIM_CtrlPWMOutputs                       0x08001845   Thumb Code    30  stm32f10x_tim.o(.text)
    TIM_ITConfig                             0x08001863   Thumb Code    18  stm32f10x_tim.o(.text)
    TIM_GenerateEvent                        0x08001875   Thumb Code     4  stm32f10x_tim.o(.text)
    TIM_DMAConfig                            0x08001879   Thumb Code    10  stm32f10x_tim.o(.text)
    TIM_DMACmd                               0x08001883   Thumb Code    18  stm32f10x_tim.o(.text)
    TIM_InternalClockConfig                  0x08001895   Thumb Code    12  stm32f10x_tim.o(.text)
    TIM_SelectInputTrigger                   0x080018a1   Thumb Code    18  stm32f10x_tim.o(.text)
    TIM_ITRxExternalClockConfig              0x080018b3   Thumb Code    24  stm32f10x_tim.o(.text)
    TIM_TIxExternalClockConfig               0x080018cb   Thumb Code    62  stm32f10x_tim.o(.text)
    TIM_ETRConfig                            0x08001909   Thumb Code    28  stm32f10x_tim.o(.text)
    TIM_ETRClockMode1Config                  0x08001925   Thumb Code    54  stm32f10x_tim.o(.text)
    TIM_ETRClockMode2Config                  0x0800195b   Thumb Code    32  stm32f10x_tim.o(.text)
    TIM_PrescalerConfig                      0x0800197b   Thumb Code     6  stm32f10x_tim.o(.text)
    TIM_CounterModeConfig                    0x08001981   Thumb Code    18  stm32f10x_tim.o(.text)
    TIM_EncoderInterfaceConfig               0x08001993   Thumb Code    66  stm32f10x_tim.o(.text)
    TIM_ForcedOC1Config                      0x080019d5   Thumb Code    18  stm32f10x_tim.o(.text)
    TIM_ForcedOC2Config                      0x080019e7   Thumb Code    26  stm32f10x_tim.o(.text)
    TIM_ForcedOC3Config                      0x08001a01   Thumb Code    18  stm32f10x_tim.o(.text)
    TIM_ForcedOC4Config                      0x08001a13   Thumb Code    26  stm32f10x_tim.o(.text)
    TIM_ARRPreloadConfig                     0x08001a2d   Thumb Code    24  stm32f10x_tim.o(.text)
    TIM_SelectCOM                            0x08001a45   Thumb Code    24  stm32f10x_tim.o(.text)
    TIM_SelectCCDMA                          0x08001a5d   Thumb Code    24  stm32f10x_tim.o(.text)
    TIM_CCPreloadControl                     0x08001a75   Thumb Code    24  stm32f10x_tim.o(.text)
    TIM_OC1PreloadConfig                     0x08001a8d   Thumb Code    18  stm32f10x_tim.o(.text)
    TIM_OC2PreloadConfig                     0x08001a9f   Thumb Code    26  stm32f10x_tim.o(.text)
    TIM_OC3PreloadConfig                     0x08001ab9   Thumb Code    18  stm32f10x_tim.o(.text)
    TIM_OC4PreloadConfig                     0x08001acb   Thumb Code    26  stm32f10x_tim.o(.text)
    TIM_OC1FastConfig                        0x08001ae5   Thumb Code    18  stm32f10x_tim.o(.text)
    TIM_OC2FastConfig                        0x08001af7   Thumb Code    26  stm32f10x_tim.o(.text)
    TIM_OC3FastConfig                        0x08001b11   Thumb Code    18  stm32f10x_tim.o(.text)
    TIM_OC4FastConfig                        0x08001b23   Thumb Code    26  stm32f10x_tim.o(.text)
    TIM_ClearOC1Ref                          0x08001b3d   Thumb Code    18  stm32f10x_tim.o(.text)
    TIM_ClearOC2Ref                          0x08001b4f   Thumb Code    24  stm32f10x_tim.o(.text)
    TIM_ClearOC3Ref                          0x08001b67   Thumb Code    18  stm32f10x_tim.o(.text)
    TIM_ClearOC4Ref                          0x08001b79   Thumb Code    24  stm32f10x_tim.o(.text)
    TIM_OC1PolarityConfig                    0x08001b91   Thumb Code    18  stm32f10x_tim.o(.text)
    TIM_OC1NPolarityConfig                   0x08001ba3   Thumb Code    18  stm32f10x_tim.o(.text)
    TIM_OC2PolarityConfig                    0x08001bb5   Thumb Code    26  stm32f10x_tim.o(.text)
    TIM_OC2NPolarityConfig                   0x08001bcf   Thumb Code    26  stm32f10x_tim.o(.text)
    TIM_OC3PolarityConfig                    0x08001be9   Thumb Code    26  stm32f10x_tim.o(.text)
    TIM_OC3NPolarityConfig                   0x08001c03   Thumb Code    26  stm32f10x_tim.o(.text)
    TIM_OC4PolarityConfig                    0x08001c1d   Thumb Code    26  stm32f10x_tim.o(.text)
    TIM_CCxCmd                               0x08001c37   Thumb Code    30  stm32f10x_tim.o(.text)
    TIM_CCxNCmd                              0x08001c55   Thumb Code    30  stm32f10x_tim.o(.text)
    TIM_SelectOCxM                           0x08001c73   Thumb Code    82  stm32f10x_tim.o(.text)
    TIM_UpdateDisableConfig                  0x08001cc5   Thumb Code    24  stm32f10x_tim.o(.text)
    TIM_UpdateRequestConfig                  0x08001cdd   Thumb Code    24  stm32f10x_tim.o(.text)
    TIM_SelectHallSensor                     0x08001cf5   Thumb Code    24  stm32f10x_tim.o(.text)
    TIM_SelectOnePulseMode                   0x08001d0d   Thumb Code    18  stm32f10x_tim.o(.text)
    TIM_SelectOutputTrigger                  0x08001d1f   Thumb Code    18  stm32f10x_tim.o(.text)
    TIM_SelectSlaveMode                      0x08001d31   Thumb Code    18  stm32f10x_tim.o(.text)
    TIM_SelectMasterSlaveMode                0x08001d43   Thumb Code    18  stm32f10x_tim.o(.text)
    TIM_SetCounter                           0x08001d55   Thumb Code     4  stm32f10x_tim.o(.text)
    TIM_SetAutoreload                        0x08001d59   Thumb Code     4  stm32f10x_tim.o(.text)
    TIM_SetCompare1                          0x08001d5d   Thumb Code     4  stm32f10x_tim.o(.text)
    TIM_SetCompare2                          0x08001d61   Thumb Code     4  stm32f10x_tim.o(.text)
    TIM_SetCompare3                          0x08001d65   Thumb Code     4  stm32f10x_tim.o(.text)
    TIM_SetCompare4                          0x08001d69   Thumb Code     6  stm32f10x_tim.o(.text)
    TIM_SetClockDivision                     0x08001d6f   Thumb Code    18  stm32f10x_tim.o(.text)
    TIM_GetCapture1                          0x08001d81   Thumb Code     6  stm32f10x_tim.o(.text)
    TIM_GetCapture2                          0x08001d87   Thumb Code     6  stm32f10x_tim.o(.text)
    TIM_GetCapture3                          0x08001d8d   Thumb Code     6  stm32f10x_tim.o(.text)
    TIM_GetCapture4                          0x08001d93   Thumb Code     8  stm32f10x_tim.o(.text)
    TIM_GetCounter                           0x08001d9b   Thumb Code     6  stm32f10x_tim.o(.text)
    TIM_GetPrescaler                         0x08001da1   Thumb Code     6  stm32f10x_tim.o(.text)
    TIM_GetFlagStatus                        0x08001da7   Thumb Code    18  stm32f10x_tim.o(.text)
    TIM_ClearFlag                            0x08001db9   Thumb Code     6  stm32f10x_tim.o(.text)
    TIM_GetITStatus                          0x08001dbf   Thumb Code    34  stm32f10x_tim.o(.text)
    TIM_ClearITPendingBit                    0x08001de1   Thumb Code     6  stm32f10x_tim.o(.text)
    USART_DeInit                             0x08001de9   Thumb Code   134  stm32f10x_usart.o(.text)
    USART_Init                               0x08001e6f   Thumb Code   210  stm32f10x_usart.o(.text)
    USART_StructInit                         0x08001f41   Thumb Code    24  stm32f10x_usart.o(.text)
    USART_ClockInit                          0x08001f59   Thumb Code    34  stm32f10x_usart.o(.text)
    USART_ClockStructInit                    0x08001f7b   Thumb Code    12  stm32f10x_usart.o(.text)
    USART_Cmd                                0x08001f87   Thumb Code    24  stm32f10x_usart.o(.text)
    USART_ITConfig                           0x08001f9f   Thumb Code    74  stm32f10x_usart.o(.text)
    USART_DMACmd                             0x08001fe9   Thumb Code    18  stm32f10x_usart.o(.text)
    USART_SetAddress                         0x08001ffb   Thumb Code    18  stm32f10x_usart.o(.text)
    USART_WakeUpConfig                       0x0800200d   Thumb Code    18  stm32f10x_usart.o(.text)
    USART_ReceiverWakeUpCmd                  0x0800201f   Thumb Code    24  stm32f10x_usart.o(.text)
    USART_LINBreakDetectLengthConfig         0x08002037   Thumb Code    18  stm32f10x_usart.o(.text)
    USART_LINCmd                             0x08002049   Thumb Code    24  stm32f10x_usart.o(.text)
    USART_SendData                           0x08002061   Thumb Code     8  stm32f10x_usart.o(.text)
    USART_ReceiveData                        0x08002069   Thumb Code    10  stm32f10x_usart.o(.text)
    USART_SendBreak                          0x08002073   Thumb Code    10  stm32f10x_usart.o(.text)
    USART_SetGuardTime                       0x0800207d   Thumb Code    16  stm32f10x_usart.o(.text)
    USART_SetPrescaler                       0x0800208d   Thumb Code    16  stm32f10x_usart.o(.text)
    USART_SmartCardCmd                       0x0800209d   Thumb Code    24  stm32f10x_usart.o(.text)
    USART_SmartCardNACKCmd                   0x080020b5   Thumb Code    24  stm32f10x_usart.o(.text)
    USART_HalfDuplexCmd                      0x080020cd   Thumb Code    24  stm32f10x_usart.o(.text)
    USART_OverSampling8Cmd                   0x080020e5   Thumb Code    22  stm32f10x_usart.o(.text)
    USART_OneBitMethodCmd                    0x080020fb   Thumb Code    24  stm32f10x_usart.o(.text)
    USART_IrDAConfig                         0x08002113   Thumb Code    18  stm32f10x_usart.o(.text)
    USART_IrDACmd                            0x08002125   Thumb Code    24  stm32f10x_usart.o(.text)
    USART_GetFlagStatus                      0x0800213d   Thumb Code    26  stm32f10x_usart.o(.text)
    USART_ClearFlag                          0x08002157   Thumb Code    18  stm32f10x_usart.o(.text)
    USART_GetITStatus                        0x08002169   Thumb Code    84  stm32f10x_usart.o(.text)
    USART_ClearITPendingBit                  0x080021bd   Thumb Code    52  stm32f10x_usart.o(.text)
    Reset_Handler                            0x080021f1   Thumb Code     8  startup_stm32f10x_hd.o(.text)
    ADC1_2_IRQHandler                        0x0800220b   Thumb Code     0  startup_stm32f10x_hd.o(.text)
    ADC3_IRQHandler                          0x0800220b   Thumb Code     0  startup_stm32f10x_hd.o(.text)
    CAN1_RX1_IRQHandler                      0x0800220b   Thumb Code     0  startup_stm32f10x_hd.o(.text)
    CAN1_SCE_IRQHandler                      0x0800220b   Thumb Code     0  startup_stm32f10x_hd.o(.text)
    DMA1_Channel1_IRQHandler                 0x0800220b   Thumb Code     0  startup_stm32f10x_hd.o(.text)
    DMA1_Channel2_IRQHandler                 0x0800220b   Thumb Code     0  startup_stm32f10x_hd.o(.text)
    DMA1_Channel3_IRQHandler                 0x0800220b   Thumb Code     0  startup_stm32f10x_hd.o(.text)
    DMA1_Channel5_IRQHandler                 0x0800220b   Thumb Code     0  startup_stm32f10x_hd.o(.text)
    DMA1_Channel6_IRQHandler                 0x0800220b   Thumb Code     0  startup_stm32f10x_hd.o(.text)
    DMA2_Channel1_IRQHandler                 0x0800220b   Thumb Code     0  startup_stm32f10x_hd.o(.text)
    DMA2_Channel2_IRQHandler                 0x0800220b   Thumb Code     0  startup_stm32f10x_hd.o(.text)
    DMA2_Channel3_IRQHandler                 0x0800220b   Thumb Code     0  startup_stm32f10x_hd.o(.text)
    EXTI0_IRQHandler                         0x0800220b   Thumb Code     0  startup_stm32f10x_hd.o(.text)
    EXTI15_10_IRQHandler                     0x0800220b   Thumb Code     0  startup_stm32f10x_hd.o(.text)
    EXTI1_IRQHandler                         0x0800220b   Thumb Code     0  startup_stm32f10x_hd.o(.text)
    EXTI2_IRQHandler                         0x0800220b   Thumb Code     0  startup_stm32f10x_hd.o(.text)
    EXTI3_IRQHandler                         0x0800220b   Thumb Code     0  startup_stm32f10x_hd.o(.text)
    EXTI4_IRQHandler                         0x0800220b   Thumb Code     0  startup_stm32f10x_hd.o(.text)
    EXTI9_5_IRQHandler                       0x0800220b   Thumb Code     0  startup_stm32f10x_hd.o(.text)
    FLASH_IRQHandler                         0x0800220b   Thumb Code     0  startup_stm32f10x_hd.o(.text)
    FSMC_IRQHandler                          0x0800220b   Thumb Code     0  startup_stm32f10x_hd.o(.text)
    I2C1_ER_IRQHandler                       0x0800220b   Thumb Code     0  startup_stm32f10x_hd.o(.text)
    I2C1_EV_IRQHandler                       0x0800220b   Thumb Code     0  startup_stm32f10x_hd.o(.text)
    I2C2_ER_IRQHandler                       0x0800220b   Thumb Code     0  startup_stm32f10x_hd.o(.text)
    I2C2_EV_IRQHandler                       0x0800220b   Thumb Code     0  startup_stm32f10x_hd.o(.text)
    PVD_IRQHandler                           0x0800220b   Thumb Code     0  startup_stm32f10x_hd.o(.text)
    RCC_IRQHandler                           0x0800220b   Thumb Code     0  startup_stm32f10x_hd.o(.text)
    RTCAlarm_IRQHandler                      0x0800220b   Thumb Code     0  startup_stm32f10x_hd.o(.text)
    RTC_IRQHandler                           0x0800220b   Thumb Code     0  startup_stm32f10x_hd.o(.text)
    SPI1_IRQHandler                          0x0800220b   Thumb Code     0  startup_stm32f10x_hd.o(.text)
    SPI2_IRQHandler                          0x0800220b   Thumb Code     0  startup_stm32f10x_hd.o(.text)
    SPI3_IRQHandler                          0x0800220b   Thumb Code     0  startup_stm32f10x_hd.o(.text)
    TAMPER_IRQHandler                        0x0800220b   Thumb Code     0  startup_stm32f10x_hd.o(.text)
    TIM1_BRK_IRQHandler                      0x0800220b   Thumb Code     0  startup_stm32f10x_hd.o(.text)
    TIM1_CC_IRQHandler                       0x0800220b   Thumb Code     0  startup_stm32f10x_hd.o(.text)
    TIM1_TRG_COM_IRQHandler                  0x0800220b   Thumb Code     0  startup_stm32f10x_hd.o(.text)
    TIM1_UP_IRQHandler                       0x0800220b   Thumb Code     0  startup_stm32f10x_hd.o(.text)
    TIM2_IRQHandler                          0x0800220b   Thumb Code     0  startup_stm32f10x_hd.o(.text)
    TIM3_IRQHandler                          0x0800220b   Thumb Code     0  startup_stm32f10x_hd.o(.text)
    TIM4_IRQHandler                          0x0800220b   Thumb Code     0  startup_stm32f10x_hd.o(.text)
    TIM5_IRQHandler                          0x0800220b   Thumb Code     0  startup_stm32f10x_hd.o(.text)
    TIM7_IRQHandler                          0x0800220b   Thumb Code     0  startup_stm32f10x_hd.o(.text)
    TIM8_BRK_IRQHandler                      0x0800220b   Thumb Code     0  startup_stm32f10x_hd.o(.text)
    TIM8_CC_IRQHandler                       0x0800220b   Thumb Code     0  startup_stm32f10x_hd.o(.text)
    TIM8_TRG_COM_IRQHandler                  0x0800220b   Thumb Code     0  startup_stm32f10x_hd.o(.text)
    TIM8_UP_IRQHandler                       0x0800220b   Thumb Code     0  startup_stm32f10x_hd.o(.text)
    UART4_IRQHandler                         0x0800220b   Thumb Code     0  startup_stm32f10x_hd.o(.text)
    UART5_IRQHandler                         0x0800220b   Thumb Code     0  startup_stm32f10x_hd.o(.text)
    USART3_IRQHandler                        0x0800220b   Thumb Code     0  startup_stm32f10x_hd.o(.text)
    USBWakeUp_IRQHandler                     0x0800220b   Thumb Code     0  startup_stm32f10x_hd.o(.text)
    USB_HP_CAN1_TX_IRQHandler                0x0800220b   Thumb Code     0  startup_stm32f10x_hd.o(.text)
    USB_LP_CAN1_RX0_IRQHandler               0x0800220b   Thumb Code     0  startup_stm32f10x_hd.o(.text)
    WWDG_IRQHandler                          0x0800220b   Thumb Code     0  startup_stm32f10x_hd.o(.text)
    NMI_Handler                              0x08002215   Thumb Code     2  stm32f10x_it.o(.text)
    HardFault_Handler                        0x08002217   Thumb Code     4  stm32f10x_it.o(.text)
    MemManage_Handler                        0x0800221b   Thumb Code     4  stm32f10x_it.o(.text)
    BusFault_Handler                         0x0800221f   Thumb Code     4  stm32f10x_it.o(.text)
    UsageFault_Handler                       0x08002223   Thumb Code     4  stm32f10x_it.o(.text)
    DebugMon_Handler                         0x08002227   Thumb Code     2  stm32f10x_it.o(.text)
    main                                     0x08002349   Thumb Code    32  main.o(.text)
    vSetupSysInfoTest                        0x08002435   Thumb Code    18  sysinfotest.o(.text)
    TIM6_IRQHandler                          0x08002447   Thumb Code    32  sysinfotest.o(.text)
    ParametersInit                           0x08002471   Thumb Code     8  gather.o(.text)
    bsp_DWT_init                             0x08002479   Thumb Code    30  bsp_dwt_delay.o(.text)
    DwtDelay_uS                              0x08002497   Thumb Code    74  bsp_dwt_delay.o(.text)
    bsp_Init                                 0x080024f5   Thumb Code    50  bsp.o(.text)
    bsp_KEY_Init                             0x08002551   Thumb Code    34  bsp_key.o(.text)
    Key_Scan                                 0x08002573   Thumb Code   188  bsp_key.o(.text)
    bsp_GetRCCofGPIO                         0x08002649   Thumb Code    74  bsp_tim_pwm.o(.text)
    bsp_GetRCCofTIM                          0x08002693   Thumb Code   150  bsp_tim_pwm.o(.text)
    bsp_ConfigTimGpio                        0x08002729   Thumb Code    96  bsp_tim_pwm.o(.text)
    bsp_ConfigGpioOut                        0x08002789   Thumb Code    46  bsp_tim_pwm.o(.text)
    bsp_SetTIMOutPWM                         0x080027b7   Thumb Code   426  bsp_tim_pwm.o(.text)
    bsp_SetTIMOutPWM_N                       0x08002961   Thumb Code   516  bsp_tim_pwm.o(.text)
    bsp_SetTIMforInt                         0x08002b65   Thumb Code   478  bsp_tim_pwm.o(.text)
    bsp_LED_Init                             0x08002da3   Thumb Code    64  bsp_led.o(.text)
    bsp_Led_Flash                            0x08002de3   Thumb Code    50  bsp_led.o(.text)
    SD_LowLevel_DeInit                       0x08002e25   Thumb Code    66  bsp_sdio_sdcard.o(.text)
    SD_DeInit                                0x08002e67   Thumb Code     8  bsp_sdio_sdcard.o(.text)
    SD_EnableWideBusOperation                0x0800322b   Thumb Code   178  bsp_sdio_sdcard.o(.text)
    SD_SelectDeselect                        0x080032dd   Thumb Code    48  bsp_sdio_sdcard.o(.text)
    SD_GetCardInfo                           0x0800330d   Thumb Code   742  bsp_sdio_sdcard.o(.text)
    SD_InitializeCards                       0x080036ef   Thumb Code   294  bsp_sdio_sdcard.o(.text)
    SD_PowerON                               0x080038bd   Thumb Code   432  bsp_sdio_sdcard.o(.text)
    SD_LowLevel_Init                         0x08003a6d   Thumb Code    70  bsp_sdio_sdcard.o(.text)
    SD_Init                                  0x08003af3   Thumb Code   128  bsp_sdio_sdcard.o(.text)
    SD_SendStatus                            0x08003b73   Thumb Code    74  bsp_sdio_sdcard.o(.text)
    SD_Detect                                0x08003bbd   Thumb Code    12  bsp_sdio_sdcard.o(.text)
    SD_GetState                              0x08003bc9   Thumb Code    38  bsp_sdio_sdcard.o(.text)
    SD_GetStatus                             0x08003bef   Thumb Code    30  bsp_sdio_sdcard.o(.text)
    SD_PowerOFF                              0x08003c0d   Thumb Code    14  bsp_sdio_sdcard.o(.text)
    SD_SendSDStatus                          0x08003c1b   Thumb Code   364  bsp_sdio_sdcard.o(.text)
    SD_GetCardStatus                         0x08003d87   Thumb Code   156  bsp_sdio_sdcard.o(.text)
    SD_LowLevel_DMA_RxConfig                 0x08003e23   Thumb Code   146  bsp_sdio_sdcard.o(.text)
    SD_ReadBlock                             0x08003eb5   Thumb Code   208  bsp_sdio_sdcard.o(.text)
    SD_ReadMultiBlocks                       0x08003f85   Thumb Code   218  bsp_sdio_sdcard.o(.text)
    SD_StopTransfer                          0x0800405f   Thumb Code    46  bsp_sdio_sdcard.o(.text)
    SD_WaitReadOperation                     0x0800408d   Thumb Code   102  bsp_sdio_sdcard.o(.text)
    SD_LowLevel_DMA_TxConfig                 0x080040f3   Thumb Code    98  bsp_sdio_sdcard.o(.text)
    SD_WriteBlock                            0x08004155   Thumb Code   206  bsp_sdio_sdcard.o(.text)
    SD_WriteMultiBlocks                      0x08004223   Thumb Code   358  bsp_sdio_sdcard.o(.text)
    SD_WaitWriteOperation                    0x08004389   Thumb Code   102  bsp_sdio_sdcard.o(.text)
    SD_GetTransferState                      0x080043ef   Thumb Code    18  bsp_sdio_sdcard.o(.text)
    SD_Erase                                 0x0800458d   Thumb Code   296  bsp_sdio_sdcard.o(.text)
    SD_ProcessIRQSrc                         0x080046b5   Thumb Code   216  bsp_sdio_sdcard.o(.text)
    SD_ProcessDMAIRQ                         0x0800478d   Thumb Code    26  bsp_sdio_sdcard.o(.text)
    convert_from_bytes_to_power_of_two       0x080047a7   Thumb Code    18  bsp_sdio_sdcard.o(.text)
    SD_DMAEndOfTransferStatus                0x080047b9   Thumb Code    10  bsp_sdio_sdcard.o(.text)
    SDIO_IRQHandler                          0x080047c3   Thumb Code     8  bsp_sdio_sdcard.o(.text)
    DMA2_Channel4_5_IRQHandler               0x080047cb   Thumb Code     8  bsp_sdio_sdcard.o(.text)
    USART1_DMA_Config                        0x08004829   Thumb Code   194  bsp_usart1.o(.text)
    USART1_Config                            0x080048eb   Thumb Code   174  bsp_usart1.o(.text)
    Uart1_Start_DMA_Tx                       0x08004999   Thumb Code    26  bsp_usart1.o(.text)
    DMA1_Channel4_IRQHandler                 0x080049b3   Thumb Code    36  bsp_usart1.o(.text)
    USART1_IRQHandler                        0x080049d7   Thumb Code   146  bsp_usart1.o(.text)
    Uart1_DMA_SendString                     0x08004a69   Thumb Code    52  bsp_usart1.o(.text)
    Usart1_SendByte                          0x08004a9d   Thumb Code    30  bsp_usart1.o(.text)
    Usar1_SendString                         0x08004abb   Thumb Code    42  bsp_usart1.o(.text)
    Usart1_SendHalfWord                      0x08004ae5   Thumb Code    60  bsp_usart1.o(.text)
    fputc                                    0x08004b21   Thumb Code    36  bsp_usart1.o(.text)
    fgetc                                    0x08004b45   Thumb Code    30  bsp_usart1.o(.text)
    OLED_WR_Byte                             0x08004b89   Thumb Code   102  bsp_oled.o(.text)
    OLED_Set_Pos                             0x08004bef   Thumb Code    48  bsp_oled.o(.text)
    oled_drawPoint                           0x08004c1f   Thumb Code   100  bsp_oled.o(.text)
    oled_readPoint                           0x08004c83   Thumb Code    62  bsp_oled.o(.text)
    OLED_Display_On                          0x08004cc1   Thumb Code    28  bsp_oled.o(.text)
    OLED_Display_Off                         0x08004cdd   Thumb Code    28  bsp_oled.o(.text)
    OLED_Refresh_Gram                        0x08004cf9   Thumb Code    70  bsp_oled.o(.text)
    OLED_Clear                               0x08004d3f   Thumb Code    42  bsp_oled.o(.text)
    OLED_FillAll                             0x08004d69   Thumb Code    42  bsp_oled.o(.text)
    OLED_Fill                                0x08004d93   Thumb Code    54  bsp_oled.o(.text)
    OLED_ShowChar                            0x08004dc9   Thumb Code   464  bsp_oled.o(.text)
    OLED_ShowChar32                          0x08004f99   Thumb Code   368  bsp_oled.o(.text)
    mypow                                    0x08005109   Thumb Code    22  bsp_oled.o(.text)
    OLED_ShowNum                             0x0800511f   Thumb Code   554  bsp_oled.o(.text)
    OLED_ShowNum32                           0x08005349   Thumb Code   162  bsp_oled.o(.text)
    OLED_ShowString                          0x080053eb   Thumb Code    70  bsp_oled.o(.text)
    OLED_ShowCHinese                         0x08005431   Thumb Code   204  bsp_oled.o(.text)
    OLED_DrawBMP                             0x080054fd   Thumb Code   278  bsp_oled.o(.text)
    bsp_OLED_Init                            0x08005613   Thumb Code   454  bsp_oled.o(.text)
    Oled_Show_NumCor                         0x080057d9   Thumb Code    52  bsp_oled.o(.text)
    OLED_ShowStringCor                       0x0800580d   Thumb Code    64  bsp_oled.o(.text)
    SHT3X_IIC_ACK                            0x0800584d   Thumb Code    78  bsp_sht3x.o(.text)
    SHT3X_IIC_NACK                           0x0800589b   Thumb Code    78  bsp_sht3x.o(.text)
    SHT3X_IIC_wait_ACK                       0x080058e9   Thumb Code   154  bsp_sht3x.o(.text)
    SHT3X_IIC_Start                          0x08005983   Thumb Code    68  bsp_sht3x.o(.text)
    SHT3X_IIC_Stop                           0x080059c7   Thumb Code    70  bsp_sht3x.o(.text)
    SHT3X_IIC_SendByte                       0x08005a0d   Thumb Code   106  bsp_sht3x.o(.text)
    SHT3X_IIC_RcvByte                        0x08005a77   Thumb Code    96  bsp_sht3x.o(.text)
    SHT3x_Getdata                            0x08005ad7   Thumb Code   390  bsp_sht3x.o(.text)
    bsp_SHT3x_Init                           0x08005c5d   Thumb Code    88  bsp_sht3x.o(.text)
    DS3231_IIC_ACK                           0x08005cc1   Thumb Code    78  bsp_ds3231.o(.text)
    DS3231_IIC_NACK                          0x08005d0f   Thumb Code    78  bsp_ds3231.o(.text)
    DS3231_IIC_wait_ACK                      0x08005d5d   Thumb Code   154  bsp_ds3231.o(.text)
    DS3231_IIC_Start                         0x08005df7   Thumb Code    68  bsp_ds3231.o(.text)
    DS3231_IIC_Stop                          0x08005e3b   Thumb Code    70  bsp_ds3231.o(.text)
    DS3231_IIC_SendByte                      0x08005e81   Thumb Code   106  bsp_ds3231.o(.text)
    DS3231_IIC_RcvByte                       0x08005eeb   Thumb Code    96  bsp_ds3231.o(.text)
    BCDtoHEX                                 0x08005f4b   Thumb Code    24  bsp_ds3231.o(.text)
    B_BCD                                    0x08005f63   Thumb Code    32  bsp_ds3231.o(.text)
    DS3231_IIC_Write                         0x08005f83   Thumb Code    48  bsp_ds3231.o(.text)
    DS3231_IIC_Read                          0x08005fb3   Thumb Code    30  bsp_ds3231.o(.text)
    DS3231_I2C_Read_Add                      0x08005fd1   Thumb Code    34  bsp_ds3231.o(.text)
    DS3231_Readtime                          0x08005ff3   Thumb Code   278  bsp_ds3231.o(.text)
    autoweek                                 0x08006109   Thumb Code   116  bsp_ds3231.o(.text)
    DS3231_SetTime                           0x0800617d   Thumb Code   128  bsp_ds3231.o(.text)
    bsp_DS3231_Init                          0x080061fd   Thumb Code    96  bsp_ds3231.o(.text)
    GY30_IIC_ACK                             0x0800626d   Thumb Code    76  bsp_gy30.o(.text)
    GY30_IIC_NACK                            0x080062b9   Thumb Code    74  bsp_gy30.o(.text)
    GY30_IIC_wait_ACK                        0x08006303   Thumb Code   154  bsp_gy30.o(.text)
    GY30_IIC_Start                           0x0800639d   Thumb Code    90  bsp_gy30.o(.text)
    GY30_IIC_Stop                            0x080063f7   Thumb Code    66  bsp_gy30.o(.text)
    GY30_IIC_SendByte                        0x08006439   Thumb Code   164  bsp_gy30.o(.text)
    GY30_IIC_RcvByte                         0x080064dd   Thumb Code    96  bsp_gy30.o(.text)
    Single_Write_BH1750                      0x0800653d   Thumb Code    26  bsp_gy30.o(.text)
    Single_Read_BH1750                       0x08006557   Thumb Code    48  bsp_gy30.o(.text)
    Multiple_Read_BH1750                     0x08006587   Thumb Code    52  bsp_gy30.o(.text)
    bsp_BH1750_Init                          0x080065bb   Thumb Code    98  bsp_gy30.o(.text)
    Updata_BH1750                            0x0800661d   Thumb Code    96  bsp_gy30.o(.text)
    UART2_DMA_Config                         0x080066bd   Thumb Code   194  bsp_usart2.o(.text)
    UART2_Config                             0x0800677f   Thumb Code   170  bsp_usart2.o(.text)
    Uart2_Start_DMA_Tx                       0x08006829   Thumb Code    26  bsp_usart2.o(.text)
    DMA1_Channel7_IRQHandler                 0x08006843   Thumb Code    36  bsp_usart2.o(.text)
    USART2_IRQHandler                        0x08006867   Thumb Code   158  bsp_usart2.o(.text)
    Uart2_DMA_SendString                     0x08006905   Thumb Code    52  bsp_usart2.o(.text)
    bsp_PMS_Init                             0x08006939   Thumb Code    10  bsp_usart2.o(.text)
    bsp_BME280_Init                          0x08006969   Thumb Code    90  bsp_bme280.o(.text)
    BME280_IIC_Start                         0x080069c3   Thumb Code    68  bsp_bme280.o(.text)
    BME280_IIC_Stop                          0x08006a07   Thumb Code    62  bsp_bme280.o(.text)
    BME280_IIC_Wait_Ack                      0x08006a45   Thumb Code    86  bsp_bme280.o(.text)
    BME280_IIC_Ack                           0x08006a9b   Thumb Code    66  bsp_bme280.o(.text)
    BME280_IIC_NAck                          0x08006add   Thumb Code    66  bsp_bme280.o(.text)
    BME280_IIC_Send_Byte                     0x08006b1f   Thumb Code    90  bsp_bme280.o(.text)
    BME280_IIC_Read_Byte                     0x08006b79   Thumb Code    98  bsp_bme280.o(.text)
    BME280_Write_Byte                        0x08006bdb   Thumb Code    76  bsp_bme280.o(.text)
    BME280_Read_Byte                         0x08006c27   Thumb Code    72  bsp_bme280.o(.text)
    BME280_Read_Len                          0x08006c6f   Thumb Code   116  bsp_bme280.o(.text)
    readTrim                                 0x08006ce3   Thumb Code   358  bsp_bme280.o(.text)
    BME280_Init                              0x08006e49   Thumb Code    54  bsp_bme280.o(.text)
    BME280_Getdata                           0x080072b9   Thumb Code   144  bsp_bme280.o(.text)
    pvPortMalloc                             0x08007457   Thumb Code   254  heap_4.o(.text)
    vPortFree                                0x08007555   Thumb Code   112  heap_4.o(.text)
    xPortGetFreeHeapSize                     0x080075c5   Thumb Code     6  heap_4.o(.text)
    xPortGetMinimumEverFreeHeapSize          0x080075cb   Thumb Code     6  heap_4.o(.text)
    vPortInitialiseBlocks                    0x080075d1   Thumb Code     2  heap_4.o(.text)
    pxPortInitialiseStack                    0x0800760d   Thumb Code    26  port.o(.text)
    vPortSetupTimerInterrupt                 0x08007627   Thumb Code    14  port.o(.text)
    xPortStartScheduler                      0x08007635   Thumb Code   140  port.o(.text)
    vPortEndScheduler                        0x080076c1   Thumb Code    30  port.o(.text)
    vPortYield                               0x080076df   Thumb Code    20  port.o(.text)
    vPortEnterCritical                       0x080076f3   Thumb Code    60  port.o(.text)
    vPortExitCritical                        0x0800772f   Thumb Code    40  port.o(.text)
    SysTick_Handler                          0x08007757   Thumb Code    30  port.o(.text)
    vPortValidateInterruptPriority           0x08007775   Thumb Code    80  port.o(.text)
    xCoRoutineCreate                         0x0800781b   Thumb Code   126  croutine.o(.text)
    vCoRoutineAddToDelayedList               0x08007899   Thumb Code    82  croutine.o(.text)
    vCoRoutineSchedule                       0x080079fb   Thumb Code   122  croutine.o(.text)
    xCoRoutineRemoveFromEventList            0x08007a75   Thumb Code    48  croutine.o(.text)
    vListInitialise                          0x08007ad1   Thumb Code    26  list.o(.text)
    vListInitialiseItem                      0x08007aeb   Thumb Code     6  list.o(.text)
    vListInsertEnd                           0x08007af1   Thumb Code    24  list.o(.text)
    vListInsert                              0x08007b09   Thumb Code    52  list.o(.text)
    uxListRemove                             0x08007b3d   Thumb Code    40  list.o(.text)
    xQueueGenericReset                       0x08007b65   Thumb Code   120  queue.o(.text)
    xQueueGenericCreate                      0x08007bdd   Thumb Code   106  queue.o(.text)
    xQueueGenericSend                        0x08007d51   Thumb Code   296  queue.o(.text)
    xQueueGenericSendFromISR                 0x08007e79   Thumb Code   172  queue.o(.text)
    xQueueGiveFromISR                        0x08007f25   Thumb Code   148  queue.o(.text)
    xQueueGenericReceive                     0x08007ffd   Thumb Code   290  queue.o(.text)
    xQueueReceiveFromISR                     0x0800811f   Thumb Code   136  queue.o(.text)
    xQueuePeekFromISR                        0x080081a7   Thumb Code   110  queue.o(.text)
    uxQueueMessagesWaiting                   0x08008215   Thumb Code    28  queue.o(.text)
    uxQueueSpacesAvailable                   0x08008231   Thumb Code    34  queue.o(.text)
    uxQueueMessagesWaitingFromISR            0x08008253   Thumb Code    20  queue.o(.text)
    vQueueDelete                             0x08008267   Thumb Code    24  queue.o(.text)
    uxQueueGetQueueNumber                    0x0800827f   Thumb Code     6  queue.o(.text)
    vQueueSetQueueNumber                     0x08008285   Thumb Code     4  queue.o(.text)
    ucQueueGetQueueType                      0x08008289   Thumb Code     8  queue.o(.text)
    xQueueIsQueueEmptyFromISR                0x08008291   Thumb Code    28  queue.o(.text)
    xQueueIsQueueFullFromISR                 0x080082ad   Thumb Code    32  queue.o(.text)
    xQueueCRSend                             0x080082cd   Thumb Code   130  queue.o(.text)
    xQueueCRReceive                          0x0800834f   Thumb Code   148  queue.o(.text)
    xQueueCRSendFromISR                      0x080083e3   Thumb Code    64  queue.o(.text)
    xQueueCRReceiveFromISR                   0x08008423   Thumb Code    94  queue.o(.text)
    xTaskGenericCreate                       0x08008567   Thumb Code   288  tasks.o(.text)
    vTaskDelete                              0x080086b1   Thumb Code   160  tasks.o(.text)
    xTaskIncrementTick                       0x08008751   Thumb Code   272  tasks.o(.text)
    xTaskResumeAll                           0x08008861   Thumb Code   282  tasks.o(.text)
    vTaskSuspendAll                          0x080089b9   Thumb Code    12  tasks.o(.text)
    vTaskDelayUntil                          0x080089c5   Thumb Code   176  tasks.o(.text)
    vTaskDelay                               0x08008a75   Thumb Code    94  tasks.o(.text)
    uxTaskPriorityGet                        0x08008ad3   Thumb Code    30  tasks.o(.text)
    uxTaskPriorityGetFromISR                 0x08008af1   Thumb Code    42  tasks.o(.text)
    vTaskPrioritySet                         0x08008b1b   Thumb Code   224  tasks.o(.text)
    vTaskSwitchContext                       0x08008bfb   Thumb Code   158  tasks.o(.text)
    vTaskSuspend                             0x08008c99   Thumb Code   232  tasks.o(.text)
    vTaskResume                              0x08008dc5   Thumb Code   104  tasks.o(.text)
    xTaskResumeFromISR                       0x08008e2d   Thumb Code   126  tasks.o(.text)
    vTaskStartScheduler                      0x08008f27   Thumb Code    74  tasks.o(.text)
    vTaskEndScheduler                        0x08008f71   Thumb Code    18  tasks.o(.text)
    xTaskGetTickCount                        0x08008f83   Thumb Code     6  tasks.o(.text)
    xTaskGetTickCountFromISR                 0x08008f89   Thumb Code    16  tasks.o(.text)
    uxTaskGetNumberOfTasks                   0x08008f99   Thumb Code     6  tasks.o(.text)
    uxTaskGetSystemState                     0x08009065   Thumb Code   208  tasks.o(.text)
    vTaskPlaceOnEventList                    0x08009135   Thumb Code    94  tasks.o(.text)
    vTaskPlaceOnUnorderedEventList           0x08009193   Thumb Code   132  tasks.o(.text)
    xTaskRemoveFromEventList                 0x08009217   Thumb Code   114  tasks.o(.text)
    xTaskRemoveFromUnorderedEventList        0x08009289   Thumb Code   126  tasks.o(.text)
    vTaskSetTimeOutState                     0x08009307   Thumb Code    28  tasks.o(.text)
    xTaskCheckForTimeOut                     0x08009323   Thumb Code   108  tasks.o(.text)
    vTaskMissedYield                         0x0800938f   Thumb Code     8  tasks.o(.text)
    uxTaskGetTaskNumber                      0x08009397   Thumb Code    14  tasks.o(.text)
    vTaskSetTaskNumber                       0x080093a5   Thumb Code     8  tasks.o(.text)
    vTaskList                                0x080093d7   Thumb Code   180  tasks.o(.text)
    vTaskGetRunTimeStats                     0x0800948b   Thumb Code   242  tasks.o(.text)
    uxTaskResetEventItemValue                0x0800957d   Thumb Code    24  tasks.o(.text)
    ulTaskNotifyTake                         0x08009595   Thumb Code   162  tasks.o(.text)
    xTaskNotifyWait                          0x08009637   Thumb Code   196  tasks.o(.text)
    xTaskGenericNotify                       0x080096fb   Thumb Code   202  tasks.o(.text)
    xTaskGenericNotifyFromISR                0x080097c5   Thumb Code   240  tasks.o(.text)
    vTaskNotifyGiveFromISR                   0x080098b5   Thumb Code   158  tasks.o(.text)
    xTaskNotifyStateClear                    0x08009953   Thumb Code    78  tasks.o(.text)
    vTaskKey                                 0x080099a1   Thumb Code    40  keytask.o(.text)
    vTaskLed                                 0x080099dd   Thumb Code    26  ledtask.o(.text)
    vTaskDisplay                             0x08009a01   Thumb Code    34  displaytask.o(.text)
    setShow_ui                               0x08009a23   Thumb Code    14  displaytask.o(.text)
    DisplayInit                              0x08009a31   Thumb Code     8  displaytask.o(.text)
    Show_Para_Con                            0x08009a39   Thumb Code    72  displaytask.o(.text)
    vTaskEnvironment                         0x08009a87   Thumb Code    22  environmenttask.o(.text)
    vTaskClock                               0x08009aa1   Thumb Code    16  clocktask.o(.text)
    vTaskLight                               0x08009ab5   Thumb Code    22  lighttask.o(.text)
    UpdataPms                                0x08009ad1   Thumb Code    34  pmstask.o(.text)
    vTaskPms                                 0x08009af3   Thumb Code    30  pmstask.o(.text)
    vTaskBme                                 0x08009b1b   Thumb Code    20  bmetask.o(.text)
    Main_uiconfigParamInit                   0x08009b35   Thumb Code    90  main_ui.o(.text)
    Main_ZUI                                 0x08009b8f   Thumb Code  3332  main_ui.o(.text)
    Main_uictrl                              0x0800a8ed   Thumb Code   490  main_ui.o(.text)
    __aeabi_uldivmod                         0x0800aafd   Thumb Code    98  uldiv.o(.text)
    __aeabi_ldivmod                          0x0800ab5f   Thumb Code    98  ldiv.o(.text)
    __aeabi_memcpy                           0x0800abc1   Thumb Code    36  memcpya.o(.text)
    __aeabi_memcpy4                          0x0800abc1   Thumb Code     0  memcpya.o(.text)
    __aeabi_memcpy8                          0x0800abc1   Thumb Code     0  memcpya.o(.text)
    __aeabi_memset                           0x0800abe5   Thumb Code    14  memseta.o(.text)
    __aeabi_memset4                          0x0800abe5   Thumb Code     0  memseta.o(.text)
    __aeabi_memset8                          0x0800abe5   Thumb Code     0  memseta.o(.text)
    __aeabi_memclr                           0x0800abf3   Thumb Code     4  memseta.o(.text)
    __aeabi_memclr4                          0x0800abf3   Thumb Code     0  memseta.o(.text)
    __aeabi_memclr8                          0x0800abf3   Thumb Code     0  memseta.o(.text)
    _memset$wrapper                          0x0800abf7   Thumb Code    18  memseta.o(.text)
    strlen                                   0x0800ac09   Thumb Code    14  strlen.o(.text)
    strcpy                                   0x0800ac17   Thumb Code    18  strcpy.o(.text)
    __aeabi_fadd                             0x0800ac29   Thumb Code   164  fadd.o(.text)
    __aeabi_fsub                             0x0800accd   Thumb Code     6  fadd.o(.text)
    __aeabi_frsub                            0x0800acd3   Thumb Code     6  fadd.o(.text)
    __aeabi_fmul                             0x0800acd9   Thumb Code   100  fmul.o(.text)
    __aeabi_fdiv                             0x0800ad3d   Thumb Code   124  fdiv.o(.text)
    __aeabi_dadd                             0x0800adb9   Thumb Code   322  dadd.o(.text)
    __aeabi_dsub                             0x0800aefb   Thumb Code     6  dadd.o(.text)
    __aeabi_drsub                            0x0800af01   Thumb Code     6  dadd.o(.text)
    __aeabi_dmul                             0x0800af07   Thumb Code   228  dmul.o(.text)
    __aeabi_ddiv                             0x0800afeb   Thumb Code   222  ddiv.o(.text)
    __aeabi_i2f                              0x0800b0c9   Thumb Code    18  fflti.o(.text)
    __aeabi_ui2f                             0x0800b0db   Thumb Code    10  ffltui.o(.text)
    __aeabi_i2d                              0x0800b0e5   Thumb Code    34  dflti.o(.text)
    __aeabi_ui2d                             0x0800b107   Thumb Code    26  dfltui.o(.text)
    __aeabi_f2iz                             0x0800b121   Thumb Code    50  ffixi.o(.text)
    __aeabi_f2d                              0x0800b153   Thumb Code    38  f2d.o(.text)
    __aeabi_cdcmpeq                          0x0800b179   Thumb Code     0  cdcmple.o(.text)
    __aeabi_cdcmple                          0x0800b179   Thumb Code    48  cdcmple.o(.text)
    __aeabi_d2f                              0x0800b1a9   Thumb Code    56  d2f.o(.text)
    __aeabi_cfcmpeq                          0x0800b1e1   Thumb Code     0  cfcmple.o(.text)
    __aeabi_cfcmple                          0x0800b1e1   Thumb Code    20  cfcmple.o(.text)
    __aeabi_cfrcmple                         0x0800b1f5   Thumb Code    20  cfrcmple.o(.text)
    __aeabi_uidiv                            0x0800b209   Thumb Code     0  uidiv.o(.text)
    __aeabi_uidivmod                         0x0800b209   Thumb Code    44  uidiv.o(.text)
    __aeabi_llsl                             0x0800b235   Thumb Code    30  llshl.o(.text)
    _ll_shift_l                              0x0800b235   Thumb Code     0  llshl.o(.text)
    __aeabi_llsr                             0x0800b253   Thumb Code    32  llushr.o(.text)
    _ll_ushift_r                             0x0800b253   Thumb Code     0  llushr.o(.text)
    __aeabi_lasr                             0x0800b273   Thumb Code    36  llsshr.o(.text)
    _ll_sshift_r                             0x0800b273   Thumb Code     0  llsshr.o(.text)
    __I$use$fp                               0x0800b297   Thumb Code     0  iusefp.o(.text)
    _float_round                             0x0800b297   Thumb Code    18  fepilogue.o(.text)
    _float_epilogue                          0x0800b2a9   Thumb Code    92  fepilogue.o(.text)
    _double_round                            0x0800b305   Thumb Code    30  depilogue.o(.text)
    _double_epilogue                         0x0800b323   Thumb Code   156  depilogue.o(.text)
    __ARM_scalbn                             0x0800b3bf   Thumb Code    46  dscalb.o(.text)
    scalbn                                   0x0800b3bf   Thumb Code     0  dscalb.o(.text)
    __aeabi_cdrcmple                         0x0800b3ed   Thumb Code    48  cdrcmple.o(.text)
    __scatterload                            0x0800b41d   Thumb Code    28  init.o(.text)
    __scatterload_rt2                        0x0800b41d   Thumb Code     0  init.o(.text)
    _dsqrt                                   0x0800b441   Thumb Code   162  dsqrt.o(.text)
    __decompress                             0x0800b4e3   Thumb Code     0  __dczerorl2.o(.text)
    __decompress1                            0x0800b4e3   Thumb Code    86  __dczerorl2.o(.text)
    __0sprintf$3                             0x0800b539   Thumb Code    34  printf3.o(i.__0sprintf$3)
    __1sprintf$3                             0x0800b539   Thumb Code     0  printf3.o(i.__0sprintf$3)
    __2sprintf                               0x0800b539   Thumb Code     0  printf3.o(i.__0sprintf$3)
    __ARM_fpclassify                         0x0800b561   Thumb Code    40  fpclassify.o(i.__ARM_fpclassify)
    __kernel_poly                            0x0800b589   Thumb Code   170  poly.o(i.__kernel_poly)
    __mathlib_dbl_divzero                    0x0800b635   Thumb Code    12  dunder.o(i.__mathlib_dbl_divzero)
    __mathlib_dbl_infnan2                    0x0800b645   Thumb Code     4  dunder.o(i.__mathlib_dbl_infnan2)
    __mathlib_dbl_invalid                    0x0800b649   Thumb Code    12  dunder.o(i.__mathlib_dbl_invalid)
    __mathlib_dbl_overflow                   0x0800b655   Thumb Code    14  dunder.o(i.__mathlib_dbl_overflow)
    __mathlib_dbl_underflow                  0x0800b665   Thumb Code    10  dunder.o(i.__mathlib_dbl_underflow)
    __scatterload_copy                       0x0800b675   Thumb Code    14  handlers.o(i.__scatterload_copy)
    __scatterload_null                       0x0800b683   Thumb Code     2  handlers.o(i.__scatterload_null)
    __scatterload_zeroinit                   0x0800b685   Thumb Code    14  handlers.o(i.__scatterload_zeroinit)
    __set_errno                              0x0800b695   Thumb Code     6  errno.o(i.__set_errno)
    pow                                      0x0800b865   Thumb Code  2478  pow.o(i.pow)
    sqrt                                     0x0800c21d   Thumb Code    76  sqrt.o(i.sqrt)
    F6x8                                     0x0800c268   Data         552  bsp_oled.o(.constdata)
    F8X16                                    0x0800c490   Data        1520  bsp_oled.o(.constdata)
    F16X32                                   0x0800ca80   Data         896  bsp_oled.o(.constdata)
    Hzk                                      0x0800ce00   Data        1024  bsp_oled.o(.constdata)
    UI_NOSIGNAL8X8                           0x0800d200   Data           8  bmp.o(.constdata)
    UI_ASIGNAL8X8                            0x0800d208   Data           8  bmp.o(.constdata)
    __mathlib_zero                           0x0800d298   Data           8  qnan.o(.constdata)
    Region$$Table$$Base                      0x0800d2a0   Number         0  anon$$obj.o(Region$$Table)
    Region$$Table$$Limit                     0x0800d2c0   Number         0  anon$$obj.o(Region$$Table)
    SystemCoreClock                          0x20000000   Data           4  system_stm32f10x.o(.data)
    AHBPrescTable                            0x20000004   Data          16  system_stm32f10x.o(.data)
    xHandleTaskDisplay                       0x20000038   Data           4  main.o(.data)
    xHandleTaskEnvironment                   0x2000003c   Data           4  main.o(.data)
    xHandleTaskClock                         0x20000040   Data           4  main.o(.data)
    xHandleTaskLight                         0x20000044   Data           4  main.o(.data)
    xHandleTaskPms                           0x20000048   Data           4  main.o(.data)
    xHandleTaskBme                           0x2000004c   Data           4  main.o(.data)
    xQueue_uart1Rx                           0x20000050   Data           4  main.o(.data)
    xQueue_uart1Tx                           0x20000054   Data           4  main.o(.data)
    xQueue_uart2Rx                           0x20000058   Data           4  main.o(.data)
    ulHighFrequencyTimerTicks                0x2000005c   Data           4  sysinfotest.o(.data)
    KEY_RetValue                             0x20000064   Data           1  bsp_key.o(.data)
    Key_PU                                   0x20000068   Data          20  bsp_key.o(.data)
    Key_PD                                   0x2000007c   Data          20  bsp_key.o(.data)
    Key_PL                                   0x20000090   Data          20  bsp_key.o(.data)
    Key_PR                                   0x200000a4   Data          20  bsp_key.o(.data)
    Key_PM                                   0x200000b8   Data          20  bsp_key.o(.data)
    LedA                                     0x200000cc   Data          24  bsp_led.o(.data)
    LedB                                     0x200000e4   Data          24  bsp_led.o(.data)
    Fmq                                      0x200000fc   Data          24  bsp_led.o(.data)
    StopCondition                            0x2000011c   Data           4  bsp_sdio_sdcard.o(.data)
    TransferError                            0x20000120   Data           1  bsp_sdio_sdcard.o(.data)
    TransferEnd                              0x20000124   Data           4  bsp_sdio_sdcard.o(.data)
    DMAEndOfTransfer                         0x20000128   Data           4  bsp_sdio_sdcard.o(.data)
    Oled_Colour                              0x2000012f   Data           1  bsp_oled.o(.data)
    BH_Buf                                   0x20000130   Data           8  bsp_gy30.o(.data)
    pxCurrentCoRoutine                       0x20000188   Data           4  croutine.o(.data)
    pxCurrentTCB                             0x2000019c   Data           4  tasks.o(.data)
    Show_ui                                  0x200001dc   Data           1  displaytask.o(.data)
    Huimiture                                0x200001e0   Data           8  environmenttask.o(.data)
    Light                                    0x200001e8   Data           8  lighttask.o(.data)
    Pms                                      0x200001f0   Data           4  pmstask.o(.data)
    SDCardInfo                               0x20000228   Data          88  bsp_sdio_sdcard.o(.bss)
    SDIO_InitStructure                       0x20000280   Data          24  bsp_sdio_sdcard.o(.bss)
    SDIO_CmdInitStructure                    0x20000298   Data          20  bsp_sdio_sdcard.o(.bss)
    SDIO_DataInitStructure                   0x200002ac   Data          24  bsp_sdio_sdcard.o(.bss)
    bme280Cal                                0x2000078c   Data          40  bsp_bme280.o(.bss)
    ClockA                                   0x20006ee8   Data          36  clocktask.o(.bss)
    SetClock                                 0x20006f0c   Data          36  clocktask.o(.bss)
    Bme                                      0x20006f30   Data          16  bmetask.o(.bss)
    Main_uiconfigParam                       0x20006f40   Data          80  main_ui.o(.bss)
    __initial_sp                             0x20007390   Data           0  startup_stm32f10x_hd.o(STACK)



==============================================================================

Memory Map of the image

  Image Entry point : 0x08000131

  Load Region LR_IROM1 (Base: 0x08000000, Size: 0x0000d4b8, Max: 0x00040000, ABSOLUTE, COMPRESSED[0x0000d318])

    Execution Region ER_IROM1 (Base: 0x08000000, Size: 0x0000d2c0, Max: 0x00040000, ABSOLUTE)

    Base Addr    Size         Type   Attr      Idx    E Section Name        Object

    0x08000000   0x00000130   Data   RO          398    RESET               startup_stm32f10x_hd.o
    0x08000130   0x00000000   Code   RO         1291  * .ARM.Collect$$$$00000000  mc_w.l(entry.o)
    0x08000130   0x00000004   Code   RO         1628    .ARM.Collect$$$$00000001  mc_w.l(entry2.o)
    0x08000134   0x00000004   Code   RO         1631    .ARM.Collect$$$$00000004  mc_w.l(entry5.o)
    0x08000138   0x00000000   Code   RO         1633    .ARM.Collect$$$$00000008  mc_w.l(entry7b.o)
    0x08000138   0x00000000   Code   RO         1635    .ARM.Collect$$$$0000000A  mc_w.l(entry8b.o)
    0x08000138   0x00000008   Code   RO         1636    .ARM.Collect$$$$0000000B  mc_w.l(entry9a.o)
    0x08000140   0x00000000   Code   RO         1638    .ARM.Collect$$$$0000000D  mc_w.l(entry10a.o)
    0x08000140   0x00000000   Code   RO         1640    .ARM.Collect$$$$0000000F  mc_w.l(entry11a.o)
    0x08000140   0x00000004   Code   RO         1629    .ARM.Collect$$$$00002712  mc_w.l(entry2.o)
    0x08000144   0x000000a2   Code   RO          926    .emb_text           port.o
    0x080001e6   0x00000002   PAD
    0x080001e8   0x000001e0   Code   RO           17    .text               system_stm32f10x.o
    0x080003c8   0x000000dc   Code   RO          114    .text               misc.o
    0x080004a4   0x00000254   Code   RO          214    .text               stm32f10x_dma.o
    0x080006f8   0x0000035c   Code   RO          262    .text               stm32f10x_gpio.o
    0x08000a54   0x000003a4   Code   RO          310    .text               stm32f10x_rcc.o
    0x08000df8   0x000001d4   Code   RO          336    .text               stm32f10x_sdio.o
    0x08000fcc   0x00000e1a   Code   RO          360    .text               stm32f10x_tim.o
    0x08001de6   0x00000002   PAD
    0x08001de8   0x00000408   Code   RO          372    .text               stm32f10x_usart.o
    0x080021f0   0x00000024   Code   RO          399    .text               startup_stm32f10x_hd.o
    0x08002214   0x00000014   Code   RO          403    .text               stm32f10x_it.o
    0x08002228   0x0000020c   Code   RO          418    .text               main.o
    0x08002434   0x0000003c   Code   RO          584    .text               sysinfotest.o
    0x08002470   0x00000008   Code   RO          618    .text               gather.o
    0x08002478   0x0000007c   Code   RO          655    .text               bsp_dwt_delay.o
    0x080024f4   0x00000038   Code   RO          669    .text               bsp.o
    0x0800252c   0x0000011c   Code   RO          681    .text               bsp_key.o
    0x08002648   0x00000728   Code   RO          699    .text               bsp_tim_pwm.o
    0x08002d70   0x000000b4   Code   RO          714    .text               bsp_led.o
    0x08002e24   0x000019c4   Code   RO          733    .text               bsp_sdio_sdcard.o
    0x080047e8   0x000003a0   Code   RO          766    .text               bsp_usart1.o
    0x08004b88   0x00000cc4   Code   RO          781    .text               bsp_oled.o
    0x0800584c   0x00000474   Code   RO          804    .text               bsp_sht3x.o
    0x08005cc0   0x000005ac   Code   RO          823    .text               bsp_ds3231.o
    0x0800626c   0x00000410   Code   RO          842    .text               bsp_gy30.o
    0x0800667c   0x000002ec   Code   RO          864    .text               bsp_usart2.o
    0x08006968   0x00000a2c   Code   RO          886    .text               bsp_bme280.o
    0x08007394   0x00000258   Code   RO          902    .text               heap_4.o
    0x080075ec   0x000001f4   Code   RO          927    .text               port.o
    0x080077e0   0x000002f0   Code   RO          950    .text               croutine.o
    0x08007ad0   0x00000094   Code   RO          987    .text               list.o
    0x08007b64   0x0000091c   Code   RO          999    .text               queue.o
    0x08008480   0x00001520   Code   RO         1014    .text               tasks.o
    0x080099a0   0x0000003c   Code   RO         1043    .text               keytask.o
    0x080099dc   0x00000024   Code   RO         1055    .text               ledtask.o
    0x08009a00   0x00000084   Code   RO         1115    .text               displaytask.o
    0x08009a84   0x0000001c   Code   RO         1137    .text               environmenttask.o
    0x08009aa0   0x00000014   Code   RO         1155    .text               clocktask.o
    0x08009ab4   0x0000001c   Code   RO         1173    .text               lighttask.o
    0x08009ad0   0x00000048   Code   RO         1191    .text               pmstask.o
    0x08009b18   0x0000001c   Code   RO         1209    .text               bmetask.o
    0x08009b34   0x00000fc8   Code   RO         1251    .text               main_ui.o
    0x0800aafc   0x00000062   Code   RO         1294    .text               mc_w.l(uldiv.o)
    0x0800ab5e   0x00000062   Code   RO         1296    .text               mc_w.l(ldiv.o)
    0x0800abc0   0x00000024   Code   RO         1298    .text               mc_w.l(memcpya.o)
    0x0800abe4   0x00000024   Code   RO         1300    .text               mc_w.l(memseta.o)
    0x0800ac08   0x0000000e   Code   RO         1302    .text               mc_w.l(strlen.o)
    0x0800ac16   0x00000012   Code   RO         1304    .text               mc_w.l(strcpy.o)
    0x0800ac28   0x000000b0   Code   RO         1569    .text               mf_w.l(fadd.o)
    0x0800acd8   0x00000064   Code   RO         1571    .text               mf_w.l(fmul.o)
    0x0800ad3c   0x0000007c   Code   RO         1573    .text               mf_w.l(fdiv.o)
    0x0800adb8   0x0000014e   Code   RO         1575    .text               mf_w.l(dadd.o)
    0x0800af06   0x000000e4   Code   RO         1577    .text               mf_w.l(dmul.o)
    0x0800afea   0x000000de   Code   RO         1579    .text               mf_w.l(ddiv.o)
    0x0800b0c8   0x00000012   Code   RO         1581    .text               mf_w.l(fflti.o)
    0x0800b0da   0x0000000a   Code   RO         1583    .text               mf_w.l(ffltui.o)
    0x0800b0e4   0x00000022   Code   RO         1585    .text               mf_w.l(dflti.o)
    0x0800b106   0x0000001a   Code   RO         1587    .text               mf_w.l(dfltui.o)
    0x0800b120   0x00000032   Code   RO         1589    .text               mf_w.l(ffixi.o)
    0x0800b152   0x00000026   Code   RO         1591    .text               mf_w.l(f2d.o)
    0x0800b178   0x00000030   Code   RO         1593    .text               mf_w.l(cdcmple.o)
    0x0800b1a8   0x00000038   Code   RO         1595    .text               mf_w.l(d2f.o)
    0x0800b1e0   0x00000014   Code   RO         1597    .text               mf_w.l(cfcmple.o)
    0x0800b1f4   0x00000014   Code   RO         1599    .text               mf_w.l(cfrcmple.o)
    0x0800b208   0x0000002c   Code   RO         1643    .text               mc_w.l(uidiv.o)
    0x0800b234   0x0000001e   Code   RO         1645    .text               mc_w.l(llshl.o)
    0x0800b252   0x00000020   Code   RO         1647    .text               mc_w.l(llushr.o)
    0x0800b272   0x00000024   Code   RO         1649    .text               mc_w.l(llsshr.o)
    0x0800b296   0x00000000   Code   RO         1658    .text               mc_w.l(iusefp.o)
    0x0800b296   0x0000006e   Code   RO         1659    .text               mf_w.l(fepilogue.o)
    0x0800b304   0x000000ba   Code   RO         1661    .text               mf_w.l(depilogue.o)
    0x0800b3be   0x0000002e   Code   RO         1663    .text               mf_w.l(dscalb.o)
    0x0800b3ec   0x00000030   Code   RO         1667    .text               mf_w.l(cdrcmple.o)
    0x0800b41c   0x00000024   Code   RO         1669    .text               mc_w.l(init.o)
    0x0800b440   0x000000a2   Code   RO         1671    .text               mf_w.l(dsqrt.o)
    0x0800b4e2   0x00000056   Code   RO         1681    .text               mc_w.l(__dczerorl2.o)
    0x0800b538   0x00000028   Code   RO         1399    i.__0sprintf$3      mc_w.l(printf3.o)
    0x0800b560   0x00000028   Code   RO         1615    i.__ARM_fpclassify  m_ws.l(fpclassify.o)
    0x0800b588   0x000000aa   Code   RO         1617    i.__kernel_poly     m_ws.l(poly.o)
    0x0800b632   0x00000002   PAD
    0x0800b634   0x00000010   Code   RO         1601    i.__mathlib_dbl_divzero  m_ws.l(dunder.o)
    0x0800b644   0x00000004   Code   RO         1603    i.__mathlib_dbl_infnan2  m_ws.l(dunder.o)
    0x0800b648   0x0000000c   Code   RO         1604    i.__mathlib_dbl_invalid  m_ws.l(dunder.o)
    0x0800b654   0x0000000e   Code   RO         1605    i.__mathlib_dbl_overflow  m_ws.l(dunder.o)
    0x0800b662   0x00000002   PAD
    0x0800b664   0x00000010   Code   RO         1607    i.__mathlib_dbl_underflow  m_ws.l(dunder.o)
    0x0800b674   0x0000000e   Code   RO         1675    i.__scatterload_copy  mc_w.l(handlers.o)
    0x0800b682   0x00000002   Code   RO         1676    i.__scatterload_null  mc_w.l(handlers.o)
    0x0800b684   0x0000000e   Code   RO         1677    i.__scatterload_zeroinit  mc_w.l(handlers.o)
    0x0800b692   0x00000002   PAD
    0x0800b694   0x0000000c   Code   RO         1653    i.__set_errno       mc_w.l(errno.o)
    0x0800b6a0   0x000001b8   Code   RO         1404    i._printf_core      mc_w.l(printf3.o)
    0x0800b858   0x0000000a   Code   RO         1406    i._sputc            mc_w.l(printf3.o)
    0x0800b862   0x00000002   PAD
    0x0800b864   0x000009b8   Code   RO         1282    i.pow               m_ws.l(pow.o)
    0x0800c21c   0x0000004c   Code   RO         1621    i.sqrt              m_ws.l(sqrt.o)
    0x0800c268   0x00000f98   Data   RO          783    .constdata          bsp_oled.o
    0x0800d200   0x00000010   Data   RO         1269    .constdata          bmp.o
    0x0800d210   0x00000088   Data   RO         1283    .constdata          m_ws.l(pow.o)
    0x0800d298   0x00000008   Data   RO         1619    .constdata          m_ws.l(qnan.o)
    0x0800d2a0   0x00000020   Data   RO         1673    Region$$Table       anon$$obj.o


    Execution Region RW_IRAM1 (Base: 0x20000000, Size: 0x00007390, Max: 0x0000c000, ABSOLUTE, COMPRESSED[0x00000058])

    Base Addr    Size         Type   Attr      Idx    E Section Name        Object

    0x20000000   0x00000014   Data   RW           18    .data               system_stm32f10x.o
    0x20000014   0x00000014   Data   RW          311    .data               stm32f10x_rcc.o
    0x20000028   0x00000034   Data   RW          419    .data               main.o
    0x2000005c   0x00000004   Data   RW          585    .data               sysinfotest.o
    0x20000060   0x00000004   Data   RW          656    .data               bsp_dwt_delay.o
    0x20000064   0x00000068   Data   RW          682    .data               bsp_key.o
    0x200000cc   0x00000048   Data   RW          715    .data               bsp_led.o
    0x20000114   0x00000018   Data   RW          735    .data               bsp_sdio_sdcard.o
    0x2000012c   0x00000003   Data   RW          768    .data               bsp_usart1.o
    0x2000012f   0x00000001   Data   RW          784    .data               bsp_oled.o
    0x20000130   0x00000008   Data   RW          843    .data               bsp_gy30.o
    0x20000138   0x00000003   Data   RW          866    .data               bsp_usart2.o
    0x2000013b   0x00000001   PAD
    0x2000013c   0x00000020   Data   RW          888    .data               bsp_bme280.o
    0x2000015c   0x00000018   Data   RW          904    .data               heap_4.o
    0x20000174   0x0000000c   Data   RW          928    .data               port.o
    0x20000180   0x0000001c   Data   RW          952    .data               croutine.o
    0x2000019c   0x00000040   Data   RW         1016    .data               tasks.o
    0x200001dc   0x00000001   Data   RW         1116    .data               displaytask.o
    0x200001dd   0x00000003   PAD
    0x200001e0   0x00000008   Data   RW         1138    .data               environmenttask.o
    0x200001e8   0x00000008   Data   RW         1174    .data               lighttask.o
    0x200001f0   0x00000004   Data   RW         1192    .data               pmstask.o
    0x200001f4   0x00000004   Data   RW         1654    .data               mc_w.l(errno.o)
    0x200001f8   0x000000cc   Zero   RW          734    .bss                bsp_sdio_sdcard.o
    0x200002c4   0x00000064   Zero   RW          767    .bss                bsp_usart1.o
    0x20000328   0x00000400   Zero   RW          782    .bss                bsp_oled.o
    0x20000728   0x00000064   Zero   RW          865    .bss                bsp_usart2.o
    0x2000078c   0x0000003c   Zero   RW          887    .bss                bsp_bme280.o
    0x200007c8   0x00006400   Zero   RW          903    .bss                heap_4.o
    0x20006bc8   0x00000064   Zero   RW          951    .bss                croutine.o
    0x20006c2c   0x000002bc   Zero   RW         1015    .bss                tasks.o
    0x20006ee8   0x00000048   Zero   RW         1156    .bss                clocktask.o
    0x20006f30   0x00000010   Zero   RW         1210    .bss                bmetask.o
    0x20006f40   0x00000050   Zero   RW         1252    .bss                main_ui.o
    0x20006f90   0x00000400   Zero   RW          396    STACK               startup_stm32f10x_hd.o


==============================================================================

Image component sizes


      Code (inc. data)   RO Data    RW Data    ZI Data      Debug   Object Name

        28          6          0          0         16        729   bmetask.o
         0          0         16          0          0        567   bmp.o
        56          6          0          0          0        463   bsp.o
      2604        128          0         32         60       6439   bsp_bme280.o
      1452         36          0          0          0       6179   bsp_ds3231.o
       124         20          0          4          0       1051   bsp_dwt_delay.o
      1040         20          0          8          0       5022   bsp_gy30.o
       284         26          0        104          0       2574   bsp_key.o
       180         16          0         72          0       2104   bsp_led.o
      3268         60       3992          1       1024       9339   bsp_oled.o
      6596        270          0         24        204      25115   bsp_sdio_sdcard.o
      1140         54          0          0          0       4347   bsp_sht3x.o
      1832        130          0          0          0       4720   bsp_tim_pwm.o
       928         38          0          3        100       3790   bsp_usart1.o
       748         38          0          3        100       2784   bsp_usart2.o
        20          4          0          0         72        711   clocktask.o
         0          0          0          0          0       4536   core_cm3.o
       752         44          0         28        100       5540   croutine.o
       132          4          0          1          0       2278   displaytask.o
        28          4          0          8          0        779   environmenttask.o
         8          0          0          0          0        437   gather.o
       600         26          0         24      25600       4656   heap_4.o
        60         20          0          0          0        463   keytask.o
        36         10          0          0          0        451   ledtask.o
        28          6          0          8          0        677   lighttask.o
       148          0          0          0          0       1814   list.o
       524        204          0         52          0      42069   main.o
      4040        238          0          0         80       2467   main_ui.o
       220         22          0          0          0       1893   misc.o
        72          8          0          4          0       1191   pmstask.o
       662         40          0         12          0       4886   port.o
      2332          0          0          0          0      11017   queue.o
        36          8        304          0       1024        828   startup_stm32f10x_hd.o
       596          8          0          0          0       4422   stm32f10x_dma.o
       860         38          0          0          0       5737   stm32f10x_gpio.o
        20          0          0          0          0        923   stm32f10x_it.o
       932         36          0         20          0       8924   stm32f10x_rcc.o
       468         22          0          0          0       7176   stm32f10x_sdio.o
      3610         88          0          0          0      22228   stm32f10x_tim.o
      1032         22          0          0          0       8464   stm32f10x_usart.o
        60         10          0          4          0       1164   sysinfotest.o
       480         38          0         20          0     269535   system_stm32f10x.o
      5408        334          0         64        700      20239   tasks.o

    ----------------------------------------------------------------------
     43448       2082       4344        500      29080     510728   Object Totals
         0          0         32          0          0          0   (incl. Generated)
         4          0          0          4          0          0   (incl. Padding)

    ----------------------------------------------------------------------

      Code (inc. data)   RO Data    RW Data    ZI Data      Debug   Library Member Name

        62         10          0          0          0        340   dunder.o
        40          0          0          0          0         68   fpclassify.o
       170          0          0          0          0         96   poly.o
      2488        190        136          0          0        300   pow.o
         0          0          8          0          0          0   qnan.o
        76          0          0          0          0         84   sqrt.o
        86          0          0          0          0          0   __dczerorl2.o
         0          0          0          0          0          0   entry.o
         0          0          0          0          0          0   entry10a.o
         0          0          0          0          0          0   entry11a.o
         8          4          0          0          0          0   entry2.o
         4          0          0          0          0          0   entry5.o
         0          0          0          0          0          0   entry7b.o
         0          0          0          0          0          0   entry8b.o
         8          4          0          0          0          0   entry9a.o
        12          6          0          4          0         68   errno.o
        30          0          0          0          0          0   handlers.o
        36          8          0          0          0         68   init.o
         0          0          0          0          0          0   iusefp.o
        98          0          0          0          0         84   ldiv.o
        30          0          0          0          0         68   llshl.o
        36          0          0          0          0         68   llsshr.o
        32          0          0          0          0         68   llushr.o
        36          0          0          0          0         68   memcpya.o
        36          0          0          0          0        108   memseta.o
       490         10          0          0          0        252   printf3.o
        18          0          0          0          0         68   strcpy.o
        14          0          0          0          0         68   strlen.o
        44          0          0          0          0         80   uidiv.o
        98          0          0          0          0         92   uldiv.o
        48          0          0          0          0         68   cdcmple.o
        48          0          0          0          0         68   cdrcmple.o
        20          0          0          0          0         68   cfcmple.o
        20          0          0          0          0         68   cfrcmple.o
        56          0          0          0          0         88   d2f.o
       334          0          0          0          0        148   dadd.o
       222          0          0          0          0        100   ddiv.o
       186          0          0          0          0        176   depilogue.o
        34          0          0          0          0         76   dflti.o
        26          0          0          0          0         76   dfltui.o
       228          0          0          0          0         96   dmul.o
        46          0          0          0          0         80   dscalb.o
       162          0          0          0          0        100   dsqrt.o
        38          0          0          0          0         68   f2d.o
       176          0          0          0          0        140   fadd.o
       124          0          0          0          0         88   fdiv.o
       110          0          0          0          0        168   fepilogue.o
        50          0          0          0          0         68   ffixi.o
        18          0          0          0          0         68   fflti.o
        10          0          0          0          0         68   ffltui.o
       100          0          0          0          0         76   fmul.o

    ----------------------------------------------------------------------
      6016        232        144          4          0       4004   Library Totals
         8          0          0          0          0          0   (incl. Padding)

    ----------------------------------------------------------------------

      Code (inc. data)   RO Data    RW Data    ZI Data      Debug   Library Name

      2836        200        144          0          0        888   m_ws.l
      1116         32          0          4          0       1160   mc_w.l
      2056          0          0          0          0       1956   mf_w.l

    ----------------------------------------------------------------------
      6016        232        144          4          0       4004   Library Totals

    ----------------------------------------------------------------------

==============================================================================


      Code (inc. data)   RO Data    RW Data    ZI Data      Debug   

     49464       2314       4488        504      29080     509348   Grand Totals
     49464       2314       4488         88      29080     509348   ELF Image Totals (compressed)
     49464       2314       4488         88          0          0   ROM Totals

==============================================================================

    Total RO  Size (Code + RO Data)                53952 (  52.69kB)
    Total RW  Size (RW Data + ZI Data)             29584 (  28.89kB)
    Total ROM Size (Code + RO Data + RW Data)      54040 (  52.77kB)

==============================================================================

