Component: ARM Compiler 5.05 update 2 (build 169) Tool: armlink [4d0f33]

==============================================================================

Section Cross References

    system_stm32f10x.o(.text) refers to system_stm32f10x.o(.data) for SystemCoreClock
    stm32f10x_adc.o(.text) refers to stm32f10x_rcc.o(.text) for RCC_APB2PeriphResetCmd
    stm32f10x_bkp.o(.text) refers to stm32f10x_rcc.o(.text) for RCC_BackupResetCmd
    stm32f10x_can.o(.text) refers to stm32f10x_rcc.o(.text) for RCC_APB1PeriphResetCmd
    stm32f10x_cec.o(.text) refers to stm32f10x_rcc.o(.text) for RCC_APB1PeriphResetCmd
    stm32f10x_dac.o(.text) refers to stm32f10x_rcc.o(.text) for RCC_APB1PeriphResetCmd
    stm32f10x_gpio.o(.text) refers to stm32f10x_rcc.o(.text) for RCC_APB2PeriphResetCmd
    stm32f10x_i2c.o(.text) refers to stm32f10x_rcc.o(.text) for RCC_APB1PeriphResetCmd
    stm32f10x_pwr.o(.text) refers to stm32f10x_rcc.o(.text) for RCC_APB1PeriphResetCmd
    stm32f10x_rcc.o(.text) refers to stm32f10x_rcc.o(.data) for APBAHBPrescTable
    stm32f10x_spi.o(.text) refers to stm32f10x_rcc.o(.text) for RCC_APB2PeriphResetCmd
    stm32f10x_tim.o(.text) refers to stm32f10x_rcc.o(.text) for RCC_APB2PeriphResetCmd
    stm32f10x_usart.o(.text) refers to stm32f10x_rcc.o(.text) for RCC_APB2PeriphResetCmd
    stm32f10x_wwdg.o(.text) refers to stm32f10x_rcc.o(.text) for RCC_APB1PeriphResetCmd
    startup_stm32f10x_hd.o(RESET) refers to startup_stm32f10x_hd.o(STACK) for __initial_sp
    startup_stm32f10x_hd.o(RESET) refers to startup_stm32f10x_hd.o(.text) for Reset_Handler
    startup_stm32f10x_hd.o(RESET) refers to stm32f10x_it.o(.text) for NMI_Handler
    startup_stm32f10x_hd.o(RESET) refers to port.o(.emb_text) for SVC_Handler
    startup_stm32f10x_hd.o(RESET) refers to port.o(.text) for SysTick_Handler
    startup_stm32f10x_hd.o(RESET) refers to bsp_usart1.o(.text) for DMA1_Channel4_IRQHandler
    startup_stm32f10x_hd.o(RESET) refers to bsp_usart2.o(.text) for DMA1_Channel7_IRQHandler
    startup_stm32f10x_hd.o(RESET) refers to bsp_can.o(.text) for USB_LP_CAN1_RX0_IRQHandler
    startup_stm32f10x_hd.o(RESET) refers to bsp_sdio_sdcard.o(.text) for SDIO_IRQHandler
    startup_stm32f10x_hd.o(RESET) refers to sysinfotest.o(.text) for TIM6_IRQHandler
    startup_stm32f10x_hd.o(.text) refers to system_stm32f10x.o(.text) for SystemInit
    startup_stm32f10x_hd.o(.text) refers to entry.o(.ARM.Collect$$$$00000000) for __main
    main.o(.text) refers to queue.o(.text) for xQueueGenericCreate
    main.o(.text) refers to event_groups.o(.text) for xEventGroupCreate
    main.o(.text) refers to tasks.o(.text) for xTaskGenericCreate
    main.o(.text) refers to bsp.o(.text) for bsp_Init
    main.o(.text) refers to gather.o(.text) for ParametersInit
    main.o(.text) refers to main.o(.data) for xQueue_uart1Rx
    main.o(.text) refers to ledtask.o(.text) for vTaskLed
    main.o(.text) refers to keytask.o(.text) for vTaskKey
    main.o(.text) refers to displaytask.o(.text) for vTaskDisplay
    main.o(.text) refers to cancommunicatetask.o(.text) for vTaskCanRx
    main.o(.text) refers to environmenttask.o(.text) for vTaskEnvironment
    main.o(.text) refers to clocktask.o(.text) for vTaskClock
    main.o(.text) refers to lighttask.o(.text) for vTaskLight
    main.o(.text) refers to pmstask.o(.text) for vTaskPms
    main.o(.text) refers to bmetask.o(.text) for vTaskBme
    sysinfotest.o(.text) refers to bsp_tim_pwm.o(.text) for bsp_SetTIMforInt
    sysinfotest.o(.text) refers to stm32f10x_tim.o(.text) for TIM_GetITStatus
    sysinfotest.o(.text) refers to sysinfotest.o(.data) for ulHighFrequencyTimerTicks
    gather.o(.text) refers to main_ui.o(.text) for Main_uiconfigParamInit
    cancommunicate.o(.text) refers to tasks.o(.text) for xTaskGetTickCount
    cancommunicate.o(.text) refers to cancommunicate.o(.data) for canConnect
    protocol.o(.text) refers to atof.o(i.atof) for atof
    protocol.o(.text) refers to dfixi.o(.text) for __aeabi_d2iz
    protocol.o(.text) refers to memseta.o(.text) for __aeabi_memclr
    protocol.o(.text) refers to memcpya.o(.text) for __aeabi_memcpy
    protocol.o(.text) refers to printf4.o(i.__0sprintf$4) for __2sprintf
    protocol.o(.text) refers to event_groups.o(.text) for xEventGroupSetBits
    protocol.o(.text) refers to cancommunicate.o(.data) for carLEDA
    protocol.o(.text) refers to car_ui.o(.bss) for Car_uiconfigParam
    protocol.o(.text) refers to main.o(.data) for Event_canSendData
    protocol.o(.text) refers to cancommunicate.o(.bss) for Motorpwm
    sys.o(.text) refers to sys.o(.emb_text) for WFI_SET
    bsp_dwt_delay.o(.text) refers to bsp_dwt_delay.o(.data) for SYSCLK
    bsp.o(.text) refers to misc.o(.text) for NVIC_PriorityGroupConfig
    bsp.o(.text) refers to bsp_dwt_delay.o(.text) for bsp_DWT_init
    bsp.o(.text) refers to bsp_oled.o(.text) for bsp_OLED_Init
    bsp.o(.text) refers to bsp_ds3231.o(.text) for bsp_DS3231_Init
    bsp.o(.text) refers to bsp_led.o(.text) for bsp_LED_Init
[...]
    GPIO_Init                                0x080015f9   Thumb Code   278  stm32f10x_gpio.o(.text)
    GPIO_StructInit                          0x0800170f   Thumb Code    16  stm32f10x_gpio.o(.text)
    GPIO_ReadInputDataBit                    0x0800171f   Thumb Code    18  stm32f10x_gpio.o(.text)
    GPIO_ReadInputData                       0x08001731   Thumb Code     8  stm32f10x_gpio.o(.text)
    GPIO_ReadOutputDataBit                   0x08001739   Thumb Code    18  stm32f10x_gpio.o(.text)
    GPIO_ReadOutputData                      0x0800174b   Thumb Code     8  stm32f10x_gpio.o(.text)
    GPIO_SetBits                             0x08001753   Thumb Code     4  stm32f10x_gpio.o(.text)
    GPIO_ResetBits                           0x08001757   Thumb Code     4  stm32f10x_gpio.o(.text)
    GPIO_WriteBit                            0x0800175b   Thumb Code    10  stm32f10x_gpio.o(.text)
    GPIO_Write                               0x08001765   Thumb Code     4  stm32f10x_gpio.o(.text)
    GPIO_PinLockConfig                       0x08001769   Thumb Code    18  stm32f10x_gpio.o(.text)
    GPIO_EventOutputConfig                   0x0800177b   Thumb Code    26  stm32f10x_gpio.o(.text)
    GPIO_EventOutputCmd                      0x08001795   Thumb Code     6  stm32f10x_gpio.o(.text)
    GPIO_PinRemapConfig                      0x0800179b   Thumb Code   138  stm32f10x_gpio.o(.text)
    GPIO_EXTILineConfig                      0x08001825   Thumb Code    66  stm32f10x_gpio.o(.text)
    GPIO_ETH_MediaInterfaceConfig            0x08001867   Thumb Code     8  stm32f10x_gpio.o(.text)
    RCC_DeInit                               0x08001895   Thumb Code    64  stm32f10x_rcc.o(.text)
    RCC_HSEConfig                            0x080018d5   Thumb Code    70  stm32f10x_rcc.o(.text)
    RCC_GetFlagStatus                        0x0800191b   Thumb Code    56  stm32f10x_rcc.o(.text)
    RCC_WaitForHSEStartUp                    0x08001953   Thumb Code    56  stm32f10x_rcc.o(.text)
    RCC_AdjustHSICalibrationValue            0x0800198b   Thumb Code    20  stm32f10x_rcc.o(.text)
    RCC_HSICmd                               0x0800199f   Thumb Code     6  stm32f10x_rcc.o(.text)
    RCC_PLLConfig                            0x080019a5   Thumb Code    24  stm32f10x_rcc.o(.text)
    RCC_PLLCmd                               0x080019bd   Thumb Code     6  stm32f10x_rcc.o(.text)
    RCC_SYSCLKConfig                         0x080019c3   Thumb Code    18  stm32f10x_rcc.o(.text)
    RCC_GetSYSCLKSource                      0x080019d5   Thumb Code    10  stm32f10x_rcc.o(.text)
    RCC_HCLKConfig                           0x080019df   Thumb Code    18  stm32f10x_rcc.o(.text)
    RCC_PCLK1Config                          0x080019f1   Thumb Code    18  stm32f10x_rcc.o(.text)
    RCC_PCLK2Config                          0x08001a03   Thumb Code    20  stm32f10x_rcc.o(.text)
    RCC_ITConfig                             0x08001a17   Thumb Code    26  stm32f10x_rcc.o(.text)
    RCC_USBCLKConfig                         0x08001a31   Thumb Code     8  stm32f10x_rcc.o(.text)
    RCC_ADCCLKConfig                         0x08001a39   Thumb Code    18  stm32f10x_rcc.o(.text)
    RCC_LSEConfig                            0x08001a4b   Thumb Code    50  stm32f10x_rcc.o(.text)
    RCC_LSICmd                               0x08001a7d   Thumb Code     6  stm32f10x_rcc.o(.text)
    RCC_RTCCLKConfig                         0x08001a83   Thumb Code    12  stm32f10x_rcc.o(.text)
    RCC_RTCCLKCmd                            0x08001a8f   Thumb Code     8  stm32f10x_rcc.o(.text)
    RCC_GetClocksFreq                        0x08001a97   Thumb Code   192  stm32f10x_rcc.o(.text)
    RCC_AHBPeriphClockCmd                    0x08001b57   Thumb Code    26  stm32f10x_rcc.o(.text)
    RCC_APB2PeriphClockCmd                   0x08001b71   Thumb Code    26  stm32f10x_rcc.o(.text)
    RCC_APB1PeriphClockCmd                   0x08001b8b   Thumb Code    26  stm32f10x_rcc.o(.text)
    RCC_APB2PeriphResetCmd                   0x08001ba5   Thumb Code    26  stm32f10x_rcc.o(.text)
    RCC_APB1PeriphResetCmd                   0x08001bbf   Thumb Code    26  stm32f10x_rcc.o(.text)
    RCC_BackupResetCmd                       0x08001bd9   Thumb Code     8  stm32f10x_rcc.o(.text)
    RCC_ClockSecuritySystemCmd               0x08001be1   Thumb Code     6  stm32f10x_rcc.o(.text)
    RCC_MCOConfig                            0x08001be7   Thumb Code     6  stm32f10x_rcc.o(.text)
    RCC_ClearFlag                            0x08001bed   Thumb Code    14  stm32f10x_rcc.o(.text)
    RCC_GetITStatus                          0x08001bfb   Thumb Code    20  stm32f10x_rcc.o(.text)
    RCC_ClearITPendingBit                    0x08001c0f   Thumb Code     6  stm32f10x_rcc.o(.text)
    SDIO_DeInit                              0x08001c39   Thumb Code    28  stm32f10x_sdio.o(.text)
    SDIO_Init                                0x08001c55   Thumb Code    42  stm32f10x_sdio.o(.text)
    SDIO_StructInit                          0x08001c7f   Thumb Code    16  stm32f10x_sdio.o(.text)
    SDIO_ClockCmd                            0x08001c8f   Thumb Code     6  stm32f10x_sdio.o(.text)
    SDIO_SetPowerState                       0x08001c95   Thumb Code    22  stm32f10x_sdio.o(.text)
    SDIO_GetPowerState                       0x08001cab   Thumb Code    10  stm32f10x_sdio.o(.text)
    SDIO_ITConfig                            0x08001cb5   Thumb Code    26  stm32f10x_sdio.o(.text)
    SDIO_DMACmd                              0x08001ccf   Thumb Code     6  stm32f10x_sdio.o(.text)
    SDIO_SendCommand                         0x08001cd5   Thumb Code    38  stm32f10x_sdio.o(.text)
    SDIO_CmdStructInit                       0x08001cfb   Thumb Code    14  stm32f10x_sdio.o(.text)
    SDIO_GetCommandResponse                  0x08001d09   Thumb Code     8  stm32f10x_sdio.o(.text)
    SDIO_GetResponse                         0x08001d11   Thumb Code    22  stm32f10x_sdio.o(.text)
    SDIO_DataConfig                          0x08001d27   Thumb Code    42  stm32f10x_sdio.o(.text)
    SDIO_DataStructInit                      0x08001d51   Thumb Code    20  stm32f10x_sdio.o(.text)
    SDIO_GetDataCounter                      0x08001d65   Thumb Code     6  stm32f10x_sdio.o(.text)
    SDIO_ReadData                            0x08001d6b   Thumb Code     8  stm32f10x_sdio.o(.text)
    SDIO_WriteData                           0x08001d73   Thumb Code     8  stm32f10x_sdio.o(.text)
    SDIO_GetFIFOCount                        0x08001d7b   Thumb Code     6  stm32f10x_sdio.o(.text)
    SDIO_StartSDIOReadWait                   0x08001d81   Thumb Code     8  stm32f10x_sdio.o(.text)
    SDIO_StopSDIOReadWait                    0x08001d89   Thumb Code     8  stm32f10x_sdio.o(.text)
    SDIO_SetSDIOReadWaitMode                 0x08001d91   Thumb Code     8  stm32f10x_sdio.o(.text)
    SDIO_SetSDIOOperation                    0x08001d99   Thumb Code     8  stm32f10x_sdio.o(.text)
    SDIO_SendSDIOSuspendCmd                  0x08001da1   Thumb Code     6  stm32f10x_sdio.o(.text)
    SDIO_CommandCompletionCmd                0x08001da7   Thumb Code     8  stm32f10x_sdio.o(.text)
    SDIO_CEATAITCmd                          0x08001daf   Thumb Code    12  stm32f10x_sdio.o(.text)
    SDIO_SendCEATACmd                        0x08001dbb   Thumb Code     8  stm32f10x_sdio.o(.text)
    SDIO_GetFlagStatus                       0x08001dc3   Thumb Code    20  stm32f10x_sdio.o(.text)
    SDIO_ClearFlag                           0x08001dd7   Thumb Code     6  stm32f10x_sdio.o(.text)
    SDIO_GetITStatus                         0x08001ddd   Thumb Code    20  stm32f10x_sdio.o(.text)
    SDIO_ClearITPendingBit                   0x08001df1   Thumb Code     6  stm32f10x_sdio.o(.text)
    TIM_DeInit                               0x08001e0d   Thumb Code   424  stm32f10x_tim.o(.text)
    TIM_TimeBaseInit                         0x08001fb5   Thumb Code   122  stm32f10x_tim.o(.text)
    TIM_OC1Init                              0x0800202f   Thumb Code   132  stm32f10x_tim.o(.text)
    TIM_OC2Init                              0x080020b3   Thumb Code   154  stm32f10x_tim.o(.text)
    TIM_OC3Init                              0x0800214d   Thumb Code   150  stm32f10x_tim.o(.text)
    TIM_OC4Init                              0x080021e3   Thumb Code   182  stm32f10x_tim.o(.text)
    TIM_SetIC4Prescaler                      0x08002299   Thumb Code    26  stm32f10x_tim.o(.text)
    TIM_SetIC3Prescaler                      0x08002335   Thumb Code    18  stm32f10x_tim.o(.text)
    TIM_SetIC2Prescaler                      0x080023c1   Thumb Code    26  stm32f10x_tim.o(.text)
    TIM_SetIC1Prescaler                      0x0800245d   Thumb Code    18  stm32f10x_tim.o(.text)
    TIM_ICInit                               0x080024db   Thumb Code   150  stm32f10x_tim.o(.text)
    TIM_PWMIConfig                           0x08002571   Thumb Code   124  stm32f10x_tim.o(.text)
    TIM_BDTRConfig                           0x080025ed   Thumb Code    32  stm32f10x_tim.o(.text)
    TIM_TimeBaseStructInit                   0x0800260d   Thumb Code    18  stm32f10x_tim.o(.text)
    TIM_OCStructInit                         0x0800261f   Thumb Code    20  stm32f10x_tim.o(.text)
    TIM_ICStructInit                         0x08002633   Thumb Code    18  stm32f10x_tim.o(.text)
    TIM_BDTRStructInit                       0x08002645   Thumb Code    40  stm32f10x_tim.o(.text)
    TIM_Cmd                                  0x0800266d   Thumb Code    24  stm32f10x_tim.o(.text)
    TIM_CtrlPWMOutputs                       0x08002685   Thumb Code    30  stm32f10x_tim.o(.text)
    TIM_ITConfig                             0x080026a3   Thumb Code    18  stm32f10x_tim.o(.text)
    TIM_GenerateEvent                        0x080026b5   Thumb Code     4  stm32f10x_tim.o(.text)
    TIM_DMAConfig                            0x080026b9   Thumb Code    10  stm32f10x_tim.o(.text)
    TIM_DMACmd                               0x080026c3   Thumb Code    18  stm32f10x_tim.o(.text)
    TIM_InternalClockConfig                  0x080026d5   Thumb Code    12  stm32f10x_tim.o(.text)
    TIM_SelectInputTrigger                   0x080026e1   Thumb Code    18  stm32f10x_tim.o(.text)
    TIM_ITRxExternalClockConfig              0x080026f3   Thumb Code    24  stm32f10x_tim.o(.text)
    TIM_TIxExternalClockConfig               0x0800270b   Thumb Code    62  stm32f10x_tim.o(.text)
    TIM_ETRConfig                            0x08002749   Thumb Code    28  stm32f10x_tim.o(.text)
    TIM_ETRClockMode1Config                  0x08002765   Thumb Code    54  stm32f10x_tim.o(.text)
    TIM_ETRClockMode2Config                  0x0800279b   Thumb Code    32  stm32f10x_tim.o(.text)
    TIM_PrescalerConfig                      0x080027bb   Thumb Code     6  stm32f10x_tim.o(.text)
    TIM_CounterModeConfig                    0x080027c1   Thumb Code    18  stm32f10x_tim.o(.text)
    TIM_EncoderInterfaceConfig               0x080027d3   Thumb Code    66  stm32f10x_tim.o(.text)
    TIM_ForcedOC1Config                      0x08002815   Thumb Code    18  stm32f10x_tim.o(.text)
    TIM_ForcedOC2Config                      0x08002827   Thumb Code    26  stm32f10x_tim.o(.text)
    TIM_ForcedOC3Config                      0x08002841   Thumb Code    18  stm32f10x_tim.o(.text)
    TIM_ForcedOC4Config                      0x08002853   Thumb Code    26  stm32f10x_tim.o(.text)
    TIM_ARRPreloadConfig                     0x0800286d   Thumb Code    24  stm32f10x_tim.o(.text)
    TIM_SelectCOM                            0x08002885   Thumb Code    24  stm32f10x_tim.o(.text)
    TIM_SelectCCDMA                          0x0800289d   Thumb Code    24  stm32f10x_tim.o(.text)
    TIM_CCPreloadControl                     0x080028b5   Thumb Code    24  stm32f10x_tim.o(.text)
    TIM_OC1PreloadConfig                     0x080028cd   Thumb Code    18  stm32f10x_tim.o(.text)
    TIM_OC2PreloadConfig                     0x080028df   Thumb Code    26  stm32f10x_tim.o(.text)
    TIM_OC3PreloadConfig                     0x080028f9   Thumb Code    18  stm32f10x_tim.o(.text)
    TIM_OC4PreloadConfig                     0x0800290b   Thumb Code    26  stm32f10x_tim.o(.text)
    TIM_OC1FastConfig                        0x08002925   Thumb Code    18  stm32f10x_tim.o(.text)
    TIM_OC2FastConfig                        0x08002937   Thumb Code    26  stm32f10x_tim.o(.text)
    TIM_OC3FastConfig                        0x08002951   Thumb Code    18  stm32f10x_tim.o(.text)
    TIM_OC4FastConfig                        0x08002963   Thumb Code    26  stm32f10x_tim.o(.text)
    TIM_ClearOC1Ref                          0x0800297d   Thumb Code    18  stm32f10x_tim.o(.text)
    TIM_ClearOC2Ref                          0x0800298f   Thumb Code    24  stm32f10x_tim.o(.text)
    TIM_ClearOC3Ref                          0x080029a7   Thumb Code    18  stm32f10x_tim.o(.text)
    TIM_ClearOC4Ref                          0x080029b9   Thumb Code    24  stm32f10x_tim.o(.text)
    TIM_OC1PolarityConfig                    0x080029d1   Thumb Code    18  stm32f10x_tim.o(.text)
    TIM_OC1NPolarityConfig                   0x080029e3   Thumb Code    18  stm32f10x_tim.o(.text)
    TIM_OC2PolarityConfig                    0x080029f5   Thumb Code    26  stm32f10x_tim.o(.text)
    TIM_OC2NPolarityConfig                   0x08002a0f   Thumb Code    26  stm32f10x_tim.o(.text)
    TIM_OC3PolarityConfig                    0x08002a29   Thumb Code    26  stm32f10x_tim.o(.text)
    TIM_OC3NPolarityConfig                   0x08002a43   Thumb Code    26  stm32f10x_tim.o(.text)
    TIM_OC4PolarityConfig                    0x08002a5d   Thumb Code    26  stm32f10x_tim.o(.text)
    TIM_CCxCmd                               0x08002a77   Thumb Code    30  stm32f10x_tim.o(.text)
    TIM_CCxNCmd                              0x08002a95   Thumb Code    30  stm32f10x_tim.o(.text)
    TIM_SelectOCxM                           0x08002ab3   Thumb Code    82  stm32f10x_tim.o(.text)
    TIM_UpdateDisableConfig                  0x08002b05   Thumb Code    24  stm32f10x_tim.o(.text)
    TIM_UpdateRequestConfig                  0x08002b1d   Thumb Code    24  stm32f10x_tim.o(.text)
    TIM_SelectHallSensor                     0x08002b35   Thumb Code    24  stm32f10x_tim.o(.text)
    TIM_SelectOnePulseMode                   0x08002b4d   Thumb Code    18  stm32f10x_tim.o(.text)
    TIM_SelectOutputTrigger                  0x08002b5f   Thumb Code    18  stm32f10x_tim.o(.text)
    TIM_SelectSlaveMode                      0x08002b71   Thumb Code    18  stm32f10x_tim.o(.text)
    TIM_SelectMasterSlaveMode                0x08002b83   Thumb Code    18  stm32f10x_tim.o(.text)
    TIM_SetCounter                           0x08002b95   Thumb Code     4  stm32f10x_tim.o(.text)
    TIM_SetAutoreload                        0x08002b99   Thumb Code     4  stm32f10x_tim.o(.text)
    TIM_SetCompare1                          0x08002b9d   Thumb Code     4  stm32f10x_tim.o(.text)
    TIM_SetCompare2                          0x08002ba1   Thumb Code     4  stm32f10x_tim.o(.text)
    TIM_SetCompare3                          0x08002ba5   Thumb Code     4  stm32f10x_tim.o(.text)
    TIM_SetCompare4                          0x08002ba9   Thumb Code     6  stm32f10x_tim.o(.text)
    TIM_SetClockDivision                     0x08002baf   Thumb Code    18  stm32f10x_tim.o(.text)
    TIM_GetCapture1                          0x08002bc1   Thumb Code     6  stm32f10x_tim.o(.text)
    TIM_GetCapture2                          0x08002bc7   Thumb Code     6  stm32f10x_tim.o(.text)
    TIM_GetCapture3                          0x08002bcd   Thumb Code     6  stm32f10x_tim.o(.text)
    TIM_GetCapture4                          0x08002bd3   Thumb Code     8  stm32f10x_tim.o(.text)
    TIM_GetCounter                           0x08002bdb   Thumb Code     6  stm32f10x_tim.o(.text)
    TIM_GetPrescaler                         0x08002be1   Thumb Code     6  stm32f10x_tim.o(.text)
    TIM_GetFlagStatus                        0x08002be7   Thumb Code    18  stm32f10x_tim.o(.text)
    TIM_ClearFlag                            0x08002bf9   Thumb Code     6  stm32f10x_tim.o(.text)
    TIM_GetITStatus                          0x08002bff   Thumb Code    34  stm32f10x_tim.o(.text)
    TIM_ClearITPendingBit                    0x08002c21   Thumb Code     6  stm32f10x_tim.o(.text)
    USART_DeInit                             0x08002c29   Thumb Code   134  stm32f10x_usart.o(.text)
    USART_Init                               0x08002caf   Thumb Code   210  stm32f10x_usart.o(.text)
    USART_StructInit                         0x08002d81   Thumb Code    24  stm32f10x_usart.o(.text)
    USART_ClockInit                          0x08002d99   Thumb Code    34  stm32f10x_usart.o(.text)
    USART_ClockStructInit                    0x08002dbb   Thumb Code    12  stm32f10x_usart.o(.text)
    USART_Cmd                                0x08002dc7   Thumb Code    24  stm32f10x_usart.o(.text)
    USART_ITConfig                           0x08002ddf   Thumb Code    74  stm32f10x_usart.o(.text)
    USART_DMACmd                             0x08002e29   Thumb Code    18  stm32f10x_usart.o(.text)
    USART_SetAddress                         0x08002e3b   Thumb Code    18  stm32f10x_usart.o(.text)
    USART_WakeUpConfig                       0x08002e4d   Thumb Code    18  stm32f10x_usart.o(.text)
    USART_ReceiverWakeUpCmd                  0x08002e5f   Thumb Code    24  stm32f10x_usart.o(.text)
    USART_LINBreakDetectLengthConfig         0x08002e77   Thumb Code    18  stm32f10x_usart.o(.text)
    USART_LINCmd                             0x08002e89   Thumb Code    24  stm32f10x_usart.o(.text)
    USART_SendData                           0x08002ea1   Thumb Code     8  stm32f10x_usart.o(.text)
    USART_ReceiveData                        0x08002ea9   Thumb Code    10  stm32f10x_usart.o(.text)
    USART_SendBreak                          0x08002eb3   Thumb Code    10  stm32f10x_usart.o(.text)
    USART_SetGuardTime                       0x08002ebd   Thumb Code    16  stm32f10x_usart.o(.text)
    USART_SetPrescaler                       0x08002ecd   Thumb Code    16  stm32f10x_usart.o(.text)
    USART_SmartCardCmd                       0x08002edd   Thumb Code    24  stm32f10x_usart.o(.text)
    USART_SmartCardNACKCmd                   0x08002ef5   Thumb Code    24  stm32f10x_usart.o(.text)
    USART_HalfDuplexCmd                      0x08002f0d   Thumb Code    24  stm32f10x_usart.o(.text)
    USART_OverSampling8Cmd                   0x08002f25   Thumb Code    22  stm32f10x_usart.o(.text)
    USART_OneBitMethodCmd                    0x08002f3b   Thumb Code    24  stm32f10x_usart.o(.text)
    USART_IrDAConfig                         0x08002f53   Thumb Code    18  stm32f10x_usart.o(.text)
    USART_IrDACmd                            0x08002f65   Thumb Code    24  stm32f10x_usart.o(.text)
    USART_GetFlagStatus                      0x08002f7d   Thumb Code    26  stm32f10x_usart.o(.text)
    USART_ClearFlag                          0x08002f97   Thumb Code    18  stm32f10x_usart.o(.text)
    USART_GetITStatus                        0x08002fa9   Thumb Code    84  stm32f10x_usart.o(.text)
    USART_ClearITPendingBit                  0x08002ffd   Thumb Code    52  stm32f10x_usart.o(.text)
    Reset_Handler                            0x08003031   Thumb Code     8  startup_stm32f10x_hd.o(.text)
    ADC1_2_IRQHandler                        0x0800304b   Thumb Code     0  startup_stm32f10x_hd.o(.text)
    ADC3_IRQHandler                          0x0800304b   Thumb Code     0  startup_stm32f10x_hd.o(.text)
    CAN1_RX1_IRQHandler                      0x0800304b   Thumb Code     0  startup_stm32f10x_hd.o(.text)
    CAN1_SCE_IRQHandler                      0x0800304b   Thumb Code     0  startup_stm32f10x_hd.o(.text)
    DMA1_Channel1_IRQHandler                 0x0800304b   Thumb Code     0  startup_stm32f10x_hd.o(.text)
    DMA1_Channel2_IRQHandler                 0x0800304b   Thumb Code     0  startup_stm32f10x_hd.o(.text)
    DMA1_Channel3_IRQHandler                 0x0800304b   Thumb Code     0  startup_stm32f10x_hd.o(.text)
    DMA1_Channel5_IRQHandler                 0x0800304b   Thumb Code     0  startup_stm32f10x_hd.o(.text)
    DMA1_Channel6_IRQHandler                 0x0800304b   Thumb Code     0  startup_stm32f10x_hd.o(.text)
    DMA2_Channel1_IRQHandler                 0x0800304b   Thumb Code     0  startup_stm32f10x_hd.o(.text)
    DMA2_Channel2_IRQHandler                 0x0800304b   Thumb Code     0  startup_stm32f10x_hd.o(.text)
    DMA2_Channel3_IRQHandler                 0x0800304b   Thumb Code     0  startup_stm32f10x_hd.o(.text)
    EXTI0_IRQHandler                         0x0800304b   Thumb Code     0  startup_stm32f10x_hd.o(.text)
    EXTI15_10_IRQHandler                     0x0800304b   Thumb Code     0  startup_stm32f10x_hd.o(.text)
    EXTI1_IRQHandler                         0x0800304b   Thumb Code     0  startup_stm32f10x_hd.o(.text)
    EXTI2_IRQHandler                         0x0800304b   Thumb Code     0  startup_stm32f10x_hd.o(.text)
    EXTI3_IRQHandler                         0x0800304b   Thumb Code     0  startup_stm32f10x_hd.o(.text)
    EXTI4_IRQHandler                         0x0800304b   Thumb Code     0  startup_stm32f10x_hd.o(.text)
    EXTI9_5_IRQHandler                       0x0800304b   Thumb Code     0  startup_stm32f10x_hd.o(.text)
    FLASH_IRQHandler                         0x0800304b   Thumb Code     0  startup_stm32f10x_hd.o(.text)
    FSMC_IRQHandler                          0x0800304b   Thumb Code     0  startup_stm32f10x_hd.o(.text)
    I2C1_ER_IRQHandler                       0x0800304b   Thumb Code     0  startup_stm32f10x_hd.o(.text)
    I2C1_EV_IRQHandler                       0x0800304b   Thumb Code     0  startup_stm32f10x_hd.o(.text)
    I2C2_ER_IRQHandler                       0x0800304b   Thumb Code     0  startup_stm32f10x_hd.o(.text)
    I2C2_EV_IRQHandler                       0x0800304b   Thumb Code     0  startup_stm32f10x_hd.o(.text)
    PVD_IRQHandler                           0x0800304b   Thumb Code     0  startup_stm32f10x_hd.o(.text)
    RCC_IRQHandler                           0x0800304b   Thumb Code     0  startup_stm32f10x_hd.o(.text)
    RTCAlarm_IRQHandler                      0x0800304b   Thumb Code     0  startup_stm32f10x_hd.o(.text)
    RTC_IRQHandler                           0x0800304b   Thumb Code     0  startup_stm32f10x_hd.o(.text)
    SPI1_IRQHandler                          0x0800304b   Thumb Code     0  startup_stm32f10x_hd.o(.text)
    SPI2_IRQHandler                          0x0800304b   Thumb Code     0  startup_stm32f10x_hd.o(.text)
    SPI3_IRQHandler                          0x0800304b   Thumb Code     0  startup_stm32f10x_hd.o(.text)
    TAMPER_IRQHandler                        0x0800304b   Thumb Code     0  startup_stm32f10x_hd.o(.text)
    TIM1_BRK_IRQHandler                      0x0800304b   Thumb Code     0  startup_stm32f10x_hd.o(.text)
    TIM1_CC_IRQHandler                       0x0800304b   Thumb Code     0  startup_stm32f10x_hd.o(.text)
    TIM1_TRG_COM_IRQHandler                  0x0800304b   Thumb Code     0  startup_stm32f10x_hd.o(.text)
    TIM1_UP_IRQHandler                       0x0800304b   Thumb Code     0  startup_stm32f10x_hd.o(.text)
    TIM2_IRQHandler                          0x0800304b   Thumb Code     0  startup_stm32f10x_hd.o(.text)
    TIM3_IRQHandler                          0x0800304b   Thumb Code     0  startup_stm32f10x_hd.o(.text)
    TIM4_IRQHandler                          0x0800304b   Thumb Code     0  startup_stm32f10x_hd.o(.text)
    TIM5_IRQHandler                          0x0800304b   Thumb Code     0  startup_stm32f10x_hd.o(.text)
    TIM7_IRQHandler                          0x0800304b   Thumb Code     0  startup_stm32f10x_hd.o(.text)
    TIM8_BRK_IRQHandler                      0x0800304b   Thumb Code     0  startup_stm32f10x_hd.o(.text)
    TIM8_CC_IRQHandler                       0x0800304b   Thumb Code     0  startup_stm32f10x_hd.o(.text)
    TIM8_TRG_COM_IRQHandler                  0x0800304b   Thumb Code     0  startup_stm32f10x_hd.o(.text)
    TIM8_UP_IRQHandler                       0x0800304b   Thumb Code     0  startup_stm32f10x_hd.o(.text)
    UART4_IRQHandler                         0x0800304b   Thumb Code     0  startup_stm32f10x_hd.o(.text)
    UART5_IRQHandler                         0x0800304b   Thumb Code     0  startup_stm32f10x_hd.o(.text)
    USART3_IRQHandler                        0x0800304b   Thumb Code     0  startup_stm32f10x_hd.o(.text)
    USBWakeUp_IRQHandler                     0x0800304b   Thumb Code     0  startup_stm32f10x_hd.o(.text)
    USB_HP_CAN1_TX_IRQHandler                0x0800304b   Thumb Code     0  startup_stm32f10x_hd.o(.text)
    WWDG_IRQHandler                          0x0800304b   Thumb Code     0  startup_stm32f10x_hd.o(.text)
    NMI_Handler                              0x08003055   Thumb Code     2  stm32f10x_it.o(.text)
    HardFault_Handler                        0x08003057   Thumb Code     4  stm32f10x_it.o(.text)
    MemManage_Handler                        0x0800305b   Thumb Code     4  stm32f10x_it.o(.text)
    BusFault_Handler                         0x0800305f   Thumb Code     4  stm32f10x_it.o(.text)
    UsageFault_Handler                       0x08003063   Thumb Code     4  stm32f10x_it.o(.text)
    DebugMon_Handler                         0x08003067   Thumb Code     2  stm32f10x_it.o(.text)
    main                                     0x080031eb   Thumb Code    32  main.o(.text)
    vSetupSysInfoTest                        0x08003311   Thumb Code    18  sysinfotest.o(.text)
    TIM6_IRQHandler                          0x08003323   Thumb Code    32  sysinfotest.o(.text)
    ParametersInit                           0x0800334d   Thumb Code     8  gather.o(.text)
    canCommunicateParaInit                   0x08003355   Thumb Code    16  cancommunicate.o(.text)
    StringFind                               0x08003369   Thumb Code    74  protocol.o(.text)
    Protocol_DecodeInt                       0x080033b3   Thumb Code    92  protocol.o(.text)
    Protocol_Encode                          0x0800340f   Thumb Code    50  protocol.o(.text)
    Protocol_EncodeCInt                      0x08003441   Thumb Code   232  protocol.o(.text)
    DataHeadFind                             0x08003529   Thumb Code    36  protocol.o(.text)
    canmsgAnalyze                            0x0800354d   Thumb Code   598  protocol.o(.text)
    bsp_DWT_init                             0x080037e1   Thumb Code    30  bsp_dwt_delay.o(.text)
    DwtDelay_uS                              0x080037ff   Thumb Code    74  bsp_dwt_delay.o(.text)
    bsp_Init                                 0x0800385d   Thumb Code    58  bsp.o(.text)
    bsp_KEY_Init                             0x080038c1   Thumb Code    34  bsp_key.o(.text)
    Key_Scan                                 0x080038e3   Thumb Code   180  bsp_key.o(.text)
    bsp_GetRCCofGPIO                         0x080039b1   Thumb Code    74  bsp_tim_pwm.o(.text)
    bsp_GetRCCofTIM                          0x080039fb   Thumb Code   150  bsp_tim_pwm.o(.text)
    bsp_ConfigTimGpio                        0x08003a91   Thumb Code    96  bsp_tim_pwm.o(.text)
    bsp_ConfigGpioOut                        0x08003af1   Thumb Code    46  bsp_tim_pwm.o(.text)
    bsp_SetTIMOutPWM                         0x08003b1f   Thumb Code   426  bsp_tim_pwm.o(.text)
    bsp_SetTIMOutPWM_N                       0x08003cc9   Thumb Code   516  bsp_tim_pwm.o(.text)
    bsp_SetTIMforInt                         0x08003ecd   Thumb Code   478  bsp_tim_pwm.o(.text)
    bsp_LED_Init                             0x0800410b   Thumb Code    64  bsp_led.o(.text)
    bsp_Led_Flash                            0x0800414b   Thumb Code    50  bsp_led.o(.text)
    SD_LowLevel_DeInit                       0x0800418d   Thumb Code    66  bsp_sdio_sdcard.o(.text)
    SD_DeInit                                0x080041cf   Thumb Code     8  bsp_sdio_sdcard.o(.text)
    SD_EnableWideBusOperation                0x08004593   Thumb Code   178  bsp_sdio_sdcard.o(.text)
    SD_SelectDeselect                        0x08004645   Thumb Code    48  bsp_sdio_sdcard.o(.text)
    SD_GetCardInfo                           0x08004675   Thumb Code   742  bsp_sdio_sdcard.o(.text)
    SD_InitializeCards                       0x08004a57   Thumb Code   294  bsp_sdio_sdcard.o(.text)
    SD_PowerON                               0x08004c25   Thumb Code   432  bsp_sdio_sdcard.o(.text)
    SD_LowLevel_Init                         0x08004dd5   Thumb Code    70  bsp_sdio_sdcard.o(.text)
    SD_Init                                  0x08004e5b   Thumb Code   128  bsp_sdio_sdcard.o(.text)
    SD_SendStatus                            0x08004edb   Thumb Code    74  bsp_sdio_sdcard.o(.text)
    SD_Detect                                0x08004f25   Thumb Code    12  bsp_sdio_sdcard.o(.text)
    SD_GetState                              0x08004f31   Thumb Code    38  bsp_sdio_sdcard.o(.text)
    SD_GetStatus                             0x08004f57   Thumb Code    30  bsp_sdio_sdcard.o(.text)
    SD_PowerOFF                              0x08004f75   Thumb Code    14  bsp_sdio_sdcard.o(.text)
    SD_SendSDStatus                          0x08004f83   Thumb Code   364  bsp_sdio_sdcard.o(.text)
    SD_GetCardStatus                         0x080050ef   Thumb Code   156  bsp_sdio_sdcard.o(.text)
    SD_LowLevel_DMA_RxConfig                 0x0800518b   Thumb Code   146  bsp_sdio_sdcard.o(.text)
    SD_ReadBlock                             0x0800521d   Thumb Code   208  bsp_sdio_sdcard.o(.text)
    SD_ReadMultiBlocks                       0x080052ed   Thumb Code   218  bsp_sdio_sdcard.o(.text)
    SD_StopTransfer                          0x080053c7   Thumb Code    46  bsp_sdio_sdcard.o(.text)
    SD_WaitReadOperation                     0x080053f5   Thumb Code   102  bsp_sdio_sdcard.o(.text)
    SD_LowLevel_DMA_TxConfig                 0x0800545b   Thumb Code    98  bsp_sdio_sdcard.o(.text)
    SD_WriteBlock                            0x080054bd   Thumb Code   206  bsp_sdio_sdcard.o(.text)
    SD_WriteMultiBlocks                      0x0800558b   Thumb Code   358  bsp_sdio_sdcard.o(.text)
    SD_WaitWriteOperation                    0x080056f1   Thumb Code   102  bsp_sdio_sdcard.o(.text)
    SD_GetTransferState                      0x08005757   Thumb Code    18  bsp_sdio_sdcard.o(.text)
    SD_Erase                                 0x080058f5   Thumb Code   296  bsp_sdio_sdcard.o(.text)
    SD_ProcessIRQSrc                         0x08005a1d   Thumb Code   216  bsp_sdio_sdcard.o(.text)
    SD_ProcessDMAIRQ                         0x08005af5   Thumb Code    26  bsp_sdio_sdcard.o(.text)
    convert_from_bytes_to_power_of_two       0x08005b0f   Thumb Code    18  bsp_sdio_sdcard.o(.text)
    SD_DMAEndOfTransferStatus                0x08005b21   Thumb Code    10  bsp_sdio_sdcard.o(.text)
    SDIO_IRQHandler                          0x08005b2b   Thumb Code     8  bsp_sdio_sdcard.o(.text)
    DMA2_Channel4_5_IRQHandler               0x08005b33   Thumb Code     8  bsp_sdio_sdcard.o(.text)
    USART1_DMA_Config                        0x08005b91   Thumb Code   194  bsp_usart1.o(.text)
    USART1_Config                            0x08005c53   Thumb Code   174  bsp_usart1.o(.text)
    Uart1_Start_DMA_Tx                       0x08005d01   Thumb Code    26  bsp_usart1.o(.text)
    DMA1_Channel4_IRQHandler                 0x08005d1b   Thumb Code    36  bsp_usart1.o(.text)
    USART1_IRQHandler                        0x08005d3f   Thumb Code   146  bsp_usart1.o(.text)
    Uart1_DMA_SendString                     0x08005dd1   Thumb Code    52  bsp_usart1.o(.text)
    Usart1_SendByte                          0x08005e05   Thumb Code    30  bsp_usart1.o(.text)
    Usar1_SendString                         0x08005e23   Thumb Code    42  bsp_usart1.o(.text)
    Usart1_SendHalfWord                      0x08005e4d   Thumb Code    60  bsp_usart1.o(.text)
    fputc                                    0x08005e89   Thumb Code    36  bsp_usart1.o(.text)
    fgetc                                    0x08005ead   Thumb Code    30  bsp_usart1.o(.text)
    OLED_WR_Byte                             0x08005ef1   Thumb Code   102  bsp_oled.o(.text)
    OLED_Set_Pos                             0x08005f57   Thumb Code    48  bsp_oled.o(.text)
    oled_drawPoint                           0x08005f87   Thumb Code   100  bsp_oled.o(.text)
    oled_readPoint                           0x08005feb   Thumb Code    62  bsp_oled.o(.text)
    OLED_Display_On                          0x08006029   Thumb Code    28  bsp_oled.o(.text)
    OLED_Display_Off                         0x08006045   Thumb Code    28  bsp_oled.o(.text)
    OLED_Refresh_Gram                        0x08006061   Thumb Code    70  bsp_oled.o(.text)
    OLED_Clear                               0x080060a7   Thumb Code    42  bsp_oled.o(.text)
    OLED_FillAll                             0x080060d1   Thumb Code    42  bsp_oled.o(.text)
    OLED_Fill                                0x080060fb   Thumb Code    54  bsp_oled.o(.text)
    OLED_ShowChar                            0x08006131   Thumb Code   464  bsp_oled.o(.text)
    OLED_ShowChar32                          0x08006301   Thumb Code   368  bsp_oled.o(.text)
    mypow                                    0x08006471   Thumb Code    22  bsp_oled.o(.text)
    OLED_ShowNum                             0x08006487   Thumb Code   554  bsp_oled.o(.text)
    OLED_ShowNum32                           0x080066b1   Thumb Code   162  bsp_oled.o(.text)
    OLED_ShowString                          0x08006753   Thumb Code    70  bsp_oled.o(.text)
    OLED_ShowCHinese                         0x08006799   Thumb Code   204  bsp_oled.o(.text)
    OLED_DrawBMP                             0x08006865   Thumb Code   278  bsp_oled.o(.text)
    bsp_OLED_Init                            0x0800697b   Thumb Code   454  bsp_oled.o(.text)
    Oled_Show_NumCor                         0x08006b41   Thumb Code    52  bsp_oled.o(.text)
    OLED_ShowStringCor                       0x08006b75   Thumb Code    64  bsp_oled.o(.text)
    SHT3X_IIC_ACK                            0x08006bb5   Thumb Code    78  bsp_sht3x.o(.text)
    SHT3X_IIC_NACK                           0x08006c03   Thumb Code    78  bsp_sht3x.o(.text)
    SHT3X_IIC_wait_ACK                       0x08006c51   Thumb Code   154  bsp_sht3x.o(.text)
    SHT3X_IIC_Start                          0x08006ceb   Thumb Code    68  bsp_sht3x.o(.text)
    SHT3X_IIC_Stop                           0x08006d2f   Thumb Code    70  bsp_sht3x.o(.text)
    SHT3X_IIC_SendByte                       0x08006d75   Thumb Code   106  bsp_sht3x.o(.text)
    SHT3X_IIC_RcvByte                        0x08006ddf   Thumb Code    96  bsp_sht3x.o(.text)
    SHT3x_Getdata                            0x08006e3f   Thumb Code   390  bsp_sht3x.o(.text)
    bsp_SHT3x_Init                           0x08006fc5   Thumb Code    88  bsp_sht3x.o(.text)
    DS3231_IIC_ACK                           0x08007029   Thumb Code    78  bsp_ds3231.o(.text)
    DS3231_IIC_NACK                          0x08007077   Thumb Code    78  bsp_ds3231.o(.text)
    DS3231_IIC_wait_ACK                      0x080070c5   Thumb Code   154  bsp_ds3231.o(.text)
    DS3231_IIC_Start                         0x0800715f   Thumb Code    68  bsp_ds3231.o(.text)
    DS3231_IIC_Stop                          0x080071a3   Thumb Code    70  bsp_ds3231.o(.text)
    DS3231_IIC_SendByte                      0x080071e9   Thumb Code   106  bsp_ds3231.o(.text)
    DS3231_IIC_RcvByte                       0x08007253   Thumb Code    96  bsp_ds3231.o(.text)
    BCDtoHEX                                 0x080072b3   Thumb Code    24  bsp_ds3231.o(.text)
    B_BCD                                    0x080072cb   Thumb Code    32  bsp_ds3231.o(.text)
    DS3231_IIC_Write                         0x080072eb   Thumb Code    48  bsp_ds3231.o(.text)
    DS3231_IIC_Read                          0x0800731b   Thumb Code    30  bsp_ds3231.o(.text)
    DS3231_I2C_Read_Add                      0x08007339   Thumb Code    34  bsp_ds3231.o(.text)
    DS3231_Readtime                          0x0800735b   Thumb Code   278  bsp_ds3231.o(.text)
    autoweek                                 0x08007471   Thumb Code   116  bsp_ds3231.o(.text)
    DS3231_SetTime                           0x080074e5   Thumb Code   128  bsp_ds3231.o(.text)
    bsp_DS3231_Init                          0x08007565   Thumb Code    96  bsp_ds3231.o(.text)
    SetTime_Add                              0x080075c5   Thumb Code   380  bsp_ds3231.o(.text)
    GY30_IIC_ACK                             0x08007751   Thumb Code    76  bsp_gy30.o(.text)
    GY30_IIC_NACK                            0x0800779d   Thumb Code    74  bsp_gy30.o(.text)
    GY30_IIC_wait_ACK                        0x080077e7   Thumb Code   154  bsp_gy30.o(.text)
    GY30_IIC_Start                           0x08007881   Thumb Code    90  bsp_gy30.o(.text)
    GY30_IIC_Stop                            0x080078db   Thumb Code    66  bsp_gy30.o(.text)
    GY30_IIC_SendByte                        0x0800791d   Thumb Code   164  bsp_gy30.o(.text)
    GY30_IIC_RcvByte                         0x080079c1   Thumb Code    96  bsp_gy30.o(.text)
    Single_Write_BH1750                      0x08007a21   Thumb Code    26  bsp_gy30.o(.text)
    Single_Read_BH1750                       0x08007a3b   Thumb Code    48  bsp_gy30.o(.text)
    Multiple_Read_BH1750                     0x08007a6b   Thumb Code    52  bsp_gy30.o(.text)
    bsp_BH1750_Init                          0x08007a9f   Thumb Code    98  bsp_gy30.o(.text)
    Updata_BH1750                            0x08007b01   Thumb Code    96  bsp_gy30.o(.text)
    UART2_DMA_Config                         0x08007ba1   Thumb Code   194  bsp_usart2.o(.text)
    UART2_Config                             0x08007c63   Thumb Code   170  bsp_usart2.o(.text)
    Uart2_Start_DMA_Tx                       0x08007d0d   Thumb Code    26  bsp_usart2.o(.text)
    DMA1_Channel7_IRQHandler                 0x08007d27   Thumb Code    36  bsp_usart2.o(.text)
    USART2_IRQHandler                        0x08007d4b   Thumb Code   158  bsp_usart2.o(.text)
    Uart2_DMA_SendString                     0x08007de9   Thumb Code    52  bsp_usart2.o(.text)
    bsp_PMS_Init                             0x08007e1d   Thumb Code    10  bsp_usart2.o(.text)
    bsp_BME280_Init                          0x08007e4d   Thumb Code    90  bsp_bme280.o(.text)
    BME280_IIC_Start                         0x08007ea7   Thumb Code    68  bsp_bme280.o(.text)
    BME280_IIC_Stop                          0x08007eeb   Thumb Code    62  bsp_bme280.o(.text)
    BME280_IIC_Wait_Ack                      0x08007f29   Thumb Code    86  bsp_bme280.o(.text)
    BME280_IIC_Ack                           0x08007f7f   Thumb Code    66  bsp_bme280.o(.text)
    BME280_IIC_NAck                          0x08007fc1   Thumb Code    66  bsp_bme280.o(.text)
    BME280_IIC_Send_Byte                     0x08008003   Thumb Code    90  bsp_bme280.o(.text)
    BME280_IIC_Read_Byte                     0x0800805d   Thumb Code    98  bsp_bme280.o(.text)
    BME280_Write_Byte                        0x080080bf   Thumb Code    76  bsp_bme280.o(.text)
    BME280_Read_Byte                         0x0800810b   Thumb Code    72  bsp_bme280.o(.text)
    BME280_Read_Len                          0x08008153   Thumb Code   116  bsp_bme280.o(.text)
    readTrim                                 0x080081c7   Thumb Code   358  bsp_bme280.o(.text)
    BME280_Init                              0x0800832d   Thumb Code    54  bsp_bme280.o(.text)
    BME280_Getdata                           0x0800879d   Thumb Code   144  bsp_bme280.o(.text)
    CAN_GPIO_Config                          0x08008879   Thumb Code    76  bsp_can.o(.text)
    CAN_Mode_Config                          0x080088c5   Thumb Code    84  bsp_can.o(.text)
    CAN_Filter_Config                        0x08008919   Thumb Code    64  bsp_can.o(.text)
    CAN_NVIC_Config                          0x08008959   Thumb Code    34  bsp_can.o(.text)
    bsp_CAN_Init                             0x0800897b   Thumb Code    20  bsp_can.o(.text)
    USB_LP_CAN1_RX0_IRQHandler               0x0800898f   Thumb Code    44  bsp_can.o(.text)
    ADC_Filter                               0x080089d1   Thumb Code    98  bsp_adc.o(.text)
    getAdcValue                              0x08008a33   Thumb Code    42  bsp_adc.o(.text)
    Adc_Gpio_Init                            0x08008a5d   Thumb Code    92  bsp_adc.o(.text)
    Adc_Dma_Init                             0x08008ab9   Thumb Code    82  bsp_adc.o(.text)
    Adc_Adc_Init                             0x08008b0b   Thumb Code   202  bsp_adc.o(.text)
    Adc_Init                                 0x08008bd5   Thumb Code    16  bsp_adc.o(.text)
    pvPortMalloc                             0x08008cbb   Thumb Code   254  heap_4.o(.text)
    vPortFree                                0x08008db9   Thumb Code   112  heap_4.o(.text)
    xPortGetFreeHeapSize                     0x08008e29   Thumb Code     6  heap_4.o(.text)
    xPortGetMinimumEverFreeHeapSize          0x08008e2f   Thumb Code     6  heap_4.o(.text)
    vPortInitialiseBlocks                    0x08008e35   Thumb Code     2  heap_4.o(.text)
    pxPortInitialiseStack                    0x08008e71   Thumb Code    26  port.o(.text)
    vPortSetupTimerInterrupt                 0x08008e8b   Thumb Code    14  port.o(.text)
    xPortStartScheduler                      0x08008e99   Thumb Code   140  port.o(.text)
    vPortEndScheduler                        0x08008f25   Thumb Code    30  port.o(.text)
    vPortYield                               0x08008f43   Thumb Code    20  port.o(.text)
    vPortEnterCritical                       0x08008f57   Thumb Code    60  port.o(.text)
    vPortExitCritical                        0x08008f93   Thumb Code    40  port.o(.text)
    SysTick_Handler                          0x08008fbb   Thumb Code    30  port.o(.text)
    vPortValidateInterruptPriority           0x08008fd9   Thumb Code    80  port.o(.text)
    xCoRoutineCreate                         0x0800907f   Thumb Code   126  croutine.o(.text)
    vCoRoutineAddToDelayedList               0x080090fd   Thumb Code    82  croutine.o(.text)
    vCoRoutineSchedule                       0x0800925f   Thumb Code   122  croutine.o(.text)
    xCoRoutineRemoveFromEventList            0x080092d9   Thumb Code    48  croutine.o(.text)
    xEventGroupCreate                        0x08009335   Thumb Code    26  event_groups.o(.text)
    xEventGroupSetBits                       0x0800934f   Thumb Code   178  event_groups.o(.text)
    xEventGroupSync                          0x08009401   Thumb Code   186  event_groups.o(.text)
    xEventGroupWaitBits                      0x080094d9   Thumb Code   238  event_groups.o(.text)
    xEventGroupClearBits                     0x080095c7   Thumb Code    64  event_groups.o(.text)
    xEventGroupGetBitsFromISR                0x08009607   Thumb Code    28  event_groups.o(.text)
    vEventGroupDelete                        0x08009623   Thumb Code    68  event_groups.o(.text)
    vEventGroupSetBitsCallback               0x08009667   Thumb Code    16  event_groups.o(.text)
    vEventGroupClearBitsCallback             0x08009677   Thumb Code    16  event_groups.o(.text)
    uxEventGroupGetNumber                    0x08009687   Thumb Code    14  event_groups.o(.text)
    vListInitialise                          0x08009695   Thumb Code    26  list.o(.text)
    vListInitialiseItem                      0x080096af   Thumb Code     6  list.o(.text)
    vListInsertEnd                           0x080096b5   Thumb Code    24  list.o(.text)
    vListInsert                              0x080096cd   Thumb Code    52  list.o(.text)
    uxListRemove                             0x08009701   Thumb Code    40  list.o(.text)
    xQueueGenericReset                       0x08009729   Thumb Code   120  queue.o(.text)
    xQueueGenericCreate                      0x080097a1   Thumb Code   106  queue.o(.text)
    xQueueGenericSend                        0x08009915   Thumb Code   296  queue.o(.text)
    xQueueGenericSendFromISR                 0x08009a3d   Thumb Code   172  queue.o(.text)
    xQueueGiveFromISR                        0x08009ae9   Thumb Code   148  queue.o(.text)
    xQueueGenericReceive                     0x08009bc1   Thumb Code   290  queue.o(.text)
    xQueueReceiveFromISR                     0x08009ce3   Thumb Code   136  queue.o(.text)
    xQueuePeekFromISR                        0x08009d6b   Thumb Code   110  queue.o(.text)
    uxQueueMessagesWaiting                   0x08009dd9   Thumb Code    28  queue.o(.text)
    uxQueueSpacesAvailable                   0x08009df5   Thumb Code    34  queue.o(.text)
    uxQueueMessagesWaitingFromISR            0x08009e17   Thumb Code    20  queue.o(.text)
    vQueueDelete                             0x08009e2b   Thumb Code    24  queue.o(.text)
    uxQueueGetQueueNumber                    0x08009e43   Thumb Code     6  queue.o(.text)
    vQueueSetQueueNumber                     0x08009e49   Thumb Code     4  queue.o(.text)
    ucQueueGetQueueType                      0x08009e4d   Thumb Code     8  queue.o(.text)
    xQueueIsQueueEmptyFromISR                0x08009e55   Thumb Code    28  queue.o(.text)
    xQueueIsQueueFullFromISR                 0x08009e71   Thumb Code    32  queue.o(.text)
    xQueueCRSend                             0x08009e91   Thumb Code   130  queue.o(.text)
    xQueueCRReceive                          0x08009f13   Thumb Code   148  queue.o(.text)
    xQueueCRSendFromISR                      0x08009fa7   Thumb Code    64  queue.o(.text)
    xQueueCRReceiveFromISR                   0x08009fe7   Thumb Code    94  queue.o(.text)
    xTaskGenericCreate                       0x0800a12b   Thumb Code   288  tasks.o(.text)
    vTaskDelete                              0x0800a275   Thumb Code   160  tasks.o(.text)
    xTaskIncrementTick                       0x0800a315   Thumb Code   272  tasks.o(.text)
    xTaskResumeAll                           0x0800a425   Thumb Code   282  tasks.o(.text)
    vTaskSuspendAll                          0x0800a57d   Thumb Code    12  tasks.o(.text)
    vTaskDelayUntil                          0x0800a589   Thumb Code   176  tasks.o(.text)
    vTaskDelay                               0x0800a639   Thumb Code    94  tasks.o(.text)
    uxTaskPriorityGet                        0x0800a697   Thumb Code    30  tasks.o(.text)
    uxTaskPriorityGetFromISR                 0x0800a6b5   Thumb Code    42  tasks.o(.text)
    vTaskPrioritySet                         0x0800a6df   Thumb Code   224  tasks.o(.text)
    vTaskSwitchContext                       0x0800a7bf   Thumb Code   158  tasks.o(.text)
    vTaskSuspend                             0x0800a85d   Thumb Code   232  tasks.o(.text)
    vTaskResume                              0x0800a989   Thumb Code   104  tasks.o(.text)
    xTaskResumeFromISR                       0x0800a9f1   Thumb Code   126  tasks.o(.text)
    vTaskStartScheduler                      0x0800aaeb   Thumb Code    74  tasks.o(.text)
    vTaskEndScheduler                        0x0800ab35   Thumb Code    18  tasks.o(.text)
    xTaskGetTickCount                        0x0800ab47   Thumb Code     6  tasks.o(.text)
    xTaskGetTickCountFromISR                 0x0800ab4d   Thumb Code    16  tasks.o(.text)
    uxTaskGetNumberOfTasks                   0x0800ab5d   Thumb Code     6  tasks.o(.text)
    uxTaskGetSystemState                     0x0800ac29   Thumb Code   208  tasks.o(.text)
    vTaskPlaceOnEventList                    0x0800acf9   Thumb Code    94  tasks.o(.text)
    vTaskPlaceOnUnorderedEventList           0x0800ad57   Thumb Code   132  tasks.o(.text)
    xTaskRemoveFromEventList                 0x0800addb   Thumb Code   114  tasks.o(.text)
    xTaskRemoveFromUnorderedEventList        0x0800ae4d   Thumb Code   126  tasks.o(.text)
    vTaskSetTimeOutState                     0x0800aecb   Thumb Code    28  tasks.o(.text)
    xTaskCheckForTimeOut                     0x0800aee7   Thumb Code   108  tasks.o(.text)
    vTaskMissedYield                         0x0800af53   Thumb Code     8  tasks.o(.text)
    uxTaskGetTaskNumber                      0x0800af5b   Thumb Code    14  tasks.o(.text)
    vTaskSetTaskNumber                       0x0800af69   Thumb Code     8  tasks.o(.text)
    vTaskList                                0x0800af9b   Thumb Code   180  tasks.o(.text)
    vTaskGetRunTimeStats                     0x0800b04f   Thumb Code   242  tasks.o(.text)
    uxTaskResetEventItemValue                0x0800b141   Thumb Code    24  tasks.o(.text)
    ulTaskNotifyTake                         0x0800b159   Thumb Code   162  tasks.o(.text)
    xTaskNotifyWait                          0x0800b1fb   Thumb Code   196  tasks.o(.text)
    xTaskGenericNotify                       0x0800b2bf   Thumb Code   202  tasks.o(.text)
    xTaskGenericNotifyFromISR                0x0800b389   Thumb Code   240  tasks.o(.text)
    vTaskNotifyGiveFromISR                   0x0800b479   Thumb Code   158  tasks.o(.text)
    xTaskNotifyStateClear                    0x0800b517   Thumb Code    78  tasks.o(.text)
    Status_Scan                              0x0800b565   Thumb Code    54  keytask.o(.text)
    vTaskKey                                 0x0800b59b   Thumb Code    44  keytask.o(.text)
    canSendKeyClickData                      0x0800b5c7   Thumb Code    78  keytask.o(.text)
    vTaskLed                                 0x0800b6bd   Thumb Code    72  ledtask.o(.text)
    canSendLedData                           0x0800b707   Thumb Code   280  ledtask.o(.text)
    vTaskDisplay                             0x0800b845   Thumb Code   162  displaytask.o(.text)
    setShow_ui                               0x0800b8e7   Thumb Code    14  displaytask.o(.text)
    Show_Para_Con                            0x0800b8f5   Thumb Code    72  displaytask.o(.text)
    Change_UIMode                            0x0800b93d   Thumb Code    58  displaytask.o(.text)
    canSendCarUIData                         0x0800b977   Thumb Code   316  displaytask.o(.text)
    canSendCarUIReqCmd                       0x0800bab3   Thumb Code    70  displaytask.o(.text)
    canSendGasData                           0x0800bb15   Thumb Code   146  environmenttask.o(.text)
    canSendSht3xData                         0x0800bba7   Thumb Code   174  environmenttask.o(.text)
    UpGasData                                0x0800bc55   Thumb Code    34  environmenttask.o(.text)
    vTaskEnvironment                         0x0800bcc3   Thumb Code    82  environmenttask.o(.text)
    canSendClockData                         0x0800bd3d   Thumb Code   818  clocktask.o(.text)
    vTaskClock                               0x0800c07b   Thumb Code    24  clocktask.o(.text)
    canSendGy30Data                          0x0800c0a5   Thumb Code    92  lighttask.o(.text)
    vTaskLight                               0x0800c103   Thumb Code    30  lighttask.o(.text)
    canSendPmsData                           0x0800c12d   Thumb Code   164  pmstask.o(.text)
    UpdataPms                                0x0800c1d1   Thumb Code    34  pmstask.o(.text)
    vTaskPms                                 0x0800c1f3   Thumb Code    34  pmstask.o(.text)
    canSendBMEData                           0x0800c221   Thumb Code   344  bmetask.o(.text)
    vTaskBme                                 0x0800c37b   Thumb Code    24  bmetask.o(.text)
    vTaskCanRx                               0x0800c3d7   Thumb Code    52  cancommunicatetask.o(.text)
    vTaskCanTx                               0x0800c40b   Thumb Code    42  cancommunicatetask.o(.text)
    vTaskcanSendData                         0x0800c435   Thumb Code    80  cancommunicatetask.o(.text)
    Main_uiconfigParamInit                   0x0800c4a5   Thumb Code    94  main_ui.o(.text)
    Main_ZUI                                 0x0800c503   Thumb Code 10350  main_ui.o(.text)
    Main_uictrl                              0x0800edd5   Thumb Code  2592  main_ui.o(.text)
    Car_uiconfigParamInit                    0x0800f7fd   Thumb Code    90  car_ui.o(.text)
    Car_ZUI                                  0x0800f857   Thumb Code  2794  car_ui.o(.text)
    Car_uictrl                               0x0801036d   Thumb Code  1260  car_ui.o(.text)
    __aeabi_uldivmod                         0x08010879   Thumb Code    98  uldiv.o(.text)
    __aeabi_ldivmod                          0x080108db   Thumb Code    98  ldiv.o(.text)
    __aeabi_memcpy                           0x0801093d   Thumb Code    36  memcpya.o(.text)
    __aeabi_memcpy4                          0x0801093d   Thumb Code     0  memcpya.o(.text)
    __aeabi_memcpy8                          0x0801093d   Thumb Code     0  memcpya.o(.text)
    __aeabi_memset                           0x08010961   Thumb Code    14  memseta.o(.text)
    __aeabi_memset4                          0x08010961   Thumb Code     0  memseta.o(.text)
    __aeabi_memset8                          0x08010961   Thumb Code     0  memseta.o(.text)
    __aeabi_memclr                           0x0801096f   Thumb Code     4  memseta.o(.text)
    __aeabi_memclr4                          0x0801096f   Thumb Code     0  memseta.o(.text)
    __aeabi_memclr8                          0x0801096f   Thumb Code     0  memseta.o(.text)
    _memset$wrapper                          0x08010973   Thumb Code    18  memseta.o(.text)
    strlen                                   0x08010985   Thumb Code    14  strlen.o(.text)
    strcpy                                   0x08010993   Thumb Code    18  strcpy.o(.text)
    __aeabi_fadd                             0x080109a5   Thumb Code   164  fadd.o(.text)
    __aeabi_fsub                             0x08010a49   Thumb Code     6  fadd.o(.text)
    __aeabi_frsub                            0x08010a4f   Thumb Code     6  fadd.o(.text)
    __aeabi_fmul                             0x08010a55   Thumb Code   100  fmul.o(.text)
    __aeabi_fdiv                             0x08010ab9   Thumb Code   124  fdiv.o(.text)
    __aeabi_dadd                             0x08010b35   Thumb Code   322  dadd.o(.text)
    __aeabi_dsub                             0x08010c77   Thumb Code     6  dadd.o(.text)
    __aeabi_drsub                            0x08010c7d   Thumb Code     6  dadd.o(.text)
    __aeabi_dmul                             0x08010c83   Thumb Code   228  dmul.o(.text)
    __aeabi_ddiv                             0x08010d67   Thumb Code   222  ddiv.o(.text)
    __aeabi_i2f                              0x08010e45   Thumb Code    18  fflti.o(.text)
    __aeabi_ui2f                             0x08010e57   Thumb Code    10  ffltui.o(.text)
    __aeabi_i2d                              0x08010e61   Thumb Code    34  dflti.o(.text)
    __aeabi_ui2d                             0x08010e83   Thumb Code    26  dfltui.o(.text)
    __aeabi_f2iz                             0x08010e9d   Thumb Code    50  ffixi.o(.text)
    __aeabi_d2iz                             0x08010ecf   Thumb Code    62  dfixi.o(.text)
    __aeabi_f2d                              0x08010f0d   Thumb Code    38  f2d.o(.text)
    __aeabi_cdcmpeq                          0x08010f35   Thumb Code     0  cdcmple.o(.text)
    __aeabi_cdcmple                          0x08010f35   Thumb Code    48  cdcmple.o(.text)
    __aeabi_d2f                              0x08010f65   Thumb Code    56  d2f.o(.text)
    __aeabi_cfcmpeq                          0x08010f9d   Thumb Code     0  cfcmple.o(.text)
    __aeabi_cfcmple                          0x08010f9d   Thumb Code    20  cfcmple.o(.text)
    __aeabi_cfrcmple                         0x08010fb1   Thumb Code    20  cfrcmple.o(.text)
    __aeabi_llsl                             0x08010fc5   Thumb Code    30  llshl.o(.text)
    _ll_shift_l                              0x08010fc5   Thumb Code     0  llshl.o(.text)
    __aeabi_llsr                             0x08010fe3   Thumb Code    32  llushr.o(.text)
    _ll_ushift_r                             0x08010fe3   Thumb Code     0  llushr.o(.text)
    __aeabi_lasr                             0x08011003   Thumb Code    36  llsshr.o(.text)
    _ll_sshift_r                             0x08011003   Thumb Code     0  llsshr.o(.text)
    __strtod_int                             0x0801105f   Thumb Code    88  strtod.o(.text)
    __I$use$fp                               0x080110c5   Thumb Code     0  iusefp.o(.text)
    _float_round                             0x080110c5   Thumb Code    18  fepilogue.o(.text)
    _float_epilogue                          0x080110d7   Thumb Code    92  fepilogue.o(.text)
    _double_round                            0x08011133   Thumb Code    30  depilogue.o(.text)
    _double_epilogue                         0x08011151   Thumb Code   156  depilogue.o(.text)
    __ARM_scalbn                             0x080111ed   Thumb Code    46  dscalb.o(.text)
    scalbn                                   0x080111ed   Thumb Code     0  dscalb.o(.text)
    __aeabi_cdrcmple                         0x0801121d   Thumb Code    48  cdrcmple.o(.text)
    __scatterload                            0x0801124d   Thumb Code    28  init.o(.text)
    __scatterload_rt2                        0x0801124d   Thumb Code     0  init.o(.text)
    isspace                                  0x08011271   Thumb Code    10  isspace_c.o(.text)
    _scanf_real                              0x0801137d   Thumb Code     0  scanf_fp.o(.text)
    _scanf_really_real                       0x0801137d   Thumb Code   556  scanf_fp.o(.text)
    _sgetc                                   0x080115b5   Thumb Code    30  _sgetc.o(.text)
    _sbackspace                              0x080115d3   Thumb Code    34  _sgetc.o(.text)
    _dsqrt                                   0x080115f5   Thumb Code   162  dsqrt.o(.text)
    __ctype_lookup                           0x08011699   Thumb Code    34  ctype_c.o(.text)
    __aeabi_ul2d                             0x080116c1   Thumb Code    24  dfltul.o(.text)
    __decompress                             0x080116d9   Thumb Code     0  __dczerorl2.o(.text)
    __decompress1                            0x080116d9   Thumb Code    86  __dczerorl2.o(.text)
    __0sprintf$4                             0x08011731   Thumb Code    34  printf4.o(i.__0sprintf$4)
    __1sprintf$4                             0x08011731   Thumb Code     0  printf4.o(i.__0sprintf$4)
    __2sprintf                               0x08011731   Thumb Code     0  printf4.o(i.__0sprintf$4)
    __ARM_fpclassify                         0x08011759   Thumb Code    40  fpclassify.o(i.__ARM_fpclassify)
    __kernel_poly                            0x08011781   Thumb Code   170  poly.o(i.__kernel_poly)
    __mathlib_dbl_divzero                    0x0801182d   Thumb Code    12  dunder.o(i.__mathlib_dbl_divzero)
    __mathlib_dbl_infnan2                    0x0801183d   Thumb Code     4  dunder.o(i.__mathlib_dbl_infnan2)
    __mathlib_dbl_invalid                    0x08011841   Thumb Code    12  dunder.o(i.__mathlib_dbl_invalid)
    __mathlib_dbl_overflow                   0x0801184d   Thumb Code    14  dunder.o(i.__mathlib_dbl_overflow)
    __mathlib_dbl_underflow                  0x0801185d   Thumb Code    10  dunder.o(i.__mathlib_dbl_underflow)
    __read_errno                             0x0801186d   Thumb Code     6  errno.o(i.__read_errno)
    __scatterload_copy                       0x08011879   Thumb Code    14  handlers.o(i.__scatterload_copy)
    __scatterload_null                       0x08011887   Thumb Code     2  handlers.o(i.__scatterload_null)
    __scatterload_zeroinit                   0x08011889   Thumb Code    14  handlers.o(i.__scatterload_zeroinit)
    __set_errno                              0x08011899   Thumb Code     6  errno.o(i.__set_errno)
    _is_digit                                0x080118a5   Thumb Code    14  scanf_fp.o(i._is_digit)
    atof                                     0x08011aeb   Thumb Code    42  atof.o(i.atof)
    pow                                      0x08011b15   Thumb Code  2478  pow.o(i.pow)
    sqrt                                     0x080124cd   Thumb Code    76  sqrt.o(i.sqrt)
    F6x8                                     0x08012518   Data         552  bsp_oled.o(.constdata)
    F8X16                                    0x08012740   Data        1520  bsp_oled.o(.constdata)
    F16X32                                   0x08012d30   Data         896  bsp_oled.o(.constdata)
    Hzk                                      0x080130b0   Data        1024  bsp_oled.o(.constdata)
    UI_NOSIGNAL8X8                           0x080134b0   Data           8  bmp.o(.constdata)
    UI_ASIGNAL8X8                            0x080134b8   Data           8  bmp.o(.constdata)
    __mathlib_zero                           0x08013548   Data           8  qnan.o(.constdata)
    __ctype_categories                       0x08013550   Data          64  ctype_c.o(.constdata)
    Region$$Table$$Base                      0x08013590   Number         0  anon$$obj.o(Region$$Table)
    Region$$Table$$Limit                     0x080135b0   Number         0  anon$$obj.o(Region$$Table)
    SystemCoreClock                          0x20000000   Data           4  system_stm32f10x.o(.data)
    AHBPrescTable                            0x20000004   Data          16  system_stm32f10x.o(.data)
    xHandleTaskDisplay                       0x20000040   Data           4  main.o(.data)
    xHandleTaskEnvironment                   0x20000044   Data           4  main.o(.data)
    xHandleTaskClock                         0x20000048   Data           4  main.o(.data)
    xHandleTaskLight                         0x2000004c   Data           4  main.o(.data)
    xHandleTaskPms                           0x20000050   Data           4  main.o(.data)
    xHandleTaskBme                           0x20000054   Data           4  main.o(.data)
    xHandleTaskSendData                      0x20000058   Data           4  main.o(.data)
    xQueue_uart1Rx                           0x2000005c   Data           4  main.o(.data)
    xQueue_uart1Tx                           0x20000060   Data           4  main.o(.data)
    xQueue_uart2Rx                           0x20000064   Data           4  main.o(.data)
    xQueue_canRx                             0x20000068   Data           4  main.o(.data)
    xQueue_canTx                             0x2000006c   Data           4  main.o(.data)
    Event_canSendData                        0x20000070   Data           4  main.o(.data)
    ulHighFrequencyTimerTicks                0x20000074   Data           4  sysinfotest.o(.data)
    canConnect                               0x20000078   Data           8  cancommunicate.o(.data)
    carUIPara                                0x20000080   Data           6  cancommunicate.o(.data)
    carLEDA                                  0x20000088   Data           8  cancommunicate.o(.data)
    carFMQ                                   0x20000090   Data           8  cancommunicate.o(.data)
    KEY_RetValue                             0x2000009c   Data           1  bsp_key.o(.data)
    Key_PU                                   0x200000a0   Data          20  bsp_key.o(.data)
    Key_PD                                   0x200000b4   Data          20  bsp_key.o(.data)
    Key_PL                                   0x200000c8   Data          20  bsp_key.o(.data)
    Key_PR                                   0x200000dc   Data          20  bsp_key.o(.data)
    Key_PM                                   0x200000f0   Data          20  bsp_key.o(.data)
    LedA                                     0x20000104   Data          28  bsp_led.o(.data)
    LedB                                     0x20000120   Data          28  bsp_led.o(.data)
    Fmq                                      0x2000013c   Data          28  bsp_led.o(.data)
    StopCondition                            0x20000160   Data           4  bsp_sdio_sdcard.o(.data)
    TransferError                            0x20000164   Data           1  bsp_sdio_sdcard.o(.data)
    TransferEnd                              0x20000168   Data           4  bsp_sdio_sdcard.o(.data)
    DMAEndOfTransfer                         0x2000016c   Data           4  bsp_sdio_sdcard.o(.data)
    Oled_Colour                              0x20000173   Data           1  bsp_oled.o(.data)
    BH_Buf                                   0x20000174   Data           8  bsp_gy30.o(.data)
    pxCurrentCoRoutine                       0x200001cc   Data           4  croutine.o(.data)
    pxCurrentTCB                             0x200001e0   Data           4  tasks.o(.data)
    SendLedDataTickCount                     0x20000220   Data           4  ledtask.o(.data)
    Show_ui                                  0x20000224   Data           1  displaytask.o(.data)
    SendUITickCount                          0x20000228   Data           4  displaytask.o(.data)
    Smog                                     0x20000230   Data           8  environmenttask.o(.data)
    Hydrogen                                 0x20000238   Data           8  environmenttask.o(.data)
    CO                                       0x20000240   Data           8  environmenttask.o(.data)
    EnvTickCount                             0x20000248   Data           4  environmenttask.o(.data)
    Light                                    0x20000250   Data           8  lighttask.o(.data)
    Pms                                      0x20000258   Data           4  pmstask.o(.data)
    Encoder                                  0x20000260   Data          16  cancommunicate.o(.bss)
    Motorpwm                                 0x20000270   Data          16  cancommunicate.o(.bss)
    SDCardInfo                               0x200002b0   Data          88  bsp_sdio_sdcard.o(.bss)
    SDIO_InitStructure                       0x20000308   Data          24  bsp_sdio_sdcard.o(.bss)
    SDIO_CmdInitStructure                    0x20000320   Data          20  bsp_sdio_sdcard.o(.bss)
    SDIO_DataInitStructure                   0x20000334   Data          24  bsp_sdio_sdcard.o(.bss)
    bme280Cal                                0x20000814   Data          40  bsp_bme280.o(.bss)
    tCanTxMsg                                0x20000850   Data          20  bsp_can.o(.bss)
    tCanRxMsg                                0x20000864   Data          20  bsp_can.o(.bss)
    AdcValue                                 0x20000878   Data         100  bsp_adc.o(.bss)
    Huimiture                                0x200083fc   Data          32  environmenttask.o(.bss)
    ClockA                                   0x2000841c   Data          36  clocktask.o(.bss)
    SetClock                                 0x20008440   Data          36  clocktask.o(.bss)
    Bme                                      0x20008464   Data          16  bmetask.o(.bss)
    Main_uiconfigParam                       0x20008474   Data          80  main_ui.o(.bss)
    Car_uiconfigParam                        0x200084c4   Data          80  car_ui.o(.bss)
    __initial_sp                             0x20008918   Data           0  startup_stm32f10x_hd.o(STACK)



==============================================================================

Memory Map of the image

  Image Entry point : 0x08000131

  Load Region LR_IROM1 (Base: 0x08000000, Size: 0x00013810, Max: 0x00040000, ABSOLUTE, COMPRESSED[0x00013608])

    Execution Region ER_IROM1 (Base: 0x08000000, Size: 0x000135b0, Max: 0x00040000, ABSOLUTE)

    Base Addr    Size         Type   Attr      Idx    E Section Name        Object

    0x08000000   0x00000130   Data   RO          398    RESET               startup_stm32f10x_hd.o
    0x08000130   0x00000000   Code   RO         1437  * .ARM.Collect$$$$00000000  mc_w.l(entry.o)
    0x08000130   0x00000004   Code   RO         1776    .ARM.Collect$$$$00000001  mc_w.l(entry2.o)
    0x08000134   0x00000004   Code   RO         1779    .ARM.Collect$$$$00000004  mc_w.l(entry5.o)
    0x08000138   0x00000000   Code   RO         1781    .ARM.Collect$$$$00000008  mc_w.l(entry7b.o)
    0x08000138   0x00000000   Code   RO         1783    .ARM.Collect$$$$0000000A  mc_w.l(entry8b.o)
    0x08000138   0x00000008   Code   RO         1784    .ARM.Collect$$$$0000000B  mc_w.l(entry9a.o)
    0x08000140   0x00000000   Code   RO         1786    .ARM.Collect$$$$0000000D  mc_w.l(entry10a.o)
    0x08000140   0x00000000   Code   RO         1788    .ARM.Collect$$$$0000000F  mc_w.l(entry11a.o)
    0x08000140   0x00000004   Code   RO         1777    .ARM.Collect$$$$00002712  mc_w.l(entry2.o)
    0x08000144   0x000000a2   Code   RO         1035    .emb_text           port.o
    0x080001e6   0x00000002   PAD
    0x080001e8   0x000001e0   Code   RO           17    .text               system_stm32f10x.o
    0x080003c8   0x000000dc   Code   RO          114    .text               misc.o
    0x080004a4   0x0000044e   Code   RO          130    .text               stm32f10x_adc.o
    0x080008f2   0x00000002   PAD
    0x080008f4   0x000009f0   Code   RO          154    .text               stm32f10x_can.o
    0x080012e4   0x00000254   Code   RO          214    .text               stm32f10x_dma.o
    0x08001538   0x0000035c   Code   RO          262    .text               stm32f10x_gpio.o
    0x08001894   0x000003a4   Code   RO          310    .text               stm32f10x_rcc.o
    0x08001c38   0x000001d4   Code   RO          336    .text               stm32f10x_sdio.o
    0x08001e0c   0x00000e1a   Code   RO          360    .text               stm32f10x_tim.o
    0x08002c26   0x00000002   PAD
    0x08002c28   0x00000408   Code   RO          372    .text               stm32f10x_usart.o
    0x08003030   0x00000024   Code   RO          399    .text               startup_stm32f10x_hd.o
    0x08003054   0x00000014   Code   RO          403    .text               stm32f10x_it.o
    0x08003068   0x000002a8   Code   RO          418    .text               main.o
    0x08003310   0x0000003c   Code   RO          615    .text               sysinfotest.o
    0x0800334c   0x00000008   Code   RO          649    .text               gather.o
    0x08003354   0x00000014   Code   RO          670    .text               cancommunicate.o
    0x08003368   0x00000478   Code   RO          689    .text               protocol.o
    0x080037e0   0x0000007c   Code   RO          724    .text               bsp_dwt_delay.o
    0x0800385c   0x00000040   Code   RO          738    .text               bsp.o
    0x0800389c   0x00000114   Code   RO          750    .text               bsp_key.o
    0x080039b0   0x00000728   Code   RO          768    .text               bsp_tim_pwm.o
    0x080040d8   0x000000b4   Code   RO          783    .text               bsp_led.o
    0x0800418c   0x000019c4   Code   RO          802    .text               bsp_sdio_sdcard.o
    0x08005b50   0x000003a0   Code   RO          835    .text               bsp_usart1.o
    0x08005ef0   0x00000cc4   Code   RO          850    .text               bsp_oled.o
    0x08006bb4   0x00000474   Code   RO          873    .text               bsp_sht3x.o
    0x08007028   0x00000728   Code   RO          892    .text               bsp_ds3231.o
    0x08007750   0x00000410   Code   RO          911    .text               bsp_gy30.o
    0x08007b60   0x000002ec   Code   RO          933    .text               bsp_usart2.o
    0x08007e4c   0x00000a2c   Code   RO          955    .text               bsp_bme280.o
    0x08008878   0x00000158   Code   RO          971    .text               bsp_can.o
    0x080089d0   0x00000228   Code   RO          989    .text               bsp_adc.o
    0x08008bf8   0x00000258   Code   RO         1011    .text               heap_4.o
    0x08008e50   0x000001f4   Code   RO         1036    .text               port.o
    0x08009044   0x000002f0   Code   RO         1059    .text               croutine.o
    0x08009334   0x00000360   Code   RO         1078    .text               event_groups.o
    0x08009694   0x00000094   Code   RO         1090    .text               list.o
    0x08009728   0x0000091c   Code   RO         1102    .text               queue.o
    0x0800a044   0x00001520   Code   RO         1117    .text               tasks.o
    0x0800b564   0x000000cc   Code   RO         1146    .text               keytask.o
    0x0800b630   0x00000208   Code   RO         1158    .text               ledtask.o
    0x0800b838   0x000002dc   Code   RO         1221    .text               displaytask.o
    0x0800bb14   0x00000228   Code   RO         1247    .text               environmenttask.o
    0x0800bd3c   0x00000368   Code   RO         1266    .text               clocktask.o
    0x0800c0a4   0x00000088   Code   RO         1285    .text               lighttask.o
    0x0800c12c   0x000000f4   Code   RO         1303    .text               pmstask.o
    0x0800c220   0x00000180   Code   RO         1321    .text               bmetask.o
    0x0800c3a0   0x00000104   Code   RO         1339    .text               cancommunicatetask.o
    0x0800c4a4   0x00003358   Code   RO         1375    .text               main_ui.o
    0x0800f7fc   0x0000107c   Code   RO         1405    .text               car_ui.o
    0x08010878   0x00000062   Code   RO         1440    .text               mc_w.l(uldiv.o)
    0x080108da   0x00000062   Code   RO         1442    .text               mc_w.l(ldiv.o)
    0x0801093c   0x00000024   Code   RO         1444    .text               mc_w.l(memcpya.o)
    0x08010960   0x00000024   Code   RO         1446    .text               mc_w.l(memseta.o)
    0x08010984   0x0000000e   Code   RO         1448    .text               mc_w.l(strlen.o)
    0x08010992   0x00000012   Code   RO         1450    .text               mc_w.l(strcpy.o)
    0x080109a4   0x000000b0   Code   RO         1715    .text               mf_w.l(fadd.o)
    0x08010a54   0x00000064   Code   RO         1717    .text               mf_w.l(fmul.o)
    0x08010ab8   0x0000007c   Code   RO         1719    .text               mf_w.l(fdiv.o)
    0x08010b34   0x0000014e   Code   RO         1721    .text               mf_w.l(dadd.o)
    0x08010c82   0x000000e4   Code   RO         1723    .text               mf_w.l(dmul.o)
    0x08010d66   0x000000de   Code   RO         1725    .text               mf_w.l(ddiv.o)
    0x08010e44   0x00000012   Code   RO         1727    .text               mf_w.l(fflti.o)
    0x08010e56   0x0000000a   Code   RO         1729    .text               mf_w.l(ffltui.o)
    0x08010e60   0x00000022   Code   RO         1731    .text               mf_w.l(dflti.o)
    0x08010e82   0x0000001a   Code   RO         1733    .text               mf_w.l(dfltui.o)
    0x08010e9c   0x00000032   Code   RO         1735    .text               mf_w.l(ffixi.o)
    0x08010ece   0x0000003e   Code   RO         1737    .text               mf_w.l(dfixi.o)
    0x08010f0c   0x00000026   Code   RO         1739    .text               mf_w.l(f2d.o)
    0x08010f32   0x00000002   PAD
    0x08010f34   0x00000030   Code   RO         1741    .text               mf_w.l(cdcmple.o)
    0x08010f64   0x00000038   Code   RO         1743    .text               mf_w.l(d2f.o)
    0x08010f9c   0x00000014   Code   RO         1745    .text               mf_w.l(cfcmple.o)
    0x08010fb0   0x00000014   Code   RO         1747    .text               mf_w.l(cfrcmple.o)
    0x08010fc4   0x0000001e   Code   RO         1793    .text               mc_w.l(llshl.o)
    0x08010fe2   0x00000020   Code   RO         1795    .text               mc_w.l(llushr.o)
    0x08011002   0x00000024   Code   RO         1797    .text               mc_w.l(llsshr.o)
    0x08011026   0x00000002   PAD
    0x08011028   0x0000009c   Code   RO         1806    .text               mc_w.l(strtod.o)
    0x080110c4   0x00000000   Code   RO         1808    .text               mc_w.l(iusefp.o)
    0x080110c4   0x0000006e   Code   RO         1809    .text               mf_w.l(fepilogue.o)
    0x08011132   0x000000ba   Code   RO         1811    .text               mf_w.l(depilogue.o)
    0x080111ec   0x0000002e   Code   RO         1813    .text               mf_w.l(dscalb.o)
    0x0801121a   0x00000002   PAD
    0x0801121c   0x00000030   Code   RO         1817    .text               mf_w.l(cdrcmple.o)
    0x0801124c   0x00000024   Code   RO         1819    .text               mc_w.l(init.o)
    0x08011270   0x0000000a   Code   RO         1821    .text               mc_w.l(isspace_c.o)
    0x0801127a   0x00000002   PAD
    0x0801127c   0x00000338   Code   RO         1823    .text               mc_w.l(scanf_fp.o)
    0x080115b4   0x00000040   Code   RO         1827    .text               mc_w.l(_sgetc.o)
    0x080115f4   0x000000a2   Code   RO         1829    .text               mf_w.l(dsqrt.o)
    0x08011696   0x00000002   PAD
    0x08011698   0x00000028   Code   RO         1831    .text               mc_w.l(ctype_c.o)
    0x080116c0   0x00000018   Code   RO         1834    .text               mf_w.l(dfltul.o)
    0x080116d8   0x00000056   Code   RO         1844    .text               mc_w.l(__dczerorl2.o)
    0x0801172e   0x00000002   PAD
    0x08011730   0x00000028   Code   RO         1567    i.__0sprintf$4      mc_w.l(printf4.o)
    0x08011758   0x00000028   Code   RO         1763    i.__ARM_fpclassify  m_ws.l(fpclassify.o)
    0x08011780   0x000000aa   Code   RO         1765    i.__kernel_poly     m_ws.l(poly.o)
    0x0801182a   0x00000002   PAD
    0x0801182c   0x00000010   Code   RO         1749    i.__mathlib_dbl_divzero  m_ws.l(dunder.o)
    0x0801183c   0x00000004   Code   RO         1751    i.__mathlib_dbl_infnan2  m_ws.l(dunder.o)
    0x08011840   0x0000000c   Code   RO         1752    i.__mathlib_dbl_invalid  m_ws.l(dunder.o)
    0x0801184c   0x0000000e   Code   RO         1753    i.__mathlib_dbl_overflow  m_ws.l(dunder.o)
    0x0801185a   0x00000002   PAD
    0x0801185c   0x00000010   Code   RO         1755    i.__mathlib_dbl_underflow  m_ws.l(dunder.o)
    0x0801186c   0x0000000c   Code   RO         1800    i.__read_errno      mc_w.l(errno.o)
    0x08011878   0x0000000e   Code   RO         1838    i.__scatterload_copy  mc_w.l(handlers.o)
    0x08011886   0x00000002   Code   RO         1839    i.__scatterload_null  mc_w.l(handlers.o)
    0x08011888   0x0000000e   Code   RO         1840    i.__scatterload_zeroinit  mc_w.l(handlers.o)
    0x08011896   0x00000002   PAD
    0x08011898   0x0000000c   Code   RO         1801    i.__set_errno       mc_w.l(errno.o)
    0x080118a4   0x0000000e   Code   RO         1825    i._is_digit         mc_w.l(scanf_fp.o)
    0x080118b2   0x00000002   PAD
    0x080118b4   0x0000022c   Code   RO         1572    i._printf_core      mc_w.l(printf4.o)
    0x08011ae0   0x0000000a   Code   RO         1574    i._sputc            mc_w.l(printf4.o)
    0x08011aea   0x0000002a   Code   RO         1424    i.atof              m_ws.l(atof.o)
    0x08011b14   0x000009b8   Code   RO         1428    i.pow               m_ws.l(pow.o)
    0x080124cc   0x0000004c   Code   RO         1769    i.sqrt              m_ws.l(sqrt.o)
    0x08012518   0x00000f98   Data   RO          852    .constdata          bsp_oled.o
    0x080134b0   0x00000010   Data   RO         1393    .constdata          bmp.o
    0x080134c0   0x00000088   Data   RO         1429    .constdata          m_ws.l(pow.o)
    0x08013548   0x00000008   Data   RO         1767    .constdata          m_ws.l(qnan.o)
    0x08013550   0x00000040   Data   RO         1832    .constdata          mc_w.l(ctype_c.o)
    0x08013590   0x00000020   Data   RO         1836    Region$$Table       anon$$obj.o


    Execution Region RW_IRAM1 (Base: 0x20000000, Size: 0x00008918, Max: 0x0000c000, ABSOLUTE, COMPRESSED[0x00000058])

    Base Addr    Size         Type   Attr      Idx    E Section Name        Object

    0x20000000   0x00000014   Data   RW           18    .data               system_stm32f10x.o
    0x20000014   0x00000014   Data   RW          311    .data               stm32f10x_rcc.o
    0x20000028   0x0000004c   Data   RW          419    .data               main.o
    0x20000074   0x00000004   Data   RW          616    .data               sysinfotest.o
    0x20000078   0x00000020   Data   RW          672    .data               cancommunicate.o
    0x20000098   0x00000004   Data   RW          725    .data               bsp_dwt_delay.o
    0x2000009c   0x00000068   Data   RW          751    .data               bsp_key.o
    0x20000104   0x00000054   Data   RW          784    .data               bsp_led.o
    0x20000158   0x00000018   Data   RW          804    .data               bsp_sdio_sdcard.o
    0x20000170   0x00000003   Data   RW          837    .data               bsp_usart1.o
    0x20000173   0x00000001   Data   RW          853    .data               bsp_oled.o
    0x20000174   0x00000008   Data   RW          912    .data               bsp_gy30.o
    0x2000017c   0x00000003   Data   RW          935    .data               bsp_usart2.o
    0x2000017f   0x00000001   PAD
    0x20000180   0x00000020   Data   RW          957    .data               bsp_bme280.o
    0x200001a0   0x00000018   Data   RW         1013    .data               heap_4.o
    0x200001b8   0x0000000c   Data   RW         1037    .data               port.o
    0x200001c4   0x0000001c   Data   RW         1061    .data               croutine.o
    0x200001e0   0x00000040   Data   RW         1119    .data               tasks.o
    0x20000220   0x00000004   Data   RW         1159    .data               ledtask.o
    0x20000224   0x00000009   Data   RW         1222    .data               displaytask.o
    0x2000022d   0x00000003   PAD
    0x20000230   0x0000001c   Data   RW         1249    .data               environmenttask.o
    0x2000024c   0x00000001   Data   RW         1268    .data               clocktask.o
    0x2000024d   0x00000003   PAD
    0x20000250   0x00000008   Data   RW         1286    .data               lighttask.o
    0x20000258   0x00000004   Data   RW         1304    .data               pmstask.o
    0x2000025c   0x00000004   Data   RW         1802    .data               mc_w.l(errno.o)
    0x20000260   0x00000020   Zero   RW          671    .bss                cancommunicate.o
    0x20000280   0x000000cc   Zero   RW          803    .bss                bsp_sdio_sdcard.o
    0x2000034c   0x00000064   Zero   RW          836    .bss                bsp_usart1.o
    0x200003b0   0x00000400   Zero   RW          851    .bss                bsp_oled.o
    0x200007b0   0x00000064   Zero   RW          934    .bss                bsp_usart2.o
    0x20000814   0x0000003c   Zero   RW          956    .bss                bsp_bme280.o
    0x20000850   0x00000028   Zero   RW          972    .bss                bsp_can.o
    0x20000878   0x00000064   Zero   RW          990    .bss                bsp_adc.o
    0x200008dc   0x00007800   Zero   RW         1012    .bss                heap_4.o
    0x200080dc   0x00000064   Zero   RW         1060    .bss                croutine.o
    0x20008140   0x000002bc   Zero   RW         1118    .bss                tasks.o
    0x200083fc   0x00000020   Zero   RW         1248    .bss                environmenttask.o
    0x2000841c   0x00000048   Zero   RW         1267    .bss                clocktask.o
    0x20008464   0x00000010   Zero   RW         1322    .bss                bmetask.o
    0x20008474   0x00000050   Zero   RW         1376    .bss                main_ui.o
    0x200084c4   0x00000050   Zero   RW         1406    .bss                car_ui.o
    0x20008514   0x00000004   PAD
    0x20008518   0x00000400   Zero   RW          396    STACK               startup_stm32f10x_hd.o


==============================================================================

Image component sizes


      Code (inc. data)   RO Data    RW Data    ZI Data      Debug   Object Name

       384         14          0          0         16       1128   bmetask.o
         0          0         16          0          0        567   bmp.o
        64          6          0          0          0        471   bsp.o
       552         20          0          0        100       2213   bsp_adc.o
      2604        128          0         32         60       6439   bsp_bme280.o
       344         22          0          0         40       1682   bsp_can.o
      1832         44          0          0          0       6879   bsp_ds3231.o
       124         20          0          4          0       1051   bsp_dwt_delay.o
      1040         20          0          8          0       5022   bsp_gy30.o
       276         26          0        104          0       2582   bsp_key.o
       180         16          0         84          0       2180   bsp_led.o
      3268         60       3992          1       1024       9339   bsp_oled.o
      6596        270          0         24        204      25115   bsp_sdio_sdcard.o
      1140         54          0          0          0       4628   bsp_sht3x.o
      1832        130          0          0          0       4720   bsp_tim_pwm.o
       928         38          0          3        100       3790   bsp_usart1.o
       748         38          0          3        100       2784   bsp_usart2.o
        20          4          0         32         32       1564   cancommunicate.o
       260         32          0          0          0       1041   cancommunicatetask.o
      4220        244          0          0         80       2847   car_ui.o
       872         24          0          1         72       1408   clocktask.o
         0          0          0          0          0       4536   core_cm3.o
       752         44          0         28        100       5540   croutine.o
       732         28          0          9          0       3148   displaytask.o
       552         40          0         28         32       1999   environmenttask.o
       864          0          0          0          0       5478   event_groups.o
         8          0          0          0          0        437   gather.o
       600         26          0         24      30720       4656   heap_4.o
       204         28          0          0          0        919   keytask.o
       520         26          0          4          0       1653   ledtask.o
       136         12          0          8          0        993   lighttask.o
       148          0          0          0          0       1814   list.o
       680        262          0         76          0      46260   main.o
     13144        766          0          0         80       5827   main_ui.o
       220         22          0          0          0       1893   misc.o
       244         12          0          4          0       1478   pmstask.o
       662         40          0         12          0       4886   port.o
      1144         68          0          0          0       5075   protocol.o
      2332          0          0          0          0      11017   queue.o
        36          8        304          0       1024        828   startup_stm32f10x_hd.o
      1102         26          0          0          0      10929   stm32f10x_adc.o
      2544         38          0          0          0       7952   stm32f10x_can.o
       596          8          0          0          0       4422   stm32f10x_dma.o
       860         38          0          0          0       5737   stm32f10x_gpio.o
        20          0          0          0          0        923   stm32f10x_it.o
       932         36          0         20          0       8924   stm32f10x_rcc.o
       468         22          0          0          0       7176   stm32f10x_sdio.o
      3610         88          0          0          0      22228   stm32f10x_tim.o
      1032         22          0          0          0       8464   stm32f10x_usart.o
        60         10          0          4          0       1164   sysinfotest.o
       480         38          0         20          0     286931   system_stm32f10x.o
      5408        334          0         64        700      20239   tasks.o

    ----------------------------------------------------------------------
     67380       3252       4344        604      34488     580976   Object Totals
         0          0         32          0          0          0   (incl. Generated)
         6          0          0          7          4          0   (incl. Padding)

    ----------------------------------------------------------------------

      Code (inc. data)   RO Data    RW Data    ZI Data      Debug   Library Member Name

        42          0          0          0          0         84   atof.o
        62         10          0          0          0        340   dunder.o
        40          0          0          0          0         68   fpclassify.o
       170          0          0          0          0         96   poly.o
      2488        190        136          0          0        300   pow.o
         0          0          8          0          0          0   qnan.o
        76          0          0          0          0         84   sqrt.o
        86          0          0          0          0          0   __dczerorl2.o
        64          0          0          0          0         84   _sgetc.o
        40          6         64          0          0         68   ctype_c.o
         0          0          0          0          0          0   entry.o
         0          0          0          0          0          0   entry10a.o
         0          0          0          0          0          0   entry11a.o
         8          4          0          0          0          0   entry2.o
         4          0          0          0          0          0   entry5.o
         0          0          0          0          0          0   entry7b.o
         0          0          0          0          0          0   entry8b.o
         8          4          0          0          0          0   entry9a.o
        24         12          0          4          0        136   errno.o
        30          0          0          0          0          0   handlers.o
        36          8          0          0          0         68   init.o
        10          0          0          0          0         68   isspace_c.o
         0          0          0          0          0          0   iusefp.o
        98          0          0          0          0         84   ldiv.o
        30          0          0          0          0         68   llshl.o
        36          0          0          0          0         68   llsshr.o
        32          0          0          0          0         68   llushr.o
        36          0          0          0          0         68   memcpya.o
        36          0          0          0          0        108   memseta.o
       606         10          0          0          0        252   printf4.o
       838         12          0          0          0        216   scanf_fp.o
        18          0          0          0          0         68   strcpy.o
        14          0          0          0          0         68   strlen.o
       156         14          0          0          0        120   strtod.o
        98          0          0          0          0         92   uldiv.o
        48          0          0          0          0         68   cdcmple.o
        48          0          0          0          0         68   cdrcmple.o
        20          0          0          0          0         68   cfcmple.o
        20          0          0          0          0         68   cfrcmple.o
        56          0          0          0          0         88   d2f.o
       334          0          0          0          0        148   dadd.o
       222          0          0          0          0        100   ddiv.o
       186          0          0          0          0        176   depilogue.o
        62          0          0          0          0         80   dfixi.o
        34          0          0          0          0         76   dflti.o
        26          0          0          0          0         76   dfltui.o
        24          0          0          0          0         76   dfltul.o
       228          0          0          0          0         96   dmul.o
        46          0          0          0          0         80   dscalb.o
       162          0          0          0          0        100   dsqrt.o
        38          0          0          0          0         68   f2d.o
       176          0          0          0          0        140   fadd.o
       124          0          0          0          0         88   fdiv.o
       110          0          0          0          0        168   fepilogue.o
        50          0          0          0          0         68   ffixi.o
        18          0          0          0          0         68   fflti.o
        10          0          0          0          0         68   ffltui.o
       100          0          0          0          0         76   fmul.o

    ----------------------------------------------------------------------
      7348        270        208          4          0       4788   Library Totals
        20          0          0          0          0          0   (incl. Padding)

    ----------------------------------------------------------------------

      Code (inc. data)   RO Data    RW Data    ZI Data      Debug   Library Name

      2878        200        144          0          0        972   m_ws.l
      2308         70         64          4          0       1704   mc_w.l
      2142          0          0          0          0       2112   mf_w.l

    ----------------------------------------------------------------------
      7348        270        208          4          0       4788   Library Totals

    ----------------------------------------------------------------------

==============================================================================


      Code (inc. data)   RO Data    RW Data    ZI Data      Debug   

     74728       3522       4552        608      34488     579184   Grand Totals
     74728       3522       4552         88      34488     579184   ELF Image Totals (compressed)
     74728       3522       4552         88          0          0   ROM Totals

==============================================================================

    Total RO  Size (Code + RO Data)                79280 (  77.42kB)
    Total RW  Size (RW Data + ZI Data)             35096 (  34.27kB)
    Total ROM Size (Code + RO Data + RW Data)      79368 (  77.51kB)

==============================================================================

