Component: ARM Compiler 5.05 update 2 (build 169) Tool: armlink [4d0f33]

==============================================================================

Section Cross References

    system_stm32f10x.o(.text) refers to system_stm32f10x.o(.data) for SystemCoreClock
    stm32f10x_adc.o(.text) refers to stm32f10x_rcc.o(.text) for RCC_APB2PeriphResetCmd
    stm32f10x_bkp.o(.text) refers to stm32f10x_rcc.o(.text) for RCC_BackupResetCmd
    stm32f10x_can.o(.text) refers to stm32f10x_rcc.o(.text) for RCC_APB1PeriphResetCmd
    stm32f10x_cec.o(.text) refers to stm32f10x_rcc.o(.text) for RCC_APB1PeriphResetCmd
    stm32f10x_dac.o(.text) refers to stm32f10x_rcc.o(.text) for RCC_APB1PeriphResetCmd
    stm32f10x_gpio.o(.text) refers to stm32f10x_rcc.o(.text) for RCC_APB2PeriphResetCmd
    stm32f10x_i2c.o(.text) refers to stm32f10x_rcc.o(.text) for RCC_APB1PeriphResetCmd
    stm32f10x_pwr.o(.text) refers to stm32f10x_rcc.o(.text) for RCC_APB1PeriphResetCmd
    stm32f10x_rcc.o(.text) refers to stm32f10x_rcc.o(.data) for APBAHBPrescTable
    stm32f10x_spi.o(.text) refers to stm32f10x_rcc.o(.text) for RCC_APB2PeriphResetCmd
    stm32f10x_tim.o(.text) refers to stm32f10x_rcc.o(.text) for RCC_APB2PeriphResetCmd
    stm32f10x_usart.o(.text) refers to stm32f10x_rcc.o(.text) for RCC_APB2PeriphResetCmd
    stm32f10x_wwdg.o(.text) refers to stm32f10x_rcc.o(.text) for RCC_APB1PeriphResetCmd
    startup_stm32f10x_hd.o(RESET) refers to startup_stm32f10x_hd.o(STACK) for __initial_sp
    startup_stm32f10x_hd.o(RESET) refers to startup_stm32f10x_hd.o(.text) for Reset_Handler
    startup_stm32f10x_hd.o(RESET) refers to stm32f10x_it.o(.text) for NMI_Handler
    startup_stm32f10x_hd.o(RESET) refers to port.o(.emb_text) for SVC_Handler
    startup_stm32f10x_hd.o(RESET) refers to port.o(.text) for SysTick_Handler
    startup_stm32f10x_hd.o(RESET) refers to bsp_usart1.o(.text) for DMA1_Channel4_IRQHandler
    startup_stm32f10x_hd.o(RESET) refers to bsp_sdio_sdcard.o(.text) for SDIO_IRQHandler
    startup_stm32f10x_hd.o(RESET) refers to sysinfotest.o(.text) for TIM6_IRQHandler
    startup_stm32f10x_hd.o(.text) refers to system_stm32f10x.o(.text) for SystemInit
    startup_stm32f10x_hd.o(.text) refers to entry.o(.ARM.Collect$$$$00000000) for __main
    main.o(.text) refers to queue.o(.text) for xQueueGenericCreate
    main.o(.text) refers to bsp_usart1.o(.text) for Uart1_DMA_SendString
    main.o(.text) refers to tasks.o(.text) for xTaskGenericCreate
    main.o(.text) refers to bsp.o(.text) for bsp_Init
    main.o(.text) refers to gather.o(.text) for ParametersInit
    main.o(.text) refers to main.o(.data) for xQueue_uart1Rx
    main.o(.text) refers to ledtask.o(.text) for vTaskLed
    main.o(.text) refers to displaytask.o(.text) for vTaskDisplay
    main.o(.text) refers to environmenttask.o(.text) for vTaskEnvironment
    main.o(.text) refers to clocktask.o(.text) for vTaskClock
    main.o(.text) refers to lighttask.o(.text) for vTaskLight
    sysinfotest.o(.text) refers to bsp_tim_pwm.o(.text) for bsp_SetTIMforInt
    sysinfotest.o(.text) refers to stm32f10x_tim.o(.text) for TIM_GetITStatus
    sysinfotest.o(.text) refers to sysinfotest.o(.data) for ulHighFrequencyTimerTicks
    gather.o(.text) refers to main_ui.o(.text) for Main_uiconfigParamInit
    sys.o(.text) refers to sys.o(.emb_text) for WFI_SET
    bsp_dwt_delay.o(.text) refers to bsp_dwt_delay.o(.data) for SYSCLK
    bsp.o(.text) refers to misc.o(.text) for NVIC_PriorityGroupConfig
    bsp.o(.text) refers to bsp_dwt_delay.o(.text) for bsp_DWT_init
    bsp.o(.text) refers to bsp_oled.o(.text) for bsp_OLED_Init
    bsp.o(.text) refers to bsp_ds3231.o(.text) for bsp_DS3231_Init
    bsp.o(.text) refers to bsp_led.o(.text) for bsp_LED_Init
    bsp.o(.text) refers to bsp_sht3x.o(.text) for bsp_SHT3x_Init
    bsp.o(.text) refers to bsp_gy30.o(.text) for bsp_BH1750_Init
    bsp_key.o(.text) refers to stm32f10x_rcc.o(.text) for RCC_APB2PeriphClockCmd
    bsp_key.o(.text) refers to stm32f10x_gpio.o(.text) for GPIO_Init
    bsp_key.o(.text) refers to bsp_key.o(.data) for Key_PU
    bsp_tim_pwm.o(.text) refers to stm32f10x_rcc.o(.text) for RCC_APB2PeriphClockCmd
    bsp_tim_pwm.o(.text) refers to stm32f10x_gpio.o(.text) for GPIO_Init
    bsp_tim_pwm.o(.text) refers to stm32f10x_tim.o(.text) for TIM_Cmd
    bsp_tim_pwm.o(.text) refers to system_stm32f10x.o(.data) for SystemCoreClock
    bsp_tim_pwm.o(.text) refers to misc.o(.text) for NVIC_Init
    bsp_led.o(.text) refers to stm32f10x_rcc.o(.text) for RCC_APB2PeriphClockCmd
    bsp_led.o(.text) refers to stm32f10x_gpio.o(.text) for GPIO_PinRemapConfig
    bsp_led.o(.text) refers to bsp_led.o(.data) for LedA
    bsp_sdio_sdcard.o(.text) refers to stm32f10x_sdio.o(.text) for SDIO_ClockCmd
    bsp_sdio_sdcard.o(.text) refers to stm32f10x_rcc.o(.text) for RCC_AHBPeriphClockCmd
    bsp_sdio_sdcard.o(.text) refers to stm32f10x_gpio.o(.text) for GPIO_Init
    bsp_sdio_sdcard.o(.text) refers to bsp_sdio_sdcard.o(.bss) for SDIO_CmdInitStructure
[...]
    prvTaskCheckFreeStackSpace               0x08008047   Thumb Code    22  tasks.o(.text)
    prvListTaskWithinSingleList              0x0800805d   Thumb Code   176  tasks.o(.text)
    prvWriteNameToBuffer                     0x08008455   Thumb Code    42  tasks.o(.text)
    .text                                    0x08008a48   Section        0  ledtask.o(.text)
    .text                                    0x08008a6c   Section        0  displaytask.o(.text)
    .text                                    0x08008aec   Section        0  environmenttask.o(.text)
    .text                                    0x08008b04   Section        0  clocktask.o(.text)
    .text                                    0x08008b18   Section        0  lighttask.o(.text)
    .text                                    0x08008b34   Section        0  main_ui.o(.text)
    Para_Prepare                             0x08008e0f   Thumb Code    36  main_ui.o(.text)
    .text                                    0x08009084   Section        0  uldiv.o(.text)
    .text                                    0x080090e6   Section        0  memcpya.o(.text)
    .text                                    0x0800910a   Section        0  memseta.o(.text)
    .text                                    0x0800912e   Section        0  strlen.o(.text)
    .text                                    0x0800913c   Section        0  strcpy.o(.text)
    .text                                    0x0800914e   Section        0  fadd.o(.text)
    .text                                    0x080091fe   Section        0  fmul.o(.text)
    .text                                    0x08009262   Section        0  dadd.o(.text)
    .text                                    0x080093b0   Section        0  dmul.o(.text)
    .text                                    0x08009494   Section        0  ddiv.o(.text)
    .text                                    0x08009572   Section        0  fflti.o(.text)
    .text                                    0x08009584   Section        0  ffltui.o(.text)
    .text                                    0x0800958e   Section        0  dflti.o(.text)
    .text                                    0x080095b0   Section        0  dfltui.o(.text)
    .text                                    0x080095ca   Section        0  ffixi.o(.text)
    .text                                    0x080095fc   Section        0  f2d.o(.text)
    .text                                    0x08009622   Section        0  d2f.o(.text)
    .text                                    0x0800965c   Section       20  cfcmple.o(.text)
    .text                                    0x08009670   Section       20  cfrcmple.o(.text)
    .text                                    0x08009684   Section        0  uidiv.o(.text)
    .text                                    0x080096b0   Section        0  llshl.o(.text)
    .text                                    0x080096ce   Section        0  llushr.o(.text)
    .text                                    0x080096ee   Section        0  llsshr.o(.text)
    .text                                    0x08009712   Section        0  iusefp.o(.text)
    .text                                    0x08009712   Section        0  fepilogue.o(.text)
    .text                                    0x08009780   Section        0  depilogue.o(.text)
    .text                                    0x0800983c   Section       36  init.o(.text)
    .text                                    0x08009860   Section        0  __dczerorl2.o(.text)
    i.__0sprintf$3                           0x080098b8   Section        0  printf3.o(i.__0sprintf$3)
    i.__scatterload_copy                     0x080098e0   Section       14  handlers.o(i.__scatterload_copy)
    i.__scatterload_null                     0x080098ee   Section        2  handlers.o(i.__scatterload_null)
    i.__scatterload_zeroinit                 0x080098f0   Section       14  handlers.o(i.__scatterload_zeroinit)
    i._printf_core                           0x08009900   Section        0  printf3.o(i._printf_core)
    _printf_core                             0x08009901   Thumb Code   436  printf3.o(i._printf_core)
    i._sputc                                 0x08009ab8   Section        0  printf3.o(i._sputc)
    _sputc                                   0x08009ab9   Thumb Code    10  printf3.o(i._sputc)
    .constdata                               0x08009ac2   Section     3992  bsp_oled.o(.constdata)
    .constdata                               0x0800aa5a   Section       16  bmp.o(.constdata)
    .data                                    0x20000000   Section       20  system_stm32f10x.o(.data)
    .data                                    0x20000014   Section       20  stm32f10x_rcc.o(.data)
    APBAHBPrescTable                         0x20000014   Data          16  stm32f10x_rcc.o(.data)
    ADCPrescTable                            0x20000024   Data           4  stm32f10x_rcc.o(.data)
    .data                                    0x20000028   Section       40  main.o(.data)
    xHandleTaskLed                           0x20000028   Data           4  main.o(.data)
    xHandleTaskKey                           0x2000002c   Data           4  main.o(.data)
    xHandleTaskUart1Rx                       0x20000030   Data           4  main.o(.data)
    xHandleTaskUart1Tx                       0x20000034   Data           4  main.o(.data)
    .data                                    0x20000050   Section        4  sysinfotest.o(.data)
    .data                                    0x20000054   Section        4  bsp_dwt_delay.o(.data)
    SYSCLK                                   0x20000054   Data           4  bsp_dwt_delay.o(.data)
    .data                                    0x20000058   Section      104  bsp_key.o(.data)
    .data                                    0x200000c0   Section       72  bsp_led.o(.data)
    .data                                    0x20000108   Section       24  bsp_sdio_sdcard.o(.data)
    CardType                                 0x20000108   Data           4  bsp_sdio_sdcard.o(.data)
    RCA                                      0x2000010c   Data           4  bsp_sdio_sdcard.o(.data)
    .data                                    0x20000120   Section        3  bsp_usart1.o(.data)
    uart1_sending                            0x20000120   Data           1  bsp_usart1.o(.data)
    num                                      0x20000121   Data           1  bsp_usart1.o(.data)
    index                                    0x20000122   Data           1  bsp_usart1.o(.data)
    .data                                    0x20000123   Section        1  bsp_oled.o(.data)
    .data                                    0x20000124   Section        8  bsp_gy30.o(.data)
    .data                                    0x2000012c   Section       24  heap_4.o(.data)
    xStart                                   0x2000012c   Data           8  heap_4.o(.data)
    pxEnd                                    0x20000134   Data           4  heap_4.o(.data)
    xFreeBytesRemaining                      0x20000138   Data           4  heap_4.o(.data)
    xMinimumEverFreeBytesRemaining           0x2000013c   Data           4  heap_4.o(.data)
    xBlockAllocatedBit                       0x20000140   Data           4  heap_4.o(.data)
    .data                                    0x20000144   Section       12  port.o(.data)
    uxCriticalNesting                        0x20000144   Data           4  port.o(.data)
    ucMaxSysCallPriority                     0x20000148   Data           1  port.o(.data)
    ulMaxPRIGROUPValue                       0x2000014c   Data           4  port.o(.data)
    .data                                    0x20000150   Section       28  croutine.o(.data)
    pxDelayedCoRoutineList                   0x20000150   Data           4  croutine.o(.data)
    pxOverflowDelayedCoRoutineList           0x20000154   Data           4  croutine.o(.data)
    uxTopCoRoutineReadyPriority              0x2000015c   Data           4  croutine.o(.data)
    xCoRoutineTickCount                      0x20000160   Data           4  croutine.o(.data)
    xLastTickCount                           0x20000164   Data           4  croutine.o(.data)
    xPassedTicks                             0x20000168   Data           4  croutine.o(.data)
    .data                                    0x2000016c   Section       64  tasks.o(.data)
    pxDelayedTaskList                        0x20000170   Data           4  tasks.o(.data)
    pxOverflowDelayedTaskList                0x20000174   Data           4  tasks.o(.data)
    uxTasksDeleted                           0x20000178   Data           4  tasks.o(.data)
    uxCurrentNumberOfTasks                   0x2000017c   Data           4  tasks.o(.data)
    xTickCount                               0x20000180   Data           4  tasks.o(.data)
    uxTopReadyPriority                       0x20000184   Data           4  tasks.o(.data)
    xSchedulerRunning                        0x20000188   Data           4  tasks.o(.data)
    uxPendedTicks                            0x2000018c   Data           4  tasks.o(.data)
    xYieldPending                            0x20000190   Data           4  tasks.o(.data)
    xNumOfOverflows                          0x20000194   Data           4  tasks.o(.data)
    uxTaskNumber                             0x20000198   Data           4  tasks.o(.data)
    xNextTaskUnblockTime                     0x2000019c   Data           4  tasks.o(.data)
    uxSchedulerSuspended                     0x200001a0   Data           4  tasks.o(.data)
    ulTaskSwitchedInTime                     0x200001a4   Data           4  tasks.o(.data)
    ulTotalRunTime                           0x200001a8   Data           4  tasks.o(.data)
    .data                                    0x200001ac   Section        1  displaytask.o(.data)
    Show_ui                                  0x200001ac   Data           1  displaytask.o(.data)
    .data                                    0x200001b0   Section        8  environmenttask.o(.data)
    .data                                    0x200001b8   Section        8  lighttask.o(.data)
    .bss                                     0x200001c0   Section      204  bsp_sdio_sdcard.o(.bss)
    CSD_Tab                                  0x200001c0   Data          16  bsp_sdio_sdcard.o(.bss)
    CID_Tab                                  0x200001d0   Data          16  bsp_sdio_sdcard.o(.bss)
    SDSTATUS_Tab                             0x200001e0   Data          16  bsp_sdio_sdcard.o(.bss)
    .bss                                     0x2000028c   Section      100  bsp_usart1.o(.bss)
    SendBuff                                 0x2000028c   Data          50  bsp_usart1.o(.bss)
    ReadBuff                                 0x200002be   Data          50  bsp_usart1.o(.bss)
    .bss                                     0x200002f0   Section     1024  bsp_oled.o(.bss)
    oledGram                                 0x200002f0   Data        1024  bsp_oled.o(.bss)
    .bss                                     0x200006f0   Section    20480  heap_4.o(.bss)
    ucHeap                                   0x200006f0   Data       20480  heap_4.o(.bss)
    .bss                                     0x200056f0   Section      100  croutine.o(.bss)
    pxReadyCoRoutineLists                    0x200056f0   Data          40  croutine.o(.bss)
    xDelayedCoRoutineList1                   0x20005718   Data          20  croutine.o(.bss)
    xDelayedCoRoutineList2                   0x2000572c   Data          20  croutine.o(.bss)
    xPendingReadyCoRoutineList               0x20005740   Data          20  croutine.o(.bss)
    .bss                                     0x20005754   Section      700  tasks.o(.bss)
    pxReadyTasksLists                        0x20005754   Data         600  tasks.o(.bss)
    xDelayedTaskList1                        0x200059ac   Data          20  tasks.o(.bss)
    xDelayedTaskList2                        0x200059c0   Data          20  tasks.o(.bss)
    xPendingReadyList                        0x200059d4   Data          20  tasks.o(.bss)
    xTasksWaitingTermination                 0x200059e8   Data          20  tasks.o(.bss)
    xSuspendedTaskList                       0x200059fc   Data          20  tasks.o(.bss)
    .bss                                     0x20005a10   Section       36  clocktask.o(.bss)
    .bss                                     0x20005a34   Section       80  main_ui.o(.bss)
    STACK                                    0x20005a88   Section     1024  startup_stm32f10x_hd.o(STACK)

    Global Symbols

    Symbol Name                              Value     Ov Type        Size  Object(Section)

    BuildAttributes$$THM_ISAv4$P$D$K$B$S$PE$A:L22UL41UL21$X:L11$S22US41US21$IEEE1$IW$USESV6$~STKCKD$USESV7$~SHL$OTIME$ROPI$EBA8$MICROLIB$REQ8$PRES8$EABIv2 0x00000000   Number         0  anon$$obj.o ABSOLUTE
    __ARM_use_no_argv                        0x00000000   Number         0  main.o ABSOLUTE
    _printf_a                                0x00000000   Number         0  stubs.o ABSOLUTE
    _printf_c                                0x00000000   Number         0  stubs.o ABSOLUTE
    _printf_charcount                        0x00000000   Number         0  stubs.o ABSOLUTE
    _printf_d                                0x00000000   Number         0  stubs.o ABSOLUTE
    _printf_e                                0x00000000   Number         0  stubs.o ABSOLUTE
    _printf_f                                0x00000000   Number         0  stubs.o ABSOLUTE
    _printf_flags                            0x00000000   Number         0  stubs.o ABSOLUTE
    _printf_fp_dec                           0x00000000   Number         0  stubs.o ABSOLUTE
    _printf_fp_hex                           0x00000000   Number         0  stubs.o ABSOLUTE
    _printf_g                                0x00000000   Number         0  stubs.o ABSOLUTE
    _printf_i                                0x00000000   Number         0  stubs.o ABSOLUTE
    _printf_int_dec                          0x00000000   Number         0  stubs.o ABSOLUTE
    _printf_l                                0x00000000   Number         0  stubs.o ABSOLUTE
    _printf_lc                               0x00000000   Number         0  stubs.o ABSOLUTE
    _printf_ll                               0x00000000   Number         0  stubs.o ABSOLUTE
    _printf_lld                              0x00000000   Number         0  stubs.o ABSOLUTE
    _printf_lli                              0x00000000   Number         0  stubs.o ABSOLUTE
    _printf_llo                              0x00000000   Number         0  stubs.o ABSOLUTE
    _printf_llu                              0x00000000   Number         0  stubs.o ABSOLUTE
    _printf_llx                              0x00000000   Number         0  stubs.o ABSOLUTE
    _printf_longlong_dec                     0x00000000   Number         0  stubs.o ABSOLUTE
    _printf_longlong_hex                     0x00000000   Number         0  stubs.o ABSOLUTE
    _printf_longlong_oct                     0x00000000   Number         0  stubs.o ABSOLUTE
    _printf_ls                               0x00000000   Number         0  stubs.o ABSOLUTE
    _printf_mbtowc                           0x00000000   Number         0  stubs.o ABSOLUTE
    _printf_n                                0x00000000   Number         0  stubs.o ABSOLUTE
    _printf_o                                0x00000000   Number         0  stubs.o ABSOLUTE
    _printf_p                                0x00000000   Number         0  stubs.o ABSOLUTE
    _printf_percent                          0x00000000   Number         0  stubs.o ABSOLUTE
    _printf_pre_padding                      0x00000000   Number         0  stubs.o ABSOLUTE
    _printf_return_value                     0x00000000   Number         0  stubs.o ABSOLUTE
    _printf_s                                0x00000000   Number         0  stubs.o ABSOLUTE
    _printf_sizespec                         0x00000000   Number         0  stubs.o ABSOLUTE
    _printf_str                              0x00000000   Number         0  stubs.o ABSOLUTE
    _printf_truncate_signed                  0x00000000   Number         0  stubs.o ABSOLUTE
    _printf_truncate_unsigned                0x00000000   Number         0  stubs.o ABSOLUTE
    _printf_u                                0x00000000   Number         0  stubs.o ABSOLUTE
    _printf_wc                               0x00000000   Number         0  stubs.o ABSOLUTE
    _printf_wctomb                           0x00000000   Number         0  stubs.o ABSOLUTE
    _printf_widthprec                        0x00000000   Number         0  stubs.o ABSOLUTE
    _printf_x                                0x00000000   Number         0  stubs.o ABSOLUTE
    __cpp_initialize__aeabi_                  - Undefined Weak Reference
    __cxa_finalize                            - Undefined Weak Reference
    _clock_init                               - Undefined Weak Reference
    _microlib_exit                            - Undefined Weak Reference
    __Vectors_Size                           0x00000130   Number         0  startup_stm32f10x_hd.o ABSOLUTE
    __Vectors                                0x08000000   Data           4  startup_stm32f10x_hd.o(RESET)
    __Vectors_End                            0x08000130   Data           0  startup_stm32f10x_hd.o(RESET)
    __main                                   0x08000131   Thumb Code     0  entry.o(.ARM.Collect$$$$00000000)
    _main_stk                                0x08000131   Thumb Code     0  entry2.o(.ARM.Collect$$$$00000001)
    _main_scatterload                        0x08000135   Thumb Code     0  entry5.o(.ARM.Collect$$$$00000004)
    __main_after_scatterload                 0x08000139   Thumb Code     0  entry5.o(.ARM.Collect$$$$00000004)
    _main_clock                              0x08000139   Thumb Code     0  entry7b.o(.ARM.Collect$$$$00000008)
    _main_cpp_init                           0x08000139   Thumb Code     0  entry8b.o(.ARM.Collect$$$$0000000A)
    _main_init                               0x08000139   Thumb Code     0  entry9a.o(.ARM.Collect$$$$0000000B)
    __rt_final_cpp                           0x08000141   Thumb Code     0  entry10a.o(.ARM.Collect$$$$0000000D)
    __rt_final_exit                          0x08000141   Thumb Code     0  entry11a.o(.ARM.Collect$$$$0000000F)
    SVC_Handler                              0x08000145   Thumb Code    32  port.o(.emb_text)
    __asm___6_port_c_39a90d8d__prvStartFirstTask 0x08000169   Thumb Code    28  port.o(.emb_text)
    PendSV_Handler                           0x08000189   Thumb Code    64  port.o(.emb_text)
    ulPortSetInterruptMask                   0x080001cd   Thumb Code    14  port.o(.emb_text)
    vPortClearInterruptMask                  0x080001db   Thumb Code     6  port.o(.emb_text)
    vPortGetIPSR                             0x080001e1   Thumb Code     6  port.o(.emb_text)
    SystemInit                               0x080002c7   Thumb Code    78  system_stm32f10x.o(.text)
    SystemCoreClockUpdate                    0x08000315   Thumb Code   142  system_stm32f10x.o(.text)
    NVIC_PriorityGroupConfig                 0x080003c9   Thumb Code    10  misc.o(.text)
    NVIC_Init                                0x080003d3   Thumb Code   100  misc.o(.text)
    NVIC_SetVectorTable                      0x08000437   Thumb Code    14  misc.o(.text)
    NVIC_SystemLPConfig                      0x08000445   Thumb Code    34  misc.o(.text)
    SysTick_CLKSourceConfig                  0x08000467   Thumb Code    40  misc.o(.text)
    DMA_DeInit                               0x080004a5   Thumb Code   324  stm32f10x_dma.o(.text)
    DMA_Init                                 0x080005e9   Thumb Code    60  stm32f10x_dma.o(.text)
    DMA_StructInit                           0x08000625   Thumb Code    26  stm32f10x_dma.o(.text)
    DMA_Cmd                                  0x0800063f   Thumb Code    24  stm32f10x_dma.o(.text)
    DMA_ITConfig                             0x08000657   Thumb Code    18  stm32f10x_dma.o(.text)
    DMA_SetCurrDataCounter                   0x08000669   Thumb Code     4  stm32f10x_dma.o(.text)
    DMA_GetCurrDataCounter                   0x0800066d   Thumb Code     8  stm32f10x_dma.o(.text)
    DMA_GetFlagStatus                        0x08000675   Thumb Code    40  stm32f10x_dma.o(.text)
    DMA_ClearFlag                            0x0800069d   Thumb Code    22  stm32f10x_dma.o(.text)
    DMA_GetITStatus                          0x080006b3   Thumb Code    40  stm32f10x_dma.o(.text)
    DMA_ClearITPendingBit                    0x080006db   Thumb Code    22  stm32f10x_dma.o(.text)
    GPIO_DeInit                              0x080006f9   Thumb Code   172  stm32f10x_gpio.o(.text)
    GPIO_AFIODeInit                          0x080007a5   Thumb Code    20  stm32f10x_gpio.o(.text)
    GPIO_Init                                0x080007b9   Thumb Code   278  stm32f10x_gpio.o(.text)
    GPIO_StructInit                          0x080008cf   Thumb Code    16  stm32f10x_gpio.o(.text)
    GPIO_ReadInputDataBit                    0x080008df   Thumb Code    18  stm32f10x_gpio.o(.text)
    GPIO_ReadInputData                       0x080008f1   Thumb Code     8  stm32f10x_gpio.o(.text)
    GPIO_ReadOutputDataBit                   0x080008f9   Thumb Code    18  stm32f10x_gpio.o(.text)
    GPIO_ReadOutputData                      0x0800090b   Thumb Code     8  stm32f10x_gpio.o(.text)
    GPIO_SetBits                             0x08000913   Thumb Code     4  stm32f10x_gpio.o(.text)
    GPIO_ResetBits                           0x08000917   Thumb Code     4  stm32f10x_gpio.o(.text)
    GPIO_WriteBit                            0x0800091b   Thumb Code    10  stm32f10x_gpio.o(.text)
    GPIO_Write                               0x08000925   Thumb Code     4  stm32f10x_gpio.o(.text)
    GPIO_PinLockConfig                       0x08000929   Thumb Code    18  stm32f10x_gpio.o(.text)
    GPIO_EventOutputConfig                   0x0800093b   Thumb Code    26  stm32f10x_gpio.o(.text)
    GPIO_EventOutputCmd                      0x08000955   Thumb Code     6  stm32f10x_gpio.o(.text)
    GPIO_PinRemapConfig                      0x0800095b   Thumb Code   138  stm32f10x_gpio.o(.text)
    GPIO_EXTILineConfig                      0x080009e5   Thumb Code    66  stm32f10x_gpio.o(.text)
    GPIO_ETH_MediaInterfaceConfig            0x08000a27   Thumb Code     8  stm32f10x_gpio.o(.text)
    RCC_DeInit                               0x08000a55   Thumb Code    64  stm32f10x_rcc.o(.text)
    RCC_HSEConfig                            0x08000a95   Thumb Code    70  stm32f10x_rcc.o(.text)
    RCC_GetFlagStatus                        0x08000adb   Thumb Code    56  stm32f10x_rcc.o(.text)
    RCC_WaitForHSEStartUp                    0x08000b13   Thumb Code    56  stm32f10x_rcc.o(.text)
    RCC_AdjustHSICalibrationValue            0x08000b4b   Thumb Code    20  stm32f10x_rcc.o(.text)
    RCC_HSICmd                               0x08000b5f   Thumb Code     6  stm32f10x_rcc.o(.text)
    RCC_PLLConfig                            0x08000b65   Thumb Code    24  stm32f10x_rcc.o(.text)
    RCC_PLLCmd                               0x08000b7d   Thumb Code     6  stm32f10x_rcc.o(.text)
    RCC_SYSCLKConfig                         0x08000b83   Thumb Code    18  stm32f10x_rcc.o(.text)
    RCC_GetSYSCLKSource                      0x08000b95   Thumb Code    10  stm32f10x_rcc.o(.text)
    RCC_HCLKConfig                           0x08000b9f   Thumb Code    18  stm32f10x_rcc.o(.text)
    RCC_PCLK1Config                          0x08000bb1   Thumb Code    18  stm32f10x_rcc.o(.text)
    RCC_PCLK2Config                          0x08000bc3   Thumb Code    20  stm32f10x_rcc.o(.text)
    RCC_ITConfig                             0x08000bd7   Thumb Code    26  stm32f10x_rcc.o(.text)
    RCC_USBCLKConfig                         0x08000bf1   Thumb Code     8  stm32f10x_rcc.o(.text)
    RCC_ADCCLKConfig                         0x08000bf9   Thumb Code    18  stm32f10x_rcc.o(.text)
    RCC_LSEConfig                            0x08000c0b   Thumb Code    50  stm32f10x_rcc.o(.text)
    RCC_LSICmd                               0x08000c3d   Thumb Code     6  stm32f10x_rcc.o(.text)
    RCC_RTCCLKConfig                         0x08000c43   Thumb Code    12  stm32f10x_rcc.o(.text)
    RCC_RTCCLKCmd                            0x08000c4f   Thumb Code     8  stm32f10x_rcc.o(.text)
    RCC_GetClocksFreq                        0x08000c57   Thumb Code   192  stm32f10x_rcc.o(.text)
    RCC_AHBPeriphClockCmd                    0x08000d17   Thumb Code    26  stm32f10x_rcc.o(.text)
    RCC_APB2PeriphClockCmd                   0x08000d31   Thumb Code    26  stm32f10x_rcc.o(.text)
    RCC_APB1PeriphClockCmd                   0x08000d4b   Thumb Code    26  stm32f10x_rcc.o(.text)
    RCC_APB2PeriphResetCmd                   0x08000d65   Thumb Code    26  stm32f10x_rcc.o(.text)
    RCC_APB1PeriphResetCmd                   0x08000d7f   Thumb Code    26  stm32f10x_rcc.o(.text)
    RCC_BackupResetCmd                       0x08000d99   Thumb Code     8  stm32f10x_rcc.o(.text)
    RCC_ClockSecuritySystemCmd               0x08000da1   Thumb Code     6  stm32f10x_rcc.o(.text)
    RCC_MCOConfig                            0x08000da7   Thumb Code     6  stm32f10x_rcc.o(.text)
    RCC_ClearFlag                            0x08000dad   Thumb Code    14  stm32f10x_rcc.o(.text)
    RCC_GetITStatus                          0x08000dbb   Thumb Code    20  stm32f10x_rcc.o(.text)
    RCC_ClearITPendingBit                    0x08000dcf   Thumb Code     6  stm32f10x_rcc.o(.text)
    SDIO_DeInit                              0x08000df9   Thumb Code    28  stm32f10x_sdio.o(.text)
    SDIO_Init                                0x08000e15   Thumb Code    42  stm32f10x_sdio.o(.text)
    SDIO_StructInit                          0x08000e3f   Thumb Code    16  stm32f10x_sdio.o(.text)
    SDIO_ClockCmd                            0x08000e4f   Thumb Code     6  stm32f10x_sdio.o(.text)
    SDIO_SetPowerState                       0x08000e55   Thumb Code    22  stm32f10x_sdio.o(.text)
    SDIO_GetPowerState                       0x08000e6b   Thumb Code    10  stm32f10x_sdio.o(.text)
    SDIO_ITConfig                            0x08000e75   Thumb Code    26  stm32f10x_sdio.o(.text)
    SDIO_DMACmd                              0x08000e8f   Thumb Code     6  stm32f10x_sdio.o(.text)
    SDIO_SendCommand                         0x08000e95   Thumb Code    38  stm32f10x_sdio.o(.text)
    SDIO_CmdStructInit                       0x08000ebb   Thumb Code    14  stm32f10x_sdio.o(.text)
    SDIO_GetCommandResponse                  0x08000ec9   Thumb Code     8  stm32f10x_sdio.o(.text)
    SDIO_GetResponse                         0x08000ed1   Thumb Code    22  stm32f10x_sdio.o(.text)
    SDIO_DataConfig                          0x08000ee7   Thumb Code    42  stm32f10x_sdio.o(.text)
    SDIO_DataStructInit                      0x08000f11   Thumb Code    20  stm32f10x_sdio.o(.text)
    SDIO_GetDataCounter                      0x08000f25   Thumb Code     6  stm32f10x_sdio.o(.text)
    SDIO_ReadData                            0x08000f2b   Thumb Code     8  stm32f10x_sdio.o(.text)
    SDIO_WriteData                           0x08000f33   Thumb Code     8  stm32f10x_sdio.o(.text)
    SDIO_GetFIFOCount                        0x08000f3b   Thumb Code     6  stm32f10x_sdio.o(.text)
    SDIO_StartSDIOReadWait                   0x08000f41   Thumb Code     8  stm32f10x_sdio.o(.text)
    SDIO_StopSDIOReadWait                    0x08000f49   Thumb Code     8  stm32f10x_sdio.o(.text)
    SDIO_SetSDIOReadWaitMode                 0x08000f51   Thumb Code     8  stm32f10x_sdio.o(.text)
    SDIO_SetSDIOOperation                    0x08000f59   Thumb Code     8  stm32f10x_sdio.o(.text)
    SDIO_SendSDIOSuspendCmd                  0x08000f61   Thumb Code     6  stm32f10x_sdio.o(.text)
    SDIO_CommandCompletionCmd                0x08000f67   Thumb Code     8  stm32f10x_sdio.o(.text)
    SDIO_CEATAITCmd                          0x08000f6f   Thumb Code    12  stm32f10x_sdio.o(.text)
    SDIO_SendCEATACmd                        0x08000f7b   Thumb Code     8  stm32f10x_sdio.o(.text)
    SDIO_GetFlagStatus                       0x08000f83   Thumb Code    20  stm32f10x_sdio.o(.text)
    SDIO_ClearFlag                           0x08000f97   Thumb Code     6  stm32f10x_sdio.o(.text)
    SDIO_GetITStatus                         0x08000f9d   Thumb Code    20  stm32f10x_sdio.o(.text)
    SDIO_ClearITPendingBit                   0x08000fb1   Thumb Code     6  stm32f10x_sdio.o(.text)
    TIM_DeInit                               0x08000fcd   Thumb Code   424  stm32f10x_tim.o(.text)
    TIM_TimeBaseInit                         0x08001175   Thumb Code   122  stm32f10x_tim.o(.text)
    TIM_OC1Init                              0x080011ef   Thumb Code   132  stm32f10x_tim.o(.text)
    TIM_OC2Init                              0x08001273   Thumb Code   154  stm32f10x_tim.o(.text)
    TIM_OC3Init                              0x0800130d   Thumb Code   150  stm32f10x_tim.o(.text)
    TIM_OC4Init                              0x080013a3   Thumb Code   182  stm32f10x_tim.o(.text)
    TIM_SetIC4Prescaler                      0x08001459   Thumb Code    26  stm32f10x_tim.o(.text)
    TIM_SetIC3Prescaler                      0x080014f5   Thumb Code    18  stm32f10x_tim.o(.text)
    TIM_SetIC2Prescaler                      0x08001581   Thumb Code    26  stm32f10x_tim.o(.text)
    TIM_SetIC1Prescaler                      0x0800161d   Thumb Code    18  stm32f10x_tim.o(.text)
    TIM_ICInit                               0x0800169b   Thumb Code   150  stm32f10x_tim.o(.text)
    TIM_PWMIConfig                           0x08001731   Thumb Code   124  stm32f10x_tim.o(.text)
    TIM_BDTRConfig                           0x080017ad   Thumb Code    32  stm32f10x_tim.o(.text)
    TIM_TimeBaseStructInit                   0x080017cd   Thumb Code    18  stm32f10x_tim.o(.text)
    TIM_OCStructInit                         0x080017df   Thumb Code    20  stm32f10x_tim.o(.text)
    TIM_ICStructInit                         0x080017f3   Thumb Code    18  stm32f10x_tim.o(.text)
    TIM_BDTRStructInit                       0x08001805   Thumb Code    40  stm32f10x_tim.o(.text)
    TIM_Cmd                                  0x0800182d   Thumb Code    24  stm32f10x_tim.o(.text)
    TIM_CtrlPWMOutputs                       0x08001845   Thumb Code    30  stm32f10x_tim.o(.text)
    TIM_ITConfig                             0x08001863   Thumb Code    18  stm32f10x_tim.o(.text)
    TIM_GenerateEvent                        0x08001875   Thumb Code     4  stm32f10x_tim.o(.text)
    TIM_DMAConfig                            0x08001879   Thumb Code    10  stm32f10x_tim.o(.text)
    TIM_DMACmd                               0x08001883   Thumb Code    18  stm32f10x_tim.o(.text)
    TIM_InternalClockConfig                  0x08001895   Thumb Code    12  stm32f10x_tim.o(.text)
    TIM_SelectInputTrigger                   0x080018a1   Thumb Code    18  stm32f10x_tim.o(.text)
    TIM_ITRxExternalClockConfig              0x080018b3   Thumb Code    24  stm32f10x_tim.o(.text)
    TIM_TIxExternalClockConfig               0x080018cb   Thumb Code    62  stm32f10x_tim.o(.text)
    TIM_ETRConfig                            0x08001909   Thumb Code    28  stm32f10x_tim.o(.text)
    TIM_ETRClockMode1Config                  0x08001925   Thumb Code    54  stm32f10x_tim.o(.text)
    TIM_ETRClockMode2Config                  0x0800195b   Thumb Code    32  stm32f10x_tim.o(.text)
    TIM_PrescalerConfig                      0x0800197b   Thumb Code     6  stm32f10x_tim.o(.text)
    TIM_CounterModeConfig                    0x08001981   Thumb Code    18  stm32f10x_tim.o(.text)
    TIM_EncoderInterfaceConfig               0x08001993   Thumb Code    66  stm32f10x_tim.o(.text)
    TIM_ForcedOC1Config                      0x080019d5   Thumb Code    18  stm32f10x_tim.o(.text)
    TIM_ForcedOC2Config                      0x080019e7   Thumb Code    26  stm32f10x_tim.o(.text)
    TIM_ForcedOC3Config                      0x08001a01   Thumb Code    18  stm32f10x_tim.o(.text)
    TIM_ForcedOC4Config                      0x08001a13   Thumb Code    26  stm32f10x_tim.o(.text)
    TIM_ARRPreloadConfig                     0x08001a2d   Thumb Code    24  stm32f10x_tim.o(.text)
    TIM_SelectCOM                            0x08001a45   Thumb Code    24  stm32f10x_tim.o(.text)
    TIM_SelectCCDMA                          0x08001a5d   Thumb Code    24  stm32f10x_tim.o(.text)
    TIM_CCPreloadControl                     0x08001a75   Thumb Code    24  stm32f10x_tim.o(.text)
    TIM_OC1PreloadConfig                     0x08001a8d   Thumb Code    18  stm32f10x_tim.o(.text)
    TIM_OC2PreloadConfig                     0x08001a9f   Thumb Code    26  stm32f10x_tim.o(.text)
    TIM_OC3PreloadConfig                     0x08001ab9   Thumb Code    18  stm32f10x_tim.o(.text)
    TIM_OC4PreloadConfig                     0x08001acb   Thumb Code    26  stm32f10x_tim.o(.text)
    TIM_OC1FastConfig                        0x08001ae5   Thumb Code    18  stm32f10x_tim.o(.text)
    TIM_OC2FastConfig                        0x08001af7   Thumb Code    26  stm32f10x_tim.o(.text)
    TIM_OC3FastConfig                        0x08001b11   Thumb Code    18  stm32f10x_tim.o(.text)
    TIM_OC4FastConfig                        0x08001b23   Thumb Code    26  stm32f10x_tim.o(.text)
    TIM_ClearOC1Ref                          0x08001b3d   Thumb Code    18  stm32f10x_tim.o(.text)
    TIM_ClearOC2Ref                          0x08001b4f   Thumb Code    24  stm32f10x_tim.o(.text)
    TIM_ClearOC3Ref                          0x08001b67   Thumb Code    18  stm32f10x_tim.o(.text)
    TIM_ClearOC4Ref                          0x08001b79   Thumb Code    24  stm32f10x_tim.o(.text)
    TIM_OC1PolarityConfig                    0x08001b91   Thumb Code    18  stm32f10x_tim.o(.text)
    TIM_OC1NPolarityConfig                   0x08001ba3   Thumb Code    18  stm32f10x_tim.o(.text)
    TIM_OC2PolarityConfig                    0x08001bb5   Thumb Code    26  stm32f10x_tim.o(.text)
    TIM_OC2NPolarityConfig                   0x08001bcf   Thumb Code    26  stm32f10x_tim.o(.text)
    TIM_OC3PolarityConfig                    0x08001be9   Thumb Code    26  stm32f10x_tim.o(.text)
    TIM_OC3NPolarityConfig                   0x08001c03   Thumb Code    26  stm32f10x_tim.o(.text)
    TIM_OC4PolarityConfig                    0x08001c1d   Thumb Code    26  stm32f10x_tim.o(.text)
    TIM_CCxCmd                               0x08001c37   Thumb Code    30  stm32f10x_tim.o(.text)
    TIM_CCxNCmd                              0x08001c55   Thumb Code    30  stm32f10x_tim.o(.text)
    TIM_SelectOCxM                           0x08001c73   Thumb Code    82  stm32f10x_tim.o(.text)
    TIM_UpdateDisableConfig                  0x08001cc5   Thumb Code    24  stm32f10x_tim.o(.text)
    TIM_UpdateRequestConfig                  0x08001cdd   Thumb Code    24  stm32f10x_tim.o(.text)
    TIM_SelectHallSensor                     0x08001cf5   Thumb Code    24  stm32f10x_tim.o(.text)
    TIM_SelectOnePulseMode                   0x08001d0d   Thumb Code    18  stm32f10x_tim.o(.text)
    TIM_SelectOutputTrigger                  0x08001d1f   Thumb Code    18  stm32f10x_tim.o(.text)
    TIM_SelectSlaveMode                      0x08001d31   Thumb Code    18  stm32f10x_tim.o(.text)
    TIM_SelectMasterSlaveMode                0x08001d43   Thumb Code    18  stm32f10x_tim.o(.text)
    TIM_SetCounter                           0x08001d55   Thumb Code     4  stm32f10x_tim.o(.text)
    TIM_SetAutoreload                        0x08001d59   Thumb Code     4  stm32f10x_tim.o(.text)
    TIM_SetCompare1                          0x08001d5d   Thumb Code     4  stm32f10x_tim.o(.text)
    TIM_SetCompare2                          0x08001d61   Thumb Code     4  stm32f10x_tim.o(.text)
    TIM_SetCompare3                          0x08001d65   Thumb Code     4  stm32f10x_tim.o(.text)
    TIM_SetCompare4                          0x08001d69   Thumb Code     6  stm32f10x_tim.o(.text)
    TIM_SetClockDivision                     0x08001d6f   Thumb Code    18  stm32f10x_tim.o(.text)
    TIM_GetCapture1                          0x08001d81   Thumb Code     6  stm32f10x_tim.o(.text)
    TIM_GetCapture2                          0x08001d87   Thumb Code     6  stm32f10x_tim.o(.text)
    TIM_GetCapture3                          0x08001d8d   Thumb Code     6  stm32f10x_tim.o(.text)
    TIM_GetCapture4                          0x08001d93   Thumb Code     8  stm32f10x_tim.o(.text)
    TIM_GetCounter                           0x08001d9b   Thumb Code     6  stm32f10x_tim.o(.text)
    TIM_GetPrescaler                         0x08001da1   Thumb Code     6  stm32f10x_tim.o(.text)
    TIM_GetFlagStatus                        0x08001da7   Thumb Code    18  stm32f10x_tim.o(.text)
    TIM_ClearFlag                            0x08001db9   Thumb Code     6  stm32f10x_tim.o(.text)
    TIM_GetITStatus                          0x08001dbf   Thumb Code    34  stm32f10x_tim.o(.text)
    TIM_ClearITPendingBit                    0x08001de1   Thumb Code     6  stm32f10x_tim.o(.text)
    USART_DeInit                             0x08001de9   Thumb Code   134  stm32f10x_usart.o(.text)
    USART_Init                               0x08001e6f   Thumb Code   210  stm32f10x_usart.o(.text)
    USART_StructInit                         0x08001f41   Thumb Code    24  stm32f10x_usart.o(.text)
    USART_ClockInit                          0x08001f59   Thumb Code    34  stm32f10x_usart.o(.text)
    USART_ClockStructInit                    0x08001f7b   Thumb Code    12  stm32f10x_usart.o(.text)
    USART_Cmd                                0x08001f87   Thumb Code    24  stm32f10x_usart.o(.text)
    USART_ITConfig                           0x08001f9f   Thumb Code    74  stm32f10x_usart.o(.text)
    USART_DMACmd                             0x08001fe9   Thumb Code    18  stm32f10x_usart.o(.text)
    USART_SetAddress                         0x08001ffb   Thumb Code    18  stm32f10x_usart.o(.text)
    USART_WakeUpConfig                       0x0800200d   Thumb Code    18  stm32f10x_usart.o(.text)
    USART_ReceiverWakeUpCmd                  0x0800201f   Thumb Code    24  stm32f10x_usart.o(.text)
    USART_LINBreakDetectLengthConfig         0x08002037   Thumb Code    18  stm32f10x_usart.o(.text)
    USART_LINCmd                             0x08002049   Thumb Code    24  stm32f10x_usart.o(.text)
    USART_SendData                           0x08002061   Thumb Code     8  stm32f10x_usart.o(.text)
    USART_ReceiveData                        0x08002069   Thumb Code    10  stm32f10x_usart.o(.text)
    USART_SendBreak                          0x08002073   Thumb Code    10  stm32f10x_usart.o(.text)
    USART_SetGuardTime                       0x0800207d   Thumb Code    16  stm32f10x_usart.o(.text)
    USART_SetPrescaler                       0x0800208d   Thumb Code    16  stm32f10x_usart.o(.text)
    USART_SmartCardCmd                       0x0800209d   Thumb Code    24  stm32f10x_usart.o(.text)
    USART_SmartCardNACKCmd                   0x080020b5   Thumb Code    24  stm32f10x_usart.o(.text)
    USART_HalfDuplexCmd                      0x080020cd   Thumb Code    24  stm32f10x_usart.o(.text)
    USART_OverSampling8Cmd                   0x080020e5   Thumb Code    22  stm32f10x_usart.o(.text)
    USART_OneBitMethodCmd                    0x080020fb   Thumb Code    24  stm32f10x_usart.o(.text)
    USART_IrDAConfig                         0x08002113   Thumb Code    18  stm32f10x_usart.o(.text)
    USART_IrDACmd                            0x08002125   Thumb Code    24  stm32f10x_usart.o(.text)
    USART_GetFlagStatus                      0x0800213d   Thumb Code    26  stm32f10x_usart.o(.text)
    USART_ClearFlag                          0x08002157   Thumb Code    18  stm32f10x_usart.o(.text)
    USART_GetITStatus                        0x08002169   Thumb Code    84  stm32f10x_usart.o(.text)
    USART_ClearITPendingBit                  0x080021bd   Thumb Code    52  stm32f10x_usart.o(.text)
    Reset_Handler                            0x080021f1   Thumb Code     8  startup_stm32f10x_hd.o(.text)
    ADC1_2_IRQHandler                        0x0800220b   Thumb Code     0  startup_stm32f10x_hd.o(.text)
    ADC3_IRQHandler                          0x0800220b   Thumb Code     0  startup_stm32f10x_hd.o(.text)
    CAN1_RX1_IRQHandler                      0x0800220b   Thumb Code     0  startup_stm32f10x_hd.o(.text)
    CAN1_SCE_IRQHandler                      0x0800220b   Thumb Code     0  startup_stm32f10x_hd.o(.text)
    DMA1_Channel1_IRQHandler                 0x0800220b   Thumb Code     0  startup_stm32f10x_hd.o(.text)
    DMA1_Channel2_IRQHandler                 0x0800220b   Thumb Code     0  startup_stm32f10x_hd.o(.text)
    DMA1_Channel3_IRQHandler                 0x0800220b   Thumb Code     0  startup_stm32f10x_hd.o(.text)
    DMA1_Channel5_IRQHandler                 0x0800220b   Thumb Code     0  startup_stm32f10x_hd.o(.text)
    DMA1_Channel6_IRQHandler                 0x0800220b   Thumb Code     0  startup_stm32f10x_hd.o(.text)
    DMA1_Channel7_IRQHandler                 0x0800220b   Thumb Code     0  startup_stm32f10x_hd.o(.text)
    DMA2_Channel1_IRQHandler                 0x0800220b   Thumb Code     0  startup_stm32f10x_hd.o(.text)
    DMA2_Channel2_IRQHandler                 0x0800220b   Thumb Code     0  startup_stm32f10x_hd.o(.text)
    DMA2_Channel3_IRQHandler                 0x0800220b   Thumb Code     0  startup_stm32f10x_hd.o(.text)
    EXTI0_IRQHandler                         0x0800220b   Thumb Code     0  startup_stm32f10x_hd.o(.text)
    EXTI15_10_IRQHandler                     0x0800220b   Thumb Code     0  startup_stm32f10x_hd.o(.text)
    EXTI1_IRQHandler                         0x0800220b   Thumb Code     0  startup_stm32f10x_hd.o(.text)
    EXTI2_IRQHandler                         0x0800220b   Thumb Code     0  startup_stm32f10x_hd.o(.text)
    EXTI3_IRQHandler                         0x0800220b   Thumb Code     0  startup_stm32f10x_hd.o(.text)
    EXTI4_IRQHandler                         0x0800220b   Thumb Code     0  startup_stm32f10x_hd.o(.text)
    EXTI9_5_IRQHandler                       0x0800220b   Thumb Code     0  startup_stm32f10x_hd.o(.text)
    FLASH_IRQHandler                         0x0800220b   Thumb Code     0  startup_stm32f10x_hd.o(.text)
    FSMC_IRQHandler                          0x0800220b   Thumb Code     0  startup_stm32f10x_hd.o(.text)
    I2C1_ER_IRQHandler                       0x0800220b   Thumb Code     0  startup_stm32f10x_hd.o(.text)
    I2C1_EV_IRQHandler                       0x0800220b   Thumb Code     0  startup_stm32f10x_hd.o(.text)
    I2C2_ER_IRQHandler                       0x0800220b   Thumb Code     0  startup_stm32f10x_hd.o(.text)
    I2C2_EV_IRQHandler                       0x0800220b   Thumb Code     0  startup_stm32f10x_hd.o(.text)
    PVD_IRQHandler                           0x0800220b   Thumb Code     0  startup_stm32f10x_hd.o(.text)
    RCC_IRQHandler                           0x0800220b   Thumb Code     0  startup_stm32f10x_hd.o(.text)
    RTCAlarm_IRQHandler                      0x0800220b   Thumb Code     0  startup_stm32f10x_hd.o(.text)
    RTC_IRQHandler                           0x0800220b   Thumb Code     0  startup_stm32f10x_hd.o(.text)
    SPI1_IRQHandler                          0x0800220b   Thumb Code     0  startup_stm32f10x_hd.o(.text)
    SPI2_IRQHandler                          0x0800220b   Thumb Code     0  startup_stm32f10x_hd.o(.text)
    SPI3_IRQHandler                          0x0800220b   Thumb Code     0  startup_stm32f10x_hd.o(.text)
    TAMPER_IRQHandler                        0x0800220b   Thumb Code     0  startup_stm32f10x_hd.o(.text)
    TIM1_BRK_IRQHandler                      0x0800220b   Thumb Code     0  startup_stm32f10x_hd.o(.text)
    TIM1_CC_IRQHandler                       0x0800220b   Thumb Code     0  startup_stm32f10x_hd.o(.text)
    TIM1_TRG_COM_IRQHandler                  0x0800220b   Thumb Code     0  startup_stm32f10x_hd.o(.text)
    TIM1_UP_IRQHandler                       0x0800220b   Thumb Code     0  startup_stm32f10x_hd.o(.text)
    TIM2_IRQHandler                          0x0800220b   Thumb Code     0  startup_stm32f10x_hd.o(.text)
    TIM3_IRQHandler                          0x0800220b   Thumb Code     0  startup_stm32f10x_hd.o(.text)
    TIM4_IRQHandler                          0x0800220b   Thumb Code     0  startup_stm32f10x_hd.o(.text)
    TIM5_IRQHandler                          0x0800220b   Thumb Code     0  startup_stm32f10x_hd.o(.text)
    TIM7_IRQHandler                          0x0800220b   Thumb Code     0  startup_stm32f10x_hd.o(.text)
    TIM8_BRK_IRQHandler                      0x0800220b   Thumb Code     0  startup_stm32f10x_hd.o(.text)
    TIM8_CC_IRQHandler                       0x0800220b   Thumb Code     0  startup_stm32f10x_hd.o(.text)
    TIM8_TRG_COM_IRQHandler                  0x0800220b   Thumb Code     0  startup_stm32f10x_hd.o(.text)
    TIM8_UP_IRQHandler                       0x0800220b   Thumb Code     0  startup_stm32f10x_hd.o(.text)
    UART4_IRQHandler                         0x0800220b   Thumb Code     0  startup_stm32f10x_hd.o(.text)
    UART5_IRQHandler                         0x0800220b   Thumb Code     0  startup_stm32f10x_hd.o(.text)
    USART2_IRQHandler                        0x0800220b   Thumb Code     0  startup_stm32f10x_hd.o(.text)
    USART3_IRQHandler                        0x0800220b   Thumb Code     0  startup_stm32f10x_hd.o(.text)
    USBWakeUp_IRQHandler                     0x0800220b   Thumb Code     0  startup_stm32f10x_hd.o(.text)
    USB_HP_CAN1_TX_IRQHandler                0x0800220b   Thumb Code     0  startup_stm32f10x_hd.o(.text)
    USB_LP_CAN1_RX0_IRQHandler               0x0800220b   Thumb Code     0  startup_stm32f10x_hd.o(.text)
    WWDG_IRQHandler                          0x0800220b   Thumb Code     0  startup_stm32f10x_hd.o(.text)
    NMI_Handler                              0x08002215   Thumb Code     2  stm32f10x_it.o(.text)
    HardFault_Handler                        0x08002217   Thumb Code     4  stm32f10x_it.o(.text)
    MemManage_Handler                        0x0800221b   Thumb Code     4  stm32f10x_it.o(.text)
    BusFault_Handler                         0x0800221f   Thumb Code     4  stm32f10x_it.o(.text)
    UsageFault_Handler                       0x08002223   Thumb Code     4  stm32f10x_it.o(.text)
    DebugMon_Handler                         0x08002227   Thumb Code     2  stm32f10x_it.o(.text)
    main                                     0x080022e9   Thumb Code    32  main.o(.text)
    vSetupSysInfoTest                        0x08002395   Thumb Code    18  sysinfotest.o(.text)
    TIM6_IRQHandler                          0x080023a7   Thumb Code    32  sysinfotest.o(.text)
    ParametersInit                           0x080023d1   Thumb Code     8  gather.o(.text)
    bsp_DWT_init                             0x080023d9   Thumb Code    30  bsp_dwt_delay.o(.text)
    DwtDelay_uS                              0x080023f7   Thumb Code    74  bsp_dwt_delay.o(.text)
    bsp_Init                                 0x08002455   Thumb Code    38  bsp.o(.text)
    bsp_GetRCCofGPIO                         0x08002481   Thumb Code    74  bsp_tim_pwm.o(.text)
    bsp_GetRCCofTIM                          0x080024cb   Thumb Code   150  bsp_tim_pwm.o(.text)
    bsp_ConfigTimGpio                        0x08002561   Thumb Code    96  bsp_tim_pwm.o(.text)
    bsp_ConfigGpioOut                        0x080025c1   Thumb Code    46  bsp_tim_pwm.o(.text)
    bsp_SetTIMOutPWM                         0x080025ef   Thumb Code   426  bsp_tim_pwm.o(.text)
    bsp_SetTIMOutPWM_N                       0x08002799   Thumb Code   516  bsp_tim_pwm.o(.text)
    bsp_SetTIMforInt                         0x0800299d   Thumb Code   478  bsp_tim_pwm.o(.text)
    bsp_LED_Init                             0x08002bdb   Thumb Code    44  bsp_led.o(.text)
    bsp_Led_Flash                            0x08002c07   Thumb Code    50  bsp_led.o(.text)
    SD_LowLevel_DeInit                       0x08002c45   Thumb Code    66  bsp_sdio_sdcard.o(.text)
    SD_DeInit                                0x08002c87   Thumb Code     8  bsp_sdio_sdcard.o(.text)
    SD_EnableWideBusOperation                0x0800304b   Thumb Code   178  bsp_sdio_sdcard.o(.text)
    SD_SelectDeselect                        0x080030fd   Thumb Code    48  bsp_sdio_sdcard.o(.text)
    SD_GetCardInfo                           0x0800312d   Thumb Code   742  bsp_sdio_sdcard.o(.text)
    SD_InitializeCards                       0x0800350f   Thumb Code   294  bsp_sdio_sdcard.o(.text)
    SD_PowerON                               0x080036dd   Thumb Code   432  bsp_sdio_sdcard.o(.text)
    SD_LowLevel_Init                         0x0800388d   Thumb Code    70  bsp_sdio_sdcard.o(.text)
    SD_Init                                  0x08003913   Thumb Code   128  bsp_sdio_sdcard.o(.text)
    SD_SendStatus                            0x08003993   Thumb Code    74  bsp_sdio_sdcard.o(.text)
    SD_Detect                                0x080039dd   Thumb Code    12  bsp_sdio_sdcard.o(.text)
    SD_GetState                              0x080039e9   Thumb Code    38  bsp_sdio_sdcard.o(.text)
    SD_GetStatus                             0x08003a0f   Thumb Code    30  bsp_sdio_sdcard.o(.text)
    SD_PowerOFF                              0x08003a2d   Thumb Code    14  bsp_sdio_sdcard.o(.text)
    SD_SendSDStatus                          0x08003a3b   Thumb Code   364  bsp_sdio_sdcard.o(.text)
    SD_GetCardStatus                         0x08003ba7   Thumb Code   156  bsp_sdio_sdcard.o(.text)
    SD_LowLevel_DMA_RxConfig                 0x08003c43   Thumb Code   146  bsp_sdio_sdcard.o(.text)
    SD_ReadBlock                             0x08003cd5   Thumb Code   208  bsp_sdio_sdcard.o(.text)
    SD_ReadMultiBlocks                       0x08003da5   Thumb Code   218  bsp_sdio_sdcard.o(.text)
    SD_StopTransfer                          0x08003e7f   Thumb Code    46  bsp_sdio_sdcard.o(.text)
    SD_WaitReadOperation                     0x08003ead   Thumb Code   102  bsp_sdio_sdcard.o(.text)
    SD_LowLevel_DMA_TxConfig                 0x08003f13   Thumb Code    98  bsp_sdio_sdcard.o(.text)
    SD_WriteBlock                            0x08003f75   Thumb Code   206  bsp_sdio_sdcard.o(.text)
    SD_WriteMultiBlocks                      0x08004043   Thumb Code   358  bsp_sdio_sdcard.o(.text)
    SD_WaitWriteOperation                    0x080041a9   Thumb Code   102  bsp_sdio_sdcard.o(.text)
    SD_GetTransferState                      0x0800420f   Thumb Code    18  bsp_sdio_sdcard.o(.text)
    SD_Erase                                 0x080043ad   Thumb Code   296  bsp_sdio_sdcard.o(.text)
    SD_ProcessIRQSrc                         0x080044d5   Thumb Code   216  bsp_sdio_sdcard.o(.text)
    SD_ProcessDMAIRQ                         0x080045ad   Thumb Code    26  bsp_sdio_sdcard.o(.text)
    convert_from_bytes_to_power_of_two       0x080045c7   Thumb Code    18  bsp_sdio_sdcard.o(.text)
    SD_DMAEndOfTransferStatus                0x080045d9   Thumb Code    10  bsp_sdio_sdcard.o(.text)
    SDIO_IRQHandler                          0x080045e3   Thumb Code     8  bsp_sdio_sdcard.o(.text)
    DMA2_Channel4_5_IRQHandler               0x080045eb   Thumb Code     8  bsp_sdio_sdcard.o(.text)
    USART1_DMA_Config                        0x08004649   Thumb Code   194  bsp_usart1.o(.text)
    USART1_Config                            0x0800470b   Thumb Code   174  bsp_usart1.o(.text)
    Uart1_Start_DMA_Tx                       0x080047b9   Thumb Code    26  bsp_usart1.o(.text)
    DMA1_Channel4_IRQHandler                 0x080047d3   Thumb Code    36  bsp_usart1.o(.text)
    USART1_IRQHandler                        0x080047f7   Thumb Code   146  bsp_usart1.o(.text)
    Uart1_DMA_SendString                     0x08004889   Thumb Code    52  bsp_usart1.o(.text)
    Usart1_SendByte                          0x080048bd   Thumb Code    30  bsp_usart1.o(.text)
    Usar1_SendString                         0x080048db   Thumb Code    42  bsp_usart1.o(.text)
    Usart1_SendHalfWord                      0x08004905   Thumb Code    60  bsp_usart1.o(.text)
    fputc                                    0x08004941   Thumb Code    36  bsp_usart1.o(.text)
    fgetc                                    0x08004965   Thumb Code    30  bsp_usart1.o(.text)
    OLED_WR_Byte                             0x080049a9   Thumb Code   102  bsp_oled.o(.text)
    OLED_Set_Pos                             0x08004a0f   Thumb Code    48  bsp_oled.o(.text)
    oled_drawPoint                           0x08004a3f   Thumb Code   100  bsp_oled.o(.text)
    oled_readPoint                           0x08004aa3   Thumb Code    62  bsp_oled.o(.text)
    OLED_Display_On                          0x08004ae1   Thumb Code    28  bsp_oled.o(.text)
    OLED_Display_Off                         0x08004afd   Thumb Code    28  bsp_oled.o(.text)
    OLED_Refresh_Gram                        0x08004b19   Thumb Code    70  bsp_oled.o(.text)
    OLED_Clear                               0x08004b5f   Thumb Code    42  bsp_oled.o(.text)
    OLED_FillAll                             0x08004b89   Thumb Code    42  bsp_oled.o(.text)
    OLED_Fill                                0x08004bb3   Thumb Code    54  bsp_oled.o(.text)
    OLED_ShowChar                            0x08004be9   Thumb Code   464  bsp_oled.o(.text)
    OLED_ShowChar32                          0x08004db9   Thumb Code   368  bsp_oled.o(.text)
    mypow                                    0x08004f29   Thumb Code    22  bsp_oled.o(.text)
    OLED_ShowNum                             0x08004f3f   Thumb Code   554  bsp_oled.o(.text)
    OLED_ShowNum32                           0x08005169   Thumb Code   162  bsp_oled.o(.text)
    OLED_ShowString                          0x0800520b   Thumb Code    70  bsp_oled.o(.text)
    OLED_ShowCHinese                         0x08005251   Thumb Code   204  bsp_oled.o(.text)
    OLED_DrawBMP                             0x0800531d   Thumb Code   278  bsp_oled.o(.text)
    bsp_OLED_Init                            0x08005433   Thumb Code   454  bsp_oled.o(.text)
    SHT3X_IIC_ACK                            0x0800560d   Thumb Code    78  bsp_sht3x.o(.text)
    SHT3X_IIC_NACK                           0x0800565b   Thumb Code    78  bsp_sht3x.o(.text)
    SHT3X_IIC_wait_ACK                       0x080056a9   Thumb Code   154  bsp_sht3x.o(.text)
    SHT3X_IIC_Start                          0x08005743   Thumb Code    68  bsp_sht3x.o(.text)
    SHT3X_IIC_Stop                           0x08005787   Thumb Code    70  bsp_sht3x.o(.text)
    SHT3X_IIC_SendByte                       0x080057cd   Thumb Code   106  bsp_sht3x.o(.text)
    SHT3X_IIC_RcvByte                        0x08005837   Thumb Code    96  bsp_sht3x.o(.text)
    SHT3x_Getdata                            0x08005897   Thumb Code   390  bsp_sht3x.o(.text)
    bsp_SHT3x_Init                           0x08005a1d   Thumb Code    88  bsp_sht3x.o(.text)
    DS3231_IIC_ACK                           0x08005a81   Thumb Code    78  bsp_ds3231.o(.text)
    DS3231_IIC_NACK                          0x08005acf   Thumb Code    78  bsp_ds3231.o(.text)
    DS3231_IIC_wait_ACK                      0x08005b1d   Thumb Code   154  bsp_ds3231.o(.text)
    DS3231_IIC_Start                         0x08005bb7   Thumb Code    68  bsp_ds3231.o(.text)
    DS3231_IIC_Stop                          0x08005bfb   Thumb Code    70  bsp_ds3231.o(.text)
    DS3231_IIC_SendByte                      0x08005c41   Thumb Code   106  bsp_ds3231.o(.text)
    DS3231_IIC_RcvByte                       0x08005cab   Thumb Code    96  bsp_ds3231.o(.text)
    BCDtoHEX                                 0x08005d0b   Thumb Code    24  bsp_ds3231.o(.text)
    B_BCD                                    0x08005d23   Thumb Code    32  bsp_ds3231.o(.text)
    DS3231_IIC_Write                         0x08005d43   Thumb Code    48  bsp_ds3231.o(.text)
    DS3231_IIC_Read                          0x08005d73   Thumb Code    30  bsp_ds3231.o(.text)
    DS3231_I2C_Read_Add                      0x08005d91   Thumb Code    34  bsp_ds3231.o(.text)
    DS3231_Readtime                          0x08005db3   Thumb Code   278  bsp_ds3231.o(.text)
    autoweek                                 0x08005ec9   Thumb Code   116  bsp_ds3231.o(.text)
    DS3231_SetTime                           0x08005f3d   Thumb Code   128  bsp_ds3231.o(.text)
    bsp_DS3231_Init                          0x08005fbd   Thumb Code    96  bsp_ds3231.o(.text)
    GY30_IIC_ACK                             0x0800602d   Thumb Code    76  bsp_gy30.o(.text)
    GY30_IIC_NACK                            0x08006079   Thumb Code    74  bsp_gy30.o(.text)
    GY30_IIC_wait_ACK                        0x080060c3   Thumb Code   154  bsp_gy30.o(.text)
    GY30_IIC_Start                           0x0800615d   Thumb Code    90  bsp_gy30.o(.text)
    GY30_IIC_Stop                            0x080061b7   Thumb Code    66  bsp_gy30.o(.text)
    GY30_IIC_SendByte                        0x080061f9   Thumb Code   164  bsp_gy30.o(.text)
    GY30_IIC_RcvByte                         0x0800629d   Thumb Code    96  bsp_gy30.o(.text)
    Single_Write_BH1750                      0x080062fd   Thumb Code    26  bsp_gy30.o(.text)
    Single_Read_BH1750                       0x08006317   Thumb Code    48  bsp_gy30.o(.text)
    Multiple_Read_BH1750                     0x08006347   Thumb Code    52  bsp_gy30.o(.text)
    bsp_BH1750_Init                          0x0800637b   Thumb Code    98  bsp_gy30.o(.text)
    Updata_BH1750                            0x080063dd   Thumb Code    96  bsp_gy30.o(.text)
    pvPortMalloc                             0x080064ff   Thumb Code   254  heap_4.o(.text)
    vPortFree                                0x080065fd   Thumb Code   112  heap_4.o(.text)
    xPortGetFreeHeapSize                     0x0800666d   Thumb Code     6  heap_4.o(.text)
    xPortGetMinimumEverFreeHeapSize          0x08006673   Thumb Code     6  heap_4.o(.text)
    vPortInitialiseBlocks                    0x08006679   Thumb Code     2  heap_4.o(.text)
    pxPortInitialiseStack                    0x080066b5   Thumb Code    26  port.o(.text)
    vPortSetupTimerInterrupt                 0x080066cf   Thumb Code    14  port.o(.text)
    xPortStartScheduler                      0x080066dd   Thumb Code   140  port.o(.text)
    vPortEndScheduler                        0x08006769   Thumb Code    30  port.o(.text)
    vPortYield                               0x08006787   Thumb Code    20  port.o(.text)
    vPortEnterCritical                       0x0800679b   Thumb Code    60  port.o(.text)
    vPortExitCritical                        0x080067d7   Thumb Code    40  port.o(.text)
    SysTick_Handler                          0x080067ff   Thumb Code    30  port.o(.text)
    vPortValidateInterruptPriority           0x0800681d   Thumb Code    80  port.o(.text)
    xCoRoutineCreate                         0x080068c3   Thumb Code   126  croutine.o(.text)
    vCoRoutineAddToDelayedList               0x08006941   Thumb Code    82  croutine.o(.text)
    vCoRoutineSchedule                       0x08006aa3   Thumb Code   122  croutine.o(.text)
    xCoRoutineRemoveFromEventList            0x08006b1d   Thumb Code    48  croutine.o(.text)
    vListInitialise                          0x08006b79   Thumb Code    26  list.o(.text)
    vListInitialiseItem                      0x08006b93   Thumb Code     6  list.o(.text)
    vListInsertEnd                           0x08006b99   Thumb Code    24  list.o(.text)
    vListInsert                              0x08006bb1   Thumb Code    52  list.o(.text)
    uxListRemove                             0x08006be5   Thumb Code    40  list.o(.text)
    xQueueGenericReset                       0x08006c0d   Thumb Code   120  queue.o(.text)
    xQueueGenericCreate                      0x08006c85   Thumb Code   106  queue.o(.text)
    xQueueGenericSend                        0x08006df9   Thumb Code   296  queue.o(.text)
    xQueueGenericSendFromISR                 0x08006f21   Thumb Code   172  queue.o(.text)
    xQueueGiveFromISR                        0x08006fcd   Thumb Code   148  queue.o(.text)
    xQueueGenericReceive                     0x080070a5   Thumb Code   290  queue.o(.text)
    xQueueReceiveFromISR                     0x080071c7   Thumb Code   136  queue.o(.text)
    xQueuePeekFromISR                        0x0800724f   Thumb Code   110  queue.o(.text)
    uxQueueMessagesWaiting                   0x080072bd   Thumb Code    28  queue.o(.text)
    uxQueueSpacesAvailable                   0x080072d9   Thumb Code    34  queue.o(.text)
    uxQueueMessagesWaitingFromISR            0x080072fb   Thumb Code    20  queue.o(.text)
    vQueueDelete                             0x0800730f   Thumb Code    24  queue.o(.text)
    uxQueueGetQueueNumber                    0x08007327   Thumb Code     6  queue.o(.text)
    vQueueSetQueueNumber                     0x0800732d   Thumb Code     4  queue.o(.text)
    ucQueueGetQueueType                      0x08007331   Thumb Code     8  queue.o(.text)
    xQueueIsQueueEmptyFromISR                0x08007339   Thumb Code    28  queue.o(.text)
    xQueueIsQueueFullFromISR                 0x08007355   Thumb Code    32  queue.o(.text)
    xQueueCRSend                             0x08007375   Thumb Code   130  queue.o(.text)
    xQueueCRReceive                          0x080073f7   Thumb Code   148  queue.o(.text)
    xQueueCRSendFromISR                      0x0800748b   Thumb Code    64  queue.o(.text)
    xQueueCRReceiveFromISR                   0x080074cb   Thumb Code    94  queue.o(.text)
    xTaskGenericCreate                       0x0800760f   Thumb Code   288  tasks.o(.text)
    vTaskDelete                              0x08007759   Thumb Code   160  tasks.o(.text)
    xTaskIncrementTick                       0x080077f9   Thumb Code   272  tasks.o(.text)
    xTaskResumeAll                           0x08007909   Thumb Code   282  tasks.o(.text)
    vTaskSuspendAll                          0x08007a61   Thumb Code    12  tasks.o(.text)
    vTaskDelayUntil                          0x08007a6d   Thumb Code   176  tasks.o(.text)
    vTaskDelay                               0x08007b1d   Thumb Code    94  tasks.o(.text)
    uxTaskPriorityGet                        0x08007b7b   Thumb Code    30  tasks.o(.text)
    uxTaskPriorityGetFromISR                 0x08007b99   Thumb Code    42  tasks.o(.text)
    vTaskPrioritySet                         0x08007bc3   Thumb Code   224  tasks.o(.text)
    vTaskSwitchContext                       0x08007ca3   Thumb Code   158  tasks.o(.text)
    vTaskSuspend                             0x08007d41   Thumb Code   232  tasks.o(.text)
    vTaskResume                              0x08007e6d   Thumb Code   104  tasks.o(.text)
    xTaskResumeFromISR                       0x08007ed5   Thumb Code   126  tasks.o(.text)
    vTaskStartScheduler                      0x08007fcf   Thumb Code    74  tasks.o(.text)
    vTaskEndScheduler                        0x08008019   Thumb Code    18  tasks.o(.text)
    xTaskGetTickCount                        0x0800802b   Thumb Code     6  tasks.o(.text)
    xTaskGetTickCountFromISR                 0x08008031   Thumb Code    16  tasks.o(.text)
    uxTaskGetNumberOfTasks                   0x08008041   Thumb Code     6  tasks.o(.text)
    uxTaskGetSystemState                     0x0800810d   Thumb Code   208  tasks.o(.text)
    vTaskPlaceOnEventList                    0x080081dd   Thumb Code    94  tasks.o(.text)
    vTaskPlaceOnUnorderedEventList           0x0800823b   Thumb Code   132  tasks.o(.text)
    xTaskRemoveFromEventList                 0x080082bf   Thumb Code   114  tasks.o(.text)
    xTaskRemoveFromUnorderedEventList        0x08008331   Thumb Code   126  tasks.o(.text)
    vTaskSetTimeOutState                     0x080083af   Thumb Code    28  tasks.o(.text)
    xTaskCheckForTimeOut                     0x080083cb   Thumb Code   108  tasks.o(.text)
    vTaskMissedYield                         0x08008437   Thumb Code     8  tasks.o(.text)
    uxTaskGetTaskNumber                      0x0800843f   Thumb Code    14  tasks.o(.text)
    vTaskSetTaskNumber                       0x0800844d   Thumb Code     8  tasks.o(.text)
    vTaskList                                0x0800847f   Thumb Code   180  tasks.o(.text)
    vTaskGetRunTimeStats                     0x08008533   Thumb Code   242  tasks.o(.text)
    uxTaskResetEventItemValue                0x08008625   Thumb Code    24  tasks.o(.text)
    ulTaskNotifyTake                         0x0800863d   Thumb Code   162  tasks.o(.text)
    xTaskNotifyWait                          0x080086df   Thumb Code   196  tasks.o(.text)
    xTaskGenericNotify                       0x080087a3   Thumb Code   202  tasks.o(.text)
    xTaskGenericNotifyFromISR                0x0800886d   Thumb Code   240  tasks.o(.text)
    vTaskNotifyGiveFromISR                   0x0800895d   Thumb Code   158  tasks.o(.text)
    xTaskNotifyStateClear                    0x080089fb   Thumb Code    78  tasks.o(.text)
    vTaskLed                                 0x08008a49   Thumb Code    26  ledtask.o(.text)
    vTaskDisplay                             0x08008a6d   Thumb Code    30  displaytask.o(.text)
    setShow_ui                               0x08008a8b   Thumb Code    14  displaytask.o(.text)
    DisplayInit                              0x08008a99   Thumb Code     8  displaytask.o(.text)
    Show_Para_Con                            0x08008aa1   Thumb Code    72  displaytask.o(.text)
    vTaskEnvironment                         0x08008aed   Thumb Code    18  environmenttask.o(.text)
    vTaskClock                               0x08008b05   Thumb Code    16  clocktask.o(.text)
    vTaskLight                               0x08008b19   Thumb Code    22  lighttask.o(.text)
    Main_uiconfigParamInit                   0x08008b35   Thumb Code    88  main_ui.o(.text)
    Main_ZUI                                 0x08008b8d   Thumb Code   642  main_ui.o(.text)
    Main_uictrl                              0x08008e33   Thumb Code   576  main_ui.o(.text)
    __aeabi_uldivmod                         0x08009085   Thumb Code    98  uldiv.o(.text)
    __aeabi_memcpy                           0x080090e7   Thumb Code    36  memcpya.o(.text)
    __aeabi_memcpy4                          0x080090e7   Thumb Code     0  memcpya.o(.text)
    __aeabi_memcpy8                          0x080090e7   Thumb Code     0  memcpya.o(.text)
    __aeabi_memset                           0x0800910b   Thumb Code    14  memseta.o(.text)
    __aeabi_memset4                          0x0800910b   Thumb Code     0  memseta.o(.text)
    __aeabi_memset8                          0x0800910b   Thumb Code     0  memseta.o(.text)
    __aeabi_memclr                           0x08009119   Thumb Code     4  memseta.o(.text)
    __aeabi_memclr4                          0x08009119   Thumb Code     0  memseta.o(.text)
    __aeabi_memclr8                          0x08009119   Thumb Code     0  memseta.o(.text)
    _memset$wrapper                          0x0800911d   Thumb Code    18  memseta.o(.text)
    strlen                                   0x0800912f   Thumb Code    14  strlen.o(.text)
    strcpy                                   0x0800913d   Thumb Code    18  strcpy.o(.text)
    __aeabi_fadd                             0x0800914f   Thumb Code   164  fadd.o(.text)
    __aeabi_fsub                             0x080091f3   Thumb Code     6  fadd.o(.text)
    __aeabi_frsub                            0x080091f9   Thumb Code     6  fadd.o(.text)
    __aeabi_fmul                             0x080091ff   Thumb Code   100  fmul.o(.text)
    __aeabi_dadd                             0x08009263   Thumb Code   322  dadd.o(.text)
    __aeabi_dsub                             0x080093a5   Thumb Code     6  dadd.o(.text)
    __aeabi_drsub                            0x080093ab   Thumb Code     6  dadd.o(.text)
    __aeabi_dmul                             0x080093b1   Thumb Code   228  dmul.o(.text)
    __aeabi_ddiv                             0x08009495   Thumb Code   222  ddiv.o(.text)
    __aeabi_i2f                              0x08009573   Thumb Code    18  fflti.o(.text)
    __aeabi_ui2f                             0x08009585   Thumb Code    10  ffltui.o(.text)
    __aeabi_i2d                              0x0800958f   Thumb Code    34  dflti.o(.text)
    __aeabi_ui2d                             0x080095b1   Thumb Code    26  dfltui.o(.text)
    __aeabi_f2iz                             0x080095cb   Thumb Code    50  ffixi.o(.text)
    __aeabi_f2d                              0x080095fd   Thumb Code    38  f2d.o(.text)
    __aeabi_d2f                              0x08009623   Thumb Code    56  d2f.o(.text)
    __aeabi_cfcmpeq                          0x0800965d   Thumb Code     0  cfcmple.o(.text)
    __aeabi_cfcmple                          0x0800965d   Thumb Code    20  cfcmple.o(.text)
    __aeabi_cfrcmple                         0x08009671   Thumb Code    20  cfrcmple.o(.text)
    __aeabi_uidiv                            0x08009685   Thumb Code     0  uidiv.o(.text)
    __aeabi_uidivmod                         0x08009685   Thumb Code    44  uidiv.o(.text)
    __aeabi_llsl                             0x080096b1   Thumb Code    30  llshl.o(.text)
    _ll_shift_l                              0x080096b1   Thumb Code     0  llshl.o(.text)
    __aeabi_llsr                             0x080096cf   Thumb Code    32  llushr.o(.text)
    _ll_ushift_r                             0x080096cf   Thumb Code     0  llushr.o(.text)
    __aeabi_lasr                             0x080096ef   Thumb Code    36  llsshr.o(.text)
    _ll_sshift_r                             0x080096ef   Thumb Code     0  llsshr.o(.text)
    __I$use$fp                               0x08009713   Thumb Code     0  iusefp.o(.text)
    _float_round                             0x08009713   Thumb Code    18  fepilogue.o(.text)
    _float_epilogue                          0x08009725   Thumb Code    92  fepilogue.o(.text)
    _double_round                            0x08009781   Thumb Code    30  depilogue.o(.text)
    _double_epilogue                         0x0800979f   Thumb Code   156  depilogue.o(.text)
    __scatterload                            0x0800983d   Thumb Code    28  init.o(.text)
    __scatterload_rt2                        0x0800983d   Thumb Code     0  init.o(.text)
    __decompress                             0x08009861   Thumb Code     0  __dczerorl2.o(.text)
    __decompress1                            0x08009861   Thumb Code    86  __dczerorl2.o(.text)
    __0sprintf$3                             0x080098b9   Thumb Code    34  printf3.o(i.__0sprintf$3)
    __1sprintf$3                             0x080098b9   Thumb Code     0  printf3.o(i.__0sprintf$3)
    __2sprintf                               0x080098b9   Thumb Code     0  printf3.o(i.__0sprintf$3)
    __scatterload_copy                       0x080098e1   Thumb Code    14  handlers.o(i.__scatterload_copy)
    __scatterload_null                       0x080098ef   Thumb Code     2  handlers.o(i.__scatterload_null)
    __scatterload_zeroinit                   0x080098f1   Thumb Code    14  handlers.o(i.__scatterload_zeroinit)
    F6x8                                     0x08009ac2   Data         552  bsp_oled.o(.constdata)
    F8X16                                    0x08009cea   Data        1520  bsp_oled.o(.constdata)
    F16X32                                   0x0800a2da   Data         896  bsp_oled.o(.constdata)
    Hzk                                      0x0800a65a   Data        1024  bsp_oled.o(.constdata)
    UI_NOSIGNAL8X8                           0x0800aa5a   Data           8  bmp.o(.constdata)
    UI_ASIGNAL8X8                            0x0800aa62   Data           8  bmp.o(.constdata)
    Region$$Table$$Base                      0x0800aa6c   Number         0  anon$$obj.o(Region$$Table)
    Region$$Table$$Limit                     0x0800aa8c   Number         0  anon$$obj.o(Region$$Table)
    SystemCoreClock                          0x20000000   Data           4  system_stm32f10x.o(.data)
    AHBPrescTable                            0x20000004   Data          16  system_stm32f10x.o(.data)
    xHandleTaskDisplay                       0x20000038   Data           4  main.o(.data)
    xHandleTaskEnvironment                   0x2000003c   Data           4  main.o(.data)
    xHandleTaskClock                         0x20000040   Data           4  main.o(.data)
    xHandleTaskLight                         0x20000044   Data           4  main.o(.data)
    xQueue_uart1Rx                           0x20000048   Data           4  main.o(.data)
    xQueue_uart1Tx                           0x2000004c   Data           4  main.o(.data)
    ulHighFrequencyTimerTicks                0x20000050   Data           4  sysinfotest.o(.data)
    KEY_RetValue                             0x20000058   Data           1  bsp_key.o(.data)
    Key_PU                                   0x2000005c   Data          20  bsp_key.o(.data)
    Key_PD                                   0x20000070   Data          20  bsp_key.o(.data)
    Key_PL                                   0x20000084   Data          20  bsp_key.o(.data)
    Key_PR                                   0x20000098   Data          20  bsp_key.o(.data)
    Key_PM                                   0x200000ac   Data          20  bsp_key.o(.data)
    LedA                                     0x200000c0   Data          24  bsp_led.o(.data)
    LedB                                     0x200000d8   Data          24  bsp_led.o(.data)
    Fmq                                      0x200000f0   Data          24  bsp_led.o(.data)
    StopCondition                            0x20000110   Data           4  bsp_sdio_sdcard.o(.data)
    TransferError                            0x20000114   Data           1  bsp_sdio_sdcard.o(.data)
    TransferEnd                              0x20000118   Data           4  bsp_sdio_sdcard.o(.data)
    DMAEndOfTransfer                         0x2000011c   Data           4  bsp_sdio_sdcard.o(.data)
    Oled_Colour                              0x20000123   Data           1  bsp_oled.o(.data)
    BH_Buf                                   0x20000124   Data           8  bsp_gy30.o(.data)
    pxCurrentCoRoutine                       0x20000158   Data           4  croutine.o(.data)
    pxCurrentTCB                             0x2000016c   Data           4  tasks.o(.data)
    Huimiture                                0x200001b0   Data           8  environmenttask.o(.data)
    Light                                    0x200001b8   Data           8  lighttask.o(.data)
    SDCardInfo                               0x200001f0   Data          88  bsp_sdio_sdcard.o(.bss)
    SDIO_InitStructure                       0x20000248   Data          24  bsp_sdio_sdcard.o(.bss)
    SDIO_CmdInitStructure                    0x20000260   Data          20  bsp_sdio_sdcard.o(.bss)
    SDIO_DataInitStructure                   0x20000274   Data          24  bsp_sdio_sdcard.o(.bss)
    ClockA                                   0x20005a10   Data          36  clocktask.o(.bss)
    Main_uiconfigParam                       0x20005a34   Data          80  main_ui.o(.bss)
    __initial_sp                             0x20005e88   Data           0  startup_stm32f10x_hd.o(STACK)



==============================================================================

Memory Map of the image

  Image Entry point : 0x08000131

  Load Region LR_IROM1 (Base: 0x08000000, Size: 0x0000ac4c, Max: 0x00040000, ABSOLUTE, COMPRESSED[0x0000aae8])

    Execution Region ER_IROM1 (Base: 0x08000000, Size: 0x0000aa8c, Max: 0x00040000, ABSOLUTE)

    Base Addr    Size         Type   Attr      Idx    E Section Name        Object

    0x08000000   0x00000130   Data   RO          398    RESET               startup_stm32f10x_hd.o
    0x08000130   0x00000000   Code   RO         1178  * .ARM.Collect$$$$00000000  mc_w.l(entry.o)
    0x08000130   0x00000004   Code   RO         1482    .ARM.Collect$$$$00000001  mc_w.l(entry2.o)
    0x08000134   0x00000004   Code   RO         1485    .ARM.Collect$$$$00000004  mc_w.l(entry5.o)
    0x08000138   0x00000000   Code   RO         1487    .ARM.Collect$$$$00000008  mc_w.l(entry7b.o)
    0x08000138   0x00000000   Code   RO         1489    .ARM.Collect$$$$0000000A  mc_w.l(entry8b.o)
    0x08000138   0x00000008   Code   RO         1490    .ARM.Collect$$$$0000000B  mc_w.l(entry9a.o)
    0x08000140   0x00000000   Code   RO         1492    .ARM.Collect$$$$0000000D  mc_w.l(entry10a.o)
    0x08000140   0x00000000   Code   RO         1494    .ARM.Collect$$$$0000000F  mc_w.l(entry11a.o)
    0x08000140   0x00000004   Code   RO         1483    .ARM.Collect$$$$00002712  mc_w.l(entry2.o)
    0x08000144   0x000000a2   Code   RO          867    .emb_text           port.o
    0x080001e6   0x00000002   PAD
    0x080001e8   0x000001e0   Code   RO           17    .text               system_stm32f10x.o
    0x080003c8   0x000000dc   Code   RO          114    .text               misc.o
    0x080004a4   0x00000254   Code   RO          214    .text               stm32f10x_dma.o
    0x080006f8   0x0000035c   Code   RO          262    .text               stm32f10x_gpio.o
    0x08000a54   0x000003a4   Code   RO          310    .text               stm32f10x_rcc.o
    0x08000df8   0x000001d4   Code   RO          336    .text               stm32f10x_sdio.o
    0x08000fcc   0x00000e1a   Code   RO          360    .text               stm32f10x_tim.o
    0x08001de6   0x00000002   PAD
    0x08001de8   0x00000408   Code   RO          372    .text               stm32f10x_usart.o
    0x080021f0   0x00000024   Code   RO          399    .text               startup_stm32f10x_hd.o
    0x08002214   0x00000014   Code   RO          403    .text               stm32f10x_it.o
    0x08002228   0x0000016c   Code   RO          418    .text               main.o
    0x08002394   0x0000003c   Code   RO          569    .text               sysinfotest.o
    0x080023d0   0x00000008   Code   RO          597    .text               gather.o
    0x080023d8   0x0000007c   Code   RO          634    .text               bsp_dwt_delay.o
    0x08002454   0x0000002c   Code   RO          648    .text               bsp.o
    0x08002480   0x00000728   Code   RO          678    .text               bsp_tim_pwm.o
    0x08002ba8   0x0000009c   Code   RO          693    .text               bsp_led.o
    0x08002c44   0x000019c4   Code   RO          712    .text               bsp_sdio_sdcard.o
    0x08004608   0x000003a0   Code   RO          745    .text               bsp_usart1.o
    0x080049a8   0x00000c64   Code   RO          760    .text               bsp_oled.o
    0x0800560c   0x00000474   Code   RO          783    .text               bsp_sht3x.o
    0x08005a80   0x000005ac   Code   RO          802    .text               bsp_ds3231.o
    0x0800602c   0x00000410   Code   RO          821    .text               bsp_gy30.o
    0x0800643c   0x00000258   Code   RO          843    .text               heap_4.o
    0x08006694   0x000001f4   Code   RO          868    .text               port.o
    0x08006888   0x000002f0   Code   RO          891    .text               croutine.o
    0x08006b78   0x00000094   Code   RO          928    .text               list.o
    0x08006c0c   0x0000091c   Code   RO          940    .text               queue.o
    0x08007528   0x00001520   Code   RO          955    .text               tasks.o
    0x08008a48   0x00000024   Code   RO          996    .text               ledtask.o
    0x08008a6c   0x00000080   Code   RO         1056    .text               displaytask.o
    0x08008aec   0x00000018   Code   RO         1070    .text               environmenttask.o
    0x08008b04   0x00000014   Code   RO         1088    .text               clocktask.o
    0x08008b18   0x0000001c   Code   RO         1106    .text               lighttask.o
    0x08008b34   0x00000550   Code   RO         1148    .text               main_ui.o
    0x08009084   0x00000062   Code   RO         1181    .text               mc_w.l(uldiv.o)
    0x080090e6   0x00000024   Code   RO         1183    .text               mc_w.l(memcpya.o)
    0x0800910a   0x00000024   Code   RO         1185    .text               mc_w.l(memseta.o)
    0x0800912e   0x0000000e   Code   RO         1187    .text               mc_w.l(strlen.o)
    0x0800913c   0x00000012   Code   RO         1189    .text               mc_w.l(strcpy.o)
    0x0800914e   0x000000b0   Code   RO         1454    .text               mf_w.l(fadd.o)
    0x080091fe   0x00000064   Code   RO         1456    .text               mf_w.l(fmul.o)
    0x08009262   0x0000014e   Code   RO         1458    .text               mf_w.l(dadd.o)
    0x080093b0   0x000000e4   Code   RO         1460    .text               mf_w.l(dmul.o)
    0x08009494   0x000000de   Code   RO         1462    .text               mf_w.l(ddiv.o)
    0x08009572   0x00000012   Code   RO         1464    .text               mf_w.l(fflti.o)
    0x08009584   0x0000000a   Code   RO         1466    .text               mf_w.l(ffltui.o)
    0x0800958e   0x00000022   Code   RO         1468    .text               mf_w.l(dflti.o)
    0x080095b0   0x0000001a   Code   RO         1470    .text               mf_w.l(dfltui.o)
    0x080095ca   0x00000032   Code   RO         1472    .text               mf_w.l(ffixi.o)
    0x080095fc   0x00000026   Code   RO         1474    .text               mf_w.l(f2d.o)
    0x08009622   0x00000038   Code   RO         1476    .text               mf_w.l(d2f.o)
    0x0800965a   0x00000002   PAD
    0x0800965c   0x00000014   Code   RO         1478    .text               mf_w.l(cfcmple.o)
    0x08009670   0x00000014   Code   RO         1480    .text               mf_w.l(cfrcmple.o)
    0x08009684   0x0000002c   Code   RO         1497    .text               mc_w.l(uidiv.o)
    0x080096b0   0x0000001e   Code   RO         1499    .text               mc_w.l(llshl.o)
    0x080096ce   0x00000020   Code   RO         1501    .text               mc_w.l(llushr.o)
    0x080096ee   0x00000024   Code   RO         1503    .text               mc_w.l(llsshr.o)
    0x08009712   0x00000000   Code   RO         1505    .text               mc_w.l(iusefp.o)
    0x08009712   0x0000006e   Code   RO         1506    .text               mf_w.l(fepilogue.o)
    0x08009780   0x000000ba   Code   RO         1508    .text               mf_w.l(depilogue.o)
    0x0800983a   0x00000002   PAD
    0x0800983c   0x00000024   Code   RO         1514    .text               mc_w.l(init.o)
    0x08009860   0x00000056   Code   RO         1524    .text               mc_w.l(__dczerorl2.o)
    0x080098b6   0x00000002   PAD
    0x080098b8   0x00000028   Code   RO         1284    i.__0sprintf$3      mc_w.l(printf3.o)
    0x080098e0   0x0000000e   Code   RO         1518    i.__scatterload_copy  mc_w.l(handlers.o)
    0x080098ee   0x00000002   Code   RO         1519    i.__scatterload_null  mc_w.l(handlers.o)
    0x080098f0   0x0000000e   Code   RO         1520    i.__scatterload_zeroinit  mc_w.l(handlers.o)
    0x080098fe   0x00000002   PAD
    0x08009900   0x000001b8   Code   RO         1289    i._printf_core      mc_w.l(printf3.o)
    0x08009ab8   0x0000000a   Code   RO         1291    i._sputc            mc_w.l(printf3.o)
    0x08009ac2   0x00000f98   Data   RO          762    .constdata          bsp_oled.o
    0x0800aa5a   0x00000010   Data   RO         1166    .constdata          bmp.o
    0x0800aa6a   0x00000002   PAD
    0x0800aa6c   0x00000020   Data   RO         1516    Region$$Table       anon$$obj.o


    Execution Region RW_IRAM1 (Base: 0x20000000, Size: 0x00005e88, Max: 0x0000c000, ABSOLUTE, COMPRESSED[0x0000005c])

    Base Addr    Size         Type   Attr      Idx    E Section Name        Object

    0x20000000   0x00000014   Data   RW           18    .data               system_stm32f10x.o
    0x20000014   0x00000014   Data   RW          311    .data               stm32f10x_rcc.o
    0x20000028   0x00000028   Data   RW          419    .data               main.o
    0x20000050   0x00000004   Data   RW          570    .data               sysinfotest.o
    0x20000054   0x00000004   Data   RW          635    .data               bsp_dwt_delay.o
    0x20000058   0x00000068   Data   RW          661    .data               bsp_key.o
    0x200000c0   0x00000048   Data   RW          694    .data               bsp_led.o
    0x20000108   0x00000018   Data   RW          714    .data               bsp_sdio_sdcard.o
    0x20000120   0x00000003   Data   RW          747    .data               bsp_usart1.o
    0x20000123   0x00000001   Data   RW          763    .data               bsp_oled.o
    0x20000124   0x00000008   Data   RW          822    .data               bsp_gy30.o
    0x2000012c   0x00000018   Data   RW          845    .data               heap_4.o
    0x20000144   0x0000000c   Data   RW          869    .data               port.o
    0x20000150   0x0000001c   Data   RW          893    .data               croutine.o
    0x2000016c   0x00000040   Data   RW          957    .data               tasks.o
    0x200001ac   0x00000001   Data   RW         1057    .data               displaytask.o
    0x200001ad   0x00000003   PAD
    0x200001b0   0x00000008   Data   RW         1071    .data               environmenttask.o
    0x200001b8   0x00000008   Data   RW         1107    .data               lighttask.o
    0x200001c0   0x000000cc   Zero   RW          713    .bss                bsp_sdio_sdcard.o
    0x2000028c   0x00000064   Zero   RW          746    .bss                bsp_usart1.o
    0x200002f0   0x00000400   Zero   RW          761    .bss                bsp_oled.o
    0x200006f0   0x00005000   Zero   RW          844    .bss                heap_4.o
    0x200056f0   0x00000064   Zero   RW          892    .bss                croutine.o
    0x20005754   0x000002bc   Zero   RW          956    .bss                tasks.o
    0x20005a10   0x00000024   Zero   RW         1089    .bss                clocktask.o
    0x20005a34   0x00000050   Zero   RW         1149    .bss                main_ui.o
    0x20005a84   0x00000004   PAD
    0x20005a88   0x00000400   Zero   RW          396    STACK               startup_stm32f10x_hd.o


==============================================================================

Image component sizes


      Code (inc. data)   RO Data    RW Data    ZI Data      Debug   Object Name

         0          0         16          0          0        567   bmp.o
        44          6          0          0          0        451   bsp.o
      1452         36          0          0          0       6154   bsp_ds3231.o
       124         20          0          4          0       1051   bsp_dwt_delay.o
      1040         20          0          8          0       5022   bsp_gy30.o
         0          0          0        104          0       1354   bsp_key.o
       156         12          0         72          0       2096   bsp_led.o
      3172         60       3992          1       1024       8627   bsp_oled.o
      6596        270          0         24        204      25115   bsp_sdio_sdcard.o
      1140         54          0          0          0       4347   bsp_sht3x.o
      1832        130          0          0          0       4720   bsp_tim_pwm.o
       928         38          0          3        100       3790   bsp_usart1.o
        20          4          0          0         36        674   clocktask.o
         0          0          0          0          0       4536   core_cm3.o
       752         44          0         28        100       5540   croutine.o
       128          4          0          1          0       1560   displaytask.o
        24          6          0          8          0        707   environmenttask.o
         8          0          0          0          0        437   gather.o
       600         26          0         24      20480       4656   heap_4.o
        36         10          0          0          0        451   ledtask.o
        28          6          0          8          0        677   lighttask.o
       148          0          0          0          0       1814   list.o
       364        140          0         40          0      37314   main.o
      1360        102          0          0         80       1663   main_ui.o
       220         22          0          0          0       1893   misc.o
       662         40          0         12          0       4886   port.o
      2332          0          0          0          0      11017   queue.o
        36          8        304          0       1024        828   startup_stm32f10x_hd.o
       596          8          0          0          0       4422   stm32f10x_dma.o
       860         38          0          0          0       5737   stm32f10x_gpio.o
        20          0          0          0          0        923   stm32f10x_it.o
       932         36          0         20          0       8924   stm32f10x_rcc.o
       468         22          0          0          0       7176   stm32f10x_sdio.o
      3610         88          0          0          0      22228   stm32f10x_tim.o
      1032         22          0          0          0       8464   stm32f10x_usart.o
        60         10          0          4          0       1164   sysinfotest.o
       480         38          0         20          0     269535   system_stm32f10x.o
      5408        334          0         64        700      20239   tasks.o

    ----------------------------------------------------------------------
     36672       1654       4346        448      23752     490759   Object Totals
         0          0         32          0          0          0   (incl. Generated)
         4          0          2          3          4          0   (incl. Padding)

    ----------------------------------------------------------------------

      Code (inc. data)   RO Data    RW Data    ZI Data      Debug   Library Member Name

        86          0          0          0          0          0   __dczerorl2.o
         0          0          0          0          0          0   entry.o
         0          0          0          0          0          0   entry10a.o
         0          0          0          0          0          0   entry11a.o
         8          4          0          0          0          0   entry2.o
         4          0          0          0          0          0   entry5.o
         0          0          0          0          0          0   entry7b.o
         0          0          0          0          0          0   entry8b.o
         8          4          0          0          0          0   entry9a.o
        30          0          0          0          0          0   handlers.o
        36          8          0          0          0         68   init.o
         0          0          0          0          0          0   iusefp.o
        30          0          0          0          0         68   llshl.o
        36          0          0          0          0         68   llsshr.o
        32          0          0          0          0         68   llushr.o
        36          0          0          0          0         68   memcpya.o
        36          0          0          0          0        108   memseta.o
       490         10          0          0          0        252   printf3.o
        18          0          0          0          0         68   strcpy.o
        14          0          0          0          0         68   strlen.o
        44          0          0          0          0         80   uidiv.o
        98          0          0          0          0         92   uldiv.o
        20          0          0          0          0         68   cfcmple.o
        20          0          0          0          0         68   cfrcmple.o
        56          0          0          0          0         88   d2f.o
       334          0          0          0          0        148   dadd.o
       222          0          0          0          0        100   ddiv.o
       186          0          0          0          0        176   depilogue.o
        34          0          0          0          0         76   dflti.o
        26          0          0          0          0         76   dfltui.o
       228          0          0          0          0         96   dmul.o
        38          0          0          0          0         68   f2d.o
       176          0          0          0          0        140   fadd.o
       110          0          0          0          0        168   fepilogue.o
        50          0          0          0          0         68   ffixi.o
        18          0          0          0          0         68   fflti.o
        10          0          0          0          0         68   ffltui.o
       100          0          0          0          0         76   fmul.o

    ----------------------------------------------------------------------
      2642         26          0          0          0       2560   Library Totals
         8          0          0          0          0          0   (incl. Padding)

    ----------------------------------------------------------------------

      Code (inc. data)   RO Data    RW Data    ZI Data      Debug   Library Name

      1006         26          0          0          0       1008   mc_w.l
      1628          0          0          0          0       1552   mf_w.l

    ----------------------------------------------------------------------
      2642         26          0          0          0       2560   Library Totals

    ----------------------------------------------------------------------

==============================================================================


      Code (inc. data)   RO Data    RW Data    ZI Data      Debug   

     39314       1680       4346        448      23752     489079   Grand Totals
     39314       1680       4346         92      23752     489079   ELF Image Totals (compressed)
     39314       1680       4346         92          0          0   ROM Totals

==============================================================================

    Total RO  Size (Code + RO Data)                43660 (  42.64kB)
    Total RW  Size (RW Data + ZI Data)             24200 (  23.63kB)
    Total ROM Size (Code + RO Data + RW Data)      43752 (  42.73kB)

==============================================================================

