Component: ARM Compiler 5.05 update 2 (build 169) Tool: armlink [4d0f33]

==============================================================================

Section Cross References

    system_stm32f10x.o(.text) refers to system_stm32f10x.o(.data) for SystemCoreClock
    stm32f10x_adc.o(.text) refers to stm32f10x_rcc.o(.text) for RCC_APB2PeriphResetCmd
    stm32f10x_bkp.o(.text) refers to stm32f10x_rcc.o(.text) for RCC_BackupResetCmd
    stm32f10x_can.o(.text) refers to stm32f10x_rcc.o(.text) for RCC_APB1PeriphResetCmd
    stm32f10x_cec.o(.text) refers to stm32f10x_rcc.o(.text) for RCC_APB1PeriphResetCmd
    stm32f10x_dac.o(.text) refers to stm32f10x_rcc.o(.text) for RCC_APB1PeriphResetCmd
    stm32f10x_gpio.o(.text) refers to stm32f10x_rcc.o(.text) for RCC_APB2PeriphResetCmd
    stm32f10x_i2c.o(.text) refers to stm32f10x_rcc.o(.text) for RCC_APB1PeriphResetCmd
    stm32f10x_pwr.o(.text) refers to stm32f10x_rcc.o(.text) for RCC_APB1PeriphResetCmd
    stm32f10x_rcc.o(.text) refers to stm32f10x_rcc.o(.data) for APBAHBPrescTable
    stm32f10x_spi.o(.text) refers to stm32f10x_rcc.o(.text) for RCC_APB2PeriphResetCmd
    stm32f10x_tim.o(.text) refers to stm32f10x_rcc.o(.text) for RCC_APB2PeriphResetCmd
    stm32f10x_usart.o(.text) refers to stm32f10x_rcc.o(.text) for RCC_APB2PeriphResetCmd
    stm32f10x_wwdg.o(.text) refers to stm32f10x_rcc.o(.text) for RCC_APB1PeriphResetCmd
    startup_stm32f10x_hd.o(RESET) refers to startup_stm32f10x_hd.o(STACK) for __initial_sp
    startup_stm32f10x_hd.o(RESET) refers to startup_stm32f10x_hd.o(.text) for Reset_Handler
    startup_stm32f10x_hd.o(RESET) refers to stm32f10x_it.o(.text) for NMI_Handler
    startup_stm32f10x_hd.o(RESET) refers to port.o(.emb_text) for SVC_Handler
    startup_stm32f10x_hd.o(RESET) refers to port.o(.text) for SysTick_Handler
    startup_stm32f10x_hd.o(RESET) refers to bsp_usart1.o(.text) for DMA1_Channel4_IRQHandler
    startup_stm32f10x_hd.o(RESET) refers to bsp_usart2.o(.text) for DMA1_Channel7_IRQHandler
    startup_stm32f10x_hd.o(RESET) refers to bsp_can.o(.text) for USB_LP_CAN1_RX0_IRQHandler
    startup_stm32f10x_hd.o(RESET) refers to bsp_sdio_sdcard.o(.text) for SDIO_IRQHandler
    startup_stm32f10x_hd.o(RESET) refers to sysinfotest.o(.text) for TIM6_IRQHandler
    startup_stm32f10x_hd.o(.text) refers to system_stm32f10x.o(.text) for SystemInit
    startup_stm32f10x_hd.o(.text) refers to entry.o(.ARM.Collect$$$$00000000) for __main
    main.o(.text) refers to queue.o(.text) for xQueueGenericCreate
    main.o(.text) refers to event_groups.o(.text) for xEventGroupCreate
    main.o(.text) refers to tasks.o(.text) for xTaskGenericCreate
    main.o(.text) refers to bsp.o(.text) for bsp_Init
    main.o(.text) refers to gather.o(.text) for ParametersInit
    main.o(.text) refers to main.o(.data) for xQueue_uart1Rx
    main.o(.text) refers to ledtask.o(.text) for vTaskLed
    main.o(.text) refers to keytask.o(.text) for vTaskKey
    main.o(.text) refers to displaytask.o(.text) for vTaskDisplay
    main.o(.text) refers to cancommunicatetask.o(.text) for vTaskCanRx
    main.o(.text) refers to environmenttask.o(.text) for vTaskEnvironment
    main.o(.text) refers to clocktask.o(.text) for vTaskClock
    main.o(.text) refers to lighttask.o(.text) for vTaskLight
    main.o(.text) refers to pmstask.o(.text) for vTaskPms
    main.o(.text) refers to bmetask.o(.text) for vTaskBme
    sysinfotest.o(.text) refers to bsp_tim_pwm.o(.text) for bsp_SetTIMforInt
    sysinfotest.o(.text) refers to stm32f10x_tim.o(.text) for TIM_GetITStatus
    sysinfotest.o(.text) refers to sysinfotest.o(.data) for ulHighFrequencyTimerTicks
    gather.o(.text) refers to main_ui.o(.text) for Main_uiconfigParamInit
    cancommunicate.o(.text) refers to tasks.o(.text) for xTaskGetTickCount
    cancommunicate.o(.text) refers to cancommunicate.o(.data) for canConnect
    protocol.o(.text) refers to atof.o(i.atof) for atof
    protocol.o(.text) refers to dfixi.o(.text) for __aeabi_d2iz
    protocol.o(.text) refers to memseta.o(.text) for __aeabi_memclr
    protocol.o(.text) refers to memcpya.o(.text) for __aeabi_memcpy
    protocol.o(.text) refers to printf4.o(i.__0sprintf$4) for __2sprintf
    protocol.o(.text) refers to event_groups.o(.text) for xEventGroupSetBits
    protocol.o(.text) refers to cancommunicate.o(.data) for carLEDA
    protocol.o(.text) refers to car_ui.o(.bss) for Car_uiconfigParam
    protocol.o(.text) refers to main.o(.data) for Event_canSendData
    protocol.o(.text) refers to cancommunicate.o(.bss) for Motorpwm
    sys.o(.text) refers to sys.o(.emb_text) for WFI_SET
    bsp_dwt_delay.o(.text) refers to bsp_dwt_delay.o(.data) for SYSCLK
    bsp.o(.text) refers to misc.o(.text) for NVIC_PriorityGroupConfig
    bsp.o(.text) refers to bsp_dwt_delay.o(.text) for bsp_DWT_init
    bsp.o(.text) refers to bsp_oled.o(.text) for bsp_OLED_Init
    bsp.o(.text) refers to bsp_ds3231.o(.text) for bsp_DS3231_Init
    bsp.o(.text) refers to bsp_led.o(.text) for bsp_LED_Init
[...]
    CAN_ITConfig                             0x08000be9   Thumb Code    18  stm32f10x_can.o(.text)
    CAN_GetFlagStatus                        0x08000bfb   Thumb Code   120  stm32f10x_can.o(.text)
    CAN_ClearFlag                            0x08000c73   Thumb Code    52  stm32f10x_can.o(.text)
    CAN_GetITStatus                          0x08000cb9   Thumb Code   310  stm32f10x_can.o(.text)
    CAN_ClearITPendingBit                    0x08000def   Thumb Code   162  stm32f10x_can.o(.text)
    DMA_DeInit                               0x08000e95   Thumb Code   324  stm32f10x_dma.o(.text)
    DMA_Init                                 0x08000fd9   Thumb Code    60  stm32f10x_dma.o(.text)
    DMA_StructInit                           0x08001015   Thumb Code    26  stm32f10x_dma.o(.text)
    DMA_Cmd                                  0x0800102f   Thumb Code    24  stm32f10x_dma.o(.text)
    DMA_ITConfig                             0x08001047   Thumb Code    18  stm32f10x_dma.o(.text)
    DMA_SetCurrDataCounter                   0x08001059   Thumb Code     4  stm32f10x_dma.o(.text)
    DMA_GetCurrDataCounter                   0x0800105d   Thumb Code     8  stm32f10x_dma.o(.text)
    DMA_GetFlagStatus                        0x08001065   Thumb Code    40  stm32f10x_dma.o(.text)
    DMA_ClearFlag                            0x0800108d   Thumb Code    22  stm32f10x_dma.o(.text)
    DMA_GetITStatus                          0x080010a3   Thumb Code    40  stm32f10x_dma.o(.text)
    DMA_ClearITPendingBit                    0x080010cb   Thumb Code    22  stm32f10x_dma.o(.text)
    GPIO_DeInit                              0x080010e9   Thumb Code   172  stm32f10x_gpio.o(.text)
    GPIO_AFIODeInit                          0x08001195   Thumb Code    20  stm32f10x_gpio.o(.text)
    GPIO_Init                                0x080011a9   Thumb Code   278  stm32f10x_gpio.o(.text)
    GPIO_StructInit                          0x080012bf   Thumb Code    16  stm32f10x_gpio.o(.text)
    GPIO_ReadInputDataBit                    0x080012cf   Thumb Code    18  stm32f10x_gpio.o(.text)
    GPIO_ReadInputData                       0x080012e1   Thumb Code     8  stm32f10x_gpio.o(.text)
    GPIO_ReadOutputDataBit                   0x080012e9   Thumb Code    18  stm32f10x_gpio.o(.text)
    GPIO_ReadOutputData                      0x080012fb   Thumb Code     8  stm32f10x_gpio.o(.text)
    GPIO_SetBits                             0x08001303   Thumb Code     4  stm32f10x_gpio.o(.text)
    GPIO_ResetBits                           0x08001307   Thumb Code     4  stm32f10x_gpio.o(.text)
    GPIO_WriteBit                            0x0800130b   Thumb Code    10  stm32f10x_gpio.o(.text)
    GPIO_Write                               0x08001315   Thumb Code     4  stm32f10x_gpio.o(.text)
    GPIO_PinLockConfig                       0x08001319   Thumb Code    18  stm32f10x_gpio.o(.text)
    GPIO_EventOutputConfig                   0x0800132b   Thumb Code    26  stm32f10x_gpio.o(.text)
    GPIO_EventOutputCmd                      0x08001345   Thumb Code     6  stm32f10x_gpio.o(.text)
    GPIO_PinRemapConfig                      0x0800134b   Thumb Code   138  stm32f10x_gpio.o(.text)
    GPIO_EXTILineConfig                      0x080013d5   Thumb Code    66  stm32f10x_gpio.o(.text)
    GPIO_ETH_MediaInterfaceConfig            0x08001417   Thumb Code     8  stm32f10x_gpio.o(.text)
    RCC_DeInit                               0x08001445   Thumb Code    64  stm32f10x_rcc.o(.text)
    RCC_HSEConfig                            0x08001485   Thumb Code    70  stm32f10x_rcc.o(.text)
    RCC_GetFlagStatus                        0x080014cb   Thumb Code    56  stm32f10x_rcc.o(.text)
    RCC_WaitForHSEStartUp                    0x08001503   Thumb Code    56  stm32f10x_rcc.o(.text)
    RCC_AdjustHSICalibrationValue            0x0800153b   Thumb Code    20  stm32f10x_rcc.o(.text)
    RCC_HSICmd                               0x0800154f   Thumb Code     6  stm32f10x_rcc.o(.text)
    RCC_PLLConfig                            0x08001555   Thumb Code    24  stm32f10x_rcc.o(.text)
    RCC_PLLCmd                               0x0800156d   Thumb Code     6  stm32f10x_rcc.o(.text)
    RCC_SYSCLKConfig                         0x08001573   Thumb Code    18  stm32f10x_rcc.o(.text)
    RCC_GetSYSCLKSource                      0x08001585   Thumb Code    10  stm32f10x_rcc.o(.text)
    RCC_HCLKConfig                           0x0800158f   Thumb Code    18  stm32f10x_rcc.o(.text)
    RCC_PCLK1Config                          0x080015a1   Thumb Code    18  stm32f10x_rcc.o(.text)
    RCC_PCLK2Config                          0x080015b3   Thumb Code    20  stm32f10x_rcc.o(.text)
    RCC_ITConfig                             0x080015c7   Thumb Code    26  stm32f10x_rcc.o(.text)
    RCC_USBCLKConfig                         0x080015e1   Thumb Code     8  stm32f10x_rcc.o(.text)
    RCC_ADCCLKConfig                         0x080015e9   Thumb Code    18  stm32f10x_rcc.o(.text)
    RCC_LSEConfig                            0x080015fb   Thumb Code    50  stm32f10x_rcc.o(.text)
    RCC_LSICmd                               0x0800162d   Thumb Code     6  stm32f10x_rcc.o(.text)
    RCC_RTCCLKConfig                         0x08001633   Thumb Code    12  stm32f10x_rcc.o(.text)
    RCC_RTCCLKCmd                            0x0800163f   Thumb Code     8  stm32f10x_rcc.o(.text)
    RCC_GetClocksFreq                        0x08001647   Thumb Code   192  stm32f10x_rcc.o(.text)
    RCC_AHBPeriphClockCmd                    0x08001707   Thumb Code    26  stm32f10x_rcc.o(.text)
    RCC_APB2PeriphClockCmd                   0x08001721   Thumb Code    26  stm32f10x_rcc.o(.text)
    RCC_APB1PeriphClockCmd                   0x0800173b   Thumb Code    26  stm32f10x_rcc.o(.text)
    RCC_APB2PeriphResetCmd                   0x08001755   Thumb Code    26  stm32f10x_rcc.o(.text)
    RCC_APB1PeriphResetCmd                   0x0800176f   Thumb Code    26  stm32f10x_rcc.o(.text)
    RCC_BackupResetCmd                       0x08001789   Thumb Code     8  stm32f10x_rcc.o(.text)
    RCC_ClockSecuritySystemCmd               0x08001791   Thumb Code     6  stm32f10x_rcc.o(.text)
    RCC_MCOConfig                            0x08001797   Thumb Code     6  stm32f10x_rcc.o(.text)
    RCC_ClearFlag                            0x0800179d   Thumb Code    14  stm32f10x_rcc.o(.text)
    RCC_GetITStatus                          0x080017ab   Thumb Code    20  stm32f10x_rcc.o(.text)
    RCC_ClearITPendingBit                    0x080017bf   Thumb Code     6  stm32f10x_rcc.o(.text)
    SDIO_DeInit                              0x080017e9   Thumb Code    28  stm32f10x_sdio.o(.text)
    SDIO_Init                                0x08001805   Thumb Code    42  stm32f10x_sdio.o(.text)
    SDIO_StructInit                          0x0800182f   Thumb Code    16  stm32f10x_sdio.o(.text)
    SDIO_ClockCmd                            0x0800183f   Thumb Code     6  stm32f10x_sdio.o(.text)
    SDIO_SetPowerState                       0x08001845   Thumb Code    22  stm32f10x_sdio.o(.text)
    SDIO_GetPowerState                       0x0800185b   Thumb Code    10  stm32f10x_sdio.o(.text)
    SDIO_ITConfig                            0x08001865   Thumb Code    26  stm32f10x_sdio.o(.text)
    SDIO_DMACmd                              0x0800187f   Thumb Code     6  stm32f10x_sdio.o(.text)
    SDIO_SendCommand                         0x08001885   Thumb Code    38  stm32f10x_sdio.o(.text)
    SDIO_CmdStructInit                       0x080018ab   Thumb Code    14  stm32f10x_sdio.o(.text)
    SDIO_GetCommandResponse                  0x080018b9   Thumb Code     8  stm32f10x_sdio.o(.text)
    SDIO_GetResponse                         0x080018c1   Thumb Code    22  stm32f10x_sdio.o(.text)
    SDIO_DataConfig                          0x080018d7   Thumb Code    42  stm32f10x_sdio.o(.text)
    SDIO_DataStructInit                      0x08001901   Thumb Code    20  stm32f10x_sdio.o(.text)
    SDIO_GetDataCounter                      0x08001915   Thumb Code     6  stm32f10x_sdio.o(.text)
    SDIO_ReadData                            0x0800191b   Thumb Code     8  stm32f10x_sdio.o(.text)
    SDIO_WriteData                           0x08001923   Thumb Code     8  stm32f10x_sdio.o(.text)
    SDIO_GetFIFOCount                        0x0800192b   Thumb Code     6  stm32f10x_sdio.o(.text)
    SDIO_StartSDIOReadWait                   0x08001931   Thumb Code     8  stm32f10x_sdio.o(.text)
    SDIO_StopSDIOReadWait                    0x08001939   Thumb Code     8  stm32f10x_sdio.o(.text)
    SDIO_SetSDIOReadWaitMode                 0x08001941   Thumb Code     8  stm32f10x_sdio.o(.text)
    SDIO_SetSDIOOperation                    0x08001949   Thumb Code     8  stm32f10x_sdio.o(.text)
    SDIO_SendSDIOSuspendCmd                  0x08001951   Thumb Code     6  stm32f10x_sdio.o(.text)
    SDIO_CommandCompletionCmd                0x08001957   Thumb Code     8  stm32f10x_sdio.o(.text)
    SDIO_CEATAITCmd                          0x0800195f   Thumb Code    12  stm32f10x_sdio.o(.text)
    SDIO_SendCEATACmd                        0x0800196b   Thumb Code     8  stm32f10x_sdio.o(.text)
    SDIO_GetFlagStatus                       0x08001973   Thumb Code    20  stm32f10x_sdio.o(.text)
    SDIO_ClearFlag                           0x08001987   Thumb Code     6  stm32f10x_sdio.o(.text)
    SDIO_GetITStatus                         0x0800198d   Thumb Code    20  stm32f10x_sdio.o(.text)
    SDIO_ClearITPendingBit                   0x080019a1   Thumb Code     6  stm32f10x_sdio.o(.text)
    TIM_DeInit                               0x080019bd   Thumb Code   424  stm32f10x_tim.o(.text)
    TIM_TimeBaseInit                         0x08001b65   Thumb Code   122  stm32f10x_tim.o(.text)
    TIM_OC1Init                              0x08001bdf   Thumb Code   132  stm32f10x_tim.o(.text)
    TIM_OC2Init                              0x08001c63   Thumb Code   154  stm32f10x_tim.o(.text)
    TIM_OC3Init                              0x08001cfd   Thumb Code   150  stm32f10x_tim.o(.text)
    TIM_OC4Init                              0x08001d93   Thumb Code   182  stm32f10x_tim.o(.text)
    TIM_SetIC4Prescaler                      0x08001e49   Thumb Code    26  stm32f10x_tim.o(.text)
    TIM_SetIC3Prescaler                      0x08001ee5   Thumb Code    18  stm32f10x_tim.o(.text)
    TIM_SetIC2Prescaler                      0x08001f71   Thumb Code    26  stm32f10x_tim.o(.text)
    TIM_SetIC1Prescaler                      0x0800200d   Thumb Code    18  stm32f10x_tim.o(.text)
    TIM_ICInit                               0x0800208b   Thumb Code   150  stm32f10x_tim.o(.text)
    TIM_PWMIConfig                           0x08002121   Thumb Code   124  stm32f10x_tim.o(.text)
    TIM_BDTRConfig                           0x0800219d   Thumb Code    32  stm32f10x_tim.o(.text)
    TIM_TimeBaseStructInit                   0x080021bd   Thumb Code    18  stm32f10x_tim.o(.text)
    TIM_OCStructInit                         0x080021cf   Thumb Code    20  stm32f10x_tim.o(.text)
    TIM_ICStructInit                         0x080021e3   Thumb Code    18  stm32f10x_tim.o(.text)
    TIM_BDTRStructInit                       0x080021f5   Thumb Code    40  stm32f10x_tim.o(.text)
    TIM_Cmd                                  0x0800221d   Thumb Code    24  stm32f10x_tim.o(.text)
    TIM_CtrlPWMOutputs                       0x08002235   Thumb Code    30  stm32f10x_tim.o(.text)
    TIM_ITConfig                             0x08002253   Thumb Code    18  stm32f10x_tim.o(.text)
    TIM_GenerateEvent                        0x08002265   Thumb Code     4  stm32f10x_tim.o(.text)
    TIM_DMAConfig                            0x08002269   Thumb Code    10  stm32f10x_tim.o(.text)
    TIM_DMACmd                               0x08002273   Thumb Code    18  stm32f10x_tim.o(.text)
    TIM_InternalClockConfig                  0x08002285   Thumb Code    12  stm32f10x_tim.o(.text)
    TIM_SelectInputTrigger                   0x08002291   Thumb Code    18  stm32f10x_tim.o(.text)
    TIM_ITRxExternalClockConfig              0x080022a3   Thumb Code    24  stm32f10x_tim.o(.text)
    TIM_TIxExternalClockConfig               0x080022bb   Thumb Code    62  stm32f10x_tim.o(.text)
    TIM_ETRConfig                            0x080022f9   Thumb Code    28  stm32f10x_tim.o(.text)
    TIM_ETRClockMode1Config                  0x08002315   Thumb Code    54  stm32f10x_tim.o(.text)
    TIM_ETRClockMode2Config                  0x0800234b   Thumb Code    32  stm32f10x_tim.o(.text)
    TIM_PrescalerConfig                      0x0800236b   Thumb Code     6  stm32f10x_tim.o(.text)
    TIM_CounterModeConfig                    0x08002371   Thumb Code    18  stm32f10x_tim.o(.text)
    TIM_EncoderInterfaceConfig               0x08002383   Thumb Code    66  stm32f10x_tim.o(.text)
    TIM_ForcedOC1Config                      0x080023c5   Thumb Code    18  stm32f10x_tim.o(.text)
    TIM_ForcedOC2Config                      0x080023d7   Thumb Code    26  stm32f10x_tim.o(.text)
    TIM_ForcedOC3Config                      0x080023f1   Thumb Code    18  stm32f10x_tim.o(.text)
    TIM_ForcedOC4Config                      0x08002403   Thumb Code    26  stm32f10x_tim.o(.text)
    TIM_ARRPreloadConfig                     0x0800241d   Thumb Code    24  stm32f10x_tim.o(.text)
    TIM_SelectCOM                            0x08002435   Thumb Code    24  stm32f10x_tim.o(.text)
    TIM_SelectCCDMA                          0x0800244d   Thumb Code    24  stm32f10x_tim.o(.text)
    TIM_CCPreloadControl                     0x08002465   Thumb Code    24  stm32f10x_tim.o(.text)
    TIM_OC1PreloadConfig                     0x0800247d   Thumb Code    18  stm32f10x_tim.o(.text)
    TIM_OC2PreloadConfig                     0x0800248f   Thumb Code    26  stm32f10x_tim.o(.text)
    TIM_OC3PreloadConfig                     0x080024a9   Thumb Code    18  stm32f10x_tim.o(.text)
    TIM_OC4PreloadConfig                     0x080024bb   Thumb Code    26  stm32f10x_tim.o(.text)
    TIM_OC1FastConfig                        0x080024d5   Thumb Code    18  stm32f10x_tim.o(.text)
    TIM_OC2FastConfig                        0x080024e7   Thumb Code    26  stm32f10x_tim.o(.text)
    TIM_OC3FastConfig                        0x08002501   Thumb Code    18  stm32f10x_tim.o(.text)
    TIM_OC4FastConfig                        0x08002513   Thumb Code    26  stm32f10x_tim.o(.text)
    TIM_ClearOC1Ref                          0x0800252d   Thumb Code    18  stm32f10x_tim.o(.text)
    TIM_ClearOC2Ref                          0x0800253f   Thumb Code    24  stm32f10x_tim.o(.text)
    TIM_ClearOC3Ref                          0x08002557   Thumb Code    18  stm32f10x_tim.o(.text)
    TIM_ClearOC4Ref                          0x08002569   Thumb Code    24  stm32f10x_tim.o(.text)
    TIM_OC1PolarityConfig                    0x08002581   Thumb Code    18  stm32f10x_tim.o(.text)
    TIM_OC1NPolarityConfig                   0x08002593   Thumb Code    18  stm32f10x_tim.o(.text)
    TIM_OC2PolarityConfig                    0x080025a5   Thumb Code    26  stm32f10x_tim.o(.text)
    TIM_OC2NPolarityConfig                   0x080025bf   Thumb Code    26  stm32f10x_tim.o(.text)
    TIM_OC3PolarityConfig                    0x080025d9   Thumb Code    26  stm32f10x_tim.o(.text)
    TIM_OC3NPolarityConfig                   0x080025f3   Thumb Code    26  stm32f10x_tim.o(.text)
    TIM_OC4PolarityConfig                    0x0800260d   Thumb Code    26  stm32f10x_tim.o(.text)
    TIM_CCxCmd                               0x08002627   Thumb Code    30  stm32f10x_tim.o(.text)
    TIM_CCxNCmd                              0x08002645   Thumb Code    30  stm32f10x_tim.o(.text)
    TIM_SelectOCxM                           0x08002663   Thumb Code    82  stm32f10x_tim.o(.text)
    TIM_UpdateDisableConfig                  0x080026b5   Thumb Code    24  stm32f10x_tim.o(.text)
    TIM_UpdateRequestConfig                  0x080026cd   Thumb Code    24  stm32f10x_tim.o(.text)
    TIM_SelectHallSensor                     0x080026e5   Thumb Code    24  stm32f10x_tim.o(.text)
    TIM_SelectOnePulseMode                   0x080026fd   Thumb Code    18  stm32f10x_tim.o(.text)
    TIM_SelectOutputTrigger                  0x0800270f   Thumb Code    18  stm32f10x_tim.o(.text)
    TIM_SelectSlaveMode                      0x08002721   Thumb Code    18  stm32f10x_tim.o(.text)
    TIM_SelectMasterSlaveMode                0x08002733   Thumb Code    18  stm32f10x_tim.o(.text)
    TIM_SetCounter                           0x08002745   Thumb Code     4  stm32f10x_tim.o(.text)
    TIM_SetAutoreload                        0x08002749   Thumb Code     4  stm32f10x_tim.o(.text)
    TIM_SetCompare1                          0x0800274d   Thumb Code     4  stm32f10x_tim.o(.text)
    TIM_SetCompare2                          0x08002751   Thumb Code     4  stm32f10x_tim.o(.text)
    TIM_SetCompare3                          0x08002755   Thumb Code     4  stm32f10x_tim.o(.text)
    TIM_SetCompare4                          0x08002759   Thumb Code     6  stm32f10x_tim.o(.text)
    TIM_SetClockDivision                     0x0800275f   Thumb Code    18  stm32f10x_tim.o(.text)
    TIM_GetCapture1                          0x08002771   Thumb Code     6  stm32f10x_tim.o(.text)
    TIM_GetCapture2                          0x08002777   Thumb Code     6  stm32f10x_tim.o(.text)
    TIM_GetCapture3                          0x0800277d   Thumb Code     6  stm32f10x_tim.o(.text)
    TIM_GetCapture4                          0x08002783   Thumb Code     8  stm32f10x_tim.o(.text)
    TIM_GetCounter                           0x0800278b   Thumb Code     6  stm32f10x_tim.o(.text)
    TIM_GetPrescaler                         0x08002791   Thumb Code     6  stm32f10x_tim.o(.text)
    TIM_GetFlagStatus                        0x08002797   Thumb Code    18  stm32f10x_tim.o(.text)
    TIM_ClearFlag                            0x080027a9   Thumb Code     6  stm32f10x_tim.o(.text)
    TIM_GetITStatus                          0x080027af   Thumb Code    34  stm32f10x_tim.o(.text)
    TIM_ClearITPendingBit                    0x080027d1   Thumb Code     6  stm32f10x_tim.o(.text)
    USART_DeInit                             0x080027d9   Thumb Code   134  stm32f10x_usart.o(.text)
    USART_Init                               0x0800285f   Thumb Code   210  stm32f10x_usart.o(.text)
    USART_StructInit                         0x08002931   Thumb Code    24  stm32f10x_usart.o(.text)
    USART_ClockInit                          0x08002949   Thumb Code    34  stm32f10x_usart.o(.text)
    USART_ClockStructInit                    0x0800296b   Thumb Code    12  stm32f10x_usart.o(.text)
    USART_Cmd                                0x08002977   Thumb Code    24  stm32f10x_usart.o(.text)
    USART_ITConfig                           0x0800298f   Thumb Code    74  stm32f10x_usart.o(.text)
    USART_DMACmd                             0x080029d9   Thumb Code    18  stm32f10x_usart.o(.text)
    USART_SetAddress                         0x080029eb   Thumb Code    18  stm32f10x_usart.o(.text)
    USART_WakeUpConfig                       0x080029fd   Thumb Code    18  stm32f10x_usart.o(.text)
    USART_ReceiverWakeUpCmd                  0x08002a0f   Thumb Code    24  stm32f10x_usart.o(.text)
    USART_LINBreakDetectLengthConfig         0x08002a27   Thumb Code    18  stm32f10x_usart.o(.text)
    USART_LINCmd                             0x08002a39   Thumb Code    24  stm32f10x_usart.o(.text)
    USART_SendData                           0x08002a51   Thumb Code     8  stm32f10x_usart.o(.text)
    USART_ReceiveData                        0x08002a59   Thumb Code    10  stm32f10x_usart.o(.text)
    USART_SendBreak                          0x08002a63   Thumb Code    10  stm32f10x_usart.o(.text)
    USART_SetGuardTime                       0x08002a6d   Thumb Code    16  stm32f10x_usart.o(.text)
    USART_SetPrescaler                       0x08002a7d   Thumb Code    16  stm32f10x_usart.o(.text)
    USART_SmartCardCmd                       0x08002a8d   Thumb Code    24  stm32f10x_usart.o(.text)
    USART_SmartCardNACKCmd                   0x08002aa5   Thumb Code    24  stm32f10x_usart.o(.text)
    USART_HalfDuplexCmd                      0x08002abd   Thumb Code    24  stm32f10x_usart.o(.text)
    USART_OverSampling8Cmd                   0x08002ad5   Thumb Code    22  stm32f10x_usart.o(.text)
    USART_OneBitMethodCmd                    0x08002aeb   Thumb Code    24  stm32f10x_usart.o(.text)
    USART_IrDAConfig                         0x08002b03   Thumb Code    18  stm32f10x_usart.o(.text)
    USART_IrDACmd                            0x08002b15   Thumb Code    24  stm32f10x_usart.o(.text)
    USART_GetFlagStatus                      0x08002b2d   Thumb Code    26  stm32f10x_usart.o(.text)
    USART_ClearFlag                          0x08002b47   Thumb Code    18  stm32f10x_usart.o(.text)
    USART_GetITStatus                        0x08002b59   Thumb Code    84  stm32f10x_usart.o(.text)
    USART_ClearITPendingBit                  0x08002bad   Thumb Code    52  stm32f10x_usart.o(.text)
    Reset_Handler                            0x08002be1   Thumb Code     8  startup_stm32f10x_hd.o(.text)
    ADC1_2_IRQHandler                        0x08002bfb   Thumb Code     0  startup_stm32f10x_hd.o(.text)
    ADC3_IRQHandler                          0x08002bfb   Thumb Code     0  startup_stm32f10x_hd.o(.text)
    CAN1_RX1_IRQHandler                      0x08002bfb   Thumb Code     0  startup_stm32f10x_hd.o(.text)
    CAN1_SCE_IRQHandler                      0x08002bfb   Thumb Code     0  startup_stm32f10x_hd.o(.text)
    DMA1_Channel1_IRQHandler                 0x08002bfb   Thumb Code     0  startup_stm32f10x_hd.o(.text)
    DMA1_Channel2_IRQHandler                 0x08002bfb   Thumb Code     0  startup_stm32f10x_hd.o(.text)
    DMA1_Channel3_IRQHandler                 0x08002bfb   Thumb Code     0  startup_stm32f10x_hd.o(.text)
    DMA1_Channel5_IRQHandler                 0x08002bfb   Thumb Code     0  startup_stm32f10x_hd.o(.text)
    DMA1_Channel6_IRQHandler                 0x08002bfb   Thumb Code     0  startup_stm32f10x_hd.o(.text)
    DMA2_Channel1_IRQHandler                 0x08002bfb   Thumb Code     0  startup_stm32f10x_hd.o(.text)
    DMA2_Channel2_IRQHandler                 0x08002bfb   Thumb Code     0  startup_stm32f10x_hd.o(.text)
    DMA2_Channel3_IRQHandler                 0x08002bfb   Thumb Code     0  startup_stm32f10x_hd.o(.text)
    EXTI0_IRQHandler                         0x08002bfb   Thumb Code     0  startup_stm32f10x_hd.o(.text)
    EXTI15_10_IRQHandler                     0x08002bfb   Thumb Code     0  startup_stm32f10x_hd.o(.text)
    EXTI1_IRQHandler                         0x08002bfb   Thumb Code     0  startup_stm32f10x_hd.o(.text)
    EXTI2_IRQHandler                         0x08002bfb   Thumb Code     0  startup_stm32f10x_hd.o(.text)
    EXTI3_IRQHandler                         0x08002bfb   Thumb Code     0  startup_stm32f10x_hd.o(.text)
    EXTI4_IRQHandler                         0x08002bfb   Thumb Code     0  startup_stm32f10x_hd.o(.text)
    EXTI9_5_IRQHandler                       0x08002bfb   Thumb Code     0  startup_stm32f10x_hd.o(.text)
    FLASH_IRQHandler                         0x08002bfb   Thumb Code     0  startup_stm32f10x_hd.o(.text)
    FSMC_IRQHandler                          0x08002bfb   Thumb Code     0  startup_stm32f10x_hd.o(.text)
    I2C1_ER_IRQHandler                       0x08002bfb   Thumb Code     0  startup_stm32f10x_hd.o(.text)
    I2C1_EV_IRQHandler                       0x08002bfb   Thumb Code     0  startup_stm32f10x_hd.o(.text)
    I2C2_ER_IRQHandler                       0x08002bfb   Thumb Code     0  startup_stm32f10x_hd.o(.text)
    I2C2_EV_IRQHandler                       0x08002bfb   Thumb Code     0  startup_stm32f10x_hd.o(.text)
    PVD_IRQHandler                           0x08002bfb   Thumb Code     0  startup_stm32f10x_hd.o(.text)
    RCC_IRQHandler                           0x08002bfb   Thumb Code     0  startup_stm32f10x_hd.o(.text)
    RTCAlarm_IRQHandler                      0x08002bfb   Thumb Code     0  startup_stm32f10x_hd.o(.text)
    RTC_IRQHandler                           0x08002bfb   Thumb Code     0  startup_stm32f10x_hd.o(.text)
    SPI1_IRQHandler                          0x08002bfb   Thumb Code     0  startup_stm32f10x_hd.o(.text)
    SPI2_IRQHandler                          0x08002bfb   Thumb Code     0  startup_stm32f10x_hd.o(.text)
    SPI3_IRQHandler                          0x08002bfb   Thumb Code     0  startup_stm32f10x_hd.o(.text)
    TAMPER_IRQHandler                        0x08002bfb   Thumb Code     0  startup_stm32f10x_hd.o(.text)
    TIM1_BRK_IRQHandler                      0x08002bfb   Thumb Code     0  startup_stm32f10x_hd.o(.text)
    TIM1_CC_IRQHandler                       0x08002bfb   Thumb Code     0  startup_stm32f10x_hd.o(.text)
    TIM1_TRG_COM_IRQHandler                  0x08002bfb   Thumb Code     0  startup_stm32f10x_hd.o(.text)
    TIM1_UP_IRQHandler                       0x08002bfb   Thumb Code     0  startup_stm32f10x_hd.o(.text)
    TIM2_IRQHandler                          0x08002bfb   Thumb Code     0  startup_stm32f10x_hd.o(.text)
    TIM3_IRQHandler                          0x08002bfb   Thumb Code     0  startup_stm32f10x_hd.o(.text)
    TIM4_IRQHandler                          0x08002bfb   Thumb Code     0  startup_stm32f10x_hd.o(.text)
    TIM5_IRQHandler                          0x08002bfb   Thumb Code     0  startup_stm32f10x_hd.o(.text)
    TIM7_IRQHandler                          0x08002bfb   Thumb Code     0  startup_stm32f10x_hd.o(.text)
    TIM8_BRK_IRQHandler                      0x08002bfb   Thumb Code     0  startup_stm32f10x_hd.o(.text)
    TIM8_CC_IRQHandler                       0x08002bfb   Thumb Code     0  startup_stm32f10x_hd.o(.text)
    TIM8_TRG_COM_IRQHandler                  0x08002bfb   Thumb Code     0  startup_stm32f10x_hd.o(.text)
    TIM8_UP_IRQHandler                       0x08002bfb   Thumb Code     0  startup_stm32f10x_hd.o(.text)
    UART4_IRQHandler                         0x08002bfb   Thumb Code     0  startup_stm32f10x_hd.o(.text)
    UART5_IRQHandler                         0x08002bfb   Thumb Code     0  startup_stm32f10x_hd.o(.text)
    USART3_IRQHandler                        0x08002bfb   Thumb Code     0  startup_stm32f10x_hd.o(.text)
    USBWakeUp_IRQHandler                     0x08002bfb   Thumb Code     0  startup_stm32f10x_hd.o(.text)
    USB_HP_CAN1_TX_IRQHandler                0x08002bfb   Thumb Code     0  startup_stm32f10x_hd.o(.text)
    WWDG_IRQHandler                          0x08002bfb   Thumb Code     0  startup_stm32f10x_hd.o(.text)
    NMI_Handler                              0x08002c05   Thumb Code     2  stm32f10x_it.o(.text)
    HardFault_Handler                        0x08002c07   Thumb Code     4  stm32f10x_it.o(.text)
    MemManage_Handler                        0x08002c0b   Thumb Code     4  stm32f10x_it.o(.text)
    BusFault_Handler                         0x08002c0f   Thumb Code     4  stm32f10x_it.o(.text)
    UsageFault_Handler                       0x08002c13   Thumb Code     4  stm32f10x_it.o(.text)
    DebugMon_Handler                         0x08002c17   Thumb Code     2  stm32f10x_it.o(.text)
    main                                     0x08002d9b   Thumb Code    32  main.o(.text)
    vSetupSysInfoTest                        0x08002ec1   Thumb Code    18  sysinfotest.o(.text)
    TIM6_IRQHandler                          0x08002ed3   Thumb Code    32  sysinfotest.o(.text)
    ParametersInit                           0x08002efd   Thumb Code     8  gather.o(.text)
    canCommunicateParaInit                   0x08002f05   Thumb Code    16  cancommunicate.o(.text)
    StringFind                               0x08002f19   Thumb Code    74  protocol.o(.text)
    Protocol_DecodeInt                       0x08002f63   Thumb Code    92  protocol.o(.text)
    Protocol_Encode                          0x08002fbf   Thumb Code    50  protocol.o(.text)
    Protocol_EncodeCInt                      0x08002ff1   Thumb Code   232  protocol.o(.text)
    DataHeadFind                             0x080030d9   Thumb Code    36  protocol.o(.text)
    canmsgAnalyze                            0x080030fd   Thumb Code   598  protocol.o(.text)
    bsp_DWT_init                             0x08003391   Thumb Code    30  bsp_dwt_delay.o(.text)
    DwtDelay_uS                              0x080033af   Thumb Code    74  bsp_dwt_delay.o(.text)
    bsp_Init                                 0x0800340d   Thumb Code    54  bsp.o(.text)
    bsp_KEY_Init                             0x0800346d   Thumb Code    34  bsp_key.o(.text)
    Key_Scan                                 0x0800348f   Thumb Code   180  bsp_key.o(.text)
    bsp_GetRCCofGPIO                         0x0800355d   Thumb Code    74  bsp_tim_pwm.o(.text)
    bsp_GetRCCofTIM                          0x080035a7   Thumb Code   150  bsp_tim_pwm.o(.text)
    bsp_ConfigTimGpio                        0x0800363d   Thumb Code    96  bsp_tim_pwm.o(.text)
    bsp_ConfigGpioOut                        0x0800369d   Thumb Code    46  bsp_tim_pwm.o(.text)
    bsp_SetTIMOutPWM                         0x080036cb   Thumb Code   426  bsp_tim_pwm.o(.text)
    bsp_SetTIMOutPWM_N                       0x08003875   Thumb Code   516  bsp_tim_pwm.o(.text)
    bsp_SetTIMforInt                         0x08003a79   Thumb Code   478  bsp_tim_pwm.o(.text)
    bsp_LED_Init                             0x08003cb7   Thumb Code    64  bsp_led.o(.text)
    bsp_Led_Flash                            0x08003cf7   Thumb Code    50  bsp_led.o(.text)
    SD_LowLevel_DeInit                       0x08003d39   Thumb Code    66  bsp_sdio_sdcard.o(.text)
    SD_DeInit                                0x08003d7b   Thumb Code     8  bsp_sdio_sdcard.o(.text)
    SD_EnableWideBusOperation                0x0800413f   Thumb Code   178  bsp_sdio_sdcard.o(.text)
    SD_SelectDeselect                        0x080041f1   Thumb Code    48  bsp_sdio_sdcard.o(.text)
    SD_GetCardInfo                           0x08004221   Thumb Code   742  bsp_sdio_sdcard.o(.text)
    SD_InitializeCards                       0x08004603   Thumb Code   294  bsp_sdio_sdcard.o(.text)
    SD_PowerON                               0x080047d1   Thumb Code   432  bsp_sdio_sdcard.o(.text)
    SD_LowLevel_Init                         0x08004981   Thumb Code    70  bsp_sdio_sdcard.o(.text)
    SD_Init                                  0x08004a07   Thumb Code   128  bsp_sdio_sdcard.o(.text)
    SD_SendStatus                            0x08004a87   Thumb Code    74  bsp_sdio_sdcard.o(.text)
    SD_Detect                                0x08004ad1   Thumb Code    12  bsp_sdio_sdcard.o(.text)
    SD_GetState                              0x08004add   Thumb Code    38  bsp_sdio_sdcard.o(.text)
    SD_GetStatus                             0x08004b03   Thumb Code    30  bsp_sdio_sdcard.o(.text)
    SD_PowerOFF                              0x08004b21   Thumb Code    14  bsp_sdio_sdcard.o(.text)
    SD_SendSDStatus                          0x08004b2f   Thumb Code   364  bsp_sdio_sdcard.o(.text)
    SD_GetCardStatus                         0x08004c9b   Thumb Code   156  bsp_sdio_sdcard.o(.text)
    SD_LowLevel_DMA_RxConfig                 0x08004d37   Thumb Code   146  bsp_sdio_sdcard.o(.text)
    SD_ReadBlock                             0x08004dc9   Thumb Code   208  bsp_sdio_sdcard.o(.text)
    SD_ReadMultiBlocks                       0x08004e99   Thumb Code   218  bsp_sdio_sdcard.o(.text)
    SD_StopTransfer                          0x08004f73   Thumb Code    46  bsp_sdio_sdcard.o(.text)
    SD_WaitReadOperation                     0x08004fa1   Thumb Code   102  bsp_sdio_sdcard.o(.text)
    SD_LowLevel_DMA_TxConfig                 0x08005007   Thumb Code    98  bsp_sdio_sdcard.o(.text)
    SD_WriteBlock                            0x08005069   Thumb Code   206  bsp_sdio_sdcard.o(.text)
    SD_WriteMultiBlocks                      0x08005137   Thumb Code   358  bsp_sdio_sdcard.o(.text)
    SD_WaitWriteOperation                    0x0800529d   Thumb Code   102  bsp_sdio_sdcard.o(.text)
    SD_GetTransferState                      0x08005303   Thumb Code    18  bsp_sdio_sdcard.o(.text)
    SD_Erase                                 0x080054a1   Thumb Code   296  bsp_sdio_sdcard.o(.text)
    SD_ProcessIRQSrc                         0x080055c9   Thumb Code   216  bsp_sdio_sdcard.o(.text)
    SD_ProcessDMAIRQ                         0x080056a1   Thumb Code    26  bsp_sdio_sdcard.o(.text)
    convert_from_bytes_to_power_of_two       0x080056bb   Thumb Code    18  bsp_sdio_sdcard.o(.text)
    SD_DMAEndOfTransferStatus                0x080056cd   Thumb Code    10  bsp_sdio_sdcard.o(.text)
    SDIO_IRQHandler                          0x080056d7   Thumb Code     8  bsp_sdio_sdcard.o(.text)
    DMA2_Channel4_5_IRQHandler               0x080056df   Thumb Code     8  bsp_sdio_sdcard.o(.text)
    USART1_DMA_Config                        0x0800573d   Thumb Code   194  bsp_usart1.o(.text)
    USART1_Config                            0x080057ff   Thumb Code   174  bsp_usart1.o(.text)
    Uart1_Start_DMA_Tx                       0x080058ad   Thumb Code    26  bsp_usart1.o(.text)
    DMA1_Channel4_IRQHandler                 0x080058c7   Thumb Code    36  bsp_usart1.o(.text)
    USART1_IRQHandler                        0x080058eb   Thumb Code   146  bsp_usart1.o(.text)
    Uart1_DMA_SendString                     0x0800597d   Thumb Code    52  bsp_usart1.o(.text)
    Usart1_SendByte                          0x080059b1   Thumb Code    30  bsp_usart1.o(.text)
    Usar1_SendString                         0x080059cf   Thumb Code    42  bsp_usart1.o(.text)
    Usart1_SendHalfWord                      0x080059f9   Thumb Code    60  bsp_usart1.o(.text)
    fputc                                    0x08005a35   Thumb Code    36  bsp_usart1.o(.text)
    fgetc                                    0x08005a59   Thumb Code    30  bsp_usart1.o(.text)
    OLED_WR_Byte                             0x08005a9d   Thumb Code   102  bsp_oled.o(.text)
    OLED_Set_Pos                             0x08005b03   Thumb Code    48  bsp_oled.o(.text)
    oled_drawPoint                           0x08005b33   Thumb Code   100  bsp_oled.o(.text)
    oled_readPoint                           0x08005b97   Thumb Code    62  bsp_oled.o(.text)
    OLED_Display_On                          0x08005bd5   Thumb Code    28  bsp_oled.o(.text)
    OLED_Display_Off                         0x08005bf1   Thumb Code    28  bsp_oled.o(.text)
    OLED_Refresh_Gram                        0x08005c0d   Thumb Code    70  bsp_oled.o(.text)
    OLED_Clear                               0x08005c53   Thumb Code    42  bsp_oled.o(.text)
    OLED_FillAll                             0x08005c7d   Thumb Code    42  bsp_oled.o(.text)
    OLED_Fill                                0x08005ca7   Thumb Code    54  bsp_oled.o(.text)
    OLED_ShowChar                            0x08005cdd   Thumb Code   464  bsp_oled.o(.text)
    OLED_ShowChar32                          0x08005ead   Thumb Code   368  bsp_oled.o(.text)
    mypow                                    0x0800601d   Thumb Code    22  bsp_oled.o(.text)
    OLED_ShowNum                             0x08006033   Thumb Code   554  bsp_oled.o(.text)
    OLED_ShowNum32                           0x0800625d   Thumb Code   162  bsp_oled.o(.text)
    OLED_ShowString                          0x080062ff   Thumb Code    70  bsp_oled.o(.text)
    OLED_ShowCHinese                         0x08006345   Thumb Code   204  bsp_oled.o(.text)
    OLED_DrawBMP                             0x08006411   Thumb Code   278  bsp_oled.o(.text)
    bsp_OLED_Init                            0x08006527   Thumb Code   454  bsp_oled.o(.text)
    Oled_Show_NumCor                         0x080066ed   Thumb Code    52  bsp_oled.o(.text)
    OLED_ShowStringCor                       0x08006721   Thumb Code    64  bsp_oled.o(.text)
    SHT3X_IIC_ACK                            0x08006761   Thumb Code    78  bsp_sht3x.o(.text)
    SHT3X_IIC_NACK                           0x080067af   Thumb Code    78  bsp_sht3x.o(.text)
    SHT3X_IIC_wait_ACK                       0x080067fd   Thumb Code   154  bsp_sht3x.o(.text)
    SHT3X_IIC_Start                          0x08006897   Thumb Code    68  bsp_sht3x.o(.text)
    SHT3X_IIC_Stop                           0x080068db   Thumb Code    70  bsp_sht3x.o(.text)
    SHT3X_IIC_SendByte                       0x08006921   Thumb Code   106  bsp_sht3x.o(.text)
    SHT3X_IIC_RcvByte                        0x0800698b   Thumb Code    96  bsp_sht3x.o(.text)
    SHT3x_Getdata                            0x080069eb   Thumb Code   390  bsp_sht3x.o(.text)
    bsp_SHT3x_Init                           0x08006b71   Thumb Code    88  bsp_sht3x.o(.text)
    DS3231_IIC_ACK                           0x08006bd5   Thumb Code    78  bsp_ds3231.o(.text)
    DS3231_IIC_NACK                          0x08006c23   Thumb Code    78  bsp_ds3231.o(.text)
    DS3231_IIC_wait_ACK                      0x08006c71   Thumb Code   154  bsp_ds3231.o(.text)
    DS3231_IIC_Start                         0x08006d0b   Thumb Code    68  bsp_ds3231.o(.text)
    DS3231_IIC_Stop                          0x08006d4f   Thumb Code    70  bsp_ds3231.o(.text)
    DS3231_IIC_SendByte                      0x08006d95   Thumb Code   106  bsp_ds3231.o(.text)
    DS3231_IIC_RcvByte                       0x08006dff   Thumb Code    96  bsp_ds3231.o(.text)
    BCDtoHEX                                 0x08006e5f   Thumb Code    24  bsp_ds3231.o(.text)
    B_BCD                                    0x08006e77   Thumb Code    32  bsp_ds3231.o(.text)
    DS3231_IIC_Write                         0x08006e97   Thumb Code    48  bsp_ds3231.o(.text)
    DS3231_IIC_Read                          0x08006ec7   Thumb Code    30  bsp_ds3231.o(.text)
    DS3231_I2C_Read_Add                      0x08006ee5   Thumb Code    34  bsp_ds3231.o(.text)
    DS3231_Readtime                          0x08006f07   Thumb Code   278  bsp_ds3231.o(.text)
    autoweek                                 0x0800701d   Thumb Code   116  bsp_ds3231.o(.text)
    DS3231_SetTime                           0x08007091   Thumb Code   128  bsp_ds3231.o(.text)
    bsp_DS3231_Init                          0x08007111   Thumb Code    96  bsp_ds3231.o(.text)
    SetTime_Add                              0x08007171   Thumb Code   380  bsp_ds3231.o(.text)
    GY30_IIC_ACK                             0x080072fd   Thumb Code    76  bsp_gy30.o(.text)
    GY30_IIC_NACK                            0x08007349   Thumb Code    74  bsp_gy30.o(.text)
    GY30_IIC_wait_ACK                        0x08007393   Thumb Code   154  bsp_gy30.o(.text)
    GY30_IIC_Start                           0x0800742d   Thumb Code    90  bsp_gy30.o(.text)
    GY30_IIC_Stop                            0x08007487   Thumb Code    66  bsp_gy30.o(.text)
    GY30_IIC_SendByte                        0x080074c9   Thumb Code   164  bsp_gy30.o(.text)
    GY30_IIC_RcvByte                         0x0800756d   Thumb Code    96  bsp_gy30.o(.text)
    Single_Write_BH1750                      0x080075cd   Thumb Code    26  bsp_gy30.o(.text)
    Single_Read_BH1750                       0x080075e7   Thumb Code    48  bsp_gy30.o(.text)
    Multiple_Read_BH1750                     0x08007617   Thumb Code    52  bsp_gy30.o(.text)
    bsp_BH1750_Init                          0x0800764b   Thumb Code    98  bsp_gy30.o(.text)
    Updata_BH1750                            0x080076ad   Thumb Code    96  bsp_gy30.o(.text)
    UART2_DMA_Config                         0x0800774d   Thumb Code   194  bsp_usart2.o(.text)
    UART2_Config                             0x0800780f   Thumb Code   170  bsp_usart2.o(.text)
    Uart2_Start_DMA_Tx                       0x080078b9   Thumb Code    26  bsp_usart2.o(.text)
    DMA1_Channel7_IRQHandler                 0x080078d3   Thumb Code    36  bsp_usart2.o(.text)
    USART2_IRQHandler                        0x080078f7   Thumb Code   158  bsp_usart2.o(.text)
    Uart2_DMA_SendString                     0x08007995   Thumb Code    52  bsp_usart2.o(.text)
    bsp_PMS_Init                             0x080079c9   Thumb Code    10  bsp_usart2.o(.text)
    bsp_BME280_Init                          0x080079f9   Thumb Code    90  bsp_bme280.o(.text)
    BME280_IIC_Start                         0x08007a53   Thumb Code    68  bsp_bme280.o(.text)
    BME280_IIC_Stop                          0x08007a97   Thumb Code    62  bsp_bme280.o(.text)
    BME280_IIC_Wait_Ack                      0x08007ad5   Thumb Code    86  bsp_bme280.o(.text)
    BME280_IIC_Ack                           0x08007b2b   Thumb Code    66  bsp_bme280.o(.text)
    BME280_IIC_NAck                          0x08007b6d   Thumb Code    66  bsp_bme280.o(.text)
    BME280_IIC_Send_Byte                     0x08007baf   Thumb Code    90  bsp_bme280.o(.text)
    BME280_IIC_Read_Byte                     0x08007c09   Thumb Code    98  bsp_bme280.o(.text)
    BME280_Write_Byte                        0x08007c6b   Thumb Code    76  bsp_bme280.o(.text)
    BME280_Read_Byte                         0x08007cb7   Thumb Code    72  bsp_bme280.o(.text)
    BME280_Read_Len                          0x08007cff   Thumb Code   116  bsp_bme280.o(.text)
    readTrim                                 0x08007d73   Thumb Code   358  bsp_bme280.o(.text)
    BME280_Init                              0x08007ed9   Thumb Code    54  bsp_bme280.o(.text)
    BME280_Getdata                           0x08008349   Thumb Code   144  bsp_bme280.o(.text)
    CAN_GPIO_Config                          0x08008425   Thumb Code    76  bsp_can.o(.text)
    CAN_Mode_Config                          0x08008471   Thumb Code    84  bsp_can.o(.text)
    CAN_Filter_Config                        0x080084c5   Thumb Code    64  bsp_can.o(.text)
    CAN_NVIC_Config                          0x08008505   Thumb Code    34  bsp_can.o(.text)
    bsp_CAN_Init                             0x08008527   Thumb Code    20  bsp_can.o(.text)
    USB_LP_CAN1_RX0_IRQHandler               0x0800853b   Thumb Code    44  bsp_can.o(.text)
    pvPortMalloc                             0x0800863f   Thumb Code   254  heap_4.o(.text)
    vPortFree                                0x0800873d   Thumb Code   112  heap_4.o(.text)
    xPortGetFreeHeapSize                     0x080087ad   Thumb Code     6  heap_4.o(.text)
    xPortGetMinimumEverFreeHeapSize          0x080087b3   Thumb Code     6  heap_4.o(.text)
    vPortInitialiseBlocks                    0x080087b9   Thumb Code     2  heap_4.o(.text)
    pxPortInitialiseStack                    0x080087f5   Thumb Code    26  port.o(.text)
    vPortSetupTimerInterrupt                 0x0800880f   Thumb Code    14  port.o(.text)
    xPortStartScheduler                      0x0800881d   Thumb Code   140  port.o(.text)
    vPortEndScheduler                        0x080088a9   Thumb Code    30  port.o(.text)
    vPortYield                               0x080088c7   Thumb Code    20  port.o(.text)
    vPortEnterCritical                       0x080088db   Thumb Code    60  port.o(.text)
    vPortExitCritical                        0x08008917   Thumb Code    40  port.o(.text)
    SysTick_Handler                          0x0800893f   Thumb Code    30  port.o(.text)
    vPortValidateInterruptPriority           0x0800895d   Thumb Code    80  port.o(.text)
    xCoRoutineCreate                         0x08008a03   Thumb Code   126  croutine.o(.text)
    vCoRoutineAddToDelayedList               0x08008a81   Thumb Code    82  croutine.o(.text)
    vCoRoutineSchedule                       0x08008be3   Thumb Code   122  croutine.o(.text)
    xCoRoutineRemoveFromEventList            0x08008c5d   Thumb Code    48  croutine.o(.text)
    xEventGroupCreate                        0x08008cb9   Thumb Code    26  event_groups.o(.text)
    xEventGroupSetBits                       0x08008cd3   Thumb Code   178  event_groups.o(.text)
    xEventGroupSync                          0x08008d85   Thumb Code   186  event_groups.o(.text)
    xEventGroupWaitBits                      0x08008e5d   Thumb Code   238  event_groups.o(.text)
    xEventGroupClearBits                     0x08008f4b   Thumb Code    64  event_groups.o(.text)
    xEventGroupGetBitsFromISR                0x08008f8b   Thumb Code    28  event_groups.o(.text)
    vEventGroupDelete                        0x08008fa7   Thumb Code    68  event_groups.o(.text)
    vEventGroupSetBitsCallback               0x08008feb   Thumb Code    16  event_groups.o(.text)
    vEventGroupClearBitsCallback             0x08008ffb   Thumb Code    16  event_groups.o(.text)
    uxEventGroupGetNumber                    0x0800900b   Thumb Code    14  event_groups.o(.text)
    vListInitialise                          0x08009019   Thumb Code    26  list.o(.text)
    vListInitialiseItem                      0x08009033   Thumb Code     6  list.o(.text)
    vListInsertEnd                           0x08009039   Thumb Code    24  list.o(.text)
    vListInsert                              0x08009051   Thumb Code    52  list.o(.text)
    uxListRemove                             0x08009085   Thumb Code    40  list.o(.text)
    xQueueGenericReset                       0x080090ad   Thumb Code   120  queue.o(.text)
    xQueueGenericCreate                      0x08009125   Thumb Code   106  queue.o(.text)
    xQueueGenericSend                        0x08009299   Thumb Code   296  queue.o(.text)
    xQueueGenericSendFromISR                 0x080093c1   Thumb Code   172  queue.o(.text)
    xQueueGiveFromISR                        0x0800946d   Thumb Code   148  queue.o(.text)
    xQueueGenericReceive                     0x08009545   Thumb Code   290  queue.o(.text)
    xQueueReceiveFromISR                     0x08009667   Thumb Code   136  queue.o(.text)
    xQueuePeekFromISR                        0x080096ef   Thumb Code   110  queue.o(.text)
    uxQueueMessagesWaiting                   0x0800975d   Thumb Code    28  queue.o(.text)
    uxQueueSpacesAvailable                   0x08009779   Thumb Code    34  queue.o(.text)
    uxQueueMessagesWaitingFromISR            0x0800979b   Thumb Code    20  queue.o(.text)
    vQueueDelete                             0x080097af   Thumb Code    24  queue.o(.text)
    uxQueueGetQueueNumber                    0x080097c7   Thumb Code     6  queue.o(.text)
    vQueueSetQueueNumber                     0x080097cd   Thumb Code     4  queue.o(.text)
    ucQueueGetQueueType                      0x080097d1   Thumb Code     8  queue.o(.text)
    xQueueIsQueueEmptyFromISR                0x080097d9   Thumb Code    28  queue.o(.text)
    xQueueIsQueueFullFromISR                 0x080097f5   Thumb Code    32  queue.o(.text)
    xQueueCRSend                             0x08009815   Thumb Code   130  queue.o(.text)
    xQueueCRReceive                          0x08009897   Thumb Code   148  queue.o(.text)
    xQueueCRSendFromISR                      0x0800992b   Thumb Code    64  queue.o(.text)
    xQueueCRReceiveFromISR                   0x0800996b   Thumb Code    94  queue.o(.text)
    xTaskGenericCreate                       0x08009aaf   Thumb Code   288  tasks.o(.text)
    vTaskDelete                              0x08009bf9   Thumb Code   160  tasks.o(.text)
    xTaskIncrementTick                       0x08009c99   Thumb Code   272  tasks.o(.text)
    xTaskResumeAll                           0x08009da9   Thumb Code   282  tasks.o(.text)
    vTaskSuspendAll                          0x08009f01   Thumb Code    12  tasks.o(.text)
    vTaskDelayUntil                          0x08009f0d   Thumb Code   176  tasks.o(.text)
    vTaskDelay                               0x08009fbd   Thumb Code    94  tasks.o(.text)
    uxTaskPriorityGet                        0x0800a01b   Thumb Code    30  tasks.o(.text)
    uxTaskPriorityGetFromISR                 0x0800a039   Thumb Code    42  tasks.o(.text)
    vTaskPrioritySet                         0x0800a063   Thumb Code   224  tasks.o(.text)
    vTaskSwitchContext                       0x0800a143   Thumb Code   158  tasks.o(.text)
    vTaskSuspend                             0x0800a1e1   Thumb Code   232  tasks.o(.text)
    vTaskResume                              0x0800a30d   Thumb Code   104  tasks.o(.text)
    xTaskResumeFromISR                       0x0800a375   Thumb Code   126  tasks.o(.text)
    vTaskStartScheduler                      0x0800a46f   Thumb Code    74  tasks.o(.text)
    vTaskEndScheduler                        0x0800a4b9   Thumb Code    18  tasks.o(.text)
    xTaskGetTickCount                        0x0800a4cb   Thumb Code     6  tasks.o(.text)
    xTaskGetTickCountFromISR                 0x0800a4d1   Thumb Code    16  tasks.o(.text)
    uxTaskGetNumberOfTasks                   0x0800a4e1   Thumb Code     6  tasks.o(.text)
    uxTaskGetSystemState                     0x0800a5ad   Thumb Code   208  tasks.o(.text)
    vTaskPlaceOnEventList                    0x0800a67d   Thumb Code    94  tasks.o(.text)
    vTaskPlaceOnUnorderedEventList           0x0800a6db   Thumb Code   132  tasks.o(.text)
    xTaskRemoveFromEventList                 0x0800a75f   Thumb Code   114  tasks.o(.text)
    xTaskRemoveFromUnorderedEventList        0x0800a7d1   Thumb Code   126  tasks.o(.text)
    vTaskSetTimeOutState                     0x0800a84f   Thumb Code    28  tasks.o(.text)
    xTaskCheckForTimeOut                     0x0800a86b   Thumb Code   108  tasks.o(.text)
    vTaskMissedYield                         0x0800a8d7   Thumb Code     8  tasks.o(.text)
    uxTaskGetTaskNumber                      0x0800a8df   Thumb Code    14  tasks.o(.text)
    vTaskSetTaskNumber                       0x0800a8ed   Thumb Code     8  tasks.o(.text)
    vTaskList                                0x0800a91f   Thumb Code   180  tasks.o(.text)
    vTaskGetRunTimeStats                     0x0800a9d3   Thumb Code   242  tasks.o(.text)
    uxTaskResetEventItemValue                0x0800aac5   Thumb Code    24  tasks.o(.text)
    ulTaskNotifyTake                         0x0800aadd   Thumb Code   162  tasks.o(.text)
    xTaskNotifyWait                          0x0800ab7f   Thumb Code   196  tasks.o(.text)
    xTaskGenericNotify                       0x0800ac43   Thumb Code   202  tasks.o(.text)
    xTaskGenericNotifyFromISR                0x0800ad0d   Thumb Code   240  tasks.o(.text)
    vTaskNotifyGiveFromISR                   0x0800adfd   Thumb Code   158  tasks.o(.text)
    xTaskNotifyStateClear                    0x0800ae9b   Thumb Code    78  tasks.o(.text)
    Status_Scan                              0x0800aee9   Thumb Code    54  keytask.o(.text)
    vTaskKey                                 0x0800af1f   Thumb Code    44  keytask.o(.text)
    canSendKeyClickData                      0x0800af4b   Thumb Code    78  keytask.o(.text)
    vTaskLed                                 0x0800b041   Thumb Code    72  ledtask.o(.text)
    canSendLedData                           0x0800b08b   Thumb Code   280  ledtask.o(.text)
    vTaskDisplay                             0x0800b1c9   Thumb Code   162  displaytask.o(.text)
    setShow_ui                               0x0800b26b   Thumb Code    14  displaytask.o(.text)
    Show_Para_Con                            0x0800b279   Thumb Code    72  displaytask.o(.text)
    Change_UIMode                            0x0800b2c1   Thumb Code    58  displaytask.o(.text)
    canSendCarUIData                         0x0800b2fb   Thumb Code   316  displaytask.o(.text)
    canSendCarUIReqCmd                       0x0800b437   Thumb Code    70  displaytask.o(.text)
    canSendSht3xData                         0x0800b499   Thumb Code   174  environmenttask.o(.text)
    vTaskEnvironment                         0x0800b553   Thumb Code    68  environmenttask.o(.text)
    canSendClockData                         0x0800b5a9   Thumb Code   818  clocktask.o(.text)
    vTaskClock                               0x0800b8e7   Thumb Code    24  clocktask.o(.text)
    canSendGy30Data                          0x0800b911   Thumb Code    92  lighttask.o(.text)
    vTaskLight                               0x0800b96f   Thumb Code    30  lighttask.o(.text)
    canSendPmsData                           0x0800b999   Thumb Code   164  pmstask.o(.text)
    UpdataPms                                0x0800ba3d   Thumb Code    34  pmstask.o(.text)
    vTaskPms                                 0x0800ba5f   Thumb Code    34  pmstask.o(.text)
    canSendBMEData                           0x0800ba8d   Thumb Code   344  bmetask.o(.text)
    vTaskBme                                 0x0800bbe7   Thumb Code    24  bmetask.o(.text)
    vTaskCanRx                               0x0800bc43   Thumb Code    52  cancommunicatetask.o(.text)
    vTaskCanTx                               0x0800bc77   Thumb Code    42  cancommunicatetask.o(.text)
    vTaskcanSendData                         0x0800bca1   Thumb Code    80  cancommunicatetask.o(.text)
    Main_uiconfigParamInit                   0x0800bd11   Thumb Code    98  main_ui.o(.text)
    Main_ZUI                                 0x0800bd73   Thumb Code  7250  main_ui.o(.text)
    Main_uictrl                              0x0800da1f   Thumb Code  1692  main_ui.o(.text)
    Car_uiconfigParamInit                    0x0800e0d5   Thumb Code    96  car_ui.o(.text)
    Car_ZUI                                  0x0800e135   Thumb Code  2802  car_ui.o(.text)
    Car_uictrl                               0x0800ec53   Thumb Code  1262  car_ui.o(.text)
    __aeabi_uldivmod                         0x0800f161   Thumb Code    98  uldiv.o(.text)
    __aeabi_ldivmod                          0x0800f1c3   Thumb Code    98  ldiv.o(.text)
    __aeabi_memcpy                           0x0800f225   Thumb Code    36  memcpya.o(.text)
    __aeabi_memcpy4                          0x0800f225   Thumb Code     0  memcpya.o(.text)
    __aeabi_memcpy8                          0x0800f225   Thumb Code     0  memcpya.o(.text)
    __aeabi_memset                           0x0800f249   Thumb Code    14  memseta.o(.text)
    __aeabi_memset4                          0x0800f249   Thumb Code     0  memseta.o(.text)
    __aeabi_memset8                          0x0800f249   Thumb Code     0  memseta.o(.text)
    __aeabi_memclr                           0x0800f257   Thumb Code     4  memseta.o(.text)
    __aeabi_memclr4                          0x0800f257   Thumb Code     0  memseta.o(.text)
    __aeabi_memclr8                          0x0800f257   Thumb Code     0  memseta.o(.text)
    _memset$wrapper                          0x0800f25b   Thumb Code    18  memseta.o(.text)
    strlen                                   0x0800f26d   Thumb Code    14  strlen.o(.text)
    strcpy                                   0x0800f27b   Thumb Code    18  strcpy.o(.text)
    __aeabi_fadd                             0x0800f28d   Thumb Code   164  fadd.o(.text)
    __aeabi_fsub                             0x0800f331   Thumb Code     6  fadd.o(.text)
    __aeabi_frsub                            0x0800f337   Thumb Code     6  fadd.o(.text)
    __aeabi_fmul                             0x0800f33d   Thumb Code   100  fmul.o(.text)
    __aeabi_fdiv                             0x0800f3a1   Thumb Code   124  fdiv.o(.text)
    __aeabi_dadd                             0x0800f41d   Thumb Code   322  dadd.o(.text)
    __aeabi_dsub                             0x0800f55f   Thumb Code     6  dadd.o(.text)
    __aeabi_drsub                            0x0800f565   Thumb Code     6  dadd.o(.text)
    __aeabi_dmul                             0x0800f56b   Thumb Code   228  dmul.o(.text)
    __aeabi_ddiv                             0x0800f64f   Thumb Code   222  ddiv.o(.text)
    __aeabi_i2f                              0x0800f72d   Thumb Code    18  fflti.o(.text)
    __aeabi_ui2f                             0x0800f73f   Thumb Code    10  ffltui.o(.text)
    __aeabi_i2d                              0x0800f749   Thumb Code    34  dflti.o(.text)
    __aeabi_ui2d                             0x0800f76b   Thumb Code    26  dfltui.o(.text)
    __aeabi_f2iz                             0x0800f785   Thumb Code    50  ffixi.o(.text)
    __aeabi_d2iz                             0x0800f7b7   Thumb Code    62  dfixi.o(.text)
    __aeabi_f2d                              0x0800f7f5   Thumb Code    38  f2d.o(.text)
    __aeabi_cdcmpeq                          0x0800f81d   Thumb Code     0  cdcmple.o(.text)
    __aeabi_cdcmple                          0x0800f81d   Thumb Code    48  cdcmple.o(.text)
    __aeabi_d2f                              0x0800f84d   Thumb Code    56  d2f.o(.text)
    __aeabi_cfcmpeq                          0x0800f885   Thumb Code     0  cfcmple.o(.text)
    __aeabi_cfcmple                          0x0800f885   Thumb Code    20  cfcmple.o(.text)
    __aeabi_cfrcmple                         0x0800f899   Thumb Code    20  cfrcmple.o(.text)
    __aeabi_llsl                             0x0800f8ad   Thumb Code    30  llshl.o(.text)
    _ll_shift_l                              0x0800f8ad   Thumb Code     0  llshl.o(.text)
    __aeabi_llsr                             0x0800f8cb   Thumb Code    32  llushr.o(.text)
    _ll_ushift_r                             0x0800f8cb   Thumb Code     0  llushr.o(.text)
    __aeabi_lasr                             0x0800f8eb   Thumb Code    36  llsshr.o(.text)
    _ll_sshift_r                             0x0800f8eb   Thumb Code     0  llsshr.o(.text)
    __strtod_int                             0x0800f947   Thumb Code    88  strtod.o(.text)
    __I$use$fp                               0x0800f9ad   Thumb Code     0  iusefp.o(.text)
    _float_round                             0x0800f9ad   Thumb Code    18  fepilogue.o(.text)
    _float_epilogue                          0x0800f9bf   Thumb Code    92  fepilogue.o(.text)
    _double_round                            0x0800fa1b   Thumb Code    30  depilogue.o(.text)
    _double_epilogue                         0x0800fa39   Thumb Code   156  depilogue.o(.text)
    __ARM_scalbn                             0x0800fad5   Thumb Code    46  dscalb.o(.text)
    scalbn                                   0x0800fad5   Thumb Code     0  dscalb.o(.text)
    __aeabi_cdrcmple                         0x0800fb05   Thumb Code    48  cdrcmple.o(.text)
    __scatterload                            0x0800fb35   Thumb Code    28  init.o(.text)
    __scatterload_rt2                        0x0800fb35   Thumb Code     0  init.o(.text)
    isspace                                  0x0800fb59   Thumb Code    10  isspace_c.o(.text)
    _scanf_real                              0x0800fc65   Thumb Code     0  scanf_fp.o(.text)
    _scanf_really_real                       0x0800fc65   Thumb Code   556  scanf_fp.o(.text)
    _sgetc                                   0x0800fe9d   Thumb Code    30  _sgetc.o(.text)
    _sbackspace                              0x0800febb   Thumb Code    34  _sgetc.o(.text)
    _dsqrt                                   0x0800fedd   Thumb Code   162  dsqrt.o(.text)
    __ctype_lookup                           0x0800ff81   Thumb Code    34  ctype_c.o(.text)
    __aeabi_ul2d                             0x0800ffa9   Thumb Code    24  dfltul.o(.text)
    __decompress                             0x0800ffc1   Thumb Code     0  __dczerorl2.o(.text)
    __decompress1                            0x0800ffc1   Thumb Code    86  __dczerorl2.o(.text)
    __0sprintf$4                             0x08010019   Thumb Code    34  printf4.o(i.__0sprintf$4)
    __1sprintf$4                             0x08010019   Thumb Code     0  printf4.o(i.__0sprintf$4)
    __2sprintf                               0x08010019   Thumb Code     0  printf4.o(i.__0sprintf$4)
    __ARM_fpclassify                         0x08010041   Thumb Code    40  fpclassify.o(i.__ARM_fpclassify)
    __kernel_poly                            0x08010069   Thumb Code   170  poly.o(i.__kernel_poly)
    __mathlib_dbl_divzero                    0x08010115   Thumb Code    12  dunder.o(i.__mathlib_dbl_divzero)
    __mathlib_dbl_infnan2                    0x08010125   Thumb Code     4  dunder.o(i.__mathlib_dbl_infnan2)
    __mathlib_dbl_invalid                    0x08010129   Thumb Code    12  dunder.o(i.__mathlib_dbl_invalid)
    __mathlib_dbl_overflow                   0x08010135   Thumb Code    14  dunder.o(i.__mathlib_dbl_overflow)
    __mathlib_dbl_underflow                  0x08010145   Thumb Code    10  dunder.o(i.__mathlib_dbl_underflow)
    __read_errno                             0x08010155   Thumb Code     6  errno.o(i.__read_errno)
    __scatterload_copy                       0x08010161   Thumb Code    14  handlers.o(i.__scatterload_copy)
    __scatterload_null                       0x0801016f   Thumb Code     2  handlers.o(i.__scatterload_null)
    __scatterload_zeroinit                   0x08010171   Thumb Code    14  handlers.o(i.__scatterload_zeroinit)
    __set_errno                              0x08010181   Thumb Code     6  errno.o(i.__set_errno)
    _is_digit                                0x0801018d   Thumb Code    14  scanf_fp.o(i._is_digit)
    atof                                     0x080103d3   Thumb Code    42  atof.o(i.atof)
    pow                                      0x080103fd   Thumb Code  2478  pow.o(i.pow)
    sqrt                                     0x08010db5   Thumb Code    76  sqrt.o(i.sqrt)
    F6x8                                     0x08010e00   Data         552  bsp_oled.o(.constdata)
    F8X16                                    0x08011028   Data        1520  bsp_oled.o(.constdata)
    F16X32                                   0x08011618   Data         896  bsp_oled.o(.constdata)
    Hzk                                      0x08011998   Data        1024  bsp_oled.o(.constdata)
    UI_NOSIGNAL8X8                           0x08011d98   Data           8  bmp.o(.constdata)
    UI_ASIGNAL8X8                            0x08011da0   Data           8  bmp.o(.constdata)
    __mathlib_zero                           0x08011e30   Data           8  qnan.o(.constdata)
    __ctype_categories                       0x08011e38   Data          64  ctype_c.o(.constdata)
    Region$$Table$$Base                      0x08011e78   Number         0  anon$$obj.o(Region$$Table)
    Region$$Table$$Limit                     0x08011e98   Number         0  anon$$obj.o(Region$$Table)
    SystemCoreClock                          0x20000000   Data           4  system_stm32f10x.o(.data)
    AHBPrescTable                            0x20000004   Data          16  system_stm32f10x.o(.data)
    xHandleTaskDisplay                       0x20000040   Data           4  main.o(.data)
    xHandleTaskEnvironment                   0x20000044   Data           4  main.o(.data)
    xHandleTaskClock                         0x20000048   Data           4  main.o(.data)
    xHandleTaskLight                         0x2000004c   Data           4  main.o(.data)
    xHandleTaskPms                           0x20000050   Data           4  main.o(.data)
    xHandleTaskBme                           0x20000054   Data           4  main.o(.data)
    xHandleTaskSendData                      0x20000058   Data           4  main.o(.data)
    xQueue_uart1Rx                           0x2000005c   Data           4  main.o(.data)
    xQueue_uart1Tx                           0x20000060   Data           4  main.o(.data)
    xQueue_uart2Rx                           0x20000064   Data           4  main.o(.data)
    xQueue_canRx                             0x20000068   Data           4  main.o(.data)
    xQueue_canTx                             0x2000006c   Data           4  main.o(.data)
    Event_canSendData                        0x20000070   Data           4  main.o(.data)
    ulHighFrequencyTimerTicks                0x20000074   Data           4  sysinfotest.o(.data)
    canConnect                               0x20000078   Data           8  cancommunicate.o(.data)
    carUIPara                                0x20000080   Data           6  cancommunicate.o(.data)
    carLEDA                                  0x20000088   Data           8  cancommunicate.o(.data)
    carFMQ                                   0x20000090   Data           8  cancommunicate.o(.data)
    KEY_RetValue                             0x2000009c   Data           1  bsp_key.o(.data)
    Key_PU                                   0x200000a0   Data          20  bsp_key.o(.data)
    Key_PD                                   0x200000b4   Data          20  bsp_key.o(.data)
    Key_PL                                   0x200000c8   Data          20  bsp_key.o(.data)
    Key_PR                                   0x200000dc   Data          20  bsp_key.o(.data)
    Key_PM                                   0x200000f0   Data          20  bsp_key.o(.data)
    LedA                                     0x20000104   Data          28  bsp_led.o(.data)
    LedB                                     0x20000120   Data          28  bsp_led.o(.data)
    Fmq                                      0x2000013c   Data          28  bsp_led.o(.data)
    StopCondition                            0x20000160   Data           4  bsp_sdio_sdcard.o(.data)
    TransferError                            0x20000164   Data           1  bsp_sdio_sdcard.o(.data)
    TransferEnd                              0x20000168   Data           4  bsp_sdio_sdcard.o(.data)
    DMAEndOfTransfer                         0x2000016c   Data           4  bsp_sdio_sdcard.o(.data)
    Oled_Colour                              0x20000173   Data           1  bsp_oled.o(.data)
    BH_Buf                                   0x20000174   Data           8  bsp_gy30.o(.data)
    pxCurrentCoRoutine                       0x200001cc   Data           4  croutine.o(.data)
    pxCurrentTCB                             0x200001e0   Data           4  tasks.o(.data)
    SendLedDataTickCount                     0x20000220   Data           4  ledtask.o(.data)
    Show_ui                                  0x20000224   Data           1  displaytask.o(.data)
    SendUITickCount                          0x20000228   Data           4  displaytask.o(.data)
    Huimiture                                0x20000230   Data           8  environmenttask.o(.data)
    EnvTickCount                             0x20000238   Data           4  environmenttask.o(.data)
    Light                                    0x20000240   Data           8  lighttask.o(.data)
    Pms                                      0x20000248   Data           4  pmstask.o(.data)
    Encoder                                  0x20000250   Data          16  cancommunicate.o(.bss)
    Motorpwm                                 0x20000260   Data          16  cancommunicate.o(.bss)
    SDCardInfo                               0x200002a0   Data          88  bsp_sdio_sdcard.o(.bss)
    SDIO_InitStructure                       0x200002f8   Data          24  bsp_sdio_sdcard.o(.bss)
    SDIO_CmdInitStructure                    0x20000310   Data          20  bsp_sdio_sdcard.o(.bss)
    SDIO_DataInitStructure                   0x20000324   Data          24  bsp_sdio_sdcard.o(.bss)
    bme280Cal                                0x20000804   Data          40  bsp_bme280.o(.bss)
    tCanTxMsg                                0x20000840   Data          20  bsp_can.o(.bss)
    tCanRxMsg                                0x20000854   Data          20  bsp_can.o(.bss)
    ClockA                                   0x20008388   Data          36  clocktask.o(.bss)
    SetClock                                 0x200083ac   Data          36  clocktask.o(.bss)
    Bme                                      0x200083d0   Data          16  bmetask.o(.bss)
    Main_uiconfigParam                       0x200083e0   Data          80  main_ui.o(.bss)
    Car_uiconfigParam                        0x20008430   Data          80  car_ui.o(.bss)
    __initial_sp                             0x20008880   Data           0  startup_stm32f10x_hd.o(STACK)



==============================================================================

Memory Map of the image

  Image Entry point : 0x08000131

  Load Region LR_IROM1 (Base: 0x08000000, Size: 0x000120e8, Max: 0x00040000, ABSOLUTE, COMPRESSED[0x00011ef0])

    Execution Region ER_IROM1 (Base: 0x08000000, Size: 0x00011e98, Max: 0x00040000, ABSOLUTE)

    Base Addr    Size         Type   Attr      Idx    E Section Name        Object

    0x08000000   0x00000130   Data   RO          398    RESET               startup_stm32f10x_hd.o
    0x08000130   0x00000000   Code   RO         1410  * .ARM.Collect$$$$00000000  mc_w.l(entry.o)
    0x08000130   0x00000004   Code   RO         1749    .ARM.Collect$$$$00000001  mc_w.l(entry2.o)
    0x08000134   0x00000004   Code   RO         1752    .ARM.Collect$$$$00000004  mc_w.l(entry5.o)
    0x08000138   0x00000000   Code   RO         1754    .ARM.Collect$$$$00000008  mc_w.l(entry7b.o)
    0x08000138   0x00000000   Code   RO         1756    .ARM.Collect$$$$0000000A  mc_w.l(entry8b.o)
    0x08000138   0x00000008   Code   RO         1757    .ARM.Collect$$$$0000000B  mc_w.l(entry9a.o)
    0x08000140   0x00000000   Code   RO         1759    .ARM.Collect$$$$0000000D  mc_w.l(entry10a.o)
    0x08000140   0x00000000   Code   RO         1761    .ARM.Collect$$$$0000000F  mc_w.l(entry11a.o)
    0x08000140   0x00000004   Code   RO         1750    .ARM.Collect$$$$00002712  mc_w.l(entry2.o)
    0x08000144   0x000000a2   Code   RO         1009    .emb_text           port.o
    0x080001e6   0x00000002   PAD
    0x080001e8   0x000001e0   Code   RO           17    .text               system_stm32f10x.o
    0x080003c8   0x000000dc   Code   RO          114    .text               misc.o
    0x080004a4   0x000009f0   Code   RO          154    .text               stm32f10x_can.o
    0x08000e94   0x00000254   Code   RO          214    .text               stm32f10x_dma.o
    0x080010e8   0x0000035c   Code   RO          262    .text               stm32f10x_gpio.o
    0x08001444   0x000003a4   Code   RO          310    .text               stm32f10x_rcc.o
    0x080017e8   0x000001d4   Code   RO          336    .text               stm32f10x_sdio.o
    0x080019bc   0x00000e1a   Code   RO          360    .text               stm32f10x_tim.o
    0x080027d6   0x00000002   PAD
    0x080027d8   0x00000408   Code   RO          372    .text               stm32f10x_usart.o
    0x08002be0   0x00000024   Code   RO          399    .text               startup_stm32f10x_hd.o
    0x08002c04   0x00000014   Code   RO          403    .text               stm32f10x_it.o
    0x08002c18   0x000002a8   Code   RO          418    .text               main.o
    0x08002ec0   0x0000003c   Code   RO          611    .text               sysinfotest.o
    0x08002efc   0x00000008   Code   RO          645    .text               gather.o
    0x08002f04   0x00000014   Code   RO          666    .text               cancommunicate.o
    0x08002f18   0x00000478   Code   RO          685    .text               protocol.o
    0x08003390   0x0000007c   Code   RO          720    .text               bsp_dwt_delay.o
    0x0800340c   0x0000003c   Code   RO          734    .text               bsp.o
    0x08003448   0x00000114   Code   RO          746    .text               bsp_key.o
    0x0800355c   0x00000728   Code   RO          764    .text               bsp_tim_pwm.o
    0x08003c84   0x000000b4   Code   RO          779    .text               bsp_led.o
    0x08003d38   0x000019c4   Code   RO          798    .text               bsp_sdio_sdcard.o
    0x080056fc   0x000003a0   Code   RO          831    .text               bsp_usart1.o
    0x08005a9c   0x00000cc4   Code   RO          846    .text               bsp_oled.o
    0x08006760   0x00000474   Code   RO          869    .text               bsp_sht3x.o
    0x08006bd4   0x00000728   Code   RO          888    .text               bsp_ds3231.o
    0x080072fc   0x00000410   Code   RO          907    .text               bsp_gy30.o
    0x0800770c   0x000002ec   Code   RO          929    .text               bsp_usart2.o
    0x080079f8   0x00000a2c   Code   RO          951    .text               bsp_bme280.o
    0x08008424   0x00000158   Code   RO          967    .text               bsp_can.o
    0x0800857c   0x00000258   Code   RO          985    .text               heap_4.o
    0x080087d4   0x000001f4   Code   RO         1010    .text               port.o
    0x080089c8   0x000002f0   Code   RO         1033    .text               croutine.o
    0x08008cb8   0x00000360   Code   RO         1052    .text               event_groups.o
    0x08009018   0x00000094   Code   RO         1064    .text               list.o
    0x080090ac   0x0000091c   Code   RO         1076    .text               queue.o
    0x080099c8   0x00001520   Code   RO         1091    .text               tasks.o
    0x0800aee8   0x000000cc   Code   RO         1120    .text               keytask.o
    0x0800afb4   0x00000208   Code   RO         1132    .text               ledtask.o
    0x0800b1bc   0x000002dc   Code   RO         1195    .text               displaytask.o
    0x0800b498   0x00000110   Code   RO         1221    .text               environmenttask.o
    0x0800b5a8   0x00000368   Code   RO         1239    .text               clocktask.o
    0x0800b910   0x00000088   Code   RO         1258    .text               lighttask.o
    0x0800b998   0x000000f4   Code   RO         1276    .text               pmstask.o
    0x0800ba8c   0x00000180   Code   RO         1294    .text               bmetask.o
    0x0800bc0c   0x00000104   Code   RO         1312    .text               cancommunicatetask.o
    0x0800bd10   0x000023c4   Code   RO         1348    .text               main_ui.o
    0x0800e0d4   0x0000108c   Code   RO         1378    .text               car_ui.o
    0x0800f160   0x00000062   Code   RO         1413    .text               mc_w.l(uldiv.o)
    0x0800f1c2   0x00000062   Code   RO         1415    .text               mc_w.l(ldiv.o)
    0x0800f224   0x00000024   Code   RO         1417    .text               mc_w.l(memcpya.o)
    0x0800f248   0x00000024   Code   RO         1419    .text               mc_w.l(memseta.o)
    0x0800f26c   0x0000000e   Code   RO         1421    .text               mc_w.l(strlen.o)
    0x0800f27a   0x00000012   Code   RO         1423    .text               mc_w.l(strcpy.o)
    0x0800f28c   0x000000b0   Code   RO         1688    .text               mf_w.l(fadd.o)
    0x0800f33c   0x00000064   Code   RO         1690    .text               mf_w.l(fmul.o)
    0x0800f3a0   0x0000007c   Code   RO         1692    .text               mf_w.l(fdiv.o)
    0x0800f41c   0x0000014e   Code   RO         1694    .text               mf_w.l(dadd.o)
    0x0800f56a   0x000000e4   Code   RO         1696    .text               mf_w.l(dmul.o)
    0x0800f64e   0x000000de   Code   RO         1698    .text               mf_w.l(ddiv.o)
    0x0800f72c   0x00000012   Code   RO         1700    .text               mf_w.l(fflti.o)
    0x0800f73e   0x0000000a   Code   RO         1702    .text               mf_w.l(ffltui.o)
    0x0800f748   0x00000022   Code   RO         1704    .text               mf_w.l(dflti.o)
    0x0800f76a   0x0000001a   Code   RO         1706    .text               mf_w.l(dfltui.o)
    0x0800f784   0x00000032   Code   RO         1708    .text               mf_w.l(ffixi.o)
    0x0800f7b6   0x0000003e   Code   RO         1710    .text               mf_w.l(dfixi.o)
    0x0800f7f4   0x00000026   Code   RO         1712    .text               mf_w.l(f2d.o)
    0x0800f81a   0x00000002   PAD
    0x0800f81c   0x00000030   Code   RO         1714    .text               mf_w.l(cdcmple.o)
    0x0800f84c   0x00000038   Code   RO         1716    .text               mf_w.l(d2f.o)
    0x0800f884   0x00000014   Code   RO         1718    .text               mf_w.l(cfcmple.o)
    0x0800f898   0x00000014   Code   RO         1720    .text               mf_w.l(cfrcmple.o)
    0x0800f8ac   0x0000001e   Code   RO         1766    .text               mc_w.l(llshl.o)
    0x0800f8ca   0x00000020   Code   RO         1768    .text               mc_w.l(llushr.o)
    0x0800f8ea   0x00000024   Code   RO         1770    .text               mc_w.l(llsshr.o)
    0x0800f90e   0x00000002   PAD
    0x0800f910   0x0000009c   Code   RO         1779    .text               mc_w.l(strtod.o)
    0x0800f9ac   0x00000000   Code   RO         1781    .text               mc_w.l(iusefp.o)
    0x0800f9ac   0x0000006e   Code   RO         1782    .text               mf_w.l(fepilogue.o)
    0x0800fa1a   0x000000ba   Code   RO         1784    .text               mf_w.l(depilogue.o)
    0x0800fad4   0x0000002e   Code   RO         1786    .text               mf_w.l(dscalb.o)
    0x0800fb02   0x00000002   PAD
    0x0800fb04   0x00000030   Code   RO         1790    .text               mf_w.l(cdrcmple.o)
    0x0800fb34   0x00000024   Code   RO         1792    .text               mc_w.l(init.o)
    0x0800fb58   0x0000000a   Code   RO         1794    .text               mc_w.l(isspace_c.o)
    0x0800fb62   0x00000002   PAD
    0x0800fb64   0x00000338   Code   RO         1796    .text               mc_w.l(scanf_fp.o)
    0x0800fe9c   0x00000040   Code   RO         1800    .text               mc_w.l(_sgetc.o)
    0x0800fedc   0x000000a2   Code   RO         1802    .text               mf_w.l(dsqrt.o)
    0x0800ff7e   0x00000002   PAD
    0x0800ff80   0x00000028   Code   RO         1804    .text               mc_w.l(ctype_c.o)
    0x0800ffa8   0x00000018   Code   RO         1807    .text               mf_w.l(dfltul.o)
    0x0800ffc0   0x00000056   Code   RO         1817    .text               mc_w.l(__dczerorl2.o)
    0x08010016   0x00000002   PAD
    0x08010018   0x00000028   Code   RO         1540    i.__0sprintf$4      mc_w.l(printf4.o)
    0x08010040   0x00000028   Code   RO         1736    i.__ARM_fpclassify  m_ws.l(fpclassify.o)
    0x08010068   0x000000aa   Code   RO         1738    i.__kernel_poly     m_ws.l(poly.o)
    0x08010112   0x00000002   PAD
    0x08010114   0x00000010   Code   RO         1722    i.__mathlib_dbl_divzero  m_ws.l(dunder.o)
    0x08010124   0x00000004   Code   RO         1724    i.__mathlib_dbl_infnan2  m_ws.l(dunder.o)
    0x08010128   0x0000000c   Code   RO         1725    i.__mathlib_dbl_invalid  m_ws.l(dunder.o)
    0x08010134   0x0000000e   Code   RO         1726    i.__mathlib_dbl_overflow  m_ws.l(dunder.o)
    0x08010142   0x00000002   PAD
    0x08010144   0x00000010   Code   RO         1728    i.__mathlib_dbl_underflow  m_ws.l(dunder.o)
    0x08010154   0x0000000c   Code   RO         1773    i.__read_errno      mc_w.l(errno.o)
    0x08010160   0x0000000e   Code   RO         1811    i.__scatterload_copy  mc_w.l(handlers.o)
    0x0801016e   0x00000002   Code   RO         1812    i.__scatterload_null  mc_w.l(handlers.o)
    0x08010170   0x0000000e   Code   RO         1813    i.__scatterload_zeroinit  mc_w.l(handlers.o)
    0x0801017e   0x00000002   PAD
    0x08010180   0x0000000c   Code   RO         1774    i.__set_errno       mc_w.l(errno.o)
    0x0801018c   0x0000000e   Code   RO         1798    i._is_digit         mc_w.l(scanf_fp.o)
    0x0801019a   0x00000002   PAD
    0x0801019c   0x0000022c   Code   RO         1545    i._printf_core      mc_w.l(printf4.o)
    0x080103c8   0x0000000a   Code   RO         1547    i._sputc            mc_w.l(printf4.o)
    0x080103d2   0x0000002a   Code   RO         1397    i.atof              m_ws.l(atof.o)
    0x080103fc   0x000009b8   Code   RO         1401    i.pow               m_ws.l(pow.o)
    0x08010db4   0x0000004c   Code   RO         1742    i.sqrt              m_ws.l(sqrt.o)
    0x08010e00   0x00000f98   Data   RO          848    .constdata          bsp_oled.o
    0x08011d98   0x00000010   Data   RO         1366    .constdata          bmp.o
    0x08011da8   0x00000088   Data   RO         1402    .constdata          m_ws.l(pow.o)
    0x08011e30   0x00000008   Data   RO         1740    .constdata          m_ws.l(qnan.o)
    0x08011e38   0x00000040   Data   RO         1805    .constdata          mc_w.l(ctype_c.o)
    0x08011e78   0x00000020   Data   RO         1809    Region$$Table       anon$$obj.o


    Execution Region RW_IRAM1 (Base: 0x20000000, Size: 0x00008880, Max: 0x0000c000, ABSOLUTE, COMPRESSED[0x00000058])

    Base Addr    Size         Type   Attr      Idx    E Section Name        Object

    0x20000000   0x00000014   Data   RW           18    .data               system_stm32f10x.o
    0x20000014   0x00000014   Data   RW          311    .data               stm32f10x_rcc.o
    0x20000028   0x0000004c   Data   RW          419    .data               main.o
    0x20000074   0x00000004   Data   RW          612    .data               sysinfotest.o
    0x20000078   0x00000020   Data   RW          668    .data               cancommunicate.o
    0x20000098   0x00000004   Data   RW          721    .data               bsp_dwt_delay.o
    0x2000009c   0x00000068   Data   RW          747    .data               bsp_key.o
    0x20000104   0x00000054   Data   RW          780    .data               bsp_led.o
    0x20000158   0x00000018   Data   RW          800    .data               bsp_sdio_sdcard.o
    0x20000170   0x00000003   Data   RW          833    .data               bsp_usart1.o
    0x20000173   0x00000001   Data   RW          849    .data               bsp_oled.o
    0x20000174   0x00000008   Data   RW          908    .data               bsp_gy30.o
    0x2000017c   0x00000003   Data   RW          931    .data               bsp_usart2.o
    0x2000017f   0x00000001   PAD
    0x20000180   0x00000020   Data   RW          953    .data               bsp_bme280.o
    0x200001a0   0x00000018   Data   RW          987    .data               heap_4.o
    0x200001b8   0x0000000c   Data   RW         1011    .data               port.o
    0x200001c4   0x0000001c   Data   RW         1035    .data               croutine.o
    0x200001e0   0x00000040   Data   RW         1093    .data               tasks.o
    0x20000220   0x00000004   Data   RW         1133    .data               ledtask.o
    0x20000224   0x00000009   Data   RW         1196    .data               displaytask.o
    0x2000022d   0x00000003   PAD
    0x20000230   0x0000000c   Data   RW         1222    .data               environmenttask.o
    0x2000023c   0x00000001   Data   RW         1241    .data               clocktask.o
    0x2000023d   0x00000003   PAD
    0x20000240   0x00000008   Data   RW         1259    .data               lighttask.o
    0x20000248   0x00000004   Data   RW         1277    .data               pmstask.o
    0x2000024c   0x00000004   Data   RW         1775    .data               mc_w.l(errno.o)
    0x20000250   0x00000020   Zero   RW          667    .bss                cancommunicate.o
    0x20000270   0x000000cc   Zero   RW          799    .bss                bsp_sdio_sdcard.o
    0x2000033c   0x00000064   Zero   RW          832    .bss                bsp_usart1.o
    0x200003a0   0x00000400   Zero   RW          847    .bss                bsp_oled.o
    0x200007a0   0x00000064   Zero   RW          930    .bss                bsp_usart2.o
    0x20000804   0x0000003c   Zero   RW          952    .bss                bsp_bme280.o
    0x20000840   0x00000028   Zero   RW          968    .bss                bsp_can.o
    0x20000868   0x00007800   Zero   RW          986    .bss                heap_4.o
    0x20008068   0x00000064   Zero   RW         1034    .bss                croutine.o
    0x200080cc   0x000002bc   Zero   RW         1092    .bss                tasks.o
    0x20008388   0x00000048   Zero   RW         1240    .bss                clocktask.o
    0x200083d0   0x00000010   Zero   RW         1295    .bss                bmetask.o
    0x200083e0   0x00000050   Zero   RW         1349    .bss                main_ui.o
    0x20008430   0x00000050   Zero   RW         1379    .bss                car_ui.o
    0x20008480   0x00000400   Zero   RW          396    STACK               startup_stm32f10x_hd.o


==============================================================================

Image component sizes


      Code (inc. data)   RO Data    RW Data    ZI Data      Debug   Object Name

       384         14          0          0         16       1128   bmetask.o
         0          0         16          0          0        567   bmp.o
        60          6          0          0          0        467   bsp.o
      2604        128          0         32         60       6439   bsp_bme280.o
       344         22          0          0         40       1682   bsp_can.o
      1832         44          0          0          0       6879   bsp_ds3231.o
       124         20          0          4          0       1051   bsp_dwt_delay.o
      1040         20          0          8          0       5022   bsp_gy30.o
       276         26          0        104          0       2582   bsp_key.o
       180         16          0         84          0       2180   bsp_led.o
      3268         60       3992          1       1024       9339   bsp_oled.o
      6596        270          0         24        204      25115   bsp_sdio_sdcard.o
      1140         54          0          0          0       4347   bsp_sht3x.o
      1832        130          0          0          0       4720   bsp_tim_pwm.o
       928         38          0          3        100       3790   bsp_usart1.o
       748         38          0          3        100       2784   bsp_usart2.o
        20          4          0         32         32       1564   cancommunicate.o
       260         32          0          0          0       1041   cancommunicatetask.o
      4236        254          0          0         80       2863   car_ui.o
       872         24          0          1         72       1408   clocktask.o
         0          0          0          0          0       4536   core_cm3.o
       752         44          0         28        100       5540   croutine.o
       732         28          0          9          0       3148   displaytask.o
       272         18          0         12          0       1493   environmenttask.o
       864          0          0          0          0       5478   event_groups.o
         8          0          0          0          0        437   gather.o
       600         26          0         24      30720       4656   heap_4.o
       204         28          0          0          0        919   keytask.o
       520         26          0          4          0       1653   ledtask.o
       136         12          0          8          0        993   lighttask.o
       148          0          0          0          0       1814   list.o
       680        262          0         76          0      44881   main.o
      9156        500          0          0         80       4331   main_ui.o
       220         22          0          0          0       1893   misc.o
       244         12          0          4          0       1478   pmstask.o
       662         40          0         12          0       4886   port.o
      1144         68          0          0          0       5011   protocol.o
      2332          0          0          0          0      11017   queue.o
        36          8        304          0       1024        828   startup_stm32f10x_hd.o
      2544         38          0          0          0       7952   stm32f10x_can.o
       596          8          0          0          0       4422   stm32f10x_dma.o
       860         38          0          0          0       5737   stm32f10x_gpio.o
        20          0          0          0          0        923   stm32f10x_it.o
       932         36          0         20          0       8924   stm32f10x_rcc.o
       468         22          0          0          0       7176   stm32f10x_sdio.o
      3610         88          0          0          0      22228   stm32f10x_tim.o
      1032         22          0          0          0       8464   stm32f10x_usart.o
        60         10          0          4          0       1164   sysinfotest.o
       480         38          0         20          0     277839   system_stm32f10x.o
      5408        334          0         64        700      20239   tasks.o

    ----------------------------------------------------------------------
     61468       2928       4344        588      34352     555028   Object Totals
         0          0         32          0          0          0   (incl. Generated)
         4          0          0          7          0          0   (incl. Padding)

    ----------------------------------------------------------------------

      Code (inc. data)   RO Data    RW Data    ZI Data      Debug   Library Member Name

        42          0          0          0          0         84   atof.o
        62         10          0          0          0        340   dunder.o
        40          0          0          0          0         68   fpclassify.o
       170          0          0          0          0         96   poly.o
      2488        190        136          0          0        300   pow.o
         0          0          8          0          0          0   qnan.o
        76          0          0          0          0         84   sqrt.o
        86          0          0          0          0          0   __dczerorl2.o
        64          0          0          0          0         84   _sgetc.o
        40          6         64          0          0         68   ctype_c.o
         0          0          0          0          0          0   entry.o
         0          0          0          0          0          0   entry10a.o
         0          0          0          0          0          0   entry11a.o
         8          4          0          0          0          0   entry2.o
         4          0          0          0          0          0   entry5.o
         0          0          0          0          0          0   entry7b.o
         0          0          0          0          0          0   entry8b.o
         8          4          0          0          0          0   entry9a.o
        24         12          0          4          0        136   errno.o
        30          0          0          0          0          0   handlers.o
        36          8          0          0          0         68   init.o
        10          0          0          0          0         68   isspace_c.o
         0          0          0          0          0          0   iusefp.o
        98          0          0          0          0         84   ldiv.o
        30          0          0          0          0         68   llshl.o
        36          0          0          0          0         68   llsshr.o
        32          0          0          0          0         68   llushr.o
        36          0          0          0          0         68   memcpya.o
        36          0          0          0          0        108   memseta.o
       606         10          0          0          0        252   printf4.o
       838         12          0          0          0        216   scanf_fp.o
        18          0          0          0          0         68   strcpy.o
        14          0          0          0          0         68   strlen.o
       156         14          0          0          0        120   strtod.o
        98          0          0          0          0         92   uldiv.o
        48          0          0          0          0         68   cdcmple.o
        48          0          0          0          0         68   cdrcmple.o
        20          0          0          0          0         68   cfcmple.o
        20          0          0          0          0         68   cfrcmple.o
        56          0          0          0          0         88   d2f.o
       334          0          0          0          0        148   dadd.o
       222          0          0          0          0        100   ddiv.o
       186          0          0          0          0        176   depilogue.o
        62          0          0          0          0         80   dfixi.o
        34          0          0          0          0         76   dflti.o
        26          0          0          0          0         76   dfltui.o
        24          0          0          0          0         76   dfltul.o
       228          0          0          0          0         96   dmul.o
        46          0          0          0          0         80   dscalb.o
       162          0          0          0          0        100   dsqrt.o
        38          0          0          0          0         68   f2d.o
       176          0          0          0          0        140   fadd.o
       124          0          0          0          0         88   fdiv.o
       110          0          0          0          0        168   fepilogue.o
        50          0          0          0          0         68   ffixi.o
        18          0          0          0          0         68   fflti.o
        10          0          0          0          0         68   ffltui.o
       100          0          0          0          0         76   fmul.o

    ----------------------------------------------------------------------
      7348        270        208          4          0       4788   Library Totals
        20          0          0          0          0          0   (incl. Padding)

    ----------------------------------------------------------------------

      Code (inc. data)   RO Data    RW Data    ZI Data      Debug   Library Name

      2878        200        144          0          0        972   m_ws.l
      2308         70         64          4          0       1704   mc_w.l
      2142          0          0          0          0       2112   mf_w.l

    ----------------------------------------------------------------------
      7348        270        208          4          0       4788   Library Totals

    ----------------------------------------------------------------------

==============================================================================


      Code (inc. data)   RO Data    RW Data    ZI Data      Debug   

     68816       3198       4552        592      34352     553496   Grand Totals
     68816       3198       4552         88      34352     553496   ELF Image Totals (compressed)
     68816       3198       4552         88          0          0   ROM Totals

==============================================================================

    Total RO  Size (Code + RO Data)                73368 (  71.65kB)
    Total RW  Size (RW Data + ZI Data)             34944 (  34.13kB)
    Total ROM Size (Code + RO Data + RW Data)      73456 (  71.73kB)

==============================================================================

