<html>
<body>
<pre>
<h1>礦ision Build Log</h1>
<h2>Tool Versions:</h2>
IDE-Version: μVision V5.15
Copyright (C) 2015 ARM Ltd and ARM Germany GmbH. All rights reserved.
License Information:    ,    , LIC=D0DTG-VXGPT-CJE6Z-J7P26-T45UR-QTSX2
 
Tool Versions:
Toolchain:       MDK-ARM Standard  Version: 5.15.0
Toolchain Path:  C:\Keil_v5\ARM\ARMCC\Bin
C Compiler:      Armcc.exe V5.05 update 2 (build 169)
Assembler:       Armasm.exe V5.05 update 2 (build 169)
Linker/Locator:  ArmLink.exe V5.05 update 2 (build 169)
Library Manager: ArmAr.exe V5.05 update 2 (build 169)
Hex Converter:   FromElf.exe V5.05 update 2 (build 169)
CPU DLL:         SARMCM3.DLL V5.15.0
Dialog DLL:      DCM.DLL V1.13.2.0
Target DLL:      STLink\ST-LINKIII-KEIL_SWO.dll V2.0.15.0_KEIL
Dialog DLL:      TCM.DLL V1.14.5.0
 
<h2>Project:</h2>
D:\MYjiezuo\STM32\BS\Car\Car1_0\Project\LZM_F103RCT6.uvprojx
Project File Date:  05/02/2020

<h2>Output:</h2>
*** Using Compiler 'V5.05 update 2 (build 169)', folder: 'C:\Keil_v5\ARM\ARMCC\Bin'
Build target 'Target 1'
compiling CommunicateTask.c...
..\TASK\src\CommunicateTask.c(23): warning:  #550-D: variable "xReturn" was set but never used
        BaseType_t xReturn = pdTRUE;/* 定??一?龃唇???息返??值，默??为pdTRUE */
..\TASK\src\CommunicateTask.c(43): warning:  #550-D: variable "xReturn" was set but never used
        BaseType_t xReturn = pdTRUE;/* 定??一?龃唇???息返??值，默??为pdTRUE */
..\TASK\src\CommunicateTask.c: 2 warnings, 0 errors
linking...
Program Size: Code=55710 RO-data=7794 RW-data=560 ZI-data=28928  
FromELF: creating hex file...
".\Objects\LZM_F103C8T6.axf" - 0 Error(s), 2 Warning(s).

<h2>Collection of Component include folders:</h2>
  D:\MYjiezuo\STM32\BS\Car\Car1_0\Project\RTE
  D:\MYzy\Important\MDK\Keil\STM32F1xx_DFP\1.1.0\Device\Include

<h2>Collection of Component Files used:</h2>
</pre>
</body>
</html>
